12-07 02:16:16.869 11883 20828 I us      : [us][17873484][tid_233](171)[NewHttpService] blockSend id = 0450b8ef6c3de2a,step5 = 2530
12-07 02:16:16.869 11883 20829 D ul      : [ul][17873484][tid_234](69)xml:<beans xmlns="http://www.handpet.com/config/beans" version="1.0"><bean name="simple_push_message"><property name="networkTimeAfterBoot" value="600000"/><property name="pushMessageDataList"><list><bean name="push_message_data"><property name="time" value="1498743135000"/><property name="type" value="flash_content"/></bean><bean name="push_message_data"><property name="time" value="1498743135000"/><property name="type" value="wallpaper_recommended"/></bean></list></property><property name="enabled" value="1"/><property name="isVlifeWallpaperShown" value="-1"/><property name="frequency" value="60000"/></bean></beans>
12-07 02:16:16.869 11883 12342 I up      : [up][17873485][tid_101](43)http send thread run
12-07 02:16:16.870 11883 12342 D ut      : [ut][17873485][tid_101](72)waiting list Condition signal heartIndex:1 waitTime:4
12-07 02:16:16.870 11883 20828 D us      : [us][17873485][tid_233](172)callback : n.yo$3@528f156
12-07 02:16:16.870 11883 20829 D fe      : [fe][17873485][tid_234](61)data:simple_push_message
12-07 02:16:16.870 11883 20829 I fe      : [fe][17873486][tid_234](73)[VTDDataHelper] simpleData = n.cr@a7b25d7
12-07 02:16:16.871 11883 20828 D us      : [us][17873486][tid_233](174)parser:n.gr@740cec4
12-07 02:16:16.871 11883 20829 D fe      : [fe][17873486][tid_234](61)data:push_message_data
12-07 02:16:16.871 11883 20829 I fe      : [fe][17873487][tid_234](73)[VTDDataHelper] simpleData = n.ae@52ff1ad
12-07 02:16:16.872 11883 20829 D fe      : [fe][17873487][tid_234](61)data:push_message_data
12-07 02:16:16.872 11883 20828 D ul      : [ul][17873487][tid_233](86)from:magazine.stage.vlife.com type:result subDomain:magazine
12-07 02:16:16.872 11883 20829 I fe      : [fe][17873488][tid_234](73)[VTDDataHelper] simpleData = n.ae@9dacce2
12-07 02:16:16.873 11883 20829 I ul      : [ul][17873488][tid_234](103)n.ul end cost time:5 result:n.cr@a7b25d7
12-07 02:16:16.873 11883 20829 I us      : [us][17873489][tid_234](206)[NewHttpService] blockSend finally
12-07 02:16:16.874 11883 20829 I sh      : [sh][17873489][tid_234](48)[PushProvider] pushMessageProtocol=true
12-07 02:16:16.874 11883 20829 I sh      : [sh][17873489][tid_234](54)[PushProvider] size : 2
12-07 02:16:16.874 11883 20829 I TaskServiceProvider: [TaskServiceProvider][17873490][tid_234](146)VlifeExecutorService executing n.si@5624873
12-07 02:16:16.875 11883 20829 I TaskServiceProvider: [TaskServiceProvider][17873490][tid_234](186)PackageName is com.vlife.ipro.magazine
12-07 02:16:16.875 11883 20829 D TaskServiceProvider: [TaskServiceProvider][17873491][tid_234](188)TaskServiceProvider task=si,taskType=handle_push_message
12-07 02:16:16.875 11883 20829 I vv      : [vv][17873491][tid_234](22)realPackageName:com.android.systemui vlifePackageName:com.vlife.ipro.magazine
12-07 02:16:16.875 11883 20828 D ul      : [ul][17873489][tid_233](92)xmlns : jabber:iq:magazine method : simple:magazine:content:list:by:source
12-07 02:16:16.876 11883 20829 I TaskServiceProvider: [TaskServiceProvider][17873491][tid_234](156)shell product start vlife task
12-07 02:16:16.876 11883 20829 W wf      : [wf][17873492][tid_234](52)create preferences name:userinfo
12-07 02:16:16.877 11883 20829 I ki      : [ki][17873492][tid_234](267)random and http error for test
12-07 02:16:16.877 11883 20829 I TaskServiceProvider: [TaskServiceProvider][17873493][tid_234](162)shell product start vlife task
12-07 02:16:16.877 11883 20829 I sh      : [sh][17873493][tid_234](59)[PushMessageListener] call type : flash_content ; time = 1498743135000
12-07 02:16:16.878 11883 20829 I TaskServiceProvider: [TaskServiceProvider][17873493][tid_234](146)VlifeExecutorService executing n.si@8de1330
12-07 02:16:16.878 11883 20829 I TaskServiceProvider: [TaskServiceProvider][17873494][tid_234](186)PackageName is com.vlife.ipro.magazine
12-07 02:16:16.879 11883 20829 D TaskServiceProvider: [TaskServiceProvider][17873494][tid_234](188)TaskServiceProvider task=si,taskType=handle_push_message
12-07 02:16:16.879 11883 20829 I vv      : [vv][17873495][tid_234](22)realPackageName:com.android.systemui vlifePackageName:com.vlife.ipro.magazine
12-07 02:16:16.880 11883 20829 I TaskServiceProvider: [TaskServiceProvider][17873495][tid_234](156)shell product start vlife task
12-07 02:16:16.880 11883 20829 W wf      : [wf][17873496][tid_234](52)create preferences name:userinfo
12-07 02:16:16.881 11883 20829 I qw      : [qw][17873496][tid_234](70)executor c:class java.util.concurrent.ThreadPoolExecutor task c:class n.gp$1
12-07 02:16:16.882 11883 12100 I TaskServiceProvider: [TaskServiceProvider][17873497][tid_53](546)vlifeTaskOnStartCommand intent=#Intent;action=handle_push_message;package=com.vlife.ipro.magazine;component=com.vlife.ipro.magazine/com.vlife.TService;end
12-07 02:16:16.882 11883 12100 D TaskServiceProvider: [TaskServiceProvider][17873498][tid_53](558)pyramidney:null
12-07 02:16:16.883 11883 12100 D go      : [go][17873498][tid_53](33)TaskSignalQueue-add n.gn@786fba9
12-07 02:16:16.883 11883 20828 I ul      : [ul][17873499][tid_233](94)n.ul start method type:result
12-07 02:16:16.883 11883 20830 D TaskServiceProvider: [TaskServiceProvider][17873499][tid_235](254)Bundle=Bundle[{time=1498743135000, type=wallpaper_recommended}] taskType=handle_push_message
12-07 02:16:16.884 11883 20830 D TaskServiceProvider: [TaskServiceProvider][17873499][tid_235](258)getVlifeTask vlifeTask=n.si@2dcd52e
12-07 02:16:16.884 11883 20828 D ul      : [ul][17873499][tid_233](69)xml:<beans xmlns="http://www.handpet.com/config/beans" version="1.0"><bean name="simple_magazine_content_list_by_source_protocol"><property name="st" value="1501225311284"/><property name="mn" value="0"/><property name="cl"><list/></property><property name="sl"><list><value>5</value><value>1</value><value>2</value><value>10</value><value>29</value><value>28</value><value>8</value><value>30</value><value>31</value><value>36</value><value>3</value><value>4</value></list></property></bean></beans>
12-07 02:16:16.884 11883 20830 I TaskServiceProvider: [TaskServiceProvider][17873499][tid_235](351)[VlifeTaskService]  TaskRunnable  running task : handle_push_message ,delay : 0, cycle : 0 
12-07 02:16:16.884 11883 20830 I TaskServiceProvider: [TaskServiceProvider][17873500][tid_235](377)backstage task system start up timing task ,task type is :handle_push_message, awaking type :awake by system broadCastReceiver
12-07 02:16:16.884 11883 20829 D gp      : [gp][17873500][tid_234](64)packageName = com.vlife.ipro.magazine, className = com.vlife.TService
12-07 02:16:16.885 11883 20830 I si      : [si][17873500][tid_235](96)[PushMessageListener] running
12-07 02:16:16.885 11883 20829 I sh      : [sh][17873500][tid_234](59)[PushMessageListener] call type : wallpaper_recommended ; time = 1498743135000
12-07 02:16:16.885 11883 20828 D fe      : [fe][17873500][tid_233](61)data:simple_magazine_content_list_by_source_protocol
12-07 02:16:16.885 11883 20829 W wf      : [wf][17873501][tid_234](52)create preferences name:push_message
12-07 02:16:16.885 11883 20828 I fe      : [fe][17873501][tid_233](73)[VTDDataHelper] simpleData = n.dw@8ef8cf
12-07 02:16:16.886 11883 12101 D StatisticsProvider: [StatisticsProvider][17873501][tid_54](432)[statistics_test] =======>write map:n.ep@bc9325c
12-07 02:16:16.886 11883 20829 I wf      : [wf][17873501][tid_234](84)preference name:push_message putStringAndCommit key:boot_limit_time,value:600000
12-07 02:16:16.886 11883 12101 I StatisticsProvider: [StatisticsProvider][17873502][tid_54](516)[statistics_test] filePath /data/user_de/0/com.android.systemui/files/ua/no_ua_6.131.9.mui.dat.0 
12-07 02:16:16.886 11883 20829 W wf      : [wf][17873502][tid_234](89)push_message putString boot_limit_time
12-07 02:16:16.886 11883 12101 I StatisticsProvider: [StatisticsProvider][17873502][tid_54](518)[statistics_test] ====canWrite====
12-07 02:16:16.886 11883 20829 I sh      : [sh][17873502][tid_234](107)[PushProvider] newFrequency :60000, old=21600000, bootLimitTime=600000
12-07 02:16:16.887 11883 12101 D StatisticsProvider: [StatisticsProvider][17873502][tid_54](439)[statistics_test] =======>write path:/data/user_de/0/com.android.systemui/files/ua/no_ua_6.131.9.mui.dat.0
12-07 02:16:16.887 11883 20829 I wf      : [wf][17873502][tid_234](129)preference name:push_message putLongAndCommit key:get_push_frequency,value:21600000
12-07 02:16:16.887 11883 20828 I ul      : [ul][17873502][tid_233](103)n.ul end cost time:11 result:n.dw@8ef8cf
12-07 02:16:16.887 11883 20829 W wf      : [wf][17873503][tid_234](134)push_message putLong get_push_frequency
12-07 02:16:16.887 11883 20828 D yo      : [yo][17873503][tid_233](277)[magazine_down_content] [update] [autoUpdate] [success] [start]
12-07 02:16:16.887 11883 20829 W wf      : [wf][17873503][tid_234](52)create preferences name:timing_network_preference
12-07 02:16:16.887 11883 20828 D yo      : [yo][17873503][tid_233](290)[magazine_down_content] [update] [autoUpdate] [success] [no data]
12-07 02:16:16.888 11883 20828 I us      : [us][17873503][tid_233](206)[NewHttpService] blockSend finally
12-07 02:16:16.890 11883 20830 I si      : [si][17873505][tid_235](102)push type wallpaper_recommended
12-07 02:16:16.890 11883 20829 I TaskServiceProvider: [TaskServiceProvider][17873504][tid_234](466)Start AllTimerTask!
12-07 02:16:16.890 11883 20830 I PushProvider: [PushProvider][17873506][tid_235](175)getContentHandler pushContentType = wallpaper_recommended
12-07 02:16:16.891 11883 20830 W PushProvider: [PushProvider][17873506][tid_235](180)contentHandler is null, take a attention if needed!
12-07 02:16:16.891 11883 20830 D si      : [si][17873506][tid_235](129)!!!!pushContentType:wallpaper_recommended,contentHandler:n.sk@12aa965
12-07 02:16:16.891 11883 20830 I si      : [si][17873507][tid_235](70)[PushMessageListener] call type : wallpaper_recommended ; result : false
12-07 02:16:16.891 11883 20830 I TaskServiceProvider: [TaskServiceProvider][17873507][tid_235](379)[VlifeTaskService]  end  task : handle_push_message
12-07 02:16:16.892 11883 20829 D TaskServiceProvider: [TaskServiceProvider][17873507][tid_234](239)getVlifeTask vlifeTask=n.sj@7e5163a
12-07 02:16:16.892 11883 20830 D go      : [go][17873507][tid_235](48)TaskSignalQueue-remove n.gn@786fba9
12-07 02:16:16.892 11883 20829 D TaskServiceProvider: [TaskServiceProvider][17873507][tid_234](195)cancelTimerTask context:com.vlife.plugin.module.tools.ModuleContextUtil$1@d40778c,task:n.sj@7e5163a
12-07 02:16:16.892 11883 20829 I vv      : [vv][17873508][tid_234](22)realPackageName:com.android.systemui vlifePackageName:com.vlife.ipro.magazine
12-07 02:16:16.893 11883 20829 I TaskServiceProvider: [TaskServiceProvider][17873508][tid_234](197)SystemProcess cancelTimerTask
12-07 02:16:16.893 11883 20828 I yo      : [yo][17873505][tid_233](558)[magazine_down_content] [delete_over_due_task] start
12-07 02:16:16.893 11883 20828 D MagazineDao: [MagazineDao][17873509][tid_233](307)[magazine_down_content] [delete_over_due_task] [deleteOverDueMagazines] start
12-07 02:16:16.894 11883 20828 W aah     : [aah][17873509][tid_233](85)db provider query:content://vlife/magazine_content
12-07 02:16:16.894 11883 20829 I TaskServiceProvider: [TaskServiceProvider][17873509][tid_234](146)VlifeExecutorService executing n.sj@7e5163a
12-07 02:16:16.894 11883 20829 I TaskServiceProvider: [TaskServiceProvider][17873510][tid_234](186)PackageName is com.vlife.ipro.magazine
12-07 02:16:16.895 11883 20829 D TaskServiceProvider: [TaskServiceProvider][17873510][tid_234](188)TaskServiceProvider task=sj,taskType=ua_time_send
12-07 02:16:16.895 11883 20829 I vv      : [vv][17873511][tid_234](22)realPackageName:com.android.systemui vlifePackageName:com.vlife.ipro.magazine
12-07 02:16:16.895 11883 20829 I TaskServiceProvider: [TaskServiceProvider][17873511][tid_234](156)shell product start vlife task
12-07 02:16:16.896 11883 20828 I aah     : [aah][17873511][tid_233](669)MagazineContentDatabase] queryAllDelete() return:size = 0 
12-07 02:16:16.896 11883 20829 W wf      : [wf][17873511][tid_234](52)create preferences name:userinfo
12-07 02:16:16.897 11883 20828 D MagazineDao: [MagazineDao][17873512][tid_233](316)[magazine_down_content] [delete_over_due_task] [deleteOverDueMagazines] [delete_flag_size:0]
12-07 02:16:16.897 11883 20828 D MagazineDao: [MagazineDao][17873513][tid_233](250)[magazine_down_content] [MagazineDao] [deleteMagazineContents] start
12-07 02:16:16.897 11883 20828 D MagazineDao: [MagazineDao][17873513][tid_233](259)[magazine_down_content] [MagazineDao] [deleteMagazineContents] list size:0
12-07 02:16:16.898 11883 20829 I qw      : [qw][17873513][tid_234](70)executor c:class java.util.concurrent.ThreadPoolExecutor task c:class n.gp$1
12-07 02:16:16.898 11883 20828 I aah     : [aah][17873513][tid_233](789)deleteList list = 0
12-07 02:16:16.898 11883 20829 D gp      : [gp][17873514][tid_234](64)packageName = com.vlife.ipro.magazine, className = com.vlife.TService
12-07 02:16:16.898 11883 12098 I TaskServiceProvider: [TaskServiceProvider][17873514][tid_51](546)vlifeTaskOnStartCommand intent=#Intent;action=ua_time_send;package=com.vlife.ipro.magazine;component=com.vlife.ipro.magazine/com.vlife.TService;end
12-07 02:16:16.899 11883 12098 D TaskServiceProvider: [TaskServiceProvider][17873514][tid_51](558)pyramidney:null
12-07 02:16:16.899 11883 20829 D TaskServiceProvider: [TaskServiceProvider][17873514][tid_234](239)getVlifeTask vlifeTask=n.zc@42c52eb
12-07 02:16:16.899 11883 20828 D MagazineDao: [MagazineDao][17873514][tid_233](331)[magazine_down_content] [delete_over_due_task] [deleteOverDueMagazines] [delete_flag_size:0] [result:true]
12-07 02:16:16.899 11883 12098 D go      : [go][17873515][tid_51](33)TaskSignalQueue-add n.gn@4e51848
12-07 02:16:16.899 11883 20829 D TaskServiceProvider: [TaskServiceProvider][17873514][tid_234](195)cancelTimerTask context:com.vlife.plugin.module.tools.ModuleContextUtil$1@d40778c,task:n.zc@42c52eb
12-07 02:16:16.899 11883 20829 I vv      : [vv][17873515][tid_234](22)realPackageName:com.android.systemui vlifePackageName:com.vlife.ipro.magazine
12-07 02:16:16.900 11883 20829 I TaskServiceProvider: [TaskServiceProvider][17873515][tid_234](197)SystemProcess cancelTimerTask
12-07 02:16:16.900 11883 20830 D TaskServiceProvider: [TaskServiceProvider][17873515][tid_235](254)Bundle=Bundle[{triggerType=TIMER, doTaskWithoutCondition=false}] taskType=ua_time_send
12-07 02:16:16.900 11883 20830 D TaskServiceProvider: [TaskServiceProvider][17873516][tid_235](258)getVlifeTask vlifeTask=n.sj@2a176e1
12-07 02:16:16.901 11883 20830 I TaskServiceProvider: [TaskServiceProvider][17873516][tid_235](351)[VlifeTaskService]  TaskRunnable  running task : ua_time_send ,delay : 0, cycle : 21600000 
12-07 02:16:16.901 11883 20830 I TaskServiceProvider: [TaskServiceProvider][17873517][tid_235](377)backstage task system start up timing task ,task type is :ua_time_send, awaking type :TIMER
12-07 02:16:16.902 11883 20830 W wf      : [wf][17873517][tid_235](52)create preferences name:timing_network_preference
12-07 02:16:16.902 11883 12101 I StatisticsProvider: [StatisticsProvider][17873518][tid_54](464)[statistics_test] create packet xml : <item ua_action="wallpaper_recommended" ua_event="request_result" ua_time="1512584176885" ua_process="lockscreen" index="183" />
12-07 02:16:16.902 11883 20830 I jx      : [jx][17873518][tid_235](84)first time ready type:ua_time_send
12-07 02:16:16.903 11883 20830 I jx      : [jx][17873518][tid_235](86)judge timing task whether or not can run,judge task type is :ua_time_send
12-07 02:16:16.903 11883 20829 I TaskServiceProvider: [TaskServiceProvider][17873516][tid_234](146)VlifeExecutorService executing n.zc@42c52eb
12-07 02:16:16.903 11883 20830 W wf      : [wf][17873519][tid_235](52)create preferences name:timing_network_preference
12-07 02:16:16.903 11883 20828 I yo      : [yo][17873515][tid_233](567)[magazine_down_content] [mark_over_due_task] start
12-07 02:16:16.903 11883 20829 I TaskServiceProvider: [TaskServiceProvider][17873519][tid_234](186)PackageName is com.vlife.ipro.magazine
12-07 02:16:16.904 11883 20829 D TaskServiceProvider: [TaskServiceProvider][17873519][tid_234](188)TaskServiceProvider task=zc,taskType=magazine_update
12-07 02:16:16.904 11883 20828 I MagazineDao: [MagazineDao][17873519][tid_233](336)[magazine_down_content] [delete_old] =======>start
12-07 02:16:16.904 11883 20828 W aah     : [aah][17873520][tid_233](85)db provider query:content://vlife/magazine_content
12-07 02:16:16.904 11883 20829 I vv      : [vv][17873520][tid_234](22)realPackageName:com.android.systemui vlifePackageName:com.vlife.ipro.magazine
12-07 02:16:16.904 11883 20829 I TaskServiceProvider: [TaskServiceProvider][17873520][tid_234](156)shell product start vlife task
12-07 02:16:16.905 11883 20829 W wf      : [wf][17873520][tid_234](52)create preferences name:userinfo
12-07 02:16:16.905 11883 20830 I qk      : [qk][17873520][tid_235](244)currentApn:MOBILE
12-07 02:16:16.905 11883 20830 I qk      : [qk][17873521][tid_235](213)currentApn:MOBILE
12-07 02:16:16.905 11883 20830 D jz      : [jz][17873521][tid_235](47)canConnectNetWork result == true
12-07 02:16:16.905 11883 20829 I qw      : [qw][17873521][tid_234](70)executor c:class java.util.concurrent.ThreadPoolExecutor task c:class n.gp$1
12-07 02:16:16.906 11883 20829 D gp      : [gp][17873521][tid_234](64)packageName = com.vlife.ipro.magazine, className = com.vlife.TService
12-07 02:16:16.906 11883 12085 I TaskServiceProvider: [TaskServiceProvider][17873521][tid_45](546)vlifeTaskOnStartCommand intent=#Intent;action=magazine_update;package=com.vlife.ipro.magazine;component=com.vlife.ipro.magazine/com.vlife.TService;end
12-07 02:16:16.906 11883 12085 D TaskServiceProvider: [TaskServiceProvider][17873522][tid_45](558)pyramidney:null
12-07 02:16:16.906 11883 20829 D TaskServiceProvider: [TaskServiceProvider][17873522][tid_234](239)getVlifeTask vlifeTask=n.sh@3fe5c06
12-07 02:16:16.906 11883 12085 D go      : [go][17873522][tid_45](33)TaskSignalQueue-add n.gn@5fb32c7
12-07 02:16:16.906 11883 20829 D TaskServiceProvider: [TaskServiceProvider][17873522][tid_234](195)cancelTimerTask context:com.vlife.plugin.module.tools.ModuleContextUtil$1@d40778c,task:n.sh@3fe5c06
12-07 02:16:16.907 11883 20829 I vv      : [vv][17873522][tid_234](22)realPackageName:com.android.systemui vlifePackageName:com.vlife.ipro.magazine
12-07 02:16:16.907 11883 20824 D TaskServiceProvider: [TaskServiceProvider][17873522][tid_231](254)Bundle=Bundle[{triggerType=TIMER, doTaskWithoutCondition=false}] taskType=magazine_update
12-07 02:16:16.907 11883 20824 D TaskServiceProvider: [TaskServiceProvider][17873523][tid_231](258)getVlifeTask vlifeTask=n.zc@25770f4
12-07 02:16:16.907 11883 20830 I qk      : [qk][17873523][tid_235](244)currentApn:MOBILE
12-07 02:16:16.907 11883 20824 I TaskServiceProvider: [TaskServiceProvider][17873523][tid_231](351)[VlifeTaskService]  TaskRunnable  running task : magazine_update ,delay : 0, cycle : 21600000 
12-07 02:16:16.907 11883 20830 I jx      : [jx][17873523][tid_235](58)[TimingNetworkTask] NetStatus. 2G,return true 
12-07 02:16:16.908 11883 20824 I TaskServiceProvider: [TaskServiceProvider][17873523][tid_231](377)backstage task system start up timing task ,task type is :magazine_update, awaking type :TIMER
12-07 02:16:16.908 11883 20824 W wf      : [wf][17873523][tid_231](52)create preferences name:timing_network_preference
12-07 02:16:16.908 11883 20829 I TaskServiceProvider: [TaskServiceProvider][17873524][tid_234](197)SystemProcess cancelTimerTask
12-07 02:16:16.908 11883 20824 I jx      : [jx][17873524][tid_231](84)first time ready type:magazine_update
12-07 02:16:16.908 11883 20824 I jx      : [jx][17873524][tid_231](86)judge timing task whether or not can run,judge task type is :magazine_update
12-07 02:16:16.909 11883 20824 D zc      : [zc][17873524][tid_231](77)[magazine_down_content] [canRunnable]
12-07 02:16:16.909 11883 20824 W wf      : [wf][17873525][tid_231](52)create preferences name:timing_network_preference
12-07 02:16:16.909 11883 20830 I pm      : [pm][17873525][tid_235](600)isScreenLocked  isScreenOn:true inKeyguardRestrictedInputMode:false
12-07 02:16:16.909 11883 20830 I jx      : [jx][17873525][tid_235](60)[TimingNetworkTask] is not ScreenLocked,return true 
12-07 02:16:16.910 11883 20824 I qk      : [qk][17873526][tid_231](244)currentApn:MOBILE
12-07 02:16:16.910 11883 20828 I aah     : [aah][17873521][tid_233](704)[magazine_down_content] [delete_old] [databases] [can_show] [size:0]
12-07 02:16:16.911 11883 20829 I TaskServiceProvider: [TaskServiceProvider][17873526][tid_234](146)VlifeExecutorService executing n.sh@3fe5c06
12-07 02:16:16.911 11883 20830 D jx      : [jx][17873527][tid_235](116)canRun task=ua_time_send, result=2700, frequency=17280000
12-07 02:16:16.911 11883 20824 I qk      : [qk][17873527][tid_231](213)currentApn:MOBILE
12-07 02:16:16.912 11883 20824 D jz      : [jz][17873527][tid_231](47)canConnectNetWork result == true
12-07 02:16:16.912 11883 20824 D zc      : [zc][17873527][tid_231](82)[magazine_down_content] [canRunnable] has net true
12-07 02:16:16.912 11883 20830 D jx      : [jx][17873527][tid_235](120)Judgment result can not run , reason :Minimum time interval is not satisfied, task type is ua_time_send
12-07 02:16:16.912 11883 20824 D jx      : [jx][17873528][tid_231](116)canRun task=magazine_update, result=2694, frequency=17280000
12-07 02:16:16.912 11883 20829 I TaskServiceProvider: [TaskServiceProvider][17873528][tid_234](186)PackageName is com.vlife.ipro.magazine
12-07 02:16:16.913 11883 20824 D jx      : [jx][17873528][tid_231](120)Judgment result can not run , reason :Minimum time interval is not satisfied, task type is magazine_update
12-07 02:16:16.913 11883 20824 W jx      : [jx][17873528][tid_231](93)task : magazine_update can't run!
12-07 02:16:16.913 11883 20830 W jx      : [jx][17873528][tid_235](93)task : ua_time_send can't run!
12-07 02:16:16.913 11883 20824 I jx      : [jx][17873529][tid_231](95)TimingNetworkTimerServerTask end , task : magazine_update 
12-07 02:16:16.913 11883 20824 I TaskServiceProvider: [TaskServiceProvider][17873529][tid_231](379)[VlifeTaskService]  end  task : magazine_update
12-07 02:16:16.913 11883 20830 I jx      : [jx][17873529][tid_235](95)TimingNetworkTimerServerTask end , task : ua_time_send 
12-07 02:16:16.913 11883 20824 I TaskServiceProvider: [TaskServiceProvider][17873529][tid_231](382)[VlifeTaskService]  this task is Cycle ,task : magazine_update , time : 21600000 
12-07 02:16:16.914 11883 20829 D TaskServiceProvider: [TaskServiceProvider][17873528][tid_234](188)TaskServiceProvider task=sh,taskType=get_push_message
12-07 02:16:16.914 11883 20824 I vv      : [vv][17873529][tid_231](22)realPackageName:com.android.systemui vlifePackageName:com.vlife.ipro.magazine
12-07 02:16:16.914 11883 20829 I vv      : [vv][17873530][tid_234](22)realPackageName:com.android.systemui vlifePackageName:com.vlife.ipro.magazine
12-07 02:16:16.914 11883 20824 D gp      : [gp][17873530][tid_231](96)VlifeTaskService schedule task=magazine_update, isCycleOrDelay=true,time=21600000,requestCode=47408839
12-07 02:16:16.914 11883 20830 I TaskServiceProvider: [TaskServiceProvider][17873529][tid_235](379)[VlifeTaskService]  end  task : ua_time_send
12-07 02:16:16.915 11883 20830 I TaskServiceProvider: [TaskServiceProvider][17873530][tid_235](382)[VlifeTaskService]  this task is Cycle ,task : ua_time_send , time : 21600000 
12-07 02:16:16.915 11883 20828 D MagazineDao: [MagazineDao][17873527][tid_233](398)[magazine_down_content] [delete_old] [can show size:0] [keep size:12]
12-07 02:16:16.915 11883 20828 D MagazineDao: [MagazineDao][17873531][tid_233](400)[magazine_down_content] [delete_old] [can show size < 12]
12-07 02:16:16.915 11883 20829 I TaskServiceProvider: [TaskServiceProvider][17873530][tid_234](156)shell product start vlife task
12-07 02:16:16.915 11883 20828 D MagazineDao: [MagazineDao][17873531][tid_233](402)[magazine_down_content] [delete_old] [can show size < 12] [surplusSize:12]
12-07 02:16:16.916 11883 20824 I gp      : [gp][17873530][tid_231](100)[VlifeTaskService] [next awake intervalMillis] [21600000]
12-07 02:16:16.916 11883 20830 I vv      : [vv][17873531][tid_235](22)realPackageName:com.android.systemui vlifePackageName:com.vlife.ipro.magazine
12-07 02:16:16.916 11883 20828 W aah     : [aah][17873531][tid_233](85)db provider query:content://vlife/magazine_content
12-07 02:16:16.917 11883 20824 D go      : [go][17873532][tid_231](48)TaskSignalQueue-remove n.gn@5fb32c7
12-07 02:16:16.917 11883 20888 D gp      : [gp][17873532][tid_246](104)task run
12-07 02:16:16.917 11883 20830 D gp      : [gp][17873533][tid_235](96)VlifeTaskService schedule task=ua_time_send, isCycleOrDelay=true,time=21600000,requestCode=193306362
12-07 02:16:16.917 11883 20888 W wf      : [wf][17873533][tid_246](52)create preferences name:timing_network_preference
12-07 02:16:16.917 11883 20829 W wf      : [wf][17873531][tid_234](52)create preferences name:userinfo
12-07 02:16:16.918 11883 20888 I jx      : [jx][17873533][tid_246](84)first time ready type:magazine_update
12-07 02:16:16.919 11883 20888 I jx      : [jx][17873534][tid_246](86)judge timing task whether or not can run,judge task type is :magazine_update
12-07 02:16:16.919 11883 20828 I aah     : [aah][17873534][tid_233](829)[MagazineContentDatabase] cursor:android.database.sqlite.SQLiteCursor@45da01d
12-07 02:16:16.919 11883 20888 D zc      : [zc][17873535][tid_246](77)[magazine_down_content] [canRunnable]
12-07 02:16:16.919 11883 20829 I qw      : [qw][17873534][tid_234](70)executor c:class java.util.concurrent.ThreadPoolExecutor task c:class n.gp$1
12-07 02:16:16.920 11883 20888 W wf      : [wf][17873535][tid_246](52)create preferences name:timing_network_preference
12-07 02:16:16.920 11883 20830 I gp      : [gp][17873535][tid_235](100)[VlifeTaskService] [next awake intervalMillis] [21600000]
12-07 02:16:16.920 11883 20830 D go      : [go][17873536][tid_235](48)TaskSignalQueue-remove n.gn@4e51848
12-07 02:16:16.921 11883 20829 D gp      : [gp][17873536][tid_234](64)packageName = com.vlife.ipro.magazine, className = com.vlife.TService
12-07 02:16:16.921 11883 12100 I TaskServiceProvider: [TaskServiceProvider][17873536][tid_53](546)vlifeTaskOnStartCommand intent=#Intent;action=get_push_message;package=com.vlife.ipro.magazine;component=com.vlife.ipro.magazine/com.vlife.TService;end
12-07 02:16:16.921 11883 12100 D TaskServiceProvider: [TaskServiceProvider][17873537][tid_53](558)pyramidney:null
12-07 02:16:16.921 11883 20829 D TaskServiceProvider: [TaskServiceProvider][17873537][tid_234](239)getVlifeTask vlifeTask=n.ajo@6143292
12-07 02:16:16.921 11883 12100 D go      : [go][17873537][tid_53](33)TaskSignalQueue-add n.gn@cee3463
12-07 02:16:16.921 11883 20829 D TaskServiceProvider: [TaskServiceProvider][17873537][tid_234](195)cancelTimerTask context:com.vlife.plugin.module.tools.ModuleContextUtil$1@d40778c,task:n.ajo@6143292
12-07 02:16:16.922 11883 20830 D TaskServiceProvider: [TaskServiceProvider][17873537][tid_235](254)Bundle=Bundle[{triggerType=TIMER, doTaskWithoutCondition=false}] taskType=get_push_message
12-07 02:16:16.922 11883 20829 I vv      : [vv][17873537][tid_234](22)realPackageName:com.android.systemui vlifePackageName:com.vlife.ipro.magazine
12-07 02:16:16.922 11883 20830 D TaskServiceProvider: [TaskServiceProvider][17873537][tid_235](258)getVlifeTask vlifeTask=n.sh@cf4a860
12-07 02:16:16.922 11883 20829 I TaskServiceProvider: [TaskServiceProvider][17873537][tid_234](197)SystemProcess cancelTimerTask
12-07 02:16:16.922 11883 20830 I TaskServiceProvider: [TaskServiceProvider][17873538][tid_235](351)[VlifeTaskService]  TaskRunnable  running task : get_push_message ,delay : 0, cycle : 21600000 
12-07 02:16:16.923 11883 20829 I TaskServiceProvider: [TaskServiceProvider][17873538][tid_234](146)VlifeExecutorService executing n.ajo@6143292
12-07 02:16:16.923 11883 20889 D gp      : [gp][17873538][tid_247](104)task run
12-07 02:16:16.923 11883 20830 I TaskServiceProvider: [TaskServiceProvider][17873538][tid_235](377)backstage task system start up timing task ,task type is :get_push_message, awaking type :TIMER
12-07 02:16:16.923 11883 20829 I TaskServiceProvider: [TaskServiceProvider][17873539][tid_234](186)PackageName is com.vlife.ipro.magazine
12-07 02:16:16.923 11883 20830 W wf      : [wf][17873539][tid_235](52)create preferences name:timing_network_preference
12-07 02:16:16.923 11883 20889 W wf      : [wf][17873539][tid_247](52)create preferences name:timing_network_preference
12-07 02:16:16.924 11883 20889 I jx      : [jx][17873539][tid_247](84)first time ready type:ua_time_send
12-07 02:16:16.924 11883 20830 I jx      : [jx][17873539][tid_235](84)first time ready type:get_push_message
12-07 02:16:16.924 11883 20889 I jx      : [jx][17873540][tid_247](86)judge timing task whether or not can run,judge task type is :ua_time_send
12-07 02:16:16.924 11883 20830 I jx      : [jx][17873540][tid_235](86)judge timing task whether or not can run,judge task type is :get_push_message
12-07 02:16:16.924 11883 20889 W wf      : [wf][17873540][tid_247](52)create preferences name:timing_network_preference
12-07 02:16:16.924 11883 20888 I qk      : [qk][17873540][tid_246](244)currentApn:MOBILE
12-07 02:16:16.924 11883 20830 W wf      : [wf][17873540][tid_235](52)create preferences name:timing_network_preference
12-07 02:16:16.924 11883 20888 I qk      : [qk][17873540][tid_246](213)currentApn:MOBILE
12-07 02:16:16.924 11883 20888 D jz      : [jz][17873540][tid_246](47)canConnectNetWork result == true
12-07 02:16:16.925 11883 20888 D zc      : [zc][17873540][tid_246](82)[magazine_down_content] [canRunnable] has net true
12-07 02:16:16.925 11883 20828 D fe      : [fe][17873540][tid_233](61)data:magazine_source_data
12-07 02:16:16.925 11883 20889 I qk      : [qk][17873541][tid_247](244)currentApn:MOBILE
12-07 02:16:16.925 11883 20889 I qk      : [qk][17873541][tid_247](213)currentApn:MOBILE
12-07 02:16:16.925 11883 20888 D jx      : [jx][17873541][tid_246](116)canRun task=magazine_update, result=2707, frequency=17280000
12-07 02:16:16.925 11883 20828 I fe      : [fe][17873541][tid_233](73)[VTDDataHelper] simpleData = n.bk@9b92119
12-07 02:16:16.925 11883 20889 D jz      : [jz][17873541][tid_247](47)canConnectNetWork result == true
12-07 02:16:16.925 11883 20888 D jx      : [jx][17873541][tid_246](120)Judgment result can not run , reason :Minimum time interval is not satisfied, task type is magazine_update
12-07 02:16:16.925 11883 20888 W jx      : [jx][17873541][tid_246](93)task : magazine_update can't run!
12-07 02:16:16.925 11883 20828 D fe      : [fe][17873541][tid_233](61)data:file
12-07 02:16:16.926 11883 20888 I jx      : [jx][17873541][tid_246](95)TimingNetworkTimerServerTask end , task : magazine_update 
12-07 02:16:16.926 11883 20828 I fe      : [fe][17873541][tid_233](73)[VTDDataHelper] simpleData = n.e@e3ee5de
12-07 02:16:16.926 11883 20889 I qk      : [qk][17873542][tid_247](244)currentApn:MOBILE
12-07 02:16:16.926 11883 20829 D TaskServiceProvider: [TaskServiceProvider][17873542][tid_234](188)TaskServiceProvider task=ajo,taskType=plugin_update
12-07 02:16:16.926 11883 20889 I jx      : [jx][17873542][tid_247](58)[TimingNetworkTask] NetStatus. 2G,return true 
12-07 02:16:16.926 11883 20829 I vv      : [vv][17873542][tid_234](22)realPackageName:com.android.systemui vlifePackageName:com.vlife.ipro.magazine
12-07 02:16:16.926 11883 20829 I TaskServiceProvider: [TaskServiceProvider][17873542][tid_234](156)shell product start vlife task
12-07 02:16:16.926 11883 20828 E fe      : [niyongliang][fe][17873542][tid_233](54)xml:
12-07 02:16:16.927 11883 20829 W wf      : [wf][17873542][tid_234](52)create preferences name:userinfo
12-07 02:16:16.927 11883 20889 I pm      : [pm][17873542][tid_247](600)isScreenLocked  isScreenOn:true inKeyguardRestrictedInputMode:false
12-07 02:16:16.927 11883 20889 I jx      : [jx][17873543][tid_247](60)[TimingNetworkTask] is not ScreenLocked,return true 
12-07 02:16:16.927 11883 20830 I qk      : [qk][17873543][tid_235](244)currentApn:MOBILE
12-07 02:16:16.927 11883 20889 D jx      : [jx][17873543][tid_247](116)canRun task=ua_time_send, result=2716, frequency=17280000
12-07 02:16:16.927 11883 20829 I qw      : [qw][17873543][tid_234](70)executor c:class java.util.concurrent.ThreadPoolExecutor task c:class n.gp$1
12-07 02:16:16.927 11883 20889 D jx      : [jx][17873543][tid_247](120)Judgment result can not run , reason :Minimum time interval is not satisfied, task type is ua_time_send
12-07 02:16:16.927 11883 20830 I qk      : [qk][17873543][tid_235](213)currentApn:MOBILE
12-07 02:16:16.927 11883 20889 W jx      : [jx][17873543][tid_247](93)task : ua_time_send can't run!
12-07 02:16:16.928 11883 20830 D jz      : [jz][17873543][tid_235](47)canConnectNetWork result == true
12-07 02:16:16.928 11883 12101 D StatisticsProvider: [StatisticsProvider][17873544][tid_54](432)[statistics_test] =======>write map:n.ep@285b3bf
12-07 02:16:16.928 11883 20830 I qk      : [qk][17873544][tid_235](244)currentApn:MOBILE
12-07 02:16:16.928 11883 12101 I StatisticsProvider: [StatisticsProvider][17873544][tid_54](516)[statistics_test] filePath /data/user_de/0/com.android.systemui/files/ua/no_ua_6.131.9.mui.dat.0 
12-07 02:16:16.928 11883 20830 I jx      : [jx][17873544][tid_235](58)[TimingNetworkTask] NetStatus. 2G,return true 
12-07 02:16:16.928 11883 12101 I StatisticsProvider: [StatisticsProvider][17873544][tid_54](518)[statistics_test] ====canWrite====
12-07 02:16:16.929 11883 12101 D StatisticsProvider: [StatisticsProvider][17873544][tid_54](439)[statistics_test] =======>write path:/data/user_de/0/com.android.systemui/files/ua/no_ua_6.131.9.mui.dat.0
12-07 02:16:16.929 11883 20830 I pm      : [pm][17873545][tid_235](600)isScreenLocked  isScreenOn:true inKeyguardRestrictedInputMode:false
12-07 02:16:16.929 11883 12098 I TaskServiceProvider: [TaskServiceProvider][17873545][tid_51](546)vlifeTaskOnStartCommand intent=#Intent;action=plugin_update;package=com.vlife.ipro.magazine;component=com.vlife.ipro.magazine/com.vlife.TService;end
12-07 02:16:16.929 11883 20830 I jx      : [jx][17873545][tid_235](60)[TimingNetworkTask] is not ScreenLocked,return true 
12-07 02:16:16.929 11883 12098 D TaskServiceProvider: [TaskServiceProvider][17873545][tid_51](558)pyramidney:null
12-07 02:16:16.930 11883 20830 D jx      : [jx][17873545][tid_235](116)canRun task=get_push_message, result=2714, frequency=17280000
12-07 02:16:16.930 11883 12098 D go      : [go][17873545][tid_51](33)TaskSignalQueue-add n.gn@46bea8c
12-07 02:16:16.930 11883 20830 D jx      : [jx][17873545][tid_235](120)Judgment result can not run , reason :Minimum time interval is not satisfied, task type is get_push_message
12-07 02:16:16.930 11883 20830 W jx      : [jx][17873546][tid_235](93)task : get_push_message can't run!
12-07 02:16:16.930 11883 20829 D gp      : [gp][17873546][tid_234](64)packageName = com.vlife.ipro.magazine, className = com.vlife.TService
12-07 02:16:16.930 11883 20830 I jx      : [jx][17873546][tid_235](95)TimingNetworkTimerServerTask end , task : get_push_message 
12-07 02:16:16.930 11883 20829 E TaskServiceProvider: [TaskServiceProvider][17873546][tid_234](471)restartTimerTask allTastMap is error, taskName=upload_user_setting
12-07 02:16:16.930 11883 20830 I TaskServiceProvider: [TaskServiceProvider][17873546][tid_235](379)[VlifeTaskService]  end  task : get_push_message
12-07 02:16:16.930 11883 20830 I TaskServiceProvider: [TaskServiceProvider][17873546][tid_235](382)[VlifeTaskService]  this task is Cycle ,task : get_push_message , time : 21600000 
12-07 02:16:16.931 11883 20830 I vv      : [vv][17873546][tid_235](22)realPackageName:com.android.systemui vlifePackageName:com.vlife.ipro.magazine
12-07 02:16:16.931 11883 20829 I jx      : [jx][17873546][tid_234](95)TimingNetworkTimerServerTask end , task : get_push_message 
12-07 02:16:16.931 11883 20829 I TaskServiceProvider: [TaskServiceProvider][17873547][tid_234](379)[VlifeTaskService]  end  task : get_push_message
12-07 02:16:16.931 11883 20829 I TaskServiceProvider: [TaskServiceProvider][17873547][tid_234](382)[VlifeTaskService]  this task is Cycle ,task : get_push_message , time : 21600000 
12-07 02:16:16.931 11883 20889 I jx      : [jx][17873543][tid_247](95)TimingNetworkTimerServerTask end , task : ua_time_send 
12-07 02:16:16.931 11883 20829 I vv      : [vv][17873547][tid_234](22)realPackageName:com.android.systemui vlifePackageName:com.vlife.ipro.magazine
12-07 02:16:16.932 11883 20824 D TaskServiceProvider: [TaskServiceProvider][17873547][tid_231](254)Bundle=Bundle[{triggerType=TIMER, doTaskWithoutCondition=false}] taskType=plugin_update
12-07 02:16:16.932 11883 20829 D gp      : [gp][17873547][tid_234](96)VlifeTaskService schedule task=get_push_message, isCycleOrDelay=true,time=21600000,requestCode=196365627
12-07 02:16:16.932 11883 20824 D TaskServiceProvider: [TaskServiceProvider][17873548][tid_231](258)getVlifeTask vlifeTask=n.ajo@7b1b5d5
12-07 02:16:16.932 11883 20824 I TaskServiceProvider: [TaskServiceProvider][17873548][tid_231](351)[VlifeTaskService]  TaskRunnable  running task : plugin_update ,delay : 0, cycle : 21600000 
12-07 02:16:16.933 11883 20830 D gp      : [gp][17873548][tid_235](96)VlifeTaskService schedule task=get_push_message, isCycleOrDelay=true,time=21600000,requestCode=196365627
12-07 02:16:16.933 11883 20828 I aar     : [aar][17873548][tid_233](98)[JsonUtil] toMap(String) json ={}, return = {}
12-07 02:16:16.933 11883 20829 I gp      : [gp][17873549][tid_234](100)[VlifeTaskService] [next awake intervalMillis] [21600000]
12-07 02:16:16.933 11883 20830 I gp      : [gp][17873549][tid_235](100)[VlifeTaskService] [next awake intervalMillis] [21600000]
12-07 02:16:16.933 11883 20824 I TaskServiceProvider: [TaskServiceProvider][17873548][tid_231](377)backstage task system start up timing task ,task type is :plugin_update, awaking type :TIMER
12-07 02:16:16.934 11883 20824 W wf      : [wf][17873549][tid_231](52)create preferences name:timing_network_preference
12-07 02:16:16.934 11883 20828 D fe      : [fe][17873549][tid_233](61)data:file
12-07 02:16:16.934 11883 20830 D go      : [go][17873549][tid_235](48)TaskSignalQueue-remove n.gn@cee3463
12-07 02:16:16.934 11883 20828 I fe      : [fe][17873550][tid_233](73)[VTDDataHelper] simpleData = n.e@3cf81ea
12-07 02:16:16.934 11883 20824 I jx      : [jx][17873550][tid_231](84)first time ready type:plugin_update
12-07 02:16:16.934 11883 20824 I jx      : [jx][17873550][tid_231](86)judge timing task whether or not can run,judge task type is :plugin_update
12-07 02:16:16.934 11883 20824 W wf      : [wf][17873550][tid_231](52)create preferences name:timing_network_preference
12-07 02:16:16.935 11883 20828 D fe      : [fe][17873550][tid_233](61)data:file
12-07 02:16:16.935 11883 20828 I fe      : [fe][17873550][tid_233](73)[VTDDataHelper] simpleData = n.e@debccdb
12-07 02:16:16.935 11883 20829 D go      : [go][17873551][tid_234](48)TaskSignalQueue-remove n.gn@5d599b0
12-07 02:16:16.935 11883 20824 I qk      : [qk][17873551][tid_231](244)currentApn:MOBILE
12-07 02:16:16.935 11883 20828 D fe      : [fe][17873551][tid_233](61)data:plugin
12-07 02:16:16.936 11883 20824 I qk      : [qk][17873551][tid_231](213)currentApn:MOBILE
12-07 02:16:16.936 11883 20824 D jz      : [jz][17873551][tid_231](47)canConnectNetWork result == true
12-07 02:16:16.936 11883 20828 I fe      : [fe][17873551][tid_233](73)[VTDDataHelper] simpleData = n.ad@2332378
12-07 02:16:16.936 11883 20828 D fe      : [fe][17873552][tid_233](61)data:file
12-07 02:16:16.936 11883 20828 I fe      : [fe][17873552][tid_233](73)[VTDDataHelper] simpleData = n.e@b64da51
12-07 02:16:16.937 11883 20891 D gp      : [gp][17873552][tid_249](104)task run
12-07 02:16:16.937 11883 20828 I aah     : [aah][17873552][tid_233](734)[magazine_down_content] [delete_old] [databases] [overdue] [id:648]
12-07 02:16:16.937 11883 20891 W wf      : [wf][17873552][tid_249](52)create preferences name:timing_network_preference
12-07 02:16:16.937 11883 20828 I aah     : [aah][17873553][tid_233](829)[MagazineContentDatabase] cursor:android.database.sqlite.SQLiteCursor@45da01d
12-07 02:16:16.937 11883 20891 I jx      : [jx][17873553][tid_249](84)first time ready type:get_push_message
12-07 02:16:16.937 11883 20891 I jx      : [jx][17873553][tid_249](86)judge timing task whether or not can run,judge task type is :get_push_message
12-07 02:16:16.938 11883 20891 W wf      : [wf][17873553][tid_249](52)create preferences name:timing_network_preference
12-07 02:16:16.938 11883 20828 D fe      : [fe][17873553][tid_233](61)data:magazine_source_data
12-07 02:16:16.938 11883 20828 I fe      : [fe][17873554][tid_233](73)[VTDDataHelper] simpleData = n.bk@1bd2b6
12-07 02:16:16.938 11883 20828 D fe      : [fe][17873554][tid_233](61)data:file
12-07 02:16:16.938 11883 20824 I qk      : [qk][17873554][tid_231](244)currentApn:MOBILE
12-07 02:16:16.939 11883 20824 I jx      : [jx][17873554][tid_231](58)[TimingNetworkTask] NetStatus. 2G,return true 
12-07 02:16:16.939 11883 20828 I fe      : [fe][17873554][tid_233](73)[VTDDataHelper] simpleData = n.e@4d05bb7
12-07 02:16:16.939 11883 20824 I pm      : [pm][17873555][tid_231](600)isScreenLocked  isScreenOn:true inKeyguardRestrictedInputMode:false
12-07 02:16:16.939 11883 20824 I jx      : [jx][17873555][tid_231](60)[TimingNetworkTask] is not ScreenLocked,return true 
12-07 02:16:16.939 11883 20828 E fe      : [niyongliang][fe][17873555][tid_233](54)xml:
12-07 02:16:16.940 11883 20824 D jx      : [jx][17873555][tid_231](116)canRun task=plugin_update, result=2711, frequency=17280000
12-07 02:16:16.940 11883 20824 D jx      : [jx][17873555][tid_231](120)Judgment result can not run , reason :Minimum time interval is not satisfied, task type is plugin_update
12-07 02:16:16.940 11883 20824 W jx      : [jx][17873556][tid_231](93)task : plugin_update can't run!
12-07 02:16:16.940 11883 20828 I aar     : [aar][17873556][tid_233](98)[JsonUtil] toMap(String) json ={}, return = {}
12-07 02:16:16.940 11883 20824 I jx      : [jx][17873556][tid_231](95)TimingNetworkTimerServerTask end , task : plugin_update 
12-07 02:16:16.940 11883 20824 I TaskServiceProvider: [TaskServiceProvider][17873556][tid_231](379)[VlifeTaskService]  end  task : plugin_update
12-07 02:16:16.941 11883 20824 I TaskServiceProvider: [TaskServiceProvider][17873556][tid_231](382)[VlifeTaskService]  this task is Cycle ,task : plugin_update , time : 21600000 
12-07 02:16:16.941 11883 20824 I vv      : [vv][17873556][tid_231](22)realPackageName:com.android.systemui vlifePackageName:com.vlife.ipro.magazine
12-07 02:16:16.941 11883 20828 D fe      : [fe][17873557][tid_233](61)data:file
12-07 02:16:16.941 11883 20824 D gp      : [gp][17873557][tid_231](96)VlifeTaskService schedule task=plugin_update, isCycleOrDelay=true,time=21600000,requestCode=93687749
12-07 02:16:16.942 11883 20828 I fe      : [fe][17873557][tid_233](73)[VTDDataHelper] simpleData = n.e@f32ff24
12-07 02:16:16.942 11883 20891 I qk      : [qk][17873557][tid_249](244)currentApn:MOBILE
12-07 02:16:16.942 11883 20824 I gp      : [gp][17873558][tid_231](100)[VlifeTaskService] [next awake intervalMillis] [21600000]
12-07 02:16:16.943 11883 20828 D fe      : [fe][17873558][tid_233](61)data:file
12-07 02:16:16.943 11883 20891 I qk      : [qk][17873558][tid_249](213)currentApn:MOBILE
12-07 02:16:16.943 11883 20890 D gp      : [gp][17873558][tid_248](104)task run
12-07 02:16:16.943 11883 20891 D jz      : [jz][17873559][tid_249](47)canConnectNetWork result == true
12-07 02:16:16.943 11883 20828 I fe      : [fe][17873559][tid_233](73)[VTDDataHelper] simpleData = n.e@c4bca8d
12-07 02:16:16.943 11883 20890 W wf      : [wf][17873559][tid_248](52)create preferences name:timing_network_preference
12-07 02:16:16.944 11883 20890 I jx      : [jx][17873560][tid_248](84)first time ready type:get_push_message
12-07 02:16:16.944 11883 20891 I qk      : [qk][17873560][tid_249](244)currentApn:MOBILE
12-07 02:16:16.944 11883 20828 D fe      : [fe][17873560][tid_233](61)data:plugin
12-07 02:16:16.944 11883 20890 I jx      : [jx][17873560][tid_248](86)judge timing task whether or not can run,judge task type is :get_push_message
12-07 02:16:16.944 11883 20891 I jx      : [jx][17873560][tid_249](58)[TimingNetworkTask] NetStatus. 2G,return true 
12-07 02:16:16.944 11883 20890 W wf      : [wf][17873560][tid_248](52)create preferences name:timing_network_preference
12-07 02:16:16.944 11883 20828 I fe      : [fe][17873560][tid_233](73)[VTDDataHelper] simpleData = n.ad@a0a6442
12-07 02:16:16.945 11883 20828 D fe      : [fe][17873560][tid_233](61)data:file
12-07 02:16:16.945 11883 20891 I pm      : [pm][17873560][tid_249](600)isScreenLocked  isScreenOn:true inKeyguardRestrictedInputMode:false
12-07 02:16:16.945 11883 20828 I fe      : [fe][17873560][tid_233](73)[VTDDataHelper] simpleData = n.e@e04fc53
12-07 02:16:16.945 11883 20891 I jx      : [jx][17873561][tid_249](60)[TimingNetworkTask] is not ScreenLocked,return true 
12-07 02:16:16.945 11883 20890 I qk      : [qk][17873561][tid_248](244)currentApn:MOBILE
12-07 02:16:16.945 11883 20891 D jx      : [jx][17873561][tid_249](116)canRun task=get_push_message, result=2730, frequency=17280000
12-07 02:16:16.945 11883 20890 I qk      : [qk][17873561][tid_248](213)currentApn:MOBILE
12-07 02:16:16.945 11883 20828 I aah     : [aah][17873561][tid_233](734)[magazine_down_content] [delete_old] [databases] [overdue] [id:990]
12-07 02:16:16.945 11883 20891 D jx      : [jx][17873561][tid_249](120)Judgment result can not run , reason :Minimum time interval is not satisfied, task type is get_push_message
12-07 02:16:16.945 11883 20890 D jz      : [jz][17873561][tid_248](47)canConnectNetWork result == true
12-07 02:16:16.945 11883 20828 I aah     : [aah][17873561][tid_233](829)[MagazineContentDatabase] cursor:android.database.sqlite.SQLiteCursor@45da01d
12-07 02:16:16.946 11883 20824 D go      : [go][17873558][tid_231](48)TaskSignalQueue-remove n.gn@46bea8c
12-07 02:16:16.945 11883 20891 W jx      : [jx][17873561][tid_249](93)task : get_push_message can't run!
12-07 02:16:16.946 11883 20828 D fe      : [fe][17873562][tid_233](61)data:magazine_source_data
12-07 02:16:16.946 11883 20891 I jx      : [jx][17873562][tid_249](95)TimingNetworkTimerServerTask end , task : get_push_message 
12-07 02:16:16.946 11883 20828 I fe      : [fe][17873562][tid_233](73)[VTDDataHelper] simpleData = n.bk@832e990
12-07 02:16:16.946 11883 20890 I qk      : [qk][17873562][tid_248](244)currentApn:MOBILE
12-07 02:16:16.947 11883 20890 I jx      : [jx][17873562][tid_248](58)[TimingNetworkTask] NetStatus. 2G,return true 
12-07 02:16:16.947 11883 20828 D fe      : [fe][17873562][tid_233](61)data:file
12-07 02:16:16.947 11883 20828 I fe      : [fe][17873563][tid_233](73)[VTDDataHelper] simpleData = n.e@6378289
12-07 02:16:16.947 11883 20890 I pm      : [pm][17873563][tid_248](600)isScreenLocked  isScreenOn:true inKeyguardRestrictedInputMode:false
12-07 02:16:16.948 11883 20890 I jx      : [jx][17873563][tid_248](60)[TimingNetworkTask] is not ScreenLocked,return true 
12-07 02:16:16.948 11883 20890 D jx      : [jx][17873564][tid_248](116)canRun task=get_push_message, result=2733, frequency=21600000
12-07 02:16:16.948 11883 20892 D gp      : [gp][17873564][tid_250](104)task run
12-07 02:16:16.948 11883 20890 D jx      : [jx][17873564][tid_248](120)Judgment result can not run , reason :Minimum time interval is not satisfied, task type is get_push_message
12-07 02:16:16.948 11883 20890 W jx      : [jx][17873564][tid_248](93)task : get_push_message can't run!
12-07 02:16:16.948 11883 20892 W wf      : [wf][17873564][tid_250](52)create preferences name:timing_network_preference
12-07 02:16:16.948 11883 20890 I jx      : [jx][17873564][tid_248](95)TimingNetworkTimerServerTask end , task : get_push_message 
12-07 02:16:16.949 11883 20892 I jx      : [jx][17873565][tid_250](84)first time ready type:plugin_update
12-07 02:16:16.950 11883 20892 I jx      : [jx][17873565][tid_250](86)judge timing task whether or not can run,judge task type is :plugin_update
12-07 02:16:16.950 11883 20892 W wf      : [wf][17873565][tid_250](52)create preferences name:timing_network_preference
12-07 02:16:16.952 11883 20828 E fe      : [niyongliang][fe][17873567][tid_233](54)xml:
12-07 02:16:16.953 11883 20892 I qk      : [qk][17873569][tid_250](244)currentApn:MOBILE
12-07 02:16:16.953 11883 20828 I aar     : [aar][17873569][tid_233](98)[JsonUtil] toMap(String) json ={}, return = {}
12-07 02:16:16.953 11883 20892 I qk      : [qk][17873569][tid_250](213)currentApn:MOBILE
12-07 02:16:16.954 11883 20892 D jz      : [jz][17873569][tid_250](47)canConnectNetWork result == true
12-07 02:16:16.954 11883 20828 D fe      : [fe][17873569][tid_233](61)data:file
12-07 02:16:16.954 11883 20828 I fe      : [fe][17873570][tid_233](73)[VTDDataHelper] simpleData = n.e@e5e828e
12-07 02:16:16.955 11883 20892 I qk      : [qk][17873571][tid_250](244)currentApn:MOBILE
12-07 02:16:16.955 11883 20892 I jx      : [jx][17873571][tid_250](58)[TimingNetworkTask] NetStatus. 2G,return true 
12-07 02:16:16.955 11883 20828 D fe      : [fe][17873571][tid_233](61)data:file
12-07 02:16:16.956 11883 20828 I fe      : [fe][17873571][tid_233](73)[VTDDataHelper] simpleData = n.e@1d90aaf
12-07 02:16:16.957 11883 20828 D fe      : [fe][17873572][tid_233](61)data:plugin
12-07 02:16:16.957 11883 20828 I fe      : [fe][17873572][tid_233](73)[VTDDataHelper] simpleData = n.ad@d050ebc
12-07 02:16:16.957 11883 20828 D fe      : [fe][17873573][tid_233](61)data:file
12-07 02:16:16.957 11883 20828 I fe      : [fe][17873573][tid_233](73)[VTDDataHelper] simpleData = n.e@70cbe45
