12-07 02:16:14.111 11883 11883 D NetChangeReceiverHandler: [NetChangeReceiverHandler][17870726][tid_1](25)doReceive context:com.vlife.plugin.module.tools.ModuleContextUtil$1@d40778c,intent:Intent { act=android.net.conn.CONNECTIVITY_CHANGE flg=0x4000010 (has extras) }
12-07 02:16:14.111 11883 11883 D NewDownloadProvider: [NewDownloadProvider][17870727][tid_1](377)[new_download] [download_net_change] networkChange
12-07 02:16:14.115 11883 11883 I qk      : [qk][17870730][tid_1](244)currentApn:MOBILE
12-07 02:16:14.115 11883 11883 I qk      : [qk][17870731][tid_1](213)currentApn:MOBILE
12-07 02:16:14.115 11883 11883 D NetChangeReceiverHandler: [NetChangeReceiverHandler][17870731][tid_1](31)[download_net_change] the network has connected
12-07 02:16:14.116 11883 11883 D NetChangeReceiverHandler: [NetChangeReceiverHandler][17870731][tid_1](33)[download_net_change] time:876708864,runTime:875060588
12-07 02:16:14.116 11883 11883 D NetChangeReceiverHandler: [NetChangeReceiverHandler][17870732][tid_1](35)Product.lenovo:false
12-07 02:16:14.117 11883 11883 I TaskServiceProvider: [TaskServiceProvider][17870732][tid_1](146)VlifeExecutorService executing n.kt@a9c5513
12-07 02:16:14.117 11883 11883 I TaskServiceProvider: [TaskServiceProvider][17870733][tid_1](186)PackageName is com.vlife.ipro.magazine
12-07 02:16:14.118 11883 11883 D TaskServiceProvider: [TaskServiceProvider][17870733][tid_1](188)TaskServiceProvider task=kt,taskType=NetChangeReceiverTask
12-07 02:16:14.118 11883 11883 I vv      : [vv][17870734][tid_1](22)realPackageName:com.android.systemui vlifePackageName:com.vlife.ipro.magazine
12-07 02:16:14.119 11883 11883 I TaskServiceProvider: [TaskServiceProvider][17870734][tid_1](156)shell product start vlife task
12-07 02:16:14.119 11883 11883 W wf      : [wf][17870735][tid_1](52)create preferences name:userinfo
12-07 02:16:14.132 11883 11883 I qw      : [qw][17870748][tid_1](70)executor c:class java.util.concurrent.ThreadPoolExecutor task c:class n.gp$1
12-07 02:16:14.133 11883 11883 D gp      : [gp][17870748][tid_1](64)packageName = com.vlife.ipro.magazine, className = com.vlife.TService
12-07 02:16:14.134 11883 12085 I TaskServiceProvider: [TaskServiceProvider][17870749][tid_45](546)vlifeTaskOnStartCommand intent=#Intent;action=NetChangeReceiverTask;package=com.vlife.ipro.magazine;component=com.vlife.ipro.magazine/com.vlife.TService;end
12-07 02:16:14.139 11883 12085 D TaskServiceProvider: [TaskServiceProvider][17870755][tid_45](558)pyramidney:null
12-07 02:16:14.140 11883 12085 D go      : [go][17870755][tid_45](33)TaskSignalQueue-add n.gn@4d424e
12-07 02:16:14.145 11883 20824 D TaskServiceProvider: [TaskServiceProvider][17870760][tid_231](254)Bundle=Bundle[{}] taskType=NetChangeReceiverTask
12-07 02:16:14.145 11883 20824 D TaskServiceProvider: [TaskServiceProvider][17870761][tid_231](258)getVlifeTask vlifeTask=n.kt@a6b5105
12-07 02:16:14.146 11883 20824 I TaskServiceProvider: [TaskServiceProvider][17870761][tid_231](351)[VlifeTaskService]  TaskRunnable  running task : NetChangeReceiverTask ,delay : 0, cycle : 0 
12-07 02:16:14.146 11883 20824 I TaskServiceProvider: [TaskServiceProvider][17870761][tid_231](377)backstage task system start up timing task ,task type is :NetChangeReceiverTask, awaking type :awake by system broadCastReceiver
12-07 02:16:14.146 11883 20824 D kt      : [kt][17870762][tid_231](45)[download_net_change] NetChangeReceiverTask run
12-07 02:16:14.150 11883 20824 W wf      : [wf][17870765][tid_231](52)create preferences name:userinfo
12-07 02:16:14.151 11883 20824 I wf      : [wf][17870766][tid_231](79)preference name:userinfo getString key:last_day,value:20171206
12-07 02:16:14.153 11883 20824 I wf      : [wf][17870769][tid_231](84)preference name:userinfo putStringAndCommit key:last_day,value:20171207
12-07 02:16:14.171 11883 20824 W wf      : [wf][17870786][tid_231](89)userinfo putString last_day
12-07 02:16:14.171 11883 20824 I ot      : [ot][17870787][tid_231](99)last_day 20171206, today 20171207, last_day_count 5, this=n.ot@1b4dafe
12-07 02:16:14.171 11883 20824 I wf      : [wf][17870787][tid_231](114)preference name:userinfo putIntAndCommit key:last_day_count,value:5
12-07 02:16:14.179 11883 20824 W wf      : [wf][17870795][tid_231](119)userinfo putInt last_day_count
12-07 02:16:14.180 11883 20824 W wf      : [wf][17870795][tid_231](52)create preferences name:timing_network_preference
12-07 02:16:14.181 11883 20824 I qk      : [qk][17870797][tid_231](244)currentApn:MOBILE
12-07 02:16:14.181 11883 20824 I qk      : [qk][17870797][tid_231](213)currentApn:MOBILE
12-07 02:16:14.181 11883 20824 D jz      : [jz][17870797][tid_231](47)canConnectNetWork result == true
12-07 02:16:14.182 11883 20824 I TaskServiceProvider: [TaskServiceProvider][17870797][tid_231](511)try awaking backstage task system,awaking type is :NET_CHANGE, awaking time is :1512584174182
12-07 02:16:14.182 11883 20824 I TaskServiceProvider: [TaskServiceProvider][17870798][tid_231](513)awake backstage task system success, awaking time :1512584174182
12-07 02:16:14.183 11883 12101 D StatisticsProvider: [StatisticsProvider][17870798][tid_54](432)[statistics_test] =======>write map:n.ep@32ed25f
12-07 02:16:14.183 11883 12101 I StatisticsProvider: [StatisticsProvider][17870799][tid_54](516)[statistics_test] filePath /data/user_de/0/com.android.systemui/files/ua/no_ua_6.131.9.mui.dat.0 
12-07 02:16:14.183 11883 12101 I StatisticsProvider: [StatisticsProvider][17870799][tid_54](518)[statistics_test] ====canWrite====
12-07 02:16:14.184 11883 12101 D StatisticsProvider: [StatisticsProvider][17870799][tid_54](439)[statistics_test] =======>write path:/data/user_de/0/com.android.systemui/files/ua/no_ua_6.131.9.mui.dat.0
12-07 02:16:14.188 11883 20824 I TaskServiceProvider: [TaskServiceProvider][17870803][tid_231](146)VlifeExecutorService executing n.gm@382b4ac
12-07 02:16:14.189 11883 20824 I TaskServiceProvider: [TaskServiceProvider][17870805][tid_231](186)PackageName is com.vlife.ipro.magazine
12-07 02:16:14.189 11883 20824 D TaskServiceProvider: [TaskServiceProvider][17870805][tid_231](188)TaskServiceProvider task=gm,taskType=OperatingStartTask
12-07 02:16:14.190 11883 20824 I vv      : [vv][17870805][tid_231](22)realPackageName:com.android.systemui vlifePackageName:com.vlife.ipro.magazine
12-07 02:16:14.190 11883 20824 I TaskServiceProvider: [TaskServiceProvider][17870805][tid_231](156)shell product start vlife task
12-07 02:16:14.190 11883 20824 W wf      : [wf][17870806][tid_231](52)create preferences name:userinfo
12-07 02:16:14.191 11883 20824 I qw      : [qw][17870806][tid_231](70)executor c:class java.util.concurrent.ThreadPoolExecutor task c:class n.gp$1
12-07 02:16:14.193 11883 12100 I TaskServiceProvider: [TaskServiceProvider][17870809][tid_53](546)vlifeTaskOnStartCommand intent=#Intent;action=OperatingStartTask;package=com.vlife.ipro.magazine;component=com.vlife.ipro.magazine/com.vlife.TService;end
12-07 02:16:14.193 11883 12100 D TaskServiceProvider: [TaskServiceProvider][17870809][tid_53](558)pyramidney:null
12-07 02:16:14.194 11883 12100 D go      : [go][17870809][tid_53](33)TaskSignalQueue-add n.gn@abb8575
12-07 02:16:14.194 11883 20824 D gp      : [gp][17870810][tid_231](64)packageName = com.vlife.ipro.magazine, className = com.vlife.TService
12-07 02:16:14.194 11883 20824 I vv      : [vv][17870810][tid_231](22)realPackageName:com.android.systemui vlifePackageName:com.vlife.ipro.magazine
12-07 02:16:14.195 11883 20824 I kt      : [kt][17870810][tid_231](51)[PushTimerReceiver]  PushTimerReceiver running
12-07 02:16:14.195 11883 20824 D PushProvider: [PushProvider][17870810][tid_231](275)notifyShowPush
12-07 02:16:14.195 11883 20824 I PushProvider: [PushProvider][17870811][tid_231](209)getPushController pushContentType = window
12-07 02:16:14.195 11883 20824 D PushProvider: [PushProvider][17870811][tid_231](211)pushController:n.rf@c8fb3f1
12-07 02:16:14.195 11883 20824 I rf      : [rf][17870811][tid_231](85)[notifyDataChange]
12-07 02:16:14.195 11883 20824 I PushProvider: [PushProvider][17870811][tid_231](175)getContentHandler pushContentType = window
12-07 02:16:14.196 11883 20824 W rx      : [rx][17870811][tid_231](85)db provider query:content://vlife/content
12-07 02:16:14.197 11883 20824 I fz      : [fz][17870812][tid_231](86)getAllDisabled window 0
12-07 02:16:14.197 11883 20824 I rf      : [rf][17870813][tid_231](98)[WindowController] notifyDataChange() diabledWindowDataList = []
12-07 02:16:14.197 11883 20824 W wf      : [wf][17870813][tid_231](52)create preferences name:push_message
12-07 02:16:14.197 11883 20826 D TaskServiceProvider: [TaskServiceProvider][17870813][tid_232](254)Bundle=Bundle[{triggerType=NET_CHANGE}] taskType=OperatingStartTask
12-07 02:16:14.198 11883 20824 I ga      : [ga][17870813][tid_231](72)[downloadAll] isDownloading:false
12-07 02:16:14.198 11883 12101 I StatisticsProvider: [StatisticsProvider][17870813][tid_54](464)[statistics_test] create packet xml : <item ua_action="net_change" ua_time="1512584174182" ua_event="awaken_timing_task" ua_process="lockscreen" index="180" />
12-07 02:16:14.198 11883 20826 D TaskServiceProvider: [TaskServiceProvider][17870813][tid_232](258)getVlifeTask vlifeTask=n.gm@718357b
12-07 02:16:14.198 11883 20824 I PushProvider: [PushProvider][17870813][tid_231](175)getContentHandler pushContentType = window
12-07 02:16:14.198 11883 20826 I TaskServiceProvider: [TaskServiceProvider][17870814][tid_232](351)[VlifeTaskService]  TaskRunnable  running task : OperatingStartTask ,delay : 0, cycle : 0 
12-07 02:16:14.198 11883 20824 W rx      : [rx][17870814][tid_231](85)db provider query:content://vlife/content
12-07 02:16:14.198 11883 20826 I TaskServiceProvider: [TaskServiceProvider][17870814][tid_232](377)backstage task system start up timing task ,task type is :OperatingStartTask, awaking type :NET_CHANGE
12-07 02:16:14.198 11883 20826 I gm      : [gm][17870814][tid_232](44)TimingNetworkServerTask running, triggerType : NET_CHANGE
12-07 02:16:14.199 11883 20826 W wf      : [wf][17870814][tid_232](52)create preferences name:timing_network_preference
12-07 02:16:14.199 11883 20824 I PushProvider: [PushProvider][17870815][tid_231](209)getPushController pushContentType = wallpaper_recommended
12-07 02:16:14.199 11883 20826 I gm      : [gm][17870815][tid_232](47)first time ready
12-07 02:16:14.199 11883 20824 D PushProvider: [PushProvider][17870815][tid_231](211)pushController:null
12-07 02:16:14.200 11883 20824 I PushProvider: [PushProvider][17870815][tid_231](209)getPushController pushContentType = flash_content
12-07 02:16:14.200 11883 20824 D PushProvider: [PushProvider][17870815][tid_231](211)pushController:null
12-07 02:16:14.200 11883 20824 I TaskServiceProvider: [TaskServiceProvider][17870816][tid_231](379)[VlifeTaskService]  end  task : NetChangeReceiverTask
12-07 02:16:14.200 11883 20824 D go      : [go][17870816][tid_231](48)TaskSignalQueue-remove n.gn@4d424e
12-07 02:16:14.200 11883 20826 D TaskServiceProvider: [TaskServiceProvider][17870816][tid_232](239)getVlifeTask vlifeTask=n.sj@dbc6f98
12-07 02:16:14.200 11883 20826 I TaskServiceProvider: [TaskServiceProvider][17870816][tid_232](146)VlifeExecutorService executing n.sj@dbc6f98
12-07 02:16:14.201 11883 20826 I TaskServiceProvider: [TaskServiceProvider][17870816][tid_232](186)PackageName is com.vlife.ipro.magazine
12-07 02:16:14.202 11883 20826 D TaskServiceProvider: [TaskServiceProvider][17870817][tid_232](188)TaskServiceProvider task=sj,taskType=ua_time_send
12-07 02:16:14.202 11883 20826 I vv      : [vv][17870817][tid_232](22)realPackageName:com.android.systemui vlifePackageName:com.vlife.ipro.magazine
12-07 02:16:14.202 11883 20826 I TaskServiceProvider: [TaskServiceProvider][17870818][tid_232](156)shell product start vlife task
12-07 02:16:14.202 11883 20826 W wf      : [wf][17870818][tid_232](52)create preferences name:userinfo
12-07 02:16:14.203 11883 20826 I qw      : [qw][17870818][tid_232](70)executor c:class java.util.concurrent.ThreadPoolExecutor task c:class n.gp$1
12-07 02:16:14.203 11883 20826 D gp      : [gp][17870819][tid_232](64)packageName = com.vlife.ipro.magazine, className = com.vlife.TService
12-07 02:16:14.203 11883 20826 D TaskServiceProvider: [TaskServiceProvider][17870819][tid_232](239)getVlifeTask vlifeTask=n.zc@acc03f1
12-07 02:16:14.203 11883 20826 I TaskServiceProvider: [TaskServiceProvider][17870819][tid_232](146)VlifeExecutorService executing n.zc@acc03f1
12-07 02:16:14.204 11883 12098 I TaskServiceProvider: [TaskServiceProvider][17870819][tid_51](546)vlifeTaskOnStartCommand intent=#Intent;action=ua_time_send;package=com.vlife.ipro.magazine;component=com.vlife.ipro.magazine/com.vlife.TService;end
12-07 02:16:14.204 11883 20826 I TaskServiceProvider: [TaskServiceProvider][17870819][tid_232](186)PackageName is com.vlife.ipro.magazine
12-07 02:16:14.204 11883 12098 D TaskServiceProvider: [TaskServiceProvider][17870819][tid_51](558)pyramidney:null
12-07 02:16:14.204 11883 20826 D TaskServiceProvider: [TaskServiceProvider][17870820][tid_232](188)TaskServiceProvider task=zc,taskType=magazine_update
12-07 02:16:14.204 11883 12098 D go      : [go][17870820][tid_51](33)TaskSignalQueue-add n.gn@f774bd6
12-07 02:16:14.204 11883 20824 D TaskServiceProvider: [TaskServiceProvider][17870820][tid_231](254)Bundle=Bundle[{triggerType=NET_CHANGE, doTaskWithoutCondition=false}] taskType=ua_time_send
12-07 02:16:14.205 11883 20824 D TaskServiceProvider: [TaskServiceProvider][17870820][tid_231](258)getVlifeTask vlifeTask=n.sj@c6aae57
12-07 02:16:14.204 11883 20826 I vv      : [vv][17870820][tid_232](22)realPackageName:com.android.systemui vlifePackageName:com.vlife.ipro.magazine
12-07 02:16:14.205 11883 20824 I TaskServiceProvider: [TaskServiceProvider][17870821][tid_231](351)[VlifeTaskService]  TaskRunnable  running task : ua_time_send ,delay : 0, cycle : 21600000 
12-07 02:16:14.205 11883 20826 I TaskServiceProvider: [TaskServiceProvider][17870821][tid_232](156)shell product start vlife task
12-07 02:16:14.205 11883 20824 I TaskServiceProvider: [TaskServiceProvider][17870821][tid_231](377)backstage task system start up timing task ,task type is :ua_time_send, awaking type :NET_CHANGE
12-07 02:16:14.206 11883 20824 W wf      : [wf][17870821][tid_231](52)create preferences name:timing_network_preference
12-07 02:16:14.206 11883 20826 W wf      : [wf][17870821][tid_232](52)create preferences name:userinfo
12-07 02:16:14.206 11883 20824 I jx      : [jx][17870822][tid_231](84)first time ready type:ua_time_send
12-07 02:16:14.206 11883 20826 I qw      : [qw][17870822][tid_232](70)executor c:class java.util.concurrent.ThreadPoolExecutor task c:class n.gp$1
12-07 02:16:14.206 11883 20824 I jx      : [jx][17870822][tid_231](86)judge timing task whether or not can run,judge task type is :ua_time_send
12-07 02:16:14.206 11883 20824 W wf      : [wf][17870822][tid_231](52)create preferences name:timing_network_preference
12-07 02:16:14.207 11883 20826 D gp      : [gp][17870822][tid_232](64)packageName = com.vlife.ipro.magazine, className = com.vlife.TService
12-07 02:16:14.207 11883 12085 I TaskServiceProvider: [TaskServiceProvider][17870822][tid_45](546)vlifeTaskOnStartCommand intent=#Intent;action=magazine_update;package=com.vlife.ipro.magazine;component=com.vlife.ipro.magazine/com.vlife.TService;end
12-07 02:16:14.207 11883 12085 D TaskServiceProvider: [TaskServiceProvider][17870822][tid_45](558)pyramidney:null
12-07 02:16:14.207 11883 20826 D TaskServiceProvider: [TaskServiceProvider][17870822][tid_232](239)getVlifeTask vlifeTask=n.sh@8d4ed44
12-07 02:16:14.207 11883 12085 D go      : [go][17870823][tid_45](33)TaskSignalQueue-add n.gn@98bee2d
12-07 02:16:14.207 11883 20826 I TaskServiceProvider: [TaskServiceProvider][17870823][tid_232](146)VlifeExecutorService executing n.sh@8d4ed44
12-07 02:16:14.207 11883 20824 I qk      : [qk][17870823][tid_231](244)currentApn:MOBILE
12-07 02:16:14.207 11883 20826 I TaskServiceProvider: [TaskServiceProvider][17870823][tid_232](186)PackageName is com.vlife.ipro.magazine
12-07 02:16:14.207 11883 20824 I qk      : [qk][17870823][tid_231](213)currentApn:MOBILE
12-07 02:16:14.208 11883 20824 D jz      : [jz][17870823][tid_231](47)canConnectNetWork result == true
12-07 02:16:14.208 11883 20826 D TaskServiceProvider: [TaskServiceProvider][17870823][tid_232](188)TaskServiceProvider task=sh,taskType=get_push_message
12-07 02:16:14.208 11883 20826 I vv      : [vv][17870824][tid_232](22)realPackageName:com.android.systemui vlifePackageName:com.vlife.ipro.magazine
12-07 02:16:14.208 11883 20826 I TaskServiceProvider: [TaskServiceProvider][17870824][tid_232](156)shell product start vlife task
12-07 02:16:14.208 11883 20824 I qk      : [qk][17870824][tid_231](244)currentApn:MOBILE
12-07 02:16:14.208 11883 20824 I jx      : [jx][17870824][tid_231](58)[TimingNetworkTask] NetStatus. 2G,return true 
12-07 02:16:14.209 11883 20826 W wf      : [wf][17870824][tid_232](52)create preferences name:userinfo
12-07 02:16:14.209 11883 20824 I pm      : [pm][17870825][tid_231](600)isScreenLocked  isScreenOn:true inKeyguardRestrictedInputMode:false
12-07 02:16:14.209 11883 20826 I qw      : [qw][17870825][tid_232](70)executor c:class java.util.concurrent.ThreadPoolExecutor task c:class n.gp$1
12-07 02:16:14.209 11883 20826 D gp      : [gp][17870825][tid_232](64)packageName = com.vlife.ipro.magazine, className = com.vlife.TService
12-07 02:16:14.210 11883 12100 I TaskServiceProvider: [TaskServiceProvider][17870825][tid_53](546)vlifeTaskOnStartCommand intent=#Intent;action=get_push_message;package=com.vlife.ipro.magazine;component=com.vlife.ipro.magazine/com.vlife.TService;end
12-07 02:16:14.210 11883 12100 D TaskServiceProvider: [TaskServiceProvider][17870825][tid_53](558)pyramidney:null
12-07 02:16:14.210 11883 20826 D TaskServiceProvider: [TaskServiceProvider][17870825][tid_232](239)getVlifeTask vlifeTask=n.ajo@e01d8f3
12-07 02:16:14.210 11883 12100 D go      : [go][17870826][tid_53](33)TaskSignalQueue-add n.gn@5d599b0
12-07 02:16:14.210 11883 20826 I TaskServiceProvider: [TaskServiceProvider][17870826][tid_232](146)VlifeExecutorService executing n.ajo@e01d8f3
12-07 02:16:14.210 11883 20824 I jx      : [jx][17870825][tid_231](60)[TimingNetworkTask] is not ScreenLocked,return true 
12-07 02:16:14.210 11883 20826 I TaskServiceProvider: [TaskServiceProvider][17870826][tid_232](186)PackageName is com.vlife.ipro.magazine
12-07 02:16:14.210 11883 20824 D jx      : [jx][17870826][tid_231](116)canRun task=ua_time_send, result=26763924, frequency=21600000
12-07 02:16:14.210 11883 20829 D TaskServiceProvider: [TaskServiceProvider][17870826][tid_234](254)Bundle=Bundle[{triggerType=NET_CHANGE, doTaskWithoutCondition=false}] taskType=get_push_message
12-07 02:16:14.211 11883 20826 D TaskServiceProvider: [TaskServiceProvider][17870826][tid_232](188)TaskServiceProvider task=ajo,taskType=plugin_update
12-07 02:16:14.211 11883 20824 D jx      : [jx][17870826][tid_231](89)Judgment result can run , task type is ua_time_send , triggerType is :NET_CHANGE
12-07 02:16:14.211 11883 20829 D TaskServiceProvider: [TaskServiceProvider][17870826][tid_234](258)getVlifeTask vlifeTask=n.sh@84bffae
12-07 02:16:14.211 11883 20824 I wf      : [wf][17870826][tid_231](129)preference name:timing_network_preference putLongAndCommit key:timer_last_time_ua_time_send,value:1512584174211
12-07 02:16:14.211 11883 20829 I TaskServiceProvider: [TaskServiceProvider][17870827][tid_234](351)[VlifeTaskService]  TaskRunnable  running task : get_push_message ,delay : 0, cycle : 21600000 
12-07 02:16:14.211 11883 20826 I vv      : [vv][17870827][tid_232](22)realPackageName:com.android.systemui vlifePackageName:com.vlife.ipro.magazine
12-07 02:16:14.211 11883 20829 I TaskServiceProvider: [TaskServiceProvider][17870827][tid_234](377)backstage task system start up timing task ,task type is :get_push_message, awaking type :NET_CHANGE
12-07 02:16:14.211 11883 20826 I TaskServiceProvider: [TaskServiceProvider][17870827][tid_232](156)shell product start vlife task
12-07 02:16:14.211 11883 20829 W wf      : [wf][17870827][tid_234](52)create preferences name:timing_network_preference
12-07 02:16:14.211 11883 20826 W wf      : [wf][17870827][tid_232](52)create preferences name:userinfo
12-07 02:16:14.212 11883 20829 I jx      : [jx][17870827][tid_234](84)first time ready type:get_push_message
12-07 02:16:14.212 11883 20829 I jx      : [jx][17870827][tid_234](86)judge timing task whether or not can run,judge task type is :get_push_message
12-07 02:16:14.212 11883 20829 W wf      : [wf][17870828][tid_234](52)create preferences name:timing_network_preference
12-07 02:16:14.212 11883 20826 I qw      : [qw][17870828][tid_232](70)executor c:class java.util.concurrent.ThreadPoolExecutor task c:class n.gp$1
12-07 02:16:14.213 11883 20828 D TaskServiceProvider: [TaskServiceProvider][17870828][tid_233](254)Bundle=Bundle[{triggerType=NET_CHANGE, doTaskWithoutCondition=false}] taskType=magazine_update
12-07 02:16:14.213 11883 20829 I qk      : [qk][17870829][tid_234](244)currentApn:MOBILE
12-07 02:16:14.213 11883 20828 D TaskServiceProvider: [TaskServiceProvider][17870829][tid_233](258)getVlifeTask vlifeTask=n.zc@ed7114f
12-07 02:16:14.213 11883 20829 I qk      : [qk][17870829][tid_234](213)currentApn:MOBILE
12-07 02:16:14.213 11883 20829 D jz      : [jz][17870829][tid_234](47)canConnectNetWork result == true
12-07 02:16:14.213 11883 20828 I TaskServiceProvider: [TaskServiceProvider][17870829][tid_233](351)[VlifeTaskService]  TaskRunnable  running task : magazine_update ,delay : 0, cycle : 21600000 
12-07 02:16:14.214 11883 20828 I TaskServiceProvider: [TaskServiceProvider][17870829][tid_233](377)backstage task system start up timing task ,task type is :magazine_update, awaking type :NET_CHANGE
12-07 02:16:14.214 11883 20828 W wf      : [wf][17870829][tid_233](52)create preferences name:timing_network_preference
12-07 02:16:14.214 11883 20829 I qk      : [qk][17870830][tid_234](244)currentApn:MOBILE
12-07 02:16:14.214 11883 20829 I jx      : [jx][17870830][tid_234](58)[TimingNetworkTask] NetStatus. 2G,return true 
12-07 02:16:14.214 11883 20828 I jx      : [jx][17870830][tid_233](84)first time ready type:magazine_update
12-07 02:16:14.214 11883 20828 I jx      : [jx][17870830][tid_233](86)judge timing task whether or not can run,judge task type is :magazine_update
12-07 02:16:14.215 11883 20828 D zc      : [zc][17870830][tid_233](77)[magazine_down_content] [canRunnable]
12-07 02:16:14.215 11883 20829 I pm      : [pm][17870830][tid_234](600)isScreenLocked  isScreenOn:true inKeyguardRestrictedInputMode:false
12-07 02:16:14.215 11883 20829 I jx      : [jx][17870831][tid_234](60)[TimingNetworkTask] is not ScreenLocked,return true 
12-07 02:16:14.215 11883 20828 W wf      : [wf][17870831][tid_233](52)create preferences name:timing_network_preference
12-07 02:16:14.215 11883 20829 D jx      : [jx][17870831][tid_234](116)canRun task=get_push_message, result=26764534, frequency=21600000
12-07 02:16:14.215 11883 20829 D jx      : [jx][17870831][tid_234](89)Judgment result can run , task type is get_push_message , triggerType is :NET_CHANGE
12-07 02:16:14.216 11883 20829 I wf      : [wf][17870831][tid_234](129)preference name:timing_network_preference putLongAndCommit key:timer_last_time_get_push_message,value:1512584174215
12-07 02:16:14.217 11883 12098 I TaskServiceProvider: [TaskServiceProvider][17870832][tid_51](546)vlifeTaskOnStartCommand intent=#Intent;action=plugin_update;package=com.vlife.ipro.magazine;component=com.vlife.ipro.magazine/com.vlife.TService;end
12-07 02:16:14.217 11883 20828 I qk      : [qk][17870832][tid_233](244)currentApn:MOBILE
12-07 02:16:14.217 11883 12098 D TaskServiceProvider: [TaskServiceProvider][17870833][tid_51](558)pyramidney:null
12-07 02:16:14.217 11883 20828 I qk      : [qk][17870833][tid_233](213)currentApn:MOBILE
12-07 02:16:14.217 11883 12098 D go      : [go][17870833][tid_51](33)TaskSignalQueue-add n.gn@af2a0dc
12-07 02:16:14.217 11883 20828 D jz      : [jz][17870833][tid_233](47)canConnectNetWork result == true
12-07 02:16:14.217 11883 20828 D zc      : [zc][17870833][tid_233](82)[magazine_down_content] [canRunnable] has net true
12-07 02:16:14.218 11883 20828 D jx      : [jx][17870833][tid_233](116)canRun task=magazine_update, result=26764551, frequency=21600000
12-07 02:16:14.218 11883 20826 D gp      : [gp][17870833][tid_232](64)packageName = com.vlife.ipro.magazine, className = com.vlife.TService
12-07 02:16:14.218 11883 20828 D jx      : [jx][17870834][tid_233](89)Judgment result can run , task type is magazine_update , triggerType is :NET_CHANGE
12-07 02:16:14.218 11883 20826 W gm      : [gm][17870834][tid_232](58)taskType upload_user_setting is error
12-07 02:16:14.218 11883 20828 I wf      : [wf][17870834][tid_233](129)preference name:timing_network_preference putLongAndCommit key:timer_last_time_magazine_update,value:1512584174218
12-07 02:16:14.218 11883 20826 W gm      : [gm][17870834][tid_232](58)taskType download_file_delete is error
12-07 02:16:14.219 11883 20826 I TaskServiceProvider: [TaskServiceProvider][17870834][tid_232](379)[VlifeTaskService]  end  task : OperatingStartTask
12-07 02:16:14.219 11883 20826 D go      : [go][17870834][tid_232](48)TaskSignalQueue-remove n.gn@abb8575
12-07 02:16:14.219 11883 20830 D TaskServiceProvider: [TaskServiceProvider][17870835][tid_235](254)Bundle=Bundle[{triggerType=NET_CHANGE, doTaskWithoutCondition=false}] taskType=plugin_update
12-07 02:16:14.219 11883 20830 D TaskServiceProvider: [TaskServiceProvider][17870835][tid_235](258)getVlifeTask vlifeTask=n.ajo@95c68ba
12-07 02:16:14.219 11883 20830 I TaskServiceProvider: [TaskServiceProvider][17870835][tid_235](351)[VlifeTaskService]  TaskRunnable  running task : plugin_update ,delay : 0, cycle : 21600000 
12-07 02:16:14.220 11883 20830 I TaskServiceProvider: [TaskServiceProvider][17870835][tid_235](377)backstage task system start up timing task ,task type is :plugin_update, awaking type :NET_CHANGE
12-07 02:16:14.220 11883 20830 W wf      : [wf][17870836][tid_235](52)create preferences name:timing_network_preference
12-07 02:16:14.220 11883 20830 I jx      : [jx][17870836][tid_235](84)first time ready type:plugin_update
12-07 02:16:14.220 11883 20830 I jx      : [jx][17870836][tid_235](86)judge timing task whether or not can run,judge task type is :plugin_update
12-07 02:16:14.221 11883 20830 W wf      : [wf][17870836][tid_235](52)create preferences name:timing_network_preference
12-07 02:16:14.222 11883 20824 W wf      : [wf][17870837][tid_231](134)timing_network_preference putLong timer_last_time_ua_time_send
12-07 02:16:14.222 11883 20824 I sj      : [sj][17870838][tid_231](23)UaTimerSendTask running
12-07 02:16:14.224 11883 20824 I qk      : [qk][17870839][tid_231](244)currentApn:MOBILE
12-07 02:16:14.225 11883 20830 I qk      : [qk][17870840][tid_235](244)currentApn:MOBILE
12-07 02:16:14.225 11883 20824 I sj      : [sj][17870840][tid_231](33)send important ua. under GPRS 
12-07 02:16:14.225 11883 20830 I qk      : [qk][17870840][tid_235](213)currentApn:MOBILE
12-07 02:16:14.225 11883 20830 D jz      : [jz][17870841][tid_235](47)canConnectNetWork result == true
12-07 02:16:14.225 11883 20824 D StatisticsProvider: [StatisticsProvider][17870841][tid_231](242)[statistics_test] 
12-07 02:16:14.226 11883 20830 I qk      : [qk][17870841][tid_235](244)currentApn:MOBILE
12-07 02:16:14.226 11883 20824 W StatisticsProvider: [StatisticsProvider][17870841][tid_231](245)[statistics_test] find ua file:/data/user_de/0/com.android.systemui/files/ua/no_ua_6.131.9.mui.dat.0
12-07 02:16:14.226 11883 20824 W StatisticsProvider: [StatisticsProvider][17870842][tid_231](252)[statistics_test] not temp file:/data/user_de/0/com.android.systemui/files/ua/no_ua_6.131.9.mui.dat.0
12-07 02:16:14.227 11883 20824 W StatisticsProvider: [StatisticsProvider][17870842][tid_231](254)[statistics_test] not temp tmpFile:/data/user_de/0/com.android.systemui/files/ua/no_ua_6.131.9.mui.dat.02961.tmp
12-07 02:16:14.227 11883 20830 I jx      : [jx][17870842][tid_235](58)[TimingNetworkTask] NetStatus. 2G,return true 
12-07 02:16:14.227 11883 20824 W StatisticsProvider: [StatisticsProvider][17870843][tid_231](256)[statistics_test] not temp tmpFile:/data/user_de/0/com.android.systemui/files/ua/no_ua_6.131.9.mui.dat.02961.tmp======================>rename
12-07 02:16:14.227 11883 20824 I StatisticsProvider: [StatisticsProvider][17870843][tid_231](172)[statistics_test] send ua file:/data/user_de/0/com.android.systemui/files/ua/no_ua_6.131.9.mui.dat.02961.tmp
12-07 02:16:14.227 11883 20824 D StatisticsProvider: [StatisticsProvider][17870843][tid_231](222)[statistics_test] loadData filePath=/data/user_de/0/com.android.systemui/files/ua/no_ua_6.131.9.mui.dat.02961.tmp
12-07 02:16:14.228 11883 20830 I pm      : [pm][17870843][tid_235](600)isScreenLocked  isScreenOn:true inKeyguardRestrictedInputMode:false
12-07 02:16:14.228 11883 20830 I jx      : [jx][17870843][tid_235](60)[TimingNetworkTask] is not ScreenLocked,return true 
12-07 02:16:14.228 11883 20830 D jx      : [jx][17870844][tid_235](116)canRun task=plugin_update, result=26764547, frequency=21600000
12-07 02:16:14.228 11883 20830 D jx      : [jx][17870844][tid_235](89)Judgment result can run , task type is plugin_update , triggerType is :NET_CHANGE
12-07 02:16:14.229 11883 20830 I wf      : [wf][17870844][tid_235](129)preference name:timing_network_preference putLongAndCommit key:timer_last_time_plugin_update,value:1512584174228
12-07 02:16:14.229 11883 20829 W wf      : [wf][17870845][tid_234](134)timing_network_preference putLong timer_last_time_get_push_message
12-07 02:16:14.229 11883 20829 I sh      : [sh][17870845][tid_234](42)GetPushMessageTask starting
12-07 02:16:14.230 11883 20829 I sh      : [sh][17870845][tid_234](44)[PushProvider] getPushMessageFromRemote
12-07 02:16:14.230 11883 12101 D StatisticsProvider: [StatisticsProvider][17870846][tid_54](432)[statistics_test] =======>write map:n.ep@e1d736b
12-07 02:16:14.231 11883 12101 D StatisticsProvider: [StatisticsProvider][17870846][tid_54](558)[statistics_test] trySendIMUa important event=request_push
12-07 02:16:14.231 11883 20829 I sh      : [sh][17870846][tid_234](75)getPushMessageProtocol db=n.sb@48153d8
12-07 02:16:14.231 11883 12101 W wf      : [wf][17870847][tid_54](52)create preferences name:userinfo
12-07 02:16:14.231 11883 20829 W sb      : [sb][17870847][tid_234](85)db provider query:content://vlife/push_message
12-07 02:16:14.231 11883 20824 D pb      : [pb][17870845][tid_231](87)[readBytesFile][len=2961]
12-07 02:16:14.231 11883 12101 I wf      : [wf][17870847][tid_54](79)preference name:userinfo getString key:uid,value:10493580917104
12-07 02:16:14.231 11883 20824 W pb      : [pb][17870847][tid_231](91)read file:/data/user_de/0/com.android.systemui/files/ua/no_ua_6.131.9.mui.dat.02961.tmp length:2961
12-07 02:16:14.232 11883 12101 D StatisticsProvider: [StatisticsProvider][17870847][tid_54](575)[statistics_test] trySendIMUa important event =request_push
12-07 02:16:14.232 11883 12101 I StatisticsProvider: [StatisticsProvider][17870848][tid_54](516)[statistics_test] filePath /data/user_de/0/com.android.systemui/files/ua/no_ua_6.131.9.mui.dat.0 
12-07 02:16:14.232 11883 20824 I StatisticsProvider: [StatisticsProvider][17870847][tid_231](174)[statistics_test] [send_data_statistics_test] [original data:<item tag="TaskServiceProvider" message="[TaskServiceProvider][16223151][tid_214](471)restartTimerTask allTastMap is error, taskName=upload_user_setting" name="unknown" count="5" error="[TaskServiceProvider][16223151][tid_214](471)restartTimerTask allTastMap is error, taskName=upload_user_setting" author="songwenjun" ua_event="dev_thread_throwable" dev_version="6.131.9" ua_time="1512557410302" ua_process="lockscreen" index="170" /><item tag="fe" message="[niyongliang][fe][16225208][tid_212](54)xml:" name="unknown" count="35" error="[niyongliang][fe][16225208][tid_212](54)xml:" author="niyongliang" ua_event="dev_thread_throwable" dev_version="6.131.9" ua_time="1512557412359" ua_process="lockscreen" index="171" /><item tag="fe" message="[niyongliang][fe][16225220][tid_212](54)xml:" name="unknown" count="36" error="[niyongliang][fe][16225220][tid_212](54)xml:" author="niyongliang" ua_event="dev_thread_throwable" dev_version="6.131.9" ua_time="1512557412370" ua_process="lockscreen" index="172" /><item tag="fe" message="[niyongliang][fe][16225227][tid_212](54)xml:" name="unknown" count="37" error="[niyongliang][fe][16225227][tid_212](54)xml:" author="niyongliang" ua_event="dev_thread_throwable" dev_version="6.131.9" ua_time="1512557412378" ua_process="lockscreen" index="173" /><item tag="fe" message="[niyongliang][fe][16225237][tid_212](54)xml:" name="unknown" count="38" error="[niyongliang][fe][16225237][tid_212](54)xml:" author="niyongliang" ua_event="dev_thread_throwable" dev_version="6.131.9" ua_time="1512557412387" ua_process="lockscreen" index="174" /><item ua_action="network_4g" ua_event="mag_task_network_state" ua_time="1512557412394" ua_process="lockscreen" index="175" /><item tag="fe" message="[niyongliang][fe][16229203][tid_64](54)xml:" name="unknown" count="39" error="[niyongliang][fe][16229203][tid_64](54)xml:" author="niyongliang" ua_event="dev_thread_throwable" dev_version="6.131.9" ua_time="1512557416354" ua_process="lockscreen" index="176" /><item tag="fe" message="[niyongliang][fe][16229234][tid_64](54)xml:" name="unknown" count="40" error="[niyongliang][fe][16229234][tid_64](54)xml:" author="niyongliang" ua_event="dev_thread_throwable" dev_version="6.131.9" ua_time="1512557416386" ua_process="lockscreen" index="177" /><item tag="fe" message="[niyongliang][fe][16229257][tid_64](54)xml:" name="unknown" count="41" error="[niyongliang][fe][16229257][tid_64](54)xml:" author="niyongliang" ua_event="dev_thread_throwable" dev_version="6.131.9" ua_time="1512557416408" ua_process="lockscreen" index="178" /><item tag="fe" message="[niyongliang][fe][16229270][tid_64](54)xml:" name="unknown" count="42" error="[niyongliang][fe][16229270][tid_64](54)xml:" author="niyongliang" ua_event="dev_thread_throwable" dev_version="6.131.9" ua_time="1512557416421" ua_process="lockscreen" index="179" /><item ua_action="net_change" ua_time="1512584174182" ua_event="awaken_timing_task" ua_process="lockscreen" index="180" />]
12-07 02:16:14.233 11883 20824 W StatisticsProvider: [StatisticsProvider][17870848][tid_231](179)[statistics_test] [send_data_statistics_test] [not contain] [original data:<item tag="TaskServiceProvider" message="[TaskServiceProvider][16223151][tid_214](471)restartTimerTask allTastMap is error, taskName=upload_user_setting" name="unknown" count="5" error="[TaskServiceProvider][16223151][tid_214](471)restartTimerTask allTastMap is error, taskName=upload_user_setting" author="songwenjun" ua_event="dev_thread_throwable" dev_version="6.131.9" ua_time="1512557410302" ua_process="lockscreen" index="170" /><item tag="fe" message="[niyongliang][fe][16225208][tid_212](54)xml:" name="unknown" count="35" error="[niyongliang][fe][16225208][tid_212](54)xml:" author="niyongliang" ua_event="dev_thread_throwable" dev_version="6.131.9" ua_time="1512557412359" ua_process="lockscreen" index="171" /><item tag="fe" message="[niyongliang][fe][16225220][tid_212](54)xml:" name="unknown" count="36" error="[niyongliang][fe][16225220][tid_212](54)xml:" author="niyongliang" ua_event="dev_thread_throwable" dev_version="6.131.9" ua_time="1512557412370" ua_process="lockscreen" index="172" /><item tag="fe" message="[niyongliang][fe][16225227][tid_212](54)xml:" name="unknown" count="37" error="[niyongliang][fe][16225227][tid_212](54)xml:" author="niyongliang" ua_event="dev_thread_throwable" dev_version="6.131.9" ua_time="1512557412378" ua_process="lockscreen" index="173" /><item tag="fe" message="[niyongliang][fe][16225237][tid_212](54)xml:" name="unknown" count="38" error="[niyongliang][fe][16225237][tid_212](54)xml:" author="niyongliang" ua_event="dev_thread_throwable" dev_version="6.131.9" ua_time="1512557412387" ua_process="lockscreen" index="174" /><item ua_action="network_4g" ua_event="mag_task_network_state" ua_time="1512557412394" ua_process="lockscreen" index="175" /><item tag="fe" message="[niyongliang][fe][16229203][tid_64](54)xml:" name="unknown" count="39" error="[niyongliang][fe][16229203][tid_64](54)xml:" author="niyongliang" ua_event="dev_thread_throwable" dev_version="6.131.9" ua_time="1512557416354" ua_process="lockscreen" index="176" /><item tag="fe" message="[niyongliang][fe][16229234][tid_64](54)xml:" name="unknown" count="40" error="[niyongliang][fe][16229234][tid_64](54)xml:" author="niyongliang" ua_event="dev_thread_throwable" dev_version="6.131.9" ua_time="1512557416386" ua_process="lockscreen" index="177" /><item tag="fe" message="[niyongliang][fe][16229257][tid_64](54)xml:" name="unknown" count="41" error="[niyongliang][fe][16229257][tid_64](54)xml:" author="niyongliang" ua_event="dev_thread_throwable" dev_version="6.131.9" ua_time="1512557416408" ua_process="lockscreen" index="178" /><item tag="fe" message="[niyongliang][fe][16229270][tid_64](54)xml:" name="unknown" count="42" error="[niyongliang][fe][16229270][tid_64](54)xml:" author="niyongliang" ua_event="dev_thread_throwable" dev_version="6.131.9" ua_time="1512557416421" ua_process="lockscreen" index="179" /><item ua_action="net_change" ua_time="1512584174182" ua_event="awaken_timing_task" ua_process="lockscreen" index="180" />]
12-07 02:16:14.233 11883 12101 D pb      : [pb][17870849][tid_54](527)[crooooop] dir:/data/user_de/0/com.android.systemui/files/ua
12-07 02:16:14.233 11883 20824 W wf      : [wf][17870849][tid_231](52)create preferences name:userinfo
12-07 02:16:14.233 11883 12101 D pb      : [pb][17870849][tid_54](532)parentDir:/data/user_de/0/com.android.systemui/files exists:true canWrite:true
12-07 02:16:14.233 11883 20824 I wf      : [wf][17870849][tid_231](79)preference name:userinfo getString key:uid,value:10493580917104
12-07 02:16:14.234 11883 20824 D wf      : [wf][17870849][tid_231](54)create preferences name:unique_user
12-07 02:16:14.234 11883 12101 W wf      : [wf][17870850][tid_54](52)create preferences name:userinfo
12-07 02:16:14.234 11883 20824 I wf      : [wf][17870850][tid_231](79)preference name:unique_user getString key:unique,value:5d8c1058ba47b5967617c90a64a661d8
12-07 02:16:14.234 11883 12101 I wf      : [wf][17870850][tid_54](79)preference name:userinfo getString key:uid,value:10493580917104
12-07 02:16:14.234 11883 12101 D wf      : [wf][17870850][tid_54](54)create preferences name:unique_user
12-07 02:16:14.235 11883 12101 I wf      : [wf][17870850][tid_54](79)preference name:unique_user getString key:unique,value:5d8c1058ba47b5967617c90a64a661d8
12-07 02:16:14.235 11883 12101 D qk      : [qk][17870851][tid_54](409)[StatusUtil] refreshData context:com.vlife.plugin.module.tools.ModuleContextUtil$1@d40778c
12-07 02:16:14.235 11883 20829 I sh      : [sh][17870851][tid_234](89)getPushResut time = 0;type = local_private_message
12-07 02:16:14.236 11883 12101 I vv      : [vv][17870851][tid_54](22)realPackageName:com.android.systemui vlifePackageName:com.vlife.ipro.magazine
12-07 02:16:14.236 11883 20829 I sh      : [sh][17870851][tid_234](89)getPushResut time = 0;type = flash_content
12-07 02:16:14.236 11883 12101 I AbstractApplicationStatus: [AbstractApplicationStatus][17870851][tid_54](399)packageName:com.vlife.ipro.magazine
12-07 02:16:14.236 11883 20829 I sh      : [sh][17870852][tid_234](89)getPushResut time = 0;type = panel
12-07 02:16:14.236 11883 20828 W wf      : [wf][17870852][tid_233](134)timing_network_preference putLong timer_last_time_magazine_update
12-07 02:16:14.236 11883 20828 I vv      : [vv][17870852][tid_233](22)realPackageName:com.android.systemui vlifePackageName:com.vlife.ipro.magazine
12-07 02:16:14.236 11883 20829 I sh      : [sh][17870852][tid_234](89)getPushResut time = 0;type = local_designer_works_type
12-07 02:16:14.236 11883 20828 I vv      : [vv][17870852][tid_233](22)realPackageName:com.android.systemui vlifePackageName:com.vlife.ipro.magazine
12-07 02:16:14.237 11883 20829 I sh      : [sh][17870852][tid_234](89)getPushResut time = 0;type = advertise
12-07 02:16:14.237 11883 20828 I ApplicationStatus: [ApplicationStatus][17870852][tid_233](362)isSameProcessType main_page lockscreen true
12-07 02:16:14.237 11883 20829 I sh      : [sh][17870852][tid_234](82)PushContentType Window type filter!!!
12-07 02:16:14.237 11883 20828 I ApplicationStatus: [ApplicationStatus][17870853][tid_233](367)isSameProcessType main_page lockscreen false
12-07 02:16:14.237 11883 20829 I sh      : [sh][17870853][tid_234](89)getPushResut time = 1500012956000;type = ana_send
12-07 02:16:14.237 11883 20828 D zc      : [zc][17870853][tid_233](46)[magazine_down_content] [doRun] task run in [lock:true] vendor
12-07 02:16:14.237 11883 20828 D zc      : [zc][17870853][tid_233](48)[magazine_down_content] [doRun] start vendor
12-07 02:16:14.238 11883 20828 I yo      : [yo][17870853][tid_233](102)[magazine_down_content] [updateMagazineSource] auto update magazine source
12-07 02:16:14.238 11883 20828 I qk      : [qk][17870854][tid_233](244)currentApn:MOBILE
12-07 02:16:14.238 11883 20828 I qk      : [qk][17870854][tid_233](213)currentApn:MOBILE
12-07 02:16:14.239 11883 20828 D wf      : [wf][17870854][tid_233](54)create preferences name:magazine
12-07 02:16:14.239 11883 20828 D wf      : [wf][17870854][tid_233](54)create preferences name:magazine_update
12-07 02:16:14.240 11883 20824 D qk      : [qk][17870855][tid_231](409)[StatusUtil] refreshData context:com.vlife.plugin.module.tools.ModuleContextUtil$1@d40778c
12-07 02:16:14.240 11883 20824 I vv      : [vv][17870856][tid_231](22)realPackageName:com.android.systemui vlifePackageName:com.vlife.ipro.magazine
12-07 02:16:14.241 11883 20824 I AbstractApplicationStatus: [AbstractApplicationStatus][17870856][tid_231](399)packageName:com.vlife.ipro.magazine
12-07 02:16:14.241 11883 20828 D aaq     : [aaq][17870855][tid_233](22)[magazine_down_content] [updateMagazineSource] [should_update_reset] [get] shouldReset:false
12-07 02:16:14.242 11883 20828 D yo      : [yo][17870857][tid_233](116)[should_update_reset] [magazine_down_content] [updateMagazineSource] isShouldReset:false
12-07 02:16:14.242 11883 20828 I wf      : [wf][17870857][tid_233](79)preference name:magazine getString key:source_server_time,value:1,1476438632595;2,1453872782737;3,1466748394018;4,1500962618438;5,1496825238327;6,1493001602904;7,1493001544187;8,1496973993623;9,1453802579558;10,1453867910082;11,1453878061301;12,1484814664171;13,1496975952060;
12-07 02:16:14.243 11883 20828 I ServerProvider: [ServerProvider][17870858][tid_233](123)toQuery n.lk@514cb61
12-07 02:16:14.243 11883 20828 W wf      : [wf][17870858][tid_233](52)create preferences name:userinfo
12-07 02:16:14.243 11883 20829 I sh      : [sh][17870853][tid_234](89)getPushResut time = 1500539562000;type = switch_type
12-07 02:16:14.243 11883 20828 I ki      : [ki][17870859][tid_233](267)random and http error for test
12-07 02:16:14.243 11883 20829 I sh      : [sh][17870859][tid_234](89)getPushResut time = 0;type = normal_curl
12-07 02:16:14.244 11883 20828 I wf      : [wf][17870859][tid_233](129)preference name:magazineSetting putLongAndCommit key:interval_show_red_point_time,value:3600000
12-07 02:16:14.244 11883 20829 I sh      : [sh][17870859][tid_234](89)getPushResut time = 0;type = magazine_content
12-07 02:16:14.244 11883 20828 W wf      : [wf][17870859][tid_233](134)magazineSetting putLong interval_show_red_point_time
12-07 02:16:14.244 11883 20829 I sh      : [sh][17870860][tid_234](89)getPushResut time = 1498743135000;type = upload_location
12-07 02:16:14.244 11883 20828 I wf      : [wf][17870860][tid_233](129)preference name:magazineSetting putLongAndCommit key:interval_start_show_red_point_time_after,value:1800000
12-07 02:16:14.244 11883 20829 I sh      : [sh][17870860][tid_234](89)getPushResut time = 1498743135000;type = upload_recent_apps
12-07 02:16:14.244 11883 20828 W wf      : [wf][17870860][tid_233](134)magazineSetting putLong interval_start_show_red_point_time_after
12-07 02:16:14.244 11883 20829 I sh      : [sh][17870860][tid_234](89)getPushResut time = 0;type = wallpaper_recommended
12-07 02:16:14.245 11883 20829 I sh      : [sh][17870860][tid_234](89)getPushResut time = 0;type = curl_page
12-07 02:16:14.245 11883 20830 W wf      : [wf][17870861][tid_235](134)timing_network_preference putLong timer_last_time_plugin_update
12-07 02:16:14.245 11883 20829 I sh      : [sh][17870861][tid_234](89)getPushResut time = 0;type = guide_push
12-07 02:16:14.245 11883 20830 I ajo     : [ajo][17870861][tid_235](102)[PluginUpdateTask] run plugin_update
12-07 02:16:14.245 11883 20829 I sh      : [sh][17870861][tid_234](89)getPushResut time = 1500012956000;type = ana_important
12-07 02:16:14.245 11883 20830 I vv      : [vv][17870861][tid_235](22)realPackageName:com.android.systemui vlifePackageName:com.vlife.ipro.magazine
12-07 02:16:14.246 11883 20830 I ApplicationStatus: [ApplicationStatus][17870861][tid_235](362)isSameProcessType main_page lockscreen true
12-07 02:16:14.246 11883 20829 I sh      : [sh][17870861][tid_234](89)getPushResut time = 0;type = unknown
12-07 02:16:14.246 11883 20830 I ApplicationStatus: [ApplicationStatus][17870861][tid_235](367)isSameProcessType main_page lockscreen false
12-07 02:16:14.246 11883 20829 I sh      : [sh][17870862][tid_234](89)getPushResut time = 1498743135000;type = upload_apps
12-07 02:16:14.246 11883 20830 I vv      : [vv][17870862][tid_235](22)realPackageName:com.android.systemui vlifePackageName:com.vlife.ipro.magazine
12-07 02:16:14.246 11883 20828 I yo      : [yo][17870862][tid_233](249)[magazine_down_content] [update] [autoUpdate] [start update magazine]
12-07 02:16:14.247 11883 12101 I AbstractApplicationStatus: [AbstractApplicationStatus][17870862][tid_54](399)packageName:com.vlife.ipro.magazine
12-07 02:16:14.248 11883 20831 I qk      : [qk][17870864][tid_236](244)currentApn:MOBILE
12-07 02:16:14.248 11883 20824 I AbstractApplicationStatus: [AbstractApplicationStatus][17870864][tid_231](399)packageName:com.vlife.ipro.magazine
12-07 02:16:14.251 11883 20829 I sh      : [sh][17870866][tid_234](89)getPushResut time = 0;type = local_comment
12-07 02:16:14.251 11883 20828 I vv      : [vv][17870866][tid_233](22)realPackageName:com.android.systemui vlifePackageName:com.vlife.ipro.magazine
12-07 02:16:14.251 11883 20828 I ApplicationStatus: [ApplicationStatus][17870866][tid_233](362)isSameProcessType lockscreen lockscreen true
12-07 02:16:14.251 11883 20829 I ServerProvider: [ServerProvider][17870866][tid_234](123)toQuery n.lk@dd85686
12-07 02:16:14.251 11883 20828 I ApplicationStatus: [ApplicationStatus][17870867][tid_233](367)isSameProcessType lockscreen lockscreen true
12-07 02:16:14.251 11883 20829 W wf      : [wf][17870867][tid_234](52)create preferences name:userinfo
12-07 02:16:14.251 11883 20828 D yo      : [yo][17870867][tid_233](552)[magazine_down_content] [lock] [isLockProcess:true]
12-07 02:16:14.251 11883 20828 W aal     : [aal][17870867][tid_233](85)db provider query:content://vlife/magazine_source
12-07 02:16:14.252 11883 20829 D us      : [us][17870867][tid_234](241)getIProtocolHandler  SubDomain : push , Xmlns: jabber:iq:push, Method : simple:push ,isSimple : true ,handler :n.ul@11ddb47
12-07 02:16:14.252 11883 20829 I us      : [us][17870868][tid_234](158)id:0450b8ef6c3de27
12-07 02:16:14.252 11883 20831 I qk      : [qk][17870868][tid_236](213)currentApn:MOBILE
12-07 02:16:14.256 11883 20830 I pn      : [pn][17870871][tid_235](39)VlifePermissManager.check permission = android.permission.INTERNET, packageName = com.android.systemui, result = true
12-07 02:16:14.256 11883 20829 I us      : [us][17870868][tid_234](160)[NewHttpService] blockSend id = 0450b8ef6c3de27,step1 = 0
12-07 02:16:14.256 11883 20830 I ajo     : [ajo][17870872][tid_235](117)[PluginUpdateTask] updatePlugin
12-07 02:16:14.256 11883 20829 I us      : [us][17870872][tid_234](164)[NewHttpService] blockSend id = 0450b8ef6c3de27,step2 = 4
12-07 02:16:14.256 11883 20830 I ajo     : [ajo][17870872][tid_235](140)[PluginUpdateTask] ShellVersion = 140
12-07 02:16:14.256 11883 20830 I ajo     : [ajo][17870872][tid_235](183)[PluginUpdateTask] doUpdatePluginNew
12-07 02:16:14.256 11883 20829 I us      : [us][17870872][tid_234](139)this:n.us@2e8516d  sender:n.uq@d0811a2
12-07 02:16:14.257 11883 20830 I ServerProvider: [ServerProvider][17870872][tid_235](78)toQuery n.lk@2702f74
12-07 02:16:14.257 11883 20829 D ut      : [ut][17870872][tid_234](44)push a handler : ul
12-07 02:16:14.258 11883 20831 I qk      : [qk][17870874][tid_236](311)[SystemPropertiesUtil] getBoolean(...) key = wlan0,result = {}
12-07 02:16:14.373 11883 12342 I ki      : [ki][17870989][tid_101](320)response = org.apache.http.message.BasicHttpResponse@ac7be96
12-07 02:16:14.374 11883 12342 D ki      : [ki][17870989][tid_101](322)uri = http://115.28.84.237/a/1/?p=a&v=5&c=g&st=b29a13374853e6552135a6436e5ed0be&sv=6.131&az=android-ipro-magazine&id=10493580917104&sid=7f549c0310006b42@a1.stage.vlife.com
12-07 02:16:14.374 11883 12342 D ki      : [ki][17870990][tid_101](325)header name = platform, value = android
12-07 02:16:14.374 11883 12342 D ki      : [ki][17870990][tid_101](325)header name = User-Agent, value = Mozilla/5.0 (Linux; U; Android 7.0; zh-cn; AOSP on Shamu Build/NBD90Z) AppleWebKit/534.30 (KHTML, like Gecko) Version/4.0 Mobile Safari/534.30
12-07 02:16:14.374 11883 12342 I ki      : [ki][17870990][tid_101](378)doGetAllHeaders
12-07 02:16:14.374 11883 12342 I ki      : [ki][17870990][tid_101](336)doGetStatusCode
12-07 02:16:14.374 11883 12342 I uo      : [uo][17870990][tid_101](137)response code:206
12-07 02:16:14.374 11883 12342 I ki      : [ki][17870990][tid_101](352)doGetEntityByteArray
12-07 02:16:14.375 11883 12342 I ui      : [ui][17870990][tid_101](47)inflate length:84
