12-07 02:16:16.958 11883 20828 I aah     : [aah][17873573][tid_233](734)[magazine_down_content] [delete_old] [databases] [overdue] [id:4944]
12-07 02:16:16.958 11883 20828 I aah     : [aah][17873573][tid_233](829)[MagazineContentDatabase] cursor:android.database.sqlite.SQLiteCursor@45da01d
12-07 02:16:16.958 11883 20828 D fe      : [fe][17873574][tid_233](61)data:magazine_source_data
12-07 02:16:16.958 11883 12101 I StatisticsProvider: [StatisticsProvider][17873574][tid_54](464)[statistics_test] create packet xml : <item tag="fe" message="[niyongliang][fe][17873542][tid_233](54)xml:" name="unknown" count="43" error="[niyongliang][fe][17873542][tid_233](54)xml:" author="niyongliang" ua_event="dev_thread_throwable" dev_version="6.131.9" ua_time="1512584176927" ua_process="lockscreen" index="184" />
12-07 02:16:16.959 11883 20828 I fe      : [fe][17873574][tid_233](73)[VTDDataHelper] simpleData = n.bk@c4399a
12-07 02:16:16.959 11883 20828 D fe      : [fe][17873575][tid_233](61)data:file
12-07 02:16:16.959 11883 12101 D StatisticsProvider: [StatisticsProvider][17873575][tid_54](432)[statistics_test] =======>write map:n.ep@435a2cb
12-07 02:16:16.959 11883 12101 I StatisticsProvider: [StatisticsProvider][17873575][tid_54](516)[statistics_test] filePath /data/user_de/0/com.android.systemui/files/ua/no_ua_6.131.9.mui.dat.0 
12-07 02:16:16.959 11883 20828 I fe      : [fe][17873575][tid_233](73)[VTDDataHelper] simpleData = n.e@6725aa8
12-07 02:16:16.959 11883 12101 I StatisticsProvider: [StatisticsProvider][17873575][tid_54](518)[statistics_test] ====canWrite====
12-07 02:16:16.960 11883 12101 D StatisticsProvider: [StatisticsProvider][17873575][tid_54](439)[statistics_test] =======>write path:/data/user_de/0/com.android.systemui/files/ua/no_ua_6.131.9.mui.dat.0
12-07 02:16:16.960 11883 20828 E fe      : [niyongliang][fe][17873575][tid_233](54)xml:
12-07 02:16:16.960 11883 20828 I aar     : [aar][17873576][tid_233](98)[JsonUtil] toMap(String) json ={}, return = {}
12-07 02:16:16.961 11883 20828 D fe      : [fe][17873577][tid_233](61)data:file
12-07 02:16:16.961 11883 20828 I fe      : [fe][17873577][tid_233](73)[VTDDataHelper] simpleData = n.e@c3ff9c1
12-07 02:16:16.962 11883 20828 D fe      : [fe][17873577][tid_233](61)data:file
12-07 02:16:16.966 11883 20892 I pm      : [pm][17873581][tid_250](600)isScreenLocked  isScreenOn:true inKeyguardRestrictedInputMode:false
12-07 02:16:16.968 11883 20892 I jx      : [jx][17873584][tid_250](60)[TimingNetworkTask] is not ScreenLocked,return true 
12-07 02:16:16.968 11883 20828 I fe      : [fe][17873584][tid_233](73)[VTDDataHelper] simpleData = n.e@19c5566
12-07 02:16:16.968 11883 20892 D jx      : [jx][17873584][tid_250](116)canRun task=plugin_update, result=2740, frequency=17280000
12-07 02:16:16.968 11883 20892 D jx      : [jx][17873584][tid_250](120)Judgment result can not run , reason :Minimum time interval is not satisfied, task type is plugin_update
12-07 02:16:16.969 11883 20892 W jx      : [jx][17873584][tid_250](93)task : plugin_update can't run!
12-07 02:16:16.969 11883 20892 I jx      : [jx][17873584][tid_250](95)TimingNetworkTimerServerTask end , task : plugin_update 
12-07 02:16:16.969 11883 20828 D fe      : [fe][17873585][tid_233](61)data:plugin
12-07 02:16:16.969 11883 20828 I fe      : [fe][17873585][tid_233](73)[VTDDataHelper] simpleData = n.ad@479a0a7
12-07 02:16:16.970 11883 20828 D fe      : [fe][17873585][tid_233](61)data:file
12-07 02:16:16.970 11883 20828 I fe      : [fe][17873585][tid_233](73)[VTDDataHelper] simpleData = n.e@ee67954
12-07 02:16:16.970 11883 20828 I aah     : [aah][17873586][tid_233](734)[magazine_down_content] [delete_old] [databases] [overdue] [id:4945]
12-07 02:16:16.970 11883 20828 I aah     : [aah][17873586][tid_233](738)magazine_down_content] [delete_old] [databases] [overdue] [size:4]
12-07 02:16:16.971 11883 20828 D MagazineDao: [MagazineDao][17873586][tid_233](409)[magazine_down_content] [delete_old] [can show size < 12] [over due but not delete size:4]
12-07 02:16:16.971 11883 20828 D MagazineDao: [MagazineDao][17873587][tid_233](412)[magazine_down_content] [delete_old] [can show size < 12] [size is too little] return
12-07 02:16:16.971 11883 20828 D AbstractApplicationStatus: [AbstractApplicationStatus][17873587][tid_233](66)[NetUtil] getNetworkType
12-07 02:16:16.972 11883 20828 D AbstractApplicationStatus: [AbstractApplicationStatus][17873588][tid_233](71)[NetUtil] info:[type: MOBILE[LTE], state: CONNECTED/CONNECTED, reason: connected, extra: 3gnet, failover: false, available: true, roaming: false, metered: true]
12-07 02:16:16.972 11883 20828 D AbstractApplicationStatus: [AbstractApplicationStatus][17873588][tid_233](79)[NetUtil] type:0
12-07 02:16:16.972 11883 20828 D AbstractApplicationStatus: [AbstractApplicationStatus][17873588][tid_233](86)[NetUtil] subtype:13
12-07 02:16:16.973 11883 20828 I jx      : [jx][17873588][tid_233](95)TimingNetworkTimerServerTask end , task : magazine_update 
12-07 02:16:16.973 11883 20828 I TaskServiceProvider: [TaskServiceProvider][17873589][tid_233](379)[VlifeTaskService]  end  task : magazine_update
12-07 02:16:16.973 11883 20828 I TaskServiceProvider: [TaskServiceProvider][17873589][tid_233](382)[VlifeTaskService]  this task is Cycle ,task : magazine_update , time : 21600000 
12-07 02:16:16.973 11883 20828 I vv      : [vv][17873589][tid_233](22)realPackageName:com.android.systemui vlifePackageName:com.vlife.ipro.magazine
12-07 02:16:16.974 11883 20828 D gp      : [gp][17873589][tid_233](96)VlifeTaskService schedule task=magazine_update, isCycleOrDelay=true,time=21600000,requestCode=47408839
12-07 02:16:16.974 11883 20828 I gp      : [gp][17873590][tid_233](100)[VlifeTaskService] [next awake intervalMillis] [21600000]
12-07 02:16:16.974 11883 20893 D gp      : [gp][17873590][tid_251](104)task run
12-07 02:16:16.974 11883 20828 D go      : [go][17873590][tid_233](48)TaskSignalQueue-remove n.gn@98bee2d
12-07 02:16:16.975 11883 20893 W wf      : [wf][17873590][tid_251](52)create preferences name:timing_network_preference
12-07 02:16:16.975 11883 20828 D go      : [go][17873590][tid_233](53)TaskSignalQueue- call empty
12-07 02:16:16.975 11883 12101 I StatisticsProvider: [StatisticsProvider][17873591][tid_54](464)[statistics_test] create packet xml : <item tag="TaskServiceProvider" message="[TaskServiceProvider][17873546][tid_234](471)restartTimerTask allTastMap is error, taskName=upload_user_setting" name="unknown" count="6" error="[TaskServiceProvider][17873546][tid_234](471)restartTimerTask allTastMap is error, taskName=upload_user_setting" author="songwenjun" ua_event="dev_thread_throwable" dev_version="6.131.9" ua_time="1512584176931" ua_process="lockscreen" index="185" />
12-07 02:16:16.975 11883 20893 I jx      : [jx][17873591][tid_251](84)first time ready type:magazine_update
12-07 02:16:16.975 11883 20893 I jx      : [jx][17873591][tid_251](86)judge timing task whether or not can run,judge task type is :magazine_update
12-07 02:16:16.976 11883 20893 D zc      : [zc][17873591][tid_251](77)[magazine_down_content] [canRunnable]
12-07 02:16:16.976 11883 20893 W wf      : [wf][17873591][tid_251](52)create preferences name:timing_network_preference
12-07 02:16:16.976 11883 12101 D StatisticsProvider: [StatisticsProvider][17873591][tid_54](432)[statistics_test] =======>write map:n.ep@c1170fd
12-07 02:16:16.976 11883 12101 I StatisticsProvider: [StatisticsProvider][17873592][tid_54](516)[statistics_test] filePath /data/user_de/0/com.android.systemui/files/ua/no_ua_6.131.9.mui.dat.0 
12-07 02:16:16.977 11883 12101 I StatisticsProvider: [StatisticsProvider][17873592][tid_54](518)[statistics_test] ====canWrite====
12-07 02:16:16.977 11883 20893 I qk      : [qk][17873593][tid_251](244)currentApn:MOBILE
12-07 02:16:16.977 11883 20893 I qk      : [qk][17873593][tid_251](213)currentApn:MOBILE
12-07 02:16:16.977 11883 12101 D StatisticsProvider: [StatisticsProvider][17873593][tid_54](439)[statistics_test] =======>write path:/data/user_de/0/com.android.systemui/files/ua/no_ua_6.131.9.mui.dat.0
12-07 02:16:16.977 11883 20893 D jz      : [jz][17873593][tid_251](47)canConnectNetWork result == true
12-07 02:16:16.977 11883 20893 D zc      : [zc][17873593][tid_251](82)[magazine_down_content] [canRunnable] has net true
12-07 02:16:16.977 11883 20893 D jx      : [jx][17873593][tid_251](116)canRun task=magazine_update, result=2759, frequency=21600000
12-07 02:16:16.978 11883 20893 D jx      : [jx][17873593][tid_251](120)Judgment result can not run , reason :Minimum time interval is not satisfied, task type is magazine_update
12-07 02:16:16.978 11883 20893 W jx      : [jx][17873593][tid_251](93)task : magazine_update can't run!
12-07 02:16:16.978 11883 20893 I jx      : [jx][17873594][tid_251](95)TimingNetworkTimerServerTask end , task : magazine_update 
12-07 02:16:17.004 11883 12101 I StatisticsProvider: [StatisticsProvider][17873619][tid_54](464)[statistics_test] create packet xml : <item tag="fe" message="[niyongliang][fe][17873555][tid_233](54)xml:" name="unknown" count="44" error="[niyongliang][fe][17873555][tid_233](54)xml:" author="niyongliang" ua_event="dev_thread_throwable" dev_version="6.131.9" ua_time="1512584176940" ua_process="lockscreen" index="186" />
12-07 02:16:17.005 11883 12101 D StatisticsProvider: [StatisticsProvider][17873621][tid_54](432)[statistics_test] =======>write map:n.ep@48861f2
12-07 02:16:17.005 11883 12101 I StatisticsProvider: [StatisticsProvider][17873621][tid_54](516)[statistics_test] filePath /data/user_de/0/com.android.systemui/files/ua/no_ua_6.131.9.mui.dat.0 
12-07 02:16:17.006 11883 12101 I StatisticsProvider: [StatisticsProvider][17873621][tid_54](518)[statistics_test] ====canWrite====
12-07 02:16:17.006 11883 12101 D StatisticsProvider: [StatisticsProvider][17873622][tid_54](439)[statistics_test] =======>write path:/data/user_de/0/com.android.systemui/files/ua/no_ua_6.131.9.mui.dat.0
12-07 02:16:17.028 11883 12101 I StatisticsProvider: [StatisticsProvider][17873643][tid_54](464)[statistics_test] create packet xml : <item tag="fe" message="[niyongliang][fe][17873567][tid_233](54)xml:" name="unknown" count="45" error="[niyongliang][fe][17873567][tid_233](54)xml:" author="niyongliang" ua_event="dev_thread_throwable" dev_version="6.131.9" ua_time="1512584176953" ua_process="lockscreen" index="187" />
12-07 02:16:17.029 11883 12101 D StatisticsProvider: [StatisticsProvider][17873644][tid_54](432)[statistics_test] =======>write map:n.ep@f15a043
12-07 02:16:17.030 11883 12101 I StatisticsProvider: [StatisticsProvider][17873645][tid_54](516)[statistics_test] filePath /data/user_de/0/com.android.systemui/files/ua/no_ua_6.131.9.mui.dat.0 
12-07 02:16:17.030 11883 12101 I StatisticsProvider: [StatisticsProvider][17873646][tid_54](518)[statistics_test] ====canWrite====
12-07 02:16:17.030 11883 12101 D StatisticsProvider: [StatisticsProvider][17873646][tid_54](439)[statistics_test] =======>write path:/data/user_de/0/com.android.systemui/files/ua/no_ua_6.131.9.mui.dat.0
12-07 02:16:17.052 11883 12101 I StatisticsProvider: [StatisticsProvider][17873668][tid_54](464)[statistics_test] create packet xml : <item tag="fe" message="[niyongliang][fe][17873575][tid_233](54)xml:" name="unknown" count="46" error="[niyongliang][fe][17873575][tid_233](54)xml:" author="niyongliang" ua_event="dev_thread_throwable" dev_version="6.131.9" ua_time="1512584176960" ua_process="lockscreen" index="188" />
12-07 02:16:17.054 11883 12101 D StatisticsProvider: [StatisticsProvider][17873670][tid_54](432)[statistics_test] =======>write map:n.ep@9dbd6c0
12-07 02:16:17.054 11883 12101 I StatisticsProvider: [StatisticsProvider][17873670][tid_54](516)[statistics_test] filePath /data/user_de/0/com.android.systemui/files/ua/no_ua_6.131.9.mui.dat.0 
12-07 02:16:17.055 11883 12101 I StatisticsProvider: [StatisticsProvider][17873671][tid_54](518)[statistics_test] ====canWrite====
12-07 02:16:17.055 11883 12101 D StatisticsProvider: [StatisticsProvider][17873671][tid_54](439)[statistics_test] =======>write path:/data/user_de/0/com.android.systemui/files/ua/no_ua_6.131.9.mui.dat.0
12-07 02:16:17.063 11883 12101 I StatisticsProvider: [StatisticsProvider][17873679][tid_54](464)[statistics_test] create packet xml : <item ua_action="network_4g" ua_event="mag_task_network_state" ua_time="1512584176972" ua_process="lockscreen" index="189" />
12-07 02:16:20.874 11883 12342 I up      : [up][17877489][tid_101](46)http send list:[]
12-07 02:16:20.875 11883 12342 I uw      : [uw][17877490][tid_101](28)getRidAndIncrement :6
12-07 02:16:20.876 11883 12342 I uo      : [uo][17877491][tid_101](112)Request url : http://115.28.84.237/a/1/?p=a&v=5&c=g&st=b29a13374853e6552135a6436e5ed0be&sv=6.131&az=android-ipro-magazine&id=10493580917104&sid=7f549c0310006b4f@a1.stage.vlife.com
12-07 02:16:20.879 11883 12342 I uo      : [uo][17877494][tid_101](121)Request content : <body rid="6" count="0" wait="2" sid="7f549c0310006b4f@a1.stage.vlife.com"></body>
12-07 02:16:20.882 11883 12342 D uo      : [uo][17877497][tid_101](127)[HttpCoreOperatorS] userAgent:Mozilla/5.0 (Linux; U; Android 7.0; zh-cn; AOSP on Shamu Build/NBD90Z) AppleWebKit/534.30 (KHTML, like Gecko) Version/4.0 Mobile Safari/534.30
12-07 02:16:20.884 11883 12342 D uo      : [uo][17877498][tid_101](131)httpPost. httpClient = n.kj@6b62cd9
12-07 02:16:20.887 11883 12342 I ki      : [ki][17877501][tid_101](318)doExecute request=org.apache.http.client.methods.HttpPost@6891ff9
12-07 02:16:20.891 11883 12114 I yo      : [yo][17877506][tid_64](304)[magazine_down_content] [download] [autoUpdate] [start]
12-07 02:16:20.892 11883 12114 I vv      : [vv][17877507][tid_64](22)realPackageName:com.android.systemui vlifePackageName:com.vlife.ipro.magazine
12-07 02:16:20.895 11883 12114 I ApplicationStatus: [ApplicationStatus][17877510][tid_64](362)isSameProcessType lockscreen lockscreen true
12-07 02:16:20.895 11883 12114 I ApplicationStatus: [ApplicationStatus][17877511][tid_64](367)isSameProcessType lockscreen lockscreen true
12-07 02:16:20.896 11883 12114 D yo      : [yo][17877511][tid_64](552)[magazine_down_content] [lock] [isLockProcess:true]
12-07 02:16:20.898 11883 12114 I MagazineDao: [MagazineDao][17877512][tid_64](1151)[magazine_down_content] [prepare download] [start======>]
12-07 02:16:20.899 11883 12114 W aah     : [aah][17877514][tid_64](85)db provider query:content://vlife/magazine_content
12-07 02:16:20.904 11883 12114 I aah     : [aah][17877519][tid_64](829)[MagazineContentDatabase] cursor:android.database.sqlite.SQLiteCursor@3b6ab3e
12-07 02:16:20.907 11883 12114 D fe      : [fe][17877522][tid_64](61)data:magazine_source_data
12-07 02:16:20.908 11883 12114 I fe      : [fe][17877523][tid_64](73)[VTDDataHelper] simpleData = n.bk@ce7fd9f
12-07 02:16:20.909 11883 12114 D fe      : [fe][17877525][tid_64](61)data:file
12-07 02:16:20.910 11883 12114 I fe      : [fe][17877525][tid_64](73)[VTDDataHelper] simpleData = n.e@6079eec
12-07 02:16:20.912 11883 12114 E fe      : [niyongliang][fe][17877527][tid_64](54)xml:
12-07 02:16:20.914 11883 12101 D StatisticsProvider: [StatisticsProvider][17877529][tid_54](432)[statistics_test] =======>write map:n.ep@a32c2b5
12-07 02:16:20.914 11883 12114 I aar     : [aar][17877529][tid_64](98)[JsonUtil] toMap(String) json ={}, return = {}
12-07 02:16:20.914 11883 12101 I StatisticsProvider: [StatisticsProvider][17877530][tid_54](516)[statistics_test] filePath /data/user_de/0/com.android.systemui/files/ua/no_ua_6.131.9.mui.dat.0 
12-07 02:16:20.914 11883 12101 I StatisticsProvider: [StatisticsProvider][17877530][tid_54](518)[statistics_test] ====canWrite====
12-07 02:16:20.915 11883 12114 D fe      : [fe][17877530][tid_64](61)data:file
12-07 02:16:20.915 11883 12101 D StatisticsProvider: [StatisticsProvider][17877530][tid_54](439)[statistics_test] =======>write path:/data/user_de/0/com.android.systemui/files/ua/no_ua_6.131.9.mui.dat.0
12-07 02:16:20.916 11883 12114 I fe      : [fe][17877531][tid_64](73)[VTDDataHelper] simpleData = n.e@bee3d4a
12-07 02:16:20.920 11883 12114 D fe      : [fe][17877535][tid_64](61)data:file
12-07 02:16:20.920 11883 12114 I fe      : [fe][17877536][tid_64](73)[VTDDataHelper] simpleData = n.e@c58d4bb
12-07 02:16:20.921 11883 12114 D fe      : [fe][17877537][tid_64](61)data:plugin
12-07 02:16:20.922 11883 12114 I fe      : [fe][17877537][tid_64](73)[VTDDataHelper] simpleData = n.ad@645bdd8
12-07 02:16:20.922 11883 12114 D fe      : [fe][17877538][tid_64](61)data:file
12-07 02:16:20.923 11883 12114 I fe      : [fe][17877538][tid_64](73)[VTDDataHelper] simpleData = n.e@899d531
12-07 02:16:20.923 11883 12114 D aah     : [aah][17877539][tid_64](920)[magazine_down_content] [query_all_default] [id:990]
12-07 02:16:20.924 11883 12114 I aah     : [aah][17877539][tid_64](829)[MagazineContentDatabase] cursor:android.database.sqlite.SQLiteCursor@3b6ab3e
12-07 02:16:20.925 11883 12114 D fe      : [fe][17877540][tid_64](61)data:magazine_source_data
12-07 02:16:20.925 11883 12114 I fe      : [fe][17877541][tid_64](73)[VTDDataHelper] simpleData = n.bk@d5ae416
12-07 02:16:20.926 11883 12114 D fe      : [fe][17877541][tid_64](61)data:file
12-07 02:16:20.926 11883 12114 I fe      : [fe][17877542][tid_64](73)[VTDDataHelper] simpleData = n.e@360197
12-07 02:16:20.927 11883 12114 E fe      : [niyongliang][fe][17877543][tid_64](54)xml:
12-07 02:16:20.928 11883 12114 I aar     : [aar][17877543][tid_64](98)[JsonUtil] toMap(String) json ={}, return = {}
12-07 02:16:20.929 11883 12114 D fe      : [fe][17877544][tid_64](61)data:file
12-07 02:16:20.929 11883 12114 I fe      : [fe][17877545][tid_64](73)[VTDDataHelper] simpleData = n.e@d44df84
12-07 02:16:20.930 11883 12114 D fe      : [fe][17877546][tid_64](61)data:file
12-07 02:16:20.931 11883 12114 I fe      : [fe][17877546][tid_64](73)[VTDDataHelper] simpleData = n.e@685936d
12-07 02:16:20.932 11883 12114 D fe      : [fe][17877547][tid_64](61)data:plugin
12-07 02:16:20.932 11883 12114 I fe      : [fe][17877548][tid_64](73)[VTDDataHelper] simpleData = n.ad@d192ba2
12-07 02:16:20.933 11883 12114 D fe      : [fe][17877548][tid_64](61)data:file
12-07 02:16:20.934 11883 12114 I fe      : [fe][17877549][tid_64](73)[VTDDataHelper] simpleData = n.e@4f2033
12-07 02:16:20.934 11883 12114 D aah     : [aah][17877550][tid_64](920)[magazine_down_content] [query_all_default] [id:4944]
12-07 02:16:20.934 11883 12114 I aah     : [aah][17877550][tid_64](829)[MagazineContentDatabase] cursor:android.database.sqlite.SQLiteCursor@3b6ab3e
12-07 02:16:20.935 11883 12114 D fe      : [fe][17877551][tid_64](61)data:magazine_source_data
12-07 02:16:20.936 11883 12114 I fe      : [fe][17877551][tid_64](73)[VTDDataHelper] simpleData = n.bk@7f26ff0
12-07 02:16:20.936 11883 12114 D fe      : [fe][17877552][tid_64](61)data:file
12-07 02:16:20.936 11883 12114 I fe      : [fe][17877552][tid_64](73)[VTDDataHelper] simpleData = n.e@3f4f969
12-07 02:16:20.937 11883 12114 E fe      : [niyongliang][fe][17877553][tid_64](54)xml:
12-07 02:16:20.938 11883 12114 I aar     : [aar][17877553][tid_64](98)[JsonUtil] toMap(String) json ={}, return = {}
12-07 02:16:20.939 11883 12114 D fe      : [fe][17877554][tid_64](61)data:file
12-07 02:16:20.939 11883 12114 I fe      : [fe][17877555][tid_64](73)[VTDDataHelper] simpleData = n.e@3825fee
12-07 02:16:20.940 11883 12114 D fe      : [fe][17877556][tid_64](61)data:file
12-07 02:16:20.940 11883 12114 I fe      : [fe][17877556][tid_64](73)[VTDDataHelper] simpleData = n.e@7d18c8f
12-07 02:16:20.941 11883 12114 D fe      : [fe][17877557][tid_64](61)data:plugin
12-07 02:16:20.942 11883 12114 I fe      : [fe][17877557][tid_64](73)[VTDDataHelper] simpleData = n.ad@2a69b1c
12-07 02:16:20.942 11883 12114 D fe      : [fe][17877558][tid_64](61)data:file
12-07 02:16:20.942 11883 12114 I fe      : [fe][17877558][tid_64](73)[VTDDataHelper] simpleData = n.e@7dac325
12-07 02:16:20.943 11883 12114 D aah     : [aah][17877559][tid_64](920)[magazine_down_content] [query_all_default] [id:4945]
12-07 02:16:20.943 11883 12114 I aah     : [aah][17877559][tid_64](829)[MagazineContentDatabase] cursor:android.database.sqlite.SQLiteCursor@3b6ab3e
12-07 02:16:20.944 11883 12114 D fe      : [fe][17877560][tid_64](61)data:magazine_source_data
12-07 02:16:20.945 11883 12114 I fe      : [fe][17877560][tid_64](73)[VTDDataHelper] simpleData = n.bk@3388cfa
12-07 02:16:20.945 11883 12114 D fe      : [fe][17877561][tid_64](61)data:file
12-07 02:16:20.945 11883 12114 I fe      : [fe][17877561][tid_64](73)[VTDDataHelper] simpleData = n.e@d6462ab
12-07 02:16:20.947 11883 12114 E fe      : [niyongliang][fe][17877562][tid_64](54)xml:
12-07 02:16:20.947 11883 12114 I aar     : [aar][17877563][tid_64](98)[JsonUtil] toMap(String) json ={}, return = {}
12-07 02:16:20.948 11883 12114 D fe      : [fe][17877564][tid_64](61)data:file
12-07 02:16:20.948 11883 12101 I StatisticsProvider: [StatisticsProvider][17877564][tid_54](464)[statistics_test] create packet xml : <item tag="fe" message="[niyongliang][fe][17877527][tid_64](54)xml:" name="unknown" count="47" error="[niyongliang][fe][17877527][tid_64](54)xml:" author="niyongliang" ua_event="dev_thread_throwable" dev_version="6.131.9" ua_time="1512584180913" ua_process="lockscreen" index="190" />
12-07 02:16:20.949 11883 12101 D StatisticsProvider: [StatisticsProvider][17877564][tid_54](432)[statistics_test] =======>write map:n.ep@b996ca1
12-07 02:16:20.949 11883 12101 I StatisticsProvider: [StatisticsProvider][17877565][tid_54](516)[statistics_test] filePath /data/user_de/0/com.android.systemui/files/ua/no_ua_6.131.9.mui.dat.0 
12-07 02:16:20.949 11883 12101 I StatisticsProvider: [StatisticsProvider][17877565][tid_54](518)[statistics_test] ====canWrite====
12-07 02:16:20.949 11883 12101 D StatisticsProvider: [StatisticsProvider][17877565][tid_54](439)[statistics_test] =======>write path:/data/user_de/0/com.android.systemui/files/ua/no_ua_6.131.9.mui.dat.0
12-07 02:16:20.951 11883 12114 I fe      : [fe][17877564][tid_64](73)[VTDDataHelper] simpleData = n.e@5104d08
12-07 02:16:20.952 11883 12114 D fe      : [fe][17877567][tid_64](61)data:file
12-07 02:16:20.952 11883 12114 I fe      : [fe][17877568][tid_64](73)[VTDDataHelper] simpleData = n.e@4f27ec6
12-07 02:16:20.953 11883 12114 D fe      : [fe][17877569][tid_64](61)data:plugin
12-07 02:16:20.954 11883 12114 I fe      : [fe][17877569][tid_64](73)[VTDDataHelper] simpleData = n.ad@1047e87
12-07 02:16:20.954 11883 12114 D fe      : [fe][17877570][tid_64](61)data:file
12-07 02:16:20.955 11883 12114 I fe      : [fe][17877570][tid_64](73)[VTDDataHelper] simpleData = n.e@e131b4
12-07 02:16:20.955 11883 12114 D aah     : [aah][17877571][tid_64](920)[magazine_down_content] [query_all_default] [id:648]
12-07 02:16:20.956 11883 12114 D MagazineDao: [MagazineDao][17877571][tid_64](586)[magazine_down_content] [getAllMagazineContents] [size:4]
12-07 02:16:20.956 11883 12114 D MagazineDao: [MagazineDao][17877572][tid_64](1158)[magazine_down_content] [prepare download] [start] [size:4]
12-07 02:16:20.956 11883 12114 D MagazineDao: [MagazineDao][17877572][tid_64](1177)[magazine_down_content] [prepare download] [id:990] [currentTime:1512584180956] [endTime:1484236800000], [type:dynamic]
12-07 02:16:20.957 11883 12114 W MagazineDao: [MagazineDao][17877572][tid_64](1180)[magazine_down_content] [prepare download] [id:990] [overdue]
12-07 02:16:20.957 11883 12114 D MagazineDao: [MagazineDao][17877572][tid_64](1177)[magazine_down_content] [prepare download] [id:4944] [currentTime:1512584180957] [endTime:1484236800000], [type:static]
12-07 02:16:20.957 11883 12114 W MagazineDao: [MagazineDao][17877573][tid_64](1180)[magazine_down_content] [prepare download] [id:4944] [overdue]
12-07 02:16:20.957 11883 12114 D MagazineDao: [MagazineDao][17877573][tid_64](1177)[magazine_down_content] [prepare download] [id:4945] [currentTime:1512584180957] [endTime:1484236800000], [type:static]
12-07 02:16:20.958 11883 12114 W MagazineDao: [MagazineDao][17877573][tid_64](1180)[magazine_down_content] [prepare download] [id:4945] [overdue]
12-07 02:16:20.958 11883 12114 D MagazineDao: [MagazineDao][17877574][tid_64](1177)[magazine_down_content] [prepare download] [id:648] [currentTime:1512584180958] [endTime:1484236800000], [type:dynamic]
12-07 02:16:20.958 11883 12114 W MagazineDao: [MagazineDao][17877574][tid_64](1180)[magazine_down_content] [prepare download] [id:648] [overdue]
12-07 02:16:20.959 11883 12114 I MagazineDao: [MagazineDao][17877574][tid_64](1247)[magazine_down_content] [prepare download] [end<==========download size:0] 
12-07 02:16:20.959 11883 12114 W yo      : [yo][17877574][tid_64](345)[magazine_down_content] [download] [autoUpdate] [end========>downloadSize:0 or list is null]
12-07 02:16:20.967 11883 12101 I StatisticsProvider: [StatisticsProvider][17877583][tid_54](464)[statistics_test] create packet xml : <item tag="fe" message="[niyongliang][fe][17877543][tid_64](54)xml:" name="unknown" count="48" error="[niyongliang][fe][17877543][tid_64](54)xml:" author="niyongliang" ua_event="dev_thread_throwable" dev_version="6.131.9" ua_time="1512584180928" ua_process="lockscreen" index="191" />
12-07 02:16:20.967 11883 12101 D StatisticsProvider: [StatisticsProvider][17877583][tid_54](432)[statistics_test] =======>write map:n.ep@23f31dd
12-07 02:16:20.968 11883 12101 I StatisticsProvider: [StatisticsProvider][17877583][tid_54](516)[statistics_test] filePath /data/user_de/0/com.android.systemui/files/ua/no_ua_6.131.9.mui.dat.0 
12-07 02:16:20.968 11883 12101 I StatisticsProvider: [StatisticsProvider][17877584][tid_54](518)[statistics_test] ====canWrite====
12-07 02:16:20.968 11883 12101 D StatisticsProvider: [StatisticsProvider][17877584][tid_54](439)[statistics_test] =======>write path:/data/user_de/0/com.android.systemui/files/ua/no_ua_6.131.9.mui.dat.0
12-07 02:16:20.985 11883 12101 I StatisticsProvider: [StatisticsProvider][17877600][tid_54](464)[statistics_test] create packet xml : <item tag="fe" message="[niyongliang][fe][17877553][tid_64](54)xml:" name="unknown" count="49" error="[niyongliang][fe][17877553][tid_64](54)xml:" author="niyongliang" ua_event="dev_thread_throwable" dev_version="6.131.9" ua_time="1512584180938" ua_process="lockscreen" index="192" />
12-07 02:16:20.985 11883 12101 D StatisticsProvider: [StatisticsProvider][17877601][tid_54](432)[statistics_test] =======>write map:n.ep@407c152
12-07 02:16:20.985 11883 12101 I StatisticsProvider: [StatisticsProvider][17877601][tid_54](516)[statistics_test] filePath /data/user_de/0/com.android.systemui/files/ua/no_ua_6.131.9.mui.dat.0 
12-07 02:16:20.986 11883 12101 I StatisticsProvider: [StatisticsProvider][17877601][tid_54](518)[statistics_test] ====canWrite====
12-07 02:16:20.986 11883 12101 D StatisticsProvider: [StatisticsProvider][17877601][tid_54](439)[statistics_test] =======>write path:/data/user_de/0/com.android.systemui/files/ua/no_ua_6.131.9.mui.dat.0
12-07 02:16:21.001 11883 12101 I StatisticsProvider: [StatisticsProvider][17877617][tid_54](464)[statistics_test] create packet xml : <item tag="fe" message="[niyongliang][fe][17877562][tid_64](54)xml:" name="unknown" count="50" error="[niyongliang][fe][17877562][tid_64](54)xml:" author="niyongliang" ua_event="dev_thread_throwable" dev_version="6.131.9" ua_time="1512584180947" ua_process="lockscreen" index="193" />
12-07 02:16:23.064 11883 12342 I ki      : [ki][17879679][tid_101](320)response = org.apache.http.message.BasicHttpResponse@ba07c23
12-07 02:16:23.065 11883 12342 D ki      : [ki][17879681][tid_101](322)uri = http://115.28.84.237/a/1/?p=a&v=5&c=g&st=b29a13374853e6552135a6436e5ed0be&sv=6.131&az=android-ipro-magazine&id=10493580917104&sid=7f549c0310006b4f@a1.stage.vlife.com
12-07 02:16:23.068 11883 12342 D ki      : [ki][17879683][tid_101](325)header name = platform, value = android
12-07 02:16:23.071 11883 12342 D ki      : [ki][17879685][tid_101](325)header name = User-Agent, value = Mozilla/5.0 (Linux; U; Android 7.0; zh-cn; AOSP on Shamu Build/NBD90Z) AppleWebKit/534.30 (KHTML, like Gecko) Version/4.0 Mobile Safari/534.30
12-07 02:16:23.072 11883 12342 I ki      : [ki][17879687][tid_101](378)doGetAllHeaders
12-07 02:16:23.075 11883 12342 I ki      : [ki][17879689][tid_101](336)doGetStatusCode
12-07 02:16:23.077 11883 12342 I uo      : [uo][17879692][tid_101](137)response code:206
12-07 02:16:23.078 11883 12342 I ki      : [ki][17879693][tid_101](352)doGetEntityByteArray
12-07 02:16:23.081 11883 12342 I ui      : [ui][17879695][tid_101](47)inflate length:65
12-07 02:16:23.081 11883 12342 I uo      : [uo][17879697][tid_101](174)response CONTENT <body xmlns="http://jabber.org/protocol/httpbind" rid="6"></body>
12-07 02:16:23.082 11883 12342 I up      : [up][17879698][tid_101](58)http send type:OK
12-07 02:16:23.082 11883 12342 I up      : [up][17879698][tid_101](43)http send thread run
12-07 02:16:23.083 11883 12342 D ut      : [ut][17879698][tid_101](72)waiting list Condition signal heartIndex:2 waitTime:10
12-07 02:16:33.084 11883 12342 I up      : [up][17889699][tid_101](46)http send list:[]
12-07 02:16:33.086 11883 12342 I uw      : [uw][17889701][tid_101](28)getRidAndIncrement :7
12-07 02:16:33.087 11883 12342 I uo      : [uo][17889702][tid_101](112)Request url : http://115.28.84.237/a/1/?p=a&v=5&c=g&st=b29a13374853e6552135a6436e5ed0be&sv=6.131&az=android-ipro-magazine&id=10493580917104&sid=7f549c0310006b4f@a1.stage.vlife.com
12-07 02:16:33.091 11883 12342 I uo      : [uo][17889706][tid_101](121)Request content : <body rid="7" count="0" wait="2" sid="7f549c0310006b4f@a1.stage.vlife.com"></body>
12-07 02:16:33.092 11883 12342 D uo      : [uo][17889707][tid_101](127)[HttpCoreOperatorS] userAgent:Mozilla/5.0 (Linux; U; Android 7.0; zh-cn; AOSP on Shamu Build/NBD90Z) AppleWebKit/534.30 (KHTML, like Gecko) Version/4.0 Mobile Safari/534.30
12-07 02:16:33.093 11883 12342 D uo      : [uo][17889708][tid_101](131)httpPost. httpClient = n.kj@6b62cd9
12-07 02:16:33.094 11883 12342 I ki      : [ki][17889709][tid_101](318)doExecute request=org.apache.http.client.methods.HttpPost@8d5034c
12-07 02:16:35.292 11883 12342 I ki      : [ki][17891907][tid_101](320)response = org.apache.http.message.BasicHttpResponse@27bbf95
12-07 02:16:35.293 11883 12342 D ki      : [ki][17891908][tid_101](322)uri = http://115.28.84.237/a/1/?p=a&v=5&c=g&st=b29a13374853e6552135a6436e5ed0be&sv=6.131&az=android-ipro-magazine&id=10493580917104&sid=7f549c0310006b4f@a1.stage.vlife.com
12-07 02:16:35.294 11883 12342 D ki      : [ki][17891909][tid_101](325)header name = platform, value = android
12-07 02:16:35.295 11883 12342 D ki      : [ki][17891910][tid_101](325)header name = User-Agent, value = Mozilla/5.0 (Linux; U; Android 7.0; zh-cn; AOSP on Shamu Build/NBD90Z) AppleWebKit/534.30 (KHTML, like Gecko) Version/4.0 Mobile Safari/534.30
12-07 02:16:35.296 11883 12342 I ki      : [ki][17891911][tid_101](378)doGetAllHeaders
12-07 02:16:35.297 11883 12342 I ki      : [ki][17891912][tid_101](336)doGetStatusCode
12-07 02:16:35.298 11883 12342 I uo      : [uo][17891913][tid_101](137)response code:206
12-07 02:16:35.299 11883 12342 I ki      : [ki][17891914][tid_101](352)doGetEntityByteArray
12-07 02:16:35.302 11883 12342 I ui      : [ui][17891917][tid_101](47)inflate length:65
12-07 02:16:35.305 11883 12342 I uo      : [uo][17891920][tid_101](174)response CONTENT <body xmlns="http://jabber.org/protocol/httpbind" rid="7"></body>
12-07 02:16:35.308 11883 12342 I up      : [up][17891923][tid_101](58)http send type:OK
12-07 02:16:35.308 11883 12342 I up      : [up][17891924][tid_101](43)http send thread run
12-07 02:16:35.310 11883 12342 D ut      : [ut][17891925][tid_101](72)waiting list Condition signal heartIndex:3 waitTime:30
12-07 02:16:57.013 11883 12114 D go      : [go][17913627][tid_64](67)size
12-07 02:16:57.014 11883 12114 I TaskServiceProvider: [TaskServiceProvider][17913629][tid_64](85)kill self service, size=0
12-07 02:16:57.015 11883 12114 I TaskServiceProvider: [TaskServiceProvider][17913630][tid_64](87)kill self service success
12-07 02:16:57.017 11883 12114 I vv      : [vv][17913632][tid_64](22)realPackageName:com.android.systemui vlifePackageName:com.vlife.ipro.magazine
12-07 02:16:57.018 11883 12114 D TaskServiceProvider: [TaskServiceProvider][17913633][tid_64](89)vlife_task_service_for_3part
12-07 02:17:05.312 11883 12342 I up      : [up][17921927][tid_101](46)http send list:[]
12-07 02:17:05.313 11883 12342 I uw      : [uw][17921928][tid_101](28)getRidAndIncrement :8
12-07 02:17:05.315 11883 12342 I uo      : [uo][17921930][tid_101](112)Request url : http://115.28.84.237/a/1/?p=a&v=5&c=g&st=b29a13374853e6552135a6436e5ed0be&sv=6.131&az=android-ipro-magazine&id=10493580917104&sid=7f549c0310006b4f@a1.stage.vlife.com
12-07 02:17:05.318 11883 12342 I uo      : [uo][17921933][tid_101](121)Request content : <body rid="8" count="0" wait="2" sid="7f549c0310006b4f@a1.stage.vlife.com"></body>
12-07 02:17:05.319 11883 12342 D uo      : [uo][17921935][tid_101](127)[HttpCoreOperatorS] userAgent:Mozilla/5.0 (Linux; U; Android 7.0; zh-cn; AOSP on Shamu Build/NBD90Z) AppleWebKit/534.30 (KHTML, like Gecko) Version/4.0 Mobile Safari/534.30
12-07 02:17:05.320 11883 12342 D uo      : [uo][17921936][tid_101](131)httpPost. httpClient = n.kj@6b62cd9
12-07 02:17:05.321 11883 12342 I ki      : [ki][17921936][tid_101](318)doExecute request=org.apache.http.client.methods.HttpPost@dd8d826
12-07 02:17:07.525 11883 12342 I ki      : [ki][17924140][tid_101](320)response = org.apache.http.message.BasicHttpResponse@906c803
12-07 02:17:07.527 11883 12342 D ki      : [ki][17924142][tid_101](322)uri = http://115.28.84.237/a/1/?p=a&v=5&c=g&st=b29a13374853e6552135a6436e5ed0be&sv=6.131&az=android-ipro-magazine&id=10493580917104&sid=7f549c0310006b4f@a1.stage.vlife.com
12-07 02:17:07.528 11883 12342 D ki      : [ki][17924143][tid_101](325)header name = platform, value = android
12-07 02:17:07.529 11883 12342 D ki      : [ki][17924144][tid_101](325)header name = User-Agent, value = Mozilla/5.0 (Linux; U; Android 7.0; zh-cn; AOSP on Shamu Build/NBD90Z) AppleWebKit/534.30 (KHTML, like Gecko) Version/4.0 Mobile Safari/534.30
12-07 02:17:07.530 11883 12342 I ki      : [ki][17924145][tid_101](378)doGetAllHeaders
12-07 02:17:07.531 11883 12342 I ki      : [ki][17924146][tid_101](336)doGetStatusCode
12-07 02:17:07.532 11883 12342 I uo      : [uo][17924147][tid_101](137)response code:206
12-07 02:17:07.533 11883 12342 I ki      : [ki][17924148][tid_101](352)doGetEntityByteArray
12-07 02:17:07.535 11883 12342 I ui      : [ui][17924150][tid_101](47)inflate length:65
12-07 02:17:07.537 11883 12342 I uo      : [uo][17924153][tid_101](174)response CONTENT <body xmlns="http://jabber.org/protocol/httpbind" rid="8"></body>
12-07 02:17:07.541 11883 12342 I up      : [up][17924156][tid_101](58)http send type:OK
12-07 02:17:07.542 11883 12342 I up      : [up][17924157][tid_101](43)http send thread run
12-07 02:17:07.543 11883 12342 D ut      : [ut][17924158][tid_101](72)waiting list Condition signal heartIndex:4 waitTime:60
