12-02 10:57:16.579  3730  4459 I um      : [um][526128405][tid_102](174)response CONTENT <body xmlns="http://jabber.org/protocol/httpbind" rid="8"></body>
12-02 10:57:16.581  3730  4459 I un      : [un][526128407][tid_102](58)http send type:OK
12-02 10:57:16.583  3730  4459 I un      : [un][526128408][tid_102](43)http send thread run
12-02 10:57:16.584  3730  4459 D ur      : [ur][526128410][tid_102](72)waiting list Condition signal heartIndex:4 waitTime:60
12-02 10:58:16.586  3730  4459 I un      : [un][526188412][tid_102](46)http send list:[]
12-02 10:58:16.587  3730  4459 I uu      : [uu][526188413][tid_102](28)getRidAndIncrement :9
12-02 10:58:16.588  3730  4459 I um      : [um][526188414][tid_102](112)Request url : http://115.28.84.237/a/1/?p=a&v=5&c=g&st=4586dde9604cf39d33acfe7c62ac6a84&sv=6.131&az=android-ipro-magazine&id=10433077265316&sid=7f549c0310003f3c@a1.stage.vlife.com
12-02 10:58:16.591  3730  4459 I um      : [um][526188418][tid_102](121)Request content : <body rid="9" count="0" wait="2" sid="7f549c0310003f3c@a1.stage.vlife.com"></body>
12-02 10:58:16.593  3730  4459 D um      : [um][526188419][tid_102](127)[HttpCoreOperatorS] userAgent:Mozilla/5.0 (Linux; U; Android 7.0; zh-cn; AOSP on Shamu Build/NBD90Z) AppleWebKit/534.30 (KHTML, like Gecko) Version/4.0 Mobile Safari/534.30
12-02 10:58:16.594  3730  4459 D um      : [um][526188420][tid_102](131)httpPost. httpClient = n.kh@d9c633d
12-02 10:58:16.595  3730  4459 I kg      : [kg][526188421][tid_102](318)doExecute request=org.apache.http.client.methods.HttpPost@9cbb4a3
12-02 10:58:18.894  3730  4459 I kg      : [kg][526190720][tid_102](320)response = org.apache.http.message.BasicHttpResponse@5d7c3a0
12-02 10:58:18.895  3730  4459 D kg      : [kg][526190721][tid_102](322)uri = http://115.28.84.237/a/1/?p=a&v=5&c=g&st=4586dde9604cf39d33acfe7c62ac6a84&sv=6.131&az=android-ipro-magazine&id=10433077265316&sid=7f549c0310003f3c@a1.stage.vlife.com
12-02 10:58:18.896  3730  4459 D kg      : [kg][526190722][tid_102](325)header name = platform, value = android
12-02 10:58:18.897  3730  4459 D kg      : [kg][526190723][tid_102](325)header name = User-Agent, value = Mozilla/5.0 (Linux; U; Android 7.0; zh-cn; AOSP on Shamu Build/NBD90Z) AppleWebKit/534.30 (KHTML, like Gecko) Version/4.0 Mobile Safari/534.30
12-02 10:58:18.898  3730  4459 I kg      : [kg][526190724][tid_102](378)doGetAllHeaders
12-02 10:58:18.899  3730  4459 I kg      : [kg][526190725][tid_102](336)doGetStatusCode
12-02 10:58:18.901  3730  4459 I um      : [um][526190727][tid_102](137)response code:206
12-02 10:58:18.902  3730  4459 I kg      : [kg][526190728][tid_102](352)doGetEntityByteArray
12-02 10:58:18.904  3730  4459 I ug      : [ug][526190730][tid_102](47)inflate length:65
12-02 10:58:18.906  3730  4459 I um      : [um][526190732][tid_102](174)response CONTENT <body xmlns="http://jabber.org/protocol/httpbind" rid="9"></body>
12-02 10:58:18.908  3730  4459 I un      : [un][526190734][tid_102](58)http send type:OK
12-02 10:58:18.909  3730  4459 I un      : [un][526190735][tid_102](43)http send thread run
12-02 10:58:18.910  3730  4459 D ur      : [ur][526190736][tid_102](72)waiting list Condition signal heartIndex:5 waitTime:0
12-02 11:00:30.499  3730 27118 D gn      : [gn][526322324][tid_1082](104)task run
12-02 11:00:30.499  3730 27229 D gn      : [gn][526322325][tid_1086](104)task run
12-02 11:00:30.500  3730 27229 W wd      : [wd][526322326][tid_1086](52)create preferences name:timing_network_preference
12-02 11:00:30.500  3730 27118 W wd      : [wd][526322326][tid_1082](52)create preferences name:timing_network_preference
12-02 11:00:30.503  3730 27118 I jv      : [jv][526322329][tid_1082](84)first time ready type:ua_time_send
12-02 11:00:30.503  3730 27229 I jv      : [jv][526322330][tid_1086](84)first time ready type:plugin_update
12-02 11:00:30.505  3730 27118 I jv      : [jv][526322331][tid_1082](86)judge timing task whether or not can run,judge task type is :ua_time_send
12-02 11:00:30.505  3730 27229 I jv      : [jv][526322331][tid_1086](86)judge timing task whether or not can run,judge task type is :plugin_update
12-02 11:00:30.506  3730 27118 W wd      : [wd][526322332][tid_1082](52)create preferences name:timing_network_preference
12-02 11:00:30.506  3730 27229 W wd      : [wd][526322332][tid_1086](52)create preferences name:timing_network_preference
12-02 11:00:30.511  3730 27118 I qi      : [qi][526322337][tid_1082](244)currentApn:MOBILE
12-02 11:00:30.513  3730 27118 I qi      : [qi][526322339][tid_1082](213)currentApn:MOBILE
12-02 11:00:30.513  3730 27229 I qi      : [qi][526322339][tid_1086](244)currentApn:MOBILE
12-02 11:00:30.514  3730 27118 D jx      : [jx][526322340][tid_1082](47)canConnectNetWork result == true
12-02 11:00:30.515  3730 27229 I qi      : [qi][526322340][tid_1086](213)currentApn:MOBILE
12-02 11:00:30.517  3730 27229 D jx      : [jx][526322342][tid_1086](47)canConnectNetWork result == true
12-02 11:00:30.519  3730 27229 I qi      : [qi][526322345][tid_1086](244)currentApn:MOBILE
12-02 11:00:30.519  3730 27229 I jv      : [jv][526322345][tid_1086](58)[TimingNetworkTask] NetStatus. 2G,return true 
12-02 11:00:30.519  3730 27118 I qi      : [qi][526322344][tid_1082](244)currentApn:MOBILE
12-02 11:00:30.520  3730 27118 I jv      : [jv][526322346][tid_1082](58)[TimingNetworkTask] NetStatus. 2G,return true 
12-02 11:00:30.520  3730 27229 I pk      : [pk][526322347][tid_1086](600)isScreenLocked  isScreenOn:true inKeyguardRestrictedInputMode:false
12-02 11:00:30.521  3730 27229 I jv      : [jv][526322347][tid_1086](60)[TimingNetworkTask] is not ScreenLocked,return true 
12-02 11:00:30.521  3730 27229 D jv      : [jv][526322347][tid_1086](116)canRun task=plugin_update, result=247297, frequency=21600000
12-02 11:00:30.521  3730 27229 D jv      : [jv][526322348][tid_1086](120)Judgment result can not run , reason :Minimum time interval is not satisfied, task type is plugin_update
12-02 11:00:30.522  3730 27229 W jv      : [jv][526322348][tid_1086](93)task : plugin_update can't run!
12-02 11:00:30.522  3730 27229 I jv      : [jv][526322348][tid_1086](95)TimingNetworkTimerServerTask end , task : plugin_update 
12-02 11:00:30.523  3730 27118 I pk      : [pk][526322349][tid_1082](600)isScreenLocked  isScreenOn:true inKeyguardRestrictedInputMode:false
12-02 11:00:30.524  3730 27118 I jv      : [jv][526322350][tid_1082](60)[TimingNetworkTask] is not ScreenLocked,return true 
12-02 11:00:30.525  3730 27118 D jv      : [jv][526322351][tid_1082](116)canRun task=ua_time_send, result=247334, frequency=21600000
12-02 11:00:30.526  3730 27118 D jv      : [jv][526322352][tid_1082](120)Judgment result can not run , reason :Minimum time interval is not satisfied, task type is ua_time_send
12-02 11:00:30.527  3730 27118 W jv      : [jv][526322353][tid_1082](93)task : ua_time_send can't run!
12-02 11:00:30.528  3730 27118 I jv      : [jv][526322354][tid_1082](95)TimingNetworkTimerServerTask end , task : ua_time_send 
