12-02 10:56:23.531  3730  4459 I kg      : [kg][526075357][tid_102](318)doExecute request=org.apache.http.client.methods.HttpPost@61a458f
12-02 10:56:23.621  3730  4459 I kg      : [kg][526075447][tid_102](320)response = org.apache.http.message.BasicHttpResponse@5fb601c
12-02 10:56:23.622  3730  4459 D kg      : [kg][526075448][tid_102](322)uri = http://115.28.84.237/a/1/?p=a&v=5&c=g&st=4586dde9604cf39d33acfe7c62ac6a84&sv=6.131&az=android-ipro-magazine&id=10433077265316&sid=7f549c0310003f3c@a1.stage.vlife.com
12-02 10:56:23.623  3730  4459 D kg      : [kg][526075449][tid_102](325)header name = platform, value = android
12-02 10:56:23.624  3730  4459 D kg      : [kg][526075450][tid_102](325)header name = User-Agent, value = Mozilla/5.0 (Linux; U; Android 7.0; zh-cn; AOSP on Shamu Build/NBD90Z) AppleWebKit/534.30 (KHTML, like Gecko) Version/4.0 Mobile Safari/534.30
12-02 10:56:23.625  3730  4459 I kg      : [kg][526075451][tid_102](378)doGetAllHeaders
12-02 10:56:23.626  3730  4459 I kg      : [kg][526075452][tid_102](336)doGetStatusCode
12-02 10:56:23.626  3730  4459 I um      : [um][526075453][tid_102](137)response code:206
12-02 10:56:23.627  3730  4459 I kg      : [kg][526075453][tid_102](352)doGetEntityByteArray
12-02 10:56:23.629  3730  4459 I ug      : [ug][526075455][tid_102](47)inflate length:972
12-02 10:56:23.631  3730  4459 I um      : [um][526075457][tid_102](174)response CONTENT <body xmlns="http://jabber.org/protocol/httpbind" rid="4" sid="7f549c0310003f3c@a1.stage.vlife.com" ><iq from="push.stage.vlife.com" to="10433077265316@a1.stage.vlife.com/android-2.1-pet" id="3642d9d42efa38a" sid="7f549c0310003f3c@a1.stage.vlife.com" type="result"><query xmlns="jabber:iq:push"><method name="simple:push"><beans xmlns="http://www.handpet.com/config/beans" version="1.0"><bean name="simple_push_message"><property name="networkTimeAfterBoot" value="600000"/><property name="pushMessageDataList"><list><bean name="push_message_data"><property name="time" value="1498743135000"/><property name="type" value="flash_content"/></bean><bean name="push_message_data"><property name="time" value="1498743135000"/><property name="type" value="wallpaper_recommended"/></bean></list></property><property name="enabled" value="1"/><property name="isVlifeWallpaperShown" value="-1"/><property name="frequency" value="60000"/></bean></beans></method></query></iq></body>
12-02 10:56:23.633  3730  4459 I uu      : [uu][526075459][tid_102](21)getRid :5
12-02 10:56:23.634  3730  4459 I um      : [um][526075460][tid_102](212)use old Iparser current:iq
12-02 10:56:23.635  3730  4459 I un      : [un][526075461][tid_102](58)http send type:OK
12-02 10:56:23.635  3730  4459 D uq      : [uq][526075462][tid_102](69)id:3642d9d42efa38a countDownMap
12-02 10:56:23.636  3730 21708 I uq      : [uq][526075463][tid_5849](169)[NewHttpService] blockSend id = 3642d9d42efa38a,step4 = 419
12-02 10:56:23.636  3730  4459 I un      : [un][526075463][tid_102](43)http send thread run
12-02 10:56:23.637  3730 21708 I uq      : [uq][526075463][tid_5849](171)[NewHttpService] blockSend id = 3642d9d42efa38a,step5 = 419
12-02 10:56:23.637  3730 21708 D uq      : [uq][526075464][tid_5849](172)callback : null
12-02 10:56:23.637  3730  4459 D ur      : [ur][526075463][tid_102](72)waiting list Condition signal heartIndex:0 waitTime:2
12-02 10:56:23.637  3730 21708 D uq      : [uq][526075464][tid_5849](174)parser:n.gp@4f8a425
12-02 10:56:23.638  3730 21708 D uj      : [uj][526075464][tid_5849](86)from:push.stage.vlife.com type:result subDomain:push
12-02 10:56:23.638  3730 21708 D uj      : [uj][526075464][tid_5849](92)xmlns : jabber:iq:push method : simple:push
12-02 10:56:23.638  3730 21708 I uj      : [uj][526075465][tid_5849](94)n.uj start method type:result
12-02 10:56:23.638  3730 21708 D uj      : [uj][526075465][tid_5849](69)xml:<beans xmlns="http://www.handpet.com/config/beans" version="1.0"><bean name="simple_push_message"><property name="networkTimeAfterBoot" value="600000"/><property name="pushMessageDataList"><list><bean name="push_message_data"><property name="time" value="1498743135000"/><property name="type" value="flash_content"/></bean><bean name="push_message_data"><property name="time" value="1498743135000"/><property name="type" value="wallpaper_recommended"/></bean></list></property><property name="enabled" value="1"/><property name="isVlifeWallpaperShown" value="-1"/><property name="frequency" value="60000"/></bean></beans>
12-02 10:56:23.639  3730 21708 D fe      : [fe][526075466][tid_5849](61)data:simple_push_message
12-02 10:56:23.640  3730 21708 I fe      : [fe][526075466][tid_5849](73)[VTDDataHelper] simpleData = n.cr@97f59fa
12-02 10:56:23.640  3730 21708 D fe      : [fe][526075466][tid_5849](61)data:push_message_data
12-02 10:56:23.640  3730 21708 I fe      : [fe][526075467][tid_5849](73)[VTDDataHelper] simpleData = n.ae@9ffabab
12-02 10:56:23.641  3730 21708 D fe      : [fe][526075467][tid_5849](61)data:push_message_data
12-02 10:56:23.641  3730 21708 I fe      : [fe][526075467][tid_5849](73)[VTDDataHelper] simpleData = n.ae@96c6208
12-02 10:56:23.641  3730 21708 I uj      : [uj][526075468][tid_5849](103)n.uj end cost time:3 result:n.cr@97f59fa
12-02 10:56:23.641  3730 21708 I uq      : [uq][526075468][tid_5849](206)[NewHttpService] blockSend finally
12-02 10:56:23.642  3730 21708 I sf      : [sf][526075468][tid_5849](48)[PushProvider] pushMessageProtocol=true
12-02 10:56:23.642  3730 21708 I sf      : [sf][526075468][tid_5849](54)[PushProvider] size : 2
12-02 10:56:23.642  3730 21708 I TaskServiceProvider: [TaskServiceProvider][526075469][tid_5849](146)VlifeExecutorService executing n.sg@3345da1
12-02 10:56:23.642  3730 21708 I TaskServiceProvider: [TaskServiceProvider][526075469][tid_5849](186)PackageName is com.vlife.ipro.magazine
12-02 10:56:23.642  3730 21708 D TaskServiceProvider: [TaskServiceProvider][526075469][tid_5849](188)TaskServiceProvider task=sg,taskType=handle_push_message
12-02 10:56:23.643  3730 21708 I vt      : [vt][526075469][tid_5849](22)realPackageName:com.android.systemui vlifePackageName:com.vlife.ipro.magazine
12-02 10:56:23.643  3730 21708 I TaskServiceProvider: [TaskServiceProvider][526075470][tid_5849](156)shell product start vlife task
12-02 10:56:23.643  3730 21708 W wd      : [wd][526075470][tid_5849](52)create preferences name:userinfo
12-02 10:56:23.644  3730 21708 I qu      : [qu][526075471][tid_5849](70)executor c:class java.util.concurrent.ThreadPoolExecutor task c:class n.gn$1
12-02 10:56:23.645  3730 21708 D gn      : [gn][526075471][tid_5849](64)packageName = com.vlife.ipro.magazine, className = com.vlife.TService
12-02 10:56:23.645  3730 21708 I sf      : [sf][526075471][tid_5849](59)[PushMessageListener] call type : flash_content ; time = 1498743135000
12-02 10:56:23.645  3730 21708 I TaskServiceProvider: [TaskServiceProvider][526075472][tid_5849](146)VlifeExecutorService executing n.sg@d591bc6
12-02 10:56:23.645  3730 21708 I TaskServiceProvider: [TaskServiceProvider][526075472][tid_5849](186)PackageName is com.vlife.ipro.magazine
12-02 10:56:23.645  3730 21708 D TaskServiceProvider: [TaskServiceProvider][526075472][tid_5849](188)TaskServiceProvider task=sg,taskType=handle_push_message
12-02 10:56:23.646  3730  3969 I TaskServiceProvider: [TaskServiceProvider][526075472][tid_45](533)vlifeTaskOnStartCommand intent=#Intent;action=handle_push_message;package=com.vlife.ipro.magazine;component=com.vlife.ipro.magazine/com.vlife.TService;end
12-02 10:56:23.646  3730 21708 I vt      : [vt][526075472][tid_5849](22)realPackageName:com.android.systemui vlifePackageName:com.vlife.ipro.magazine
12-02 10:56:23.647  3730 21708 I TaskServiceProvider: [TaskServiceProvider][526075473][tid_5849](156)shell product start vlife task
12-02 10:56:23.647  3730 21708 W wd      : [wd][526075473][tid_5849](52)create preferences name:userinfo
12-02 10:56:23.647  3730 21708 I qu      : [qu][526075474][tid_5849](70)executor c:class java.util.concurrent.ThreadPoolExecutor task c:class n.gn$1
12-02 10:56:23.647  3730 21708 D gn      : [gn][526075474][tid_5849](64)packageName = com.vlife.ipro.magazine, className = com.vlife.TService
12-02 10:56:23.647  3730 21708 I sf      : [sf][526075474][tid_5849](59)[PushMessageListener] call type : wallpaper_recommended ; time = 1498743135000
12-02 10:56:23.648  3730 21708 W wd      : [wd][526075474][tid_5849](52)create preferences name:push_message
12-02 10:56:23.648  3730 21708 I wd      : [wd][526075474][tid_5849](84)preference name:push_message putStringAndCommit key:boot_limit_time,value:600000
12-02 10:56:23.648  3730  4099 I TaskServiceProvider: [TaskServiceProvider][526075474][tid_53](533)vlifeTaskOnStartCommand intent=#Intent;action=handle_push_message;package=com.vlife.ipro.magazine;component=com.vlife.ipro.magazine/com.vlife.TService;end
12-02 10:56:23.648  3730 21708 W wd      : [wd][526075475][tid_5849](89)push_message putString boot_limit_time
12-02 10:56:23.648  3730 21708 I sf      : [sf][526075475][tid_5849](107)[PushProvider] newFrequency :60000, old=21600000, bootLimitTime=600000
12-02 10:56:23.647  3730  3969 D TaskServiceProvider: [TaskServiceProvider][526075473][tid_45](545)pyramidney:null
12-02 10:56:23.649  3730 21708 I wd      : [wd][526075475][tid_5849](129)preference name:push_message putLongAndCommit key:get_push_frequency,value:21600000
12-02 10:56:23.649  3730  4099 D TaskServiceProvider: [TaskServiceProvider][526075475][tid_53](545)pyramidney:null
12-02 10:56:23.656  3730  4099 D gm      : [gm][526075482][tid_53](33)TaskSignalQueue-add n.gl@68b5787
12-02 10:56:23.659  3730 21708 W wd      : [wd][526075485][tid_5849](134)push_message putLong get_push_frequency
12-02 10:56:23.659  3730 21708 W wd      : [wd][526075486][tid_5849](52)create preferences name:timing_network_preference
12-02 10:56:23.659  3730 21708 I TaskServiceProvider: [TaskServiceProvider][526075486][tid_5849](466)Start AllTimerTask!
12-02 10:56:23.659  3730  3969 D gm      : [gm][526075485][tid_45](33)TaskSignalQueue-add n.gl@76996b4
12-02 10:56:23.660  3730 21708 D TaskServiceProvider: [TaskServiceProvider][526075486][tid_5849](239)getVlifeTask vlifeTask=n.sh@71832dd
12-02 10:56:23.660  3730 21708 D TaskServiceProvider: [TaskServiceProvider][526075487][tid_5849](195)cancelTimerTask context:com.vlife.plugin.module.tools.ModuleContextUtil$1@a7ab41a,task:n.sh@71832dd
12-02 10:56:23.660  3730 21708 I vt      : [vt][526075487][tid_5849](22)realPackageName:com.android.systemui vlifePackageName:com.vlife.ipro.magazine
12-02 10:56:23.661  3730 21708 I TaskServiceProvider: [TaskServiceProvider][526075487][tid_5849](197)SystemProcess cancelTimerTask
12-02 10:56:23.661  3730 21705 D TaskServiceProvider: [TaskServiceProvider][526075487][tid_5847](254)Bundle=Bundle[{time=1498743135000, type=flash_content}] taskType=handle_push_message
12-02 10:56:23.661  3730 21703 D TaskServiceProvider: [TaskServiceProvider][526075487][tid_5846](254)Bundle=Bundle[{time=1498743135000, type=wallpaper_recommended}] taskType=handle_push_message
12-02 10:56:23.662  3730 21708 I TaskServiceProvider: [TaskServiceProvider][526075488][tid_5849](146)VlifeExecutorService executing n.sh@71832dd
12-02 10:56:23.662  3730 21703 D TaskServiceProvider: [TaskServiceProvider][526075488][tid_5846](258)getVlifeTask vlifeTask=n.sg@53be523
12-02 10:56:23.662  3730 21705 D TaskServiceProvider: [TaskServiceProvider][526075488][tid_5847](258)getVlifeTask vlifeTask=n.sg@8bb2e52
12-02 10:56:23.663  3730 21708 I TaskServiceProvider: [TaskServiceProvider][526075489][tid_5849](186)PackageName is com.vlife.ipro.magazine
12-02 10:56:23.663  3730 21705 I TaskServiceProvider: [TaskServiceProvider][526075489][tid_5847](351)[VlifeTaskService]  TaskRunnable  running task : handle_push_message ,delay : 0, cycle : 0 
12-02 10:56:23.663  3730 21708 D TaskServiceProvider: [TaskServiceProvider][526075489][tid_5849](188)TaskServiceProvider task=sh,taskType=ua_time_send
12-02 10:56:23.663  3730 21705 I TaskServiceProvider: [TaskServiceProvider][526075489][tid_5847](377)backstage task system start up timing task ,task type is :handle_push_message, awaking type :awake by system broadCastReceiver
12-02 10:56:23.663  3730 21703 I TaskServiceProvider: [TaskServiceProvider][526075489][tid_5846](351)[VlifeTaskService]  TaskRunnable  running task : handle_push_message ,delay : 0, cycle : 0 
12-02 10:56:23.663  3730 21708 I vt      : [vt][526075490][tid_5849](22)realPackageName:com.android.systemui vlifePackageName:com.vlife.ipro.magazine
12-02 10:56:23.663  3730 21705 I sg      : [sg][526075490][tid_5847](96)[PushMessageListener] running
12-02 10:56:23.663  3730 21708 I TaskServiceProvider: [TaskServiceProvider][526075490][tid_5849](156)shell product start vlife task
12-02 10:56:23.663  3730 21708 W wd      : [wd][526075490][tid_5849](52)create preferences name:userinfo
12-02 10:56:23.664  3730 21705 I sg      : [sg][526075490][tid_5847](102)push type flash_content
12-02 10:56:23.664  3730 21703 I TaskServiceProvider: [TaskServiceProvider][526075490][tid_5846](377)backstage task system start up timing task ,task type is :handle_push_message, awaking type :awake by system broadCastReceiver
12-02 10:56:23.664  3730 21708 I qu      : [qu][526075490][tid_5849](70)executor c:class java.util.concurrent.ThreadPoolExecutor task c:class n.gn$1
12-02 10:56:23.664  3730 21705 I PushProvider: [PushProvider][526075491][tid_5847](175)getContentHandler pushContentType = flash_content
12-02 10:56:23.664  3730 21708 D gn      : [gn][526075491][tid_5849](64)packageName = com.vlife.ipro.magazine, className = com.vlife.TService
12-02 10:56:23.664  3730  4095 I TaskServiceProvider: [TaskServiceProvider][526075491][tid_51](533)vlifeTaskOnStartCommand intent=#Intent;action=ua_time_send;package=com.vlife.ipro.magazine;component=com.vlife.ipro.magazine/com.vlife.TService;end
12-02 10:56:23.665  3730 21708 D TaskServiceProvider: [TaskServiceProvider][526075491][tid_5849](239)getVlifeTask vlifeTask=n.yy@6636a20
12-02 10:56:23.665  3730  4095 D TaskServiceProvider: [TaskServiceProvider][526075491][tid_51](545)pyramidney:null
12-02 10:56:23.665  3730 21703 I sg      : [sg][526075491][tid_5846](96)[PushMessageListener] running
12-02 10:56:23.665  3730  4101 D StatisticsProvider: [StatisticsProvider][526075492][tid_54](434)[statistics_test] =======>write map:n.ep@8b9dd9e
12-02 10:56:23.665  3730 21705 W PushProvider: [PushProvider][526075491][tid_5847](180)contentHandler is null, take a attention if needed!
12-02 10:56:23.665  3730  4101 I StatisticsProvider: [StatisticsProvider][526075492][tid_54](518)[statistics_test] filePath /data/user_de/0/com.android.systemui/files/ua/no_ua_6.131.9.mui.dat.0 
12-02 10:56:23.665  3730  4101 I StatisticsProvider: [StatisticsProvider][526075492][tid_54](520)[statistics_test] ====canWrite====
12-02 10:56:23.666  3730  4101 D StatisticsProvider: [StatisticsProvider][526075492][tid_54](441)[statistics_test] =======>write path:/data/user_de/0/com.android.systemui/files/ua/no_ua_6.131.9.mui.dat.0
12-02 10:56:23.668  3730  4095 D gm      : [gm][526075491][tid_51](33)TaskSignalQueue-add n.gl@76a1fd9
12-02 10:56:23.669  3730 21705 D sg      : [sg][526075492][tid_5847](129)!!!!pushContentType:flash_content,contentHandler:n.si@eddb07f
12-02 10:56:23.669  3730 21703 I sg      : [sg][526075492][tid_5846](102)push type wallpaper_recommended
12-02 10:56:23.670  3730 21705 I sg      : [sg][526075496][tid_5847](70)[PushMessageListener] call type : flash_content ; result : false
12-02 10:56:23.670  3730 21705 I TaskServiceProvider: [TaskServiceProvider][526075496][tid_5847](379)[VlifeTaskService]  end  task : handle_push_message
12-02 10:56:23.670  3730 21708 D TaskServiceProvider: [TaskServiceProvider][526075491][tid_5849](195)cancelTimerTask context:com.vlife.plugin.module.tools.ModuleContextUtil$1@a7ab41a,task:n.yy@6636a20
12-02 10:56:23.670  3730 21705 D gm      : [gm][526075497][tid_5847](48)TaskSignalQueue-remove n.gl@76996b4
12-02 10:56:23.670  3730 21708 I vt      : [vt][526075497][tid_5849](22)realPackageName:com.android.systemui vlifePackageName:com.vlife.ipro.magazine
12-02 10:56:23.670  3730 21708 I TaskServiceProvider: [TaskServiceProvider][526075497][tid_5849](197)SystemProcess cancelTimerTask
12-02 10:56:23.670  3730 21703 I PushProvider: [PushProvider][526075496][tid_5846](175)getContentHandler pushContentType = wallpaper_recommended
12-02 10:56:23.671  3730 21703 W PushProvider: [PushProvider][526075497][tid_5846](180)contentHandler is null, take a attention if needed!
12-02 10:56:23.672  3730 21703 D sg      : [sg][526075498][tid_5846](129)!!!!pushContentType:wallpaper_recommended,contentHandler:n.si@753e095
12-02 10:56:23.672  3730 21703 I sg      : [sg][526075499][tid_5846](70)[PushMessageListener] call type : wallpaper_recommended ; result : false
12-02 10:56:23.673  3730 21708 I TaskServiceProvider: [TaskServiceProvider][526075499][tid_5849](146)VlifeExecutorService executing n.yy@6636a20
12-02 10:56:23.673  3730 21703 I TaskServiceProvider: [TaskServiceProvider][526075499][tid_5846](379)[VlifeTaskService]  end  task : handle_push_message
12-02 10:56:23.673  3730 21708 I TaskServiceProvider: [TaskServiceProvider][526075499][tid_5849](186)PackageName is com.vlife.ipro.magazine
12-02 10:56:23.673  3730 21703 D gm      : [gm][526075500][tid_5846](48)TaskSignalQueue-remove n.gl@68b5787
12-02 10:56:23.673  3730 21708 D TaskServiceProvider: [TaskServiceProvider][526075500][tid_5849](188)TaskServiceProvider task=yy,taskType=magazine_update
12-02 10:56:23.673  3730 21708 I vt      : [vt][526075500][tid_5849](22)realPackageName:com.android.systemui vlifePackageName:com.vlife.ipro.magazine
12-02 10:56:23.674  3730 21708 I TaskServiceProvider: [TaskServiceProvider][526075500][tid_5849](156)shell product start vlife task
12-02 10:56:23.674  3730 21708 W wd      : [wd][526075501][tid_5849](52)create preferences name:userinfo
12-02 10:56:23.674  3730 21754 D TaskServiceProvider: [TaskServiceProvider][526075501][tid_5858](254)Bundle=Bundle[{triggerType=TIMER, doTaskWithoutCondition=false}] taskType=ua_time_send
12-02 10:56:23.674  3730 21754 D TaskServiceProvider: [TaskServiceProvider][526075501][tid_5858](258)getVlifeTask vlifeTask=n.sh@56235aa
12-02 10:56:23.675  3730 21754 I TaskServiceProvider: [TaskServiceProvider][526075501][tid_5858](351)[VlifeTaskService]  TaskRunnable  running task : ua_time_send ,delay : 0, cycle : 21600000 
12-02 10:56:23.675  3730 21754 I TaskServiceProvider: [TaskServiceProvider][526075501][tid_5858](377)backstage task system start up timing task ,task type is :ua_time_send, awaking type :TIMER
12-02 10:56:23.675  3730 21754 W wd      : [wd][526075502][tid_5858](52)create preferences name:timing_network_preference
12-02 10:56:23.675  3730 21708 I qu      : [qu][526075502][tid_5849](70)executor c:class java.util.concurrent.ThreadPoolExecutor task c:class n.gn$1
12-02 10:56:23.676  3730 21754 I jv      : [jv][526075502][tid_5858](84)first time ready type:ua_time_send
12-02 10:56:23.676  3730 21754 I jv      : [jv][526075502][tid_5858](86)judge timing task whether or not can run,judge task type is :ua_time_send
12-02 10:56:23.676  3730 21708 D gn      : [gn][526075502][tid_5849](64)packageName = com.vlife.ipro.magazine, className = com.vlife.TService
12-02 10:56:23.676  3730 21754 W wd      : [wd][526075503][tid_5858](52)create preferences name:timing_network_preference
12-02 10:56:23.676  3730 21708 D TaskServiceProvider: [TaskServiceProvider][526075503][tid_5849](239)getVlifeTask vlifeTask=n.sf@2a6d59b
12-02 10:56:23.677  3730 21708 D TaskServiceProvider: [TaskServiceProvider][526075503][tid_5849](195)cancelTimerTask context:com.vlife.plugin.module.tools.ModuleContextUtil$1@a7ab41a,task:n.sf@2a6d59b
12-02 10:56:23.677  3730 21708 I vt      : [vt][526075503][tid_5849](22)realPackageName:com.android.systemui vlifePackageName:com.vlife.ipro.magazine
12-02 10:56:23.677  3730 21708 I TaskServiceProvider: [TaskServiceProvider][526075504][tid_5849](197)SystemProcess cancelTimerTask
12-02 10:56:23.678  3730 21754 I qi      : [qi][526075504][tid_5858](244)currentApn:MOBILE
12-02 10:56:23.678  3730 21754 I qi      : [qi][526075504][tid_5858](213)currentApn:MOBILE
12-02 10:56:23.678  3730 21754 D jx      : [jx][526075505][tid_5858](47)canConnectNetWork result == true
12-02 10:56:23.678  3730 21708 E gn      : [gn][526075505][tid_5849](140)vlifeTimer == null!
12-02 10:56:23.678  3730  4099 I TaskServiceProvider: [TaskServiceProvider][526075505][tid_53](533)vlifeTaskOnStartCommand intent=#Intent;action=magazine_update;package=com.vlife.ipro.magazine;component=com.vlife.ipro.magazine/com.vlife.TService;end
12-02 10:56:23.679  3730  4099 D TaskServiceProvider: [TaskServiceProvider][526075505][tid_53](545)pyramidney:null
12-02 10:56:23.679  3730 21708 I TaskServiceProvider: [TaskServiceProvider][526075505][tid_5849](146)VlifeExecutorService executing n.sf@2a6d59b
12-02 10:56:23.679  3730  4099 D gm      : [gm][526075505][tid_53](33)TaskSignalQueue-add n.gl@7005d38
12-02 10:56:23.679  3730 21754 I qi      : [qi][526075506][tid_5858](244)currentApn:MOBILE
12-02 10:56:23.679  3730 21708 I TaskServiceProvider: [TaskServiceProvider][526075506][tid_5849](186)PackageName is com.vlife.ipro.magazine
12-02 10:56:23.679  3730 21708 D TaskServiceProvider: [TaskServiceProvider][526075506][tid_5849](188)TaskServiceProvider task=sf,taskType=get_push_message
12-02 10:56:23.679  3730 21703 D TaskServiceProvider: [TaskServiceProvider][526075506][tid_5846](254)Bundle=Bundle[{triggerType=TIMER, doTaskWithoutCondition=false}] taskType=magazine_update
12-02 10:56:23.680  3730 21708 I vt      : [vt][526075506][tid_5849](22)realPackageName:com.android.systemui vlifePackageName:com.vlife.ipro.magazine
12-02 10:56:23.680  3730 21703 D TaskServiceProvider: [TaskServiceProvider][526075506][tid_5846](258)getVlifeTask vlifeTask=n.yy@8def111
12-02 10:56:23.680  3730 21703 I TaskServiceProvider: [TaskServiceProvider][526075506][tid_5846](351)[VlifeTaskService]  TaskRunnable  running task : magazine_update ,delay : 0, cycle : 21600000 
12-02 10:56:23.680  3730 21708 I TaskServiceProvider: [TaskServiceProvider][526075506][tid_5849](156)shell product start vlife task
12-02 10:56:23.680  3730 21703 I TaskServiceProvider: [TaskServiceProvider][526075507][tid_5846](377)backstage task system start up timing task ,task type is :magazine_update, awaking type :TIMER
12-02 10:56:23.680  3730  4101 I StatisticsProvider: [StatisticsProvider][526075507][tid_54](466)[statistics_test] create packet xml : <item ua_action="flash_content" ua_event="request_result" ua_time="1512183383663" ua_process="lockscreen" index="3788" />
12-02 10:56:23.680  3730 21703 W wd      : [wd][526075507][tid_5846](52)create preferences name:timing_network_preference
12-02 10:56:23.681  3730 21708 W wd      : [wd][526075507][tid_5849](52)create preferences name:userinfo
12-02 10:56:23.681  3730 21703 I jv      : [jv][526075507][tid_5846](84)first time ready type:magazine_update
12-02 10:56:23.681  3730 21703 I jv      : [jv][526075508][tid_5846](86)judge timing task whether or not can run,judge task type is :magazine_update
12-02 10:56:23.681  3730 21708 I qu      : [qu][526075508][tid_5849](70)executor c:class java.util.concurrent.ThreadPoolExecutor task c:class n.gn$1
12-02 10:56:23.681  3730 21703 D yy      : [yy][526075508][tid_5846](73)[magazine_down_content] [canRunnable]
12-02 10:56:23.681  3730  4101 D StatisticsProvider: [StatisticsProvider][526075508][tid_54](434)[statistics_test] =======>write map:n.ep@8860276
12-02 10:56:23.682  3730 21703 W wd      : [wd][526075508][tid_5846](52)create preferences name:timing_network_preference
12-02 10:56:23.682  3730  4101 I StatisticsProvider: [StatisticsProvider][526075508][tid_54](518)[statistics_test] filePath /data/user_de/0/com.android.systemui/files/ua/no_ua_6.131.9.mui.dat.0 
12-02 10:56:23.682  3730  4101 I StatisticsProvider: [StatisticsProvider][526075509][tid_54](520)[statistics_test] ====canWrite====
12-02 10:56:23.682  3730  3969 I TaskServiceProvider: [TaskServiceProvider][526075509][tid_45](533)vlifeTaskOnStartCommand intent=#Intent;action=get_push_message;package=com.vlife.ipro.magazine;component=com.vlife.ipro.magazine/com.vlife.TService;end
12-02 10:56:23.682  3730  4101 D StatisticsProvider: [StatisticsProvider][526075509][tid_54](441)[statistics_test] =======>write path:/data/user_de/0/com.android.systemui/files/ua/no_ua_6.131.9.mui.dat.0
12-02 10:56:23.682  3730  3969 D TaskServiceProvider: [TaskServiceProvider][526075509][tid_45](545)pyramidney:null
12-02 10:56:23.683  3730  3969 D gm      : [gm][526075509][tid_45](33)TaskSignalQueue-add n.gl@3133077
12-02 10:56:23.683  3730 21754 I jv      : [jv][526075509][tid_5858](58)[TimingNetworkTask] NetStatus. 2G,return true 
12-02 10:56:23.683  3730 21708 D gn      : [gn][526075510][tid_5849](64)packageName = com.vlife.ipro.magazine, className = com.vlife.TService
12-02 10:56:23.683  3730 21705 D TaskServiceProvider: [TaskServiceProvider][526075510][tid_5847](254)Bundle=Bundle[{triggerType=TIMER, doTaskWithoutCondition=false}] taskType=get_push_message
12-02 10:56:23.683  3730 21705 D TaskServiceProvider: [TaskServiceProvider][526075510][tid_5847](258)getVlifeTask vlifeTask=n.sf@b308d4d
12-02 10:56:23.684  3730 21708 D TaskServiceProvider: [TaskServiceProvider][526075510][tid_5849](239)getVlifeTask vlifeTask=n.ajk@afa14e4
12-02 10:56:23.684  3730 21754 I pk      : [pk][526075510][tid_5858](600)isScreenLocked  isScreenOn:true inKeyguardRestrictedInputMode:false
12-02 10:56:23.684  3730 21705 I TaskServiceProvider: [TaskServiceProvider][526075510][tid_5847](351)[VlifeTaskService]  TaskRunnable  running task : get_push_message ,delay : 0, cycle : 21600000 
12-02 10:56:23.684  3730 21754 I jv      : [jv][526075510][tid_5858](60)[TimingNetworkTask] is not ScreenLocked,return true 
12-02 10:56:23.684  3730 21705 I TaskServiceProvider: [TaskServiceProvider][526075510][tid_5847](377)backstage task system start up timing task ,task type is :get_push_message, awaking type :TIMER
12-02 10:56:23.684  3730 21708 D TaskServiceProvider: [TaskServiceProvider][526075510][tid_5849](195)cancelTimerTask context:com.vlife.plugin.module.tools.ModuleContextUtil$1@a7ab41a,task:n.ajk@afa14e4
12-02 10:56:23.684  3730 21754 D jv      : [jv][526075511][tid_5858](116)canRun task=ua_time_send, result=494, frequency=17280000
12-02 10:56:23.684  3730 21708 I vt      : [vt][526075511][tid_5849](22)realPackageName:com.android.systemui vlifePackageName:com.vlife.ipro.magazine
12-02 10:56:23.684  3730 21705 W wd      : [wd][526075511][tid_5847](52)create preferences name:timing_network_preference
12-02 10:56:23.684  3730 21754 D jv      : [jv][526075511][tid_5858](120)Judgment result can not run , reason :Minimum time interval is not satisfied, task type is ua_time_send
12-02 10:56:23.684  3730 21708 I TaskServiceProvider: [TaskServiceProvider][526075511][tid_5849](197)SystemProcess cancelTimerTask
12-02 10:56:23.685  3730 21754 W jv      : [jv][526075511][tid_5858](93)task : ua_time_send can't run!
12-02 10:56:23.685  3730 21705 I jv      : [jv][526075511][tid_5847](84)first time ready type:get_push_message
12-02 10:56:23.685  3730 21705 I jv      : [jv][526075511][tid_5847](86)judge timing task whether or not can run,judge task type is :get_push_message
12-02 10:56:23.685  3730 21754 I jv      : [jv][526075511][tid_5858](95)TimingNetworkTimerServerTask end , task : ua_time_send 
12-02 10:56:23.685  3730 21754 I TaskServiceProvider: [TaskServiceProvider][526075512][tid_5858](379)[VlifeTaskService]  end  task : ua_time_send
12-02 10:56:23.685  3730 21705 W wd      : [wd][526075512][tid_5847](52)create preferences name:timing_network_preference
12-02 10:56:23.685  3730 21754 I TaskServiceProvider: [TaskServiceProvider][526075512][tid_5858](382)[VlifeTaskService]  this task is Cycle ,task : ua_time_send , time : 21600000 
12-02 10:56:23.686  3730 21754 I vt      : [vt][526075512][tid_5858](22)realPackageName:com.android.systemui vlifePackageName:com.vlife.ipro.magazine
12-02 10:56:23.686  3730 21754 D gn      : [gn][526075513][tid_5858](96)VlifeTaskService schedule task=ua_time_send, isCycleOrDelay=true,time=21600000,requestCode=193306362
12-02 10:56:23.686  3730 21705 I qi      : [qi][526075513][tid_5847](244)currentApn:MOBILE
12-02 10:56:23.686  3730 21708 I TaskServiceProvider: [TaskServiceProvider][526075513][tid_5849](146)VlifeExecutorService executing n.ajk@afa14e4
12-02 10:56:23.687  3730 21705 I qi      : [qi][526075513][tid_5847](213)currentApn:MOBILE
12-02 10:56:23.687  3730 21708 I TaskServiceProvider: [TaskServiceProvider][526075513][tid_5849](186)PackageName is com.vlife.ipro.magazine
12-02 10:56:23.687  3730 21754 I gn      : [gn][526075513][tid_5858](100)[VlifeTaskService] [next awake intervalMillis] [21600000]
12-02 10:56:23.687  3730 21705 D jx      : [jx][526075513][tid_5847](47)canConnectNetWork result == true
12-02 10:56:23.687  3730 21708 D TaskServiceProvider: [TaskServiceProvider][526075513][tid_5849](188)TaskServiceProvider task=ajk,taskType=plugin_update
12-02 10:56:23.687  3730 21754 D gm      : [gm][526075514][tid_5858](48)TaskSignalQueue-remove n.gl@76a1fd9
12-02 10:56:23.688  3730 21703 I qi      : [qi][526075514][tid_5846](244)currentApn:MOBILE
12-02 10:56:23.688  3730 21708 I vt      : [vt][526075514][tid_5849](22)realPackageName:com.android.systemui vlifePackageName:com.vlife.ipro.magazine
12-02 10:56:23.688  3730 21708 I TaskServiceProvider: [TaskServiceProvider][526075515][tid_5849](156)shell product start vlife task
12-02 10:56:23.688  3730 21703 I qi      : [qi][526075515][tid_5846](213)currentApn:MOBILE
12-02 10:56:23.689  3730 21703 D jx      : [jx][526075515][tid_5846](47)canConnectNetWork result == true
12-02 10:56:23.689  3730 21708 W wd      : [wd][526075515][tid_5849](52)create preferences name:userinfo
12-02 10:56:23.689  3730 21703 D yy      : [yy][526075515][tid_5846](78)[magazine_down_content] [canRunnable] has net true
12-02 10:56:23.689  3730 21703 D jv      : [jv][526075516][tid_5846](116)canRun task=magazine_update, result=470, frequency=17280000
12-02 10:56:23.689  3730 21703 D jv      : [jv][526075516][tid_5846](120)Judgment result can not run , reason :Minimum time interval is not satisfied, task type is magazine_update
12-02 10:56:23.689  3730 21703 W jv      : [jv][526075516][tid_5846](93)task : magazine_update can't run!
12-02 10:56:23.690  3730 21708 I qu      : [qu][526075516][tid_5849](70)executor c:class java.util.concurrent.ThreadPoolExecutor task c:class n.gn$1
12-02 10:56:23.690  3730 21703 I jv      : [jv][526075516][tid_5846](95)TimingNetworkTimerServerTask end , task : magazine_update 
12-02 10:56:23.690  3730 21708 D gn      : [gn][526075516][tid_5849](64)packageName = com.vlife.ipro.magazine, className = com.vlife.TService
12-02 10:56:23.690  3730 21703 I TaskServiceProvider: [TaskServiceProvider][526075517][tid_5846](379)[VlifeTaskService]  end  task : magazine_update
12-02 10:56:23.690  3730  4095 I TaskServiceProvider: [TaskServiceProvider][526075517][tid_51](533)vlifeTaskOnStartCommand intent=#Intent;action=plugin_update;package=com.vlife.ipro.magazine;component=com.vlife.ipro.magazine/com.vlife.TService;end
12-02 10:56:23.690  3730 21708 E TaskServiceProvider: [TaskServiceProvider][526075517][tid_5849](471)restartTimerTask allTastMap is error, taskName=upload_user_setting
12-02 10:56:23.690  3730 21703 I TaskServiceProvider: [TaskServiceProvider][526075517][tid_5846](382)[VlifeTaskService]  this task is Cycle ,task : magazine_update , time : 21600000 
12-02 10:56:23.690  3730  4095 D TaskServiceProvider: [TaskServiceProvider][526075517][tid_51](545)pyramidney:null
12-02 10:56:23.690  3730 21703 I vt      : [vt][526075517][tid_5846](22)realPackageName:com.android.systemui vlifePackageName:com.vlife.ipro.magazine
12-02 10:56:23.690  3730 21708 I jv      : [jv][526075517][tid_5849](95)TimingNetworkTimerServerTask end , task : get_push_message 
12-02 10:56:23.691  3730  4095 D gm      : [gm][526075517][tid_51](33)TaskSignalQueue-add n.gl@547d002
12-02 10:56:23.691  3730 21708 I TaskServiceProvider: [TaskServiceProvider][526075517][tid_5849](379)[VlifeTaskService]  end  task : get_push_message
12-02 10:56:23.691  3730 21708 I TaskServiceProvider: [TaskServiceProvider][526075517][tid_5849](382)[VlifeTaskService]  this task is Cycle ,task : get_push_message , time : 21600000 
12-02 10:56:23.691  3730 21703 D gn      : [gn][526075517][tid_5846](96)VlifeTaskService schedule task=magazine_update, isCycleOrDelay=true,time=21600000,requestCode=47408839
12-02 10:56:23.691  3730 21708 I vt      : [vt][526075518][tid_5849](22)realPackageName:com.android.systemui vlifePackageName:com.vlife.ipro.magazine
12-02 10:56:23.691  3730 21705 I qi      : [qi][526075518][tid_5847](244)currentApn:MOBILE
12-02 10:56:23.691  3730 21708 D gn      : [gn][526075518][tid_5849](96)VlifeTaskService schedule task=get_push_message, isCycleOrDelay=true,time=21600000,requestCode=196365627
12-02 10:56:23.691  3730 21705 I jv      : [jv][526075518][tid_5847](58)[TimingNetworkTask] NetStatus. 2G,return true 
12-02 10:56:23.691  3730 21703 I gn      : [gn][526075518][tid_5846](100)[VlifeTaskService] [next awake intervalMillis] [21600000]
12-02 10:56:23.692  3730 21708 I gn      : [gn][526075518][tid_5849](100)[VlifeTaskService] [next awake intervalMillis] [21600000]
12-02 10:56:23.692  3730 21708 D gm      : [gm][526075519][tid_5849](48)TaskSignalQueue-remove n.gl@28768ff
12-02 10:56:23.693  3730 21705 I pk      : [pk][526075519][tid_5847](600)isScreenLocked  isScreenOn:true inKeyguardRestrictedInputMode:false
12-02 10:56:23.693  3730 21754 D TaskServiceProvider: [TaskServiceProvider][526075519][tid_5858](254)Bundle=Bundle[{triggerType=TIMER, doTaskWithoutCondition=false}] taskType=plugin_update
12-02 10:56:23.693  3730 21705 I jv      : [jv][526075519][tid_5847](60)[TimingNetworkTask] is not ScreenLocked,return true 
12-02 10:56:23.693  3730 21754 D TaskServiceProvider: [TaskServiceProvider][526075520][tid_5858](258)getVlifeTask vlifeTask=n.ajk@4805d13
12-02 10:56:23.693  3730 21705 D jv      : [jv][526075520][tid_5847](116)canRun task=get_push_message, result=493, frequency=17280000
12-02 10:56:23.693  3730 21754 I TaskServiceProvider: [TaskServiceProvider][526075520][tid_5858](351)[VlifeTaskService]  TaskRunnable  running task : plugin_update ,delay : 0, cycle : 21600000 
12-02 10:56:23.693  3730 21705 D jv      : [jv][526075520][tid_5847](120)Judgment result can not run , reason :Minimum time interval is not satisfied, task type is get_push_message
12-02 10:56:23.693  3730 21754 I TaskServiceProvider: [TaskServiceProvider][526075520][tid_5858](377)backstage task system start up timing task ,task type is :plugin_update, awaking type :TIMER
12-02 10:56:23.694  3730 21705 W jv      : [jv][526075520][tid_5847](93)task : get_push_message can't run!
12-02 10:56:23.694  3730 21754 W wd      : [wd][526075520][tid_5858](52)create preferences name:timing_network_preference
12-02 10:56:23.694  3730 21705 I jv      : [jv][526075520][tid_5847](95)TimingNetworkTimerServerTask end , task : get_push_message 
12-02 10:56:23.694  3730 21757 D gn      : [gn][526075521][tid_5861](104)task run
12-02 10:56:23.694  3730 21705 I TaskServiceProvider: [TaskServiceProvider][526075521][tid_5847](379)[VlifeTaskService]  end  task : get_push_message
12-02 10:56:23.694  3730 21757 W wd      : [wd][526075521][tid_5861](52)create preferences name:timing_network_preference
12-02 10:56:23.694  3730 21754 I jv      : [jv][526075521][tid_5858](84)first time ready type:plugin_update
12-02 10:56:23.694  3730 21705 I TaskServiceProvider: [TaskServiceProvider][526075521][tid_5847](382)[VlifeTaskService]  this task is Cycle ,task : get_push_message , time : 21600000 
12-02 10:56:23.695  3730 21757 I jv      : [jv][526075521][tid_5861](84)first time ready type:get_push_message
12-02 10:56:23.695  3730 21705 I vt      : [vt][526075521][tid_5847](22)realPackageName:com.android.systemui vlifePackageName:com.vlife.ipro.magazine
12-02 10:56:23.695  3730 21757 I jv      : [jv][526075521][tid_5861](86)judge timing task whether or not can run,judge task type is :get_push_message
12-02 10:56:23.695  3730 21703 D gm      : [gm][526075521][tid_5846](48)TaskSignalQueue-remove n.gl@7005d38
12-02 10:56:23.695  3730 21757 W wd      : [wd][526075521][tid_5861](52)create preferences name:timing_network_preference
12-02 10:56:23.695  3730 21705 D gn      : [gn][526075521][tid_5847](96)VlifeTaskService schedule task=get_push_message, isCycleOrDelay=true,time=21600000,requestCode=196365627
12-02 10:56:23.697  3730 21754 I jv      : [jv][526075523][tid_5858](86)judge timing task whether or not can run,judge task type is :plugin_update
12-02 10:56:23.697  3730 21757 I qi      : [qi][526075523][tid_5861](244)currentApn:MOBILE
12-02 10:56:23.697  3730 21754 W wd      : [wd][526075524][tid_5858](52)create preferences name:timing_network_preference
12-02 10:56:23.698  3730 21755 D gn      : [gn][526075524][tid_5859](104)task run
12-02 10:56:23.698  3730 21755 W wd      : [wd][526075524][tid_5859](52)create preferences name:timing_network_preference
12-02 10:56:23.698  3730 21754 I qi      : [qi][526075525][tid_5858](244)currentApn:MOBILE
12-02 10:56:23.698  3730 21755 I jv      : [jv][526075525][tid_5859](84)first time ready type:ua_time_send
12-02 10:56:23.698  3730 21754 I qi      : [qi][526075525][tid_5858](213)currentApn:MOBILE
12-02 10:56:23.698  3730 21755 I jv      : [jv][526075525][tid_5859](86)judge timing task whether or not can run,judge task type is :ua_time_send
12-02 10:56:23.699  3730 21754 D jx      : [jx][526075525][tid_5858](47)canConnectNetWork result == true
12-02 10:56:23.699  3730 21755 W wd      : [wd][526075525][tid_5859](52)create preferences name:timing_network_preference
12-02 10:56:23.699  3730 21756 D gn      : [gn][526075526][tid_5860](104)task run
12-02 10:56:23.699  3730 21754 I qi      : [qi][526075526][tid_5858](244)currentApn:MOBILE
12-02 10:56:23.699  3730 21756 W wd      : [wd][526075526][tid_5860](52)create preferences name:timing_network_preference
12-02 10:56:23.699  3730 21754 I jv      : [jv][526075526][tid_5858](58)[TimingNetworkTask] NetStatus. 2G,return true 
12-02 10:56:23.700  3730 21756 I jv      : [jv][526075526][tid_5860](84)first time ready type:magazine_update
12-02 10:56:23.700  3730 21755 I qi      : [qi][526075526][tid_5859](244)currentApn:MOBILE
12-02 10:56:23.700  3730 21756 I jv      : [jv][526075527][tid_5860](86)judge timing task whether or not can run,judge task type is :magazine_update
12-02 10:56:23.700  3730 21755 I qi      : [qi][526075527][tid_5859](213)currentApn:MOBILE
12-02 10:56:23.700  3730 21754 I pk      : [pk][526075527][tid_5858](600)isScreenLocked  isScreenOn:true inKeyguardRestrictedInputMode:false
12-02 10:56:23.700  3730 21756 D yy      : [yy][526075527][tid_5860](73)[magazine_down_content] [canRunnable]
12-02 10:56:23.700  3730 21757 I qi      : [qi][526075524][tid_5861](213)currentApn:MOBILE
12-02 10:56:23.700  3730 21756 W wd      : [wd][526075527][tid_5860](52)create preferences name:timing_network_preference
12-02 10:56:23.701  3730 21755 D jx      : [jx][526075527][tid_5859](47)canConnectNetWork result == true
12-02 10:56:23.701  3730 21754 I jv      : [jv][526075527][tid_5858](60)[TimingNetworkTask] is not ScreenLocked,return true 
12-02 10:56:23.702  3730 21757 D jx      : [jx][526075527][tid_5861](47)canConnectNetWork result == true
12-02 10:56:23.702  3730 21705 I gn      : [gn][526075529][tid_5847](100)[VlifeTaskService] [next awake intervalMillis] [21600000]
12-02 10:56:23.702  3730 21754 D jv      : [jv][526075528][tid_5858](116)canRun task=plugin_update, result=477, frequency=17280000
12-02 10:56:23.702  3730 21754 D jv      : [jv][526075529][tid_5858](120)Judgment result can not run , reason :Minimum time interval is not satisfied, task type is plugin_update
12-02 10:56:23.702  3730 21757 I qi      : [qi][526075529][tid_5861](244)currentApn:MOBILE
12-02 10:56:23.703  3730 21754 W jv      : [jv][526075529][tid_5858](93)task : plugin_update can't run!
12-02 10:56:23.703  3730 21705 D gm      : [gm][526075529][tid_5847](48)TaskSignalQueue-remove n.gl@3133077
12-02 10:56:23.703  3730 21757 I jv      : [jv][526075529][tid_5861](58)[TimingNetworkTask] NetStatus. 2G,return true 
12-02 10:56:23.703  3730 21754 I jv      : [jv][526075529][tid_5858](95)TimingNetworkTimerServerTask end , task : plugin_update 
12-02 10:56:23.703  3730 21755 I qi      : [qi][526075530][tid_5859](244)currentApn:MOBILE
12-02 10:56:23.703  3730 21755 I jv      : [jv][526075530][tid_5859](58)[TimingNetworkTask] NetStatus. 2G,return true 
12-02 10:56:23.704  3730 21757 I pk      : [pk][526075530][tid_5861](600)isScreenLocked  isScreenOn:true inKeyguardRestrictedInputMode:false
12-02 10:56:23.704  3730 21757 I jv      : [jv][526075530][tid_5861](60)[TimingNetworkTask] is not ScreenLocked,return true 
12-02 10:56:23.704  3730 21755 I pk      : [pk][526075531][tid_5859](600)isScreenLocked  isScreenOn:true inKeyguardRestrictedInputMode:false
12-02 10:56:23.704  3730 21757 D jv      : [jv][526075531][tid_5861](116)canRun task=get_push_message, result=504, frequency=21600000
12-02 10:56:23.704  3730 21755 I jv      : [jv][526075531][tid_5859](60)[TimingNetworkTask] is not ScreenLocked,return true 
12-02 10:56:23.704  3730 21757 D jv      : [jv][526075531][tid_5861](120)Judgment result can not run , reason :Minimum time interval is not satisfied, task type is get_push_message
12-02 10:56:23.704  3730 21755 D jv      : [jv][526075531][tid_5859](116)canRun task=ua_time_send, result=514, frequency=17280000
12-02 10:56:23.704  3730 21757 W jv      : [jv][526075531][tid_5861](93)task : get_push_message can't run!
12-02 10:56:23.704  3730 21755 D jv      : [jv][526075531][tid_5859](120)Judgment result can not run , reason :Minimum time interval is not satisfied, task type is ua_time_send
12-02 10:56:23.705  3730 21757 I jv      : [jv][526075531][tid_5861](95)TimingNetworkTimerServerTask end , task : get_push_message 
12-02 10:56:23.705  3730 21755 W jv      : [jv][526075531][tid_5859](93)task : ua_time_send can't run!
12-02 10:56:23.705  3730 21755 I jv      : [jv][526075531][tid_5859](95)TimingNetworkTimerServerTask end , task : ua_time_send 
12-02 10:56:23.705  3730 21754 I TaskServiceProvider: [TaskServiceProvider][526075530][tid_5858](379)[VlifeTaskService]  end  task : plugin_update
12-02 10:56:23.705  3730 21754 I TaskServiceProvider: [TaskServiceProvider][526075532][tid_5858](382)[VlifeTaskService]  this task is Cycle ,task : plugin_update , time : 21600000 
12-02 10:56:23.705  3730 21754 I vt      : [vt][526075532][tid_5858](22)realPackageName:com.android.systemui vlifePackageName:com.vlife.ipro.magazine
12-02 10:56:23.705  3730 21756 I qi      : [qi][526075532][tid_5860](244)currentApn:MOBILE
12-02 10:56:23.706  3730 21756 I qi      : [qi][526075532][tid_5860](213)currentApn:MOBILE
12-02 10:56:23.706  3730 21754 D gn      : [gn][526075532][tid_5858](96)VlifeTaskService schedule task=plugin_update, isCycleOrDelay=true,time=21600000,requestCode=93687749
12-02 10:56:23.706  3730 21756 D jx      : [jx][526075532][tid_5860](47)canConnectNetWork result == true
12-02 10:56:23.706  3730 21756 D yy      : [yy][526075533][tid_5860](78)[magazine_down_content] [canRunnable] has net true
12-02 10:56:23.706  3730 21754 I gn      : [gn][526075533][tid_5858](100)[VlifeTaskService] [next awake intervalMillis] [21600000]
12-02 10:56:23.706  3730 21756 D jv      : [jv][526075533][tid_5860](116)canRun task=magazine_update, result=487, frequency=17280000
12-02 10:56:23.707  3730 21756 D jv      : [jv][526075533][tid_5860](120)Judgment result can not run , reason :Minimum time interval is not satisfied, task type is magazine_update
12-02 10:56:23.707  3730 21754 D gm      : [gm][526075533][tid_5858](48)TaskSignalQueue-remove n.gl@547d002
12-02 10:56:23.707  3730 21756 W jv      : [jv][526075533][tid_5860](93)task : magazine_update can't run!
12-02 10:56:23.707  3730 21756 I jv      : [jv][526075534][tid_5860](95)TimingNetworkTimerServerTask end , task : magazine_update 
12-02 10:56:23.707  3730  4101 I StatisticsProvider: [StatisticsProvider][526075534][tid_54](466)[statistics_test] create packet xml : <item ua_action="wallpaper_recommended" ua_event="request_result" ua_time="1512183383665" ua_process="lockscreen" index="3789" />
12-02 10:56:23.708  3730 21758 D gn      : [gn][526075534][tid_5862](104)task run
12-02 10:56:23.708  3730 21759 D gn      : [gn][526075534][tid_5863](104)task run
12-02 10:56:23.708  3730  4101 D StatisticsProvider: [StatisticsProvider][526075534][tid_54](434)[statistics_test] =======>write map:n.ep@6b59b50
12-02 10:56:23.708  3730 21758 W wd      : [wd][526075535][tid_5862](52)create preferences name:timing_network_preference
12-02 10:56:23.708  3730 21759 W wd      : [wd][526075535][tid_5863](52)create preferences name:timing_network_preference
12-02 10:56:23.708  3730  4101 I StatisticsProvider: [StatisticsProvider][526075535][tid_54](518)[statistics_test] filePath /data/user_de/0/com.android.systemui/files/ua/no_ua_6.131.9.mui.dat.0 
12-02 10:56:23.708  3730 21758 I jv      : [jv][526075535][tid_5862](84)first time ready type:get_push_message
12-02 10:56:23.709  3730  4101 I StatisticsProvider: [StatisticsProvider][526075535][tid_54](520)[statistics_test] ====canWrite====
12-02 10:56:23.709  3730 21759 I jv      : [jv][526075535][tid_5863](84)first time ready type:plugin_update
12-02 10:56:23.709  3730  4101 D StatisticsProvider: [StatisticsProvider][526075535][tid_54](441)[statistics_test] =======>write path:/data/user_de/0/com.android.systemui/files/ua/no_ua_6.131.9.mui.dat.0
12-02 10:56:23.709  3730 21759 I jv      : [jv][526075536][tid_5863](86)judge timing task whether or not can run,judge task type is :plugin_update
12-02 10:56:23.709  3730 21758 I jv      : [jv][526075536][tid_5862](86)judge timing task whether or not can run,judge task type is :get_push_message
12-02 10:56:23.709  3730 21759 W wd      : [wd][526075536][tid_5863](52)create preferences name:timing_network_preference
12-02 10:56:23.709  3730 21758 W wd      : [wd][526075536][tid_5862](52)create preferences name:timing_network_preference
12-02 10:56:23.725  3730  4101 I StatisticsProvider: [StatisticsProvider][526075551][tid_54](466)[statistics_test] create packet xml : <item tag="gn" message="[gn][526075505][tid_5849](140)vlifeTimer == null!" name="unknown" count="7" error="[gn][526075505][tid_5849](140)vlifeTimer == null!" author="songwenjun" ua_event="dev_thread_throwable" dev_version="6.131.9" ua_time="1512183383678" ua_process="lockscreen" index="3790" />
12-02 10:56:23.725  3730  4101 D StatisticsProvider: [StatisticsProvider][526075552][tid_54](434)[statistics_test] =======>write map:n.ep@85b149
12-02 10:56:23.726  3730  4101 I StatisticsProvider: [StatisticsProvider][526075552][tid_54](518)[statistics_test] filePath /data/user_de/0/com.android.systemui/files/ua/no_ua_6.131.9.mui.dat.0 
12-02 10:56:23.726  3730  4101 I StatisticsProvider: [StatisticsProvider][526075552][tid_54](520)[statistics_test] ====canWrite====
12-02 10:56:23.726  3730  4101 D StatisticsProvider: [StatisticsProvider][526075553][tid_54](441)[statistics_test] =======>write path:/data/user_de/0/com.android.systemui/files/ua/no_ua_6.131.9.mui.dat.0
12-02 10:56:23.741  3730  4101 I StatisticsProvider: [StatisticsProvider][526075567][tid_54](466)[statistics_test] create packet xml : <item tag="TaskServiceProvider" message="[TaskServiceProvider][526075517][tid_5849](471)restartTimerTask allTastMap is error, taskName=upload_user_setting" name="unknown" count="72" error="[TaskServiceProvider][526075517][tid_5849](471)restartTimerTask allTastMap is error, taskName=upload_user_setting" author="songwenjun" ua_event="dev_thread_throwable" dev_version="6.131.9" ua_time="1512183383690" ua_process="lockscreen" index="3791" />
12-02 10:56:24.607  3730  3730 D NewDownloadProvider: [NewDownloadProvider][526076433][tid_1](379)[download_net_change] handleMessage
12-02 10:56:24.609  3730  3730 D fj      : [fj][526076434][tid_1](49)[download_net_change] refreshNetworkType
12-02 10:56:24.613  3730  3730 D fj      : [fj][526076439][tid_1](51)changeNetWork 16 -> 2, start
12-02 10:56:24.615  3730  3730 D NewDownloadProvider: [NewDownloadProvider][526076440][tid_1](308)[new_download] [download_net_change] =======>start
12-02 10:56:24.616  3730  3730 D fj      : [fj][526076442][tid_1](59)changeNetWork end
12-02 10:56:25.639  3730  4459 I un      : [un][526077465][tid_102](46)http send list:[]
12-02 10:56:25.640  3730  4459 I uu      : [uu][526077466][tid_102](28)getRidAndIncrement :5
12-02 10:56:25.641  3730  4459 I um      : [um][526077467][tid_102](112)Request url : http://115.28.84.237/a/1/?p=a&v=5&c=g&st=4586dde9604cf39d33acfe7c62ac6a84&sv=6.131&az=android-ipro-magazine&id=10433077265316&sid=7f549c0310003f3c@a1.stage.vlife.com
12-02 10:56:25.644  3730  4459 I um      : [um][526077470][tid_102](121)Request content : <body rid="5" count="0" wait="2" sid="7f549c0310003f3c@a1.stage.vlife.com"></body>
12-02 10:56:25.645  3730  4459 D um      : [um][526077471][tid_102](127)[HttpCoreOperatorS] userAgent:Mozilla/5.0 (Linux; U; Android 7.0; zh-cn; AOSP on Shamu Build/NBD90Z) AppleWebKit/534.30 (KHTML, like Gecko) Version/4.0 Mobile Safari/534.30
12-02 10:56:25.646  3730  4459 D um      : [um][526077472][tid_102](131)httpPost. httpClient = n.kh@d9c633d
12-02 10:56:25.647  3730  4459 I kg      : [kg][526077473][tid_102](318)doExecute request=org.apache.http.client.methods.HttpPost@c66ea4e
12-02 10:56:25.771  3730  4459 I kg      : [kg][526077597][tid_102](320)response = org.apache.http.message.BasicHttpResponse@989b76f
