12-02 10:56:15.709  3730 27525 D gn      : [gn][526067534][tid_1108](104)task run
12-02 10:56:15.710  3730 27525 W wd      : [wd][526067536][tid_1108](52)create preferences name:timing_network_preference
12-02 10:56:15.712  3730 27525 I jv      : [jv][526067538][tid_1108](84)first time ready type:magazine_update
12-02 10:56:15.713  3730 27525 I jv      : [jv][526067539][tid_1108](86)judge timing task whether or not can run,judge task type is :magazine_update
12-02 10:56:15.714  3730 27525 D yy      : [yy][526067540][tid_1108](73)[magazine_down_content] [canRunnable]
12-02 10:56:15.716  3730 27525 W wd      : [wd][526067541][tid_1108](52)create preferences name:timing_network_preference
12-02 10:56:15.719  3730 27525 I qi      : [qi][526067545][tid_1108](228)currentApn: info is null
12-02 10:56:15.720  3730 27527 D gn      : [gn][526067546][tid_1109](104)task run
12-02 10:56:15.721  3730 27525 I qi      : [qi][526067546][tid_1108](213)currentApn:DISCONNECT
12-02 10:56:15.721  3730 27527 W wd      : [wd][526067547][tid_1109](52)create preferences name:timing_network_preference
12-02 10:56:15.722  3730 27525 W jx      : [jx][526067548][tid_1108](44)canConnectNetWork net is unenble result == false
12-02 10:56:15.723  3730 27525 W yy      : [yy][526067549][tid_1108](75)[magazine_down_content] [canRunnable] false
12-02 10:56:15.723  3730 27527 I jv      : [jv][526067549][tid_1109](84)first time ready type:get_push_message
12-02 10:56:15.724  3730 27525 D jv      : [jv][526067550][tid_1108](123)Judgment result can not run , reason :network is not allowed , task type is magazine_update
12-02 10:56:15.724  3730 27527 I jv      : [jv][526067550][tid_1109](86)judge timing task whether or not can run,judge task type is :get_push_message
12-02 10:56:15.725  3730 27525 W jv      : [jv][526067551][tid_1108](93)task : magazine_update can't run!
12-02 10:56:15.727  3730 27525 I jv      : [jv][526067553][tid_1108](95)TimingNetworkTimerServerTask end , task : magazine_update 
12-02 10:56:15.727  3730 27527 W wd      : [wd][526067551][tid_1109](52)create preferences name:timing_network_preference
12-02 10:56:15.731  3730 27527 I qi      : [qi][526067557][tid_1109](228)currentApn: info is null
12-02 10:56:15.732  3730 27527 I qi      : [qi][526067558][tid_1109](213)currentApn:DISCONNECT
12-02 10:56:15.733  3730 27527 W jx      : [jx][526067559][tid_1109](44)canConnectNetWork net is unenble result == false
12-02 10:56:15.734  3730 27527 W jv      : [jv][526067560][tid_1109](50)[TimingNetworkTask] [NetWorkController] ,return false
12-02 10:56:15.735  3730 27527 D jv      : [jv][526067561][tid_1109](123)Judgment result can not run , reason :network is not allowed , task type is get_push_message
12-02 10:56:15.736  3730 27527 W jv      : [jv][526067562][tid_1109](93)task : get_push_message can't run!
12-02 10:56:15.737  3730 27527 I jv      : [jv][526067563][tid_1109](95)TimingNetworkTimerServerTask end , task : get_push_message 
12-02 10:56:23.104  3730  3730 D NetChangeReceiverHandler: [NetChangeReceiverHandler][526074930][tid_1](25)doReceive context:com.vlife.plugin.module.tools.ModuleContextUtil$1@a7ab41a,intent:Intent { act=android.net.conn.CONNECTIVITY_CHANGE flg=0x4000010 (has extras) }
12-02 10:56:23.104  3730  3730 D NewDownloadProvider: [NewDownloadProvider][526074930][tid_1](348)[new_download] [download_net_change] networkChange
12-02 10:56:23.118  3730  3730 I qi      : [qi][526074944][tid_1](244)currentApn:MOBILE
12-02 10:56:23.118  3730  3730 I qi      : [qi][526074944][tid_1](213)currentApn:MOBILE
12-02 10:56:23.118  3730  3730 D NetChangeReceiverHandler: [NetChangeReceiverHandler][526074945][tid_1](31)[download_net_change] the network has connected
12-02 10:56:23.119  3730  3730 D NetChangeReceiverHandler: [NetChangeReceiverHandler][526074945][tid_1](33)[download_net_change] time:799692128,runTime:627602810
12-02 10:56:23.119  3730  3730 D NetChangeReceiverHandler: [NetChangeReceiverHandler][526074945][tid_1](35)Product.lenovo:false
12-02 10:56:23.119  3730  3730 I TaskServiceProvider: [TaskServiceProvider][526074946][tid_1](146)VlifeExecutorService executing n.kr@4face6
12-02 10:56:23.120  3730  3730 I TaskServiceProvider: [TaskServiceProvider][526074946][tid_1](186)PackageName is com.vlife.ipro.magazine
12-02 10:56:23.120  3730  3730 D TaskServiceProvider: [TaskServiceProvider][526074946][tid_1](188)TaskServiceProvider task=kr,taskType=NetChangeReceiverTask
12-02 10:56:23.122  3730  3730 I vt      : [vt][526074948][tid_1](22)realPackageName:com.android.systemui vlifePackageName:com.vlife.ipro.magazine
12-02 10:56:23.122  3730  3730 I TaskServiceProvider: [TaskServiceProvider][526074949][tid_1](156)shell product start vlife task
12-02 10:56:23.123  3730  3730 W wd      : [wd][526074949][tid_1](52)create preferences name:userinfo
12-02 10:56:23.134  3730  3730 I qu      : [qu][526074960][tid_1](70)executor c:class java.util.concurrent.ThreadPoolExecutor task c:class n.gn$1
12-02 10:56:23.135  3730  4095 I TaskServiceProvider: [TaskServiceProvider][526074962][tid_51](533)vlifeTaskOnStartCommand intent=#Intent;action=NetChangeReceiverTask;package=com.vlife.ipro.magazine;component=com.vlife.ipro.magazine/com.vlife.TService;end
12-02 10:56:23.136  3730  4095 D TaskServiceProvider: [TaskServiceProvider][526074962][tid_51](545)pyramidney:null
12-02 10:56:23.136  3730  4095 D gm      : [gm][526074963][tid_51](33)TaskSignalQueue-add n.gl@ea04e7d
12-02 10:56:23.137  3730  3730 D gn      : [gn][526074963][tid_1](64)packageName = com.vlife.ipro.magazine, className = com.vlife.TService
12-02 10:56:23.137  3730 21703 D TaskServiceProvider: [TaskServiceProvider][526074964][tid_5846](254)Bundle=Bundle[{}] taskType=NetChangeReceiverTask
12-02 10:56:23.137  3730 21703 D TaskServiceProvider: [TaskServiceProvider][526074964][tid_5846](258)getVlifeTask vlifeTask=n.kr@7ed79c3
12-02 10:56:23.137  3730 21703 I TaskServiceProvider: [TaskServiceProvider][526074964][tid_5846](351)[VlifeTaskService]  TaskRunnable  running task : NetChangeReceiverTask ,delay : 0, cycle : 0 
12-02 10:56:23.138  3730 21703 I TaskServiceProvider: [TaskServiceProvider][526074964][tid_5846](377)backstage task system start up timing task ,task type is :NetChangeReceiverTask, awaking type :awake by system broadCastReceiver
12-02 10:56:23.138  3730 21703 D kr      : [kr][526074964][tid_5846](45)[download_net_change] NetChangeReceiverTask run
12-02 10:56:23.138  3730 21703 W wd      : [wd][526074965][tid_5846](52)create preferences name:userinfo
12-02 10:56:23.139  3730 21703 I wd      : [wd][526074965][tid_5846](79)preference name:userinfo getString key:last_day,value:20171130
12-02 10:56:23.140  3730 21703 I wd      : [wd][526074966][tid_5846](84)preference name:userinfo putStringAndCommit key:last_day,value:20171202
12-02 10:56:23.154  3730 21703 W wd      : [wd][526074980][tid_5846](89)userinfo putString last_day
12-02 10:56:23.154  3730 21703 I or      : [or][526074981][tid_5846](99)last_day 20171130, today 20171202, last_day_count 125, this=n.or@1531b96
12-02 10:56:23.154  3730 21703 I wd      : [wd][526074981][tid_5846](114)preference name:userinfo putIntAndCommit key:last_day_count,value:125
12-02 10:56:23.162  3730 21703 W wd      : [wd][526074988][tid_5846](119)userinfo putInt last_day_count
12-02 10:56:23.162  3730 21703 W wd      : [wd][526074989][tid_5846](52)create preferences name:timing_network_preference
12-02 10:56:23.163  3730 21703 I qi      : [qi][526074990][tid_5846](244)currentApn:MOBILE
12-02 10:56:23.164  3730 21703 I qi      : [qi][526074990][tid_5846](213)currentApn:MOBILE
12-02 10:56:23.164  3730 21703 D jx      : [jx][526074990][tid_5846](47)canConnectNetWork result == true
12-02 10:56:23.164  3730 21703 I TaskServiceProvider: [TaskServiceProvider][526074991][tid_5846](511)try awaking backstage task system,awaking type is :NET_CHANGE, awaking time is :1512183383164
12-02 10:56:23.164  3730 21703 I TaskServiceProvider: [TaskServiceProvider][526074991][tid_5846](513)awake backstage task system success, awaking time :1512183383164
12-02 10:56:23.165  3730 21703 I TaskServiceProvider: [TaskServiceProvider][526074991][tid_5846](146)VlifeExecutorService executing n.gk@3634c2b
12-02 10:56:23.165  3730  4101 D StatisticsProvider: [StatisticsProvider][526074992][tid_54](434)[statistics_test] =======>write map:n.ep@6beb888
12-02 10:56:23.165  3730 21703 I TaskServiceProvider: [TaskServiceProvider][526074992][tid_5846](186)PackageName is com.vlife.ipro.magazine
12-02 10:56:23.165  3730  4101 I StatisticsProvider: [StatisticsProvider][526074992][tid_54](518)[statistics_test] filePath /data/user_de/0/com.android.systemui/files/ua/no_ua_6.131.9.mui.dat.0 
12-02 10:56:23.165  3730 21703 D TaskServiceProvider: [TaskServiceProvider][526074992][tid_5846](188)TaskServiceProvider task=gk,taskType=OperatingStartTask
12-02 10:56:23.166  3730  4101 I StatisticsProvider: [StatisticsProvider][526074992][tid_54](520)[statistics_test] ====canWrite====
12-02 10:56:23.166  3730 21703 I vt      : [vt][526074992][tid_5846](22)realPackageName:com.android.systemui vlifePackageName:com.vlife.ipro.magazine
12-02 10:56:23.166  3730  4101 D StatisticsProvider: [StatisticsProvider][526074992][tid_54](441)[statistics_test] =======>write path:/data/user_de/0/com.android.systemui/files/ua/no_ua_6.131.9.mui.dat.0
12-02 10:56:23.166  3730 21703 I TaskServiceProvider: [TaskServiceProvider][526074993][tid_5846](156)shell product start vlife task
12-02 10:56:23.166  3730 21703 W wd      : [wd][526074993][tid_5846](52)create preferences name:userinfo
12-02 10:56:23.167  3730 21703 I qu      : [qu][526074993][tid_5846](70)executor c:class java.util.concurrent.ThreadPoolExecutor task c:class n.gn$1
12-02 10:56:23.168  3730  3969 I TaskServiceProvider: [TaskServiceProvider][526074994][tid_45](533)vlifeTaskOnStartCommand intent=#Intent;action=OperatingStartTask;package=com.vlife.ipro.magazine;component=com.vlife.ipro.magazine/com.vlife.TService;end
12-02 10:56:23.168  3730  3969 D TaskServiceProvider: [TaskServiceProvider][526074995][tid_45](545)pyramidney:null
12-02 10:56:23.168  3730  3969 D gm      : [gm][526074995][tid_45](33)TaskSignalQueue-add n.gl@c9e3221
12-02 10:56:23.169  3730 21703 D gn      : [gn][526074995][tid_5846](64)packageName = com.vlife.ipro.magazine, className = com.vlife.TService
12-02 10:56:23.169  3730 21703 I kr      : [kr][526074996][tid_5846](51)[PushTimerReceiver]  PushTimerReceiver running
12-02 10:56:23.169  3730 21703 D PushProvider: [PushProvider][526074996][tid_5846](275)notifyShowPush
12-02 10:56:23.170  3730 21703 I PushProvider: [PushProvider][526074996][tid_5846](209)getPushController pushContentType = window
12-02 10:56:23.170  3730 21703 D PushProvider: [PushProvider][526074997][tid_5846](211)pushController:n.rd@4f969ea
12-02 10:56:23.170  3730 21703 I rd      : [rd][526074997][tid_5846](85)[notifyDataChange]
12-02 10:56:23.170  3730 21703 I PushProvider: [PushProvider][526074997][tid_5846](175)getContentHandler pushContentType = window
12-02 10:56:23.171  3730 21703 W rv      : [rv][526074997][tid_5846](85)db provider query:content://vlife/content
12-02 10:56:23.172  3730 21703 I fx      : [fx][526074999][tid_5846](86)getAllDisabled window 0
12-02 10:56:23.172  3730  4101 I StatisticsProvider: [StatisticsProvider][526074999][tid_54](466)[statistics_test] create packet xml : <item ua_action="net_change" ua_time="1512183383164" ua_event="awaken_timing_task" ua_process="lockscreen" index="3786" />
12-02 10:56:23.173  3730 21703 I rd      : [rd][526074999][tid_5846](98)[WindowController] notifyDataChange() diabledWindowDataList = []
12-02 10:56:23.173  3730 21703 W wd      : [wd][526074999][tid_5846](52)create preferences name:push_message
12-02 10:56:23.173  3730 21705 D TaskServiceProvider: [TaskServiceProvider][526075000][tid_5847](254)Bundle=Bundle[{triggerType=NET_CHANGE}] taskType=OperatingStartTask
12-02 10:56:23.173  3730 21703 I fy      : [fy][526075000][tid_5846](72)[downloadAll] isDownloading:false
12-02 10:56:23.173  3730 21705 D TaskServiceProvider: [TaskServiceProvider][526075000][tid_5847](258)getVlifeTask vlifeTask=n.gk@5c88007
12-02 10:56:23.173  3730 21705 I TaskServiceProvider: [TaskServiceProvider][526075000][tid_5847](351)[VlifeTaskService]  TaskRunnable  running task : OperatingStartTask ,delay : 0, cycle : 0 
12-02 10:56:23.173  3730 21703 I PushProvider: [PushProvider][526075000][tid_5846](175)getContentHandler pushContentType = window
12-02 10:56:23.174  3730 21705 I TaskServiceProvider: [TaskServiceProvider][526075000][tid_5847](377)backstage task system start up timing task ,task type is :OperatingStartTask, awaking type :NET_CHANGE
12-02 10:56:23.174  3730 21703 W rv      : [rv][526075000][tid_5846](85)db provider query:content://vlife/content
12-02 10:56:23.174  3730 21705 I gk      : [gk][526075000][tid_5847](44)TimingNetworkServerTask running, triggerType : NET_CHANGE
12-02 10:56:23.174  3730 21705 W wd      : [wd][526075001][tid_5847](52)create preferences name:timing_network_preference
12-02 10:56:23.174  3730 21705 I gk      : [gk][526075001][tid_5847](47)first time ready
12-02 10:56:23.175  3730 21705 D TaskServiceProvider: [TaskServiceProvider][526075001][tid_5847](239)getVlifeTask vlifeTask=n.sh@9cad534
12-02 10:56:23.175  3730 21705 I TaskServiceProvider: [TaskServiceProvider][526075001][tid_5847](146)VlifeExecutorService executing n.sh@9cad534
12-02 10:56:23.176  3730 21703 I PushProvider: [PushProvider][526075002][tid_5846](209)getPushController pushContentType = wallpaper_recommended
12-02 10:56:23.176  3730 21703 D PushProvider: [PushProvider][526075003][tid_5846](211)pushController:null
12-02 10:56:23.176  3730 21703 I PushProvider: [PushProvider][526075003][tid_5846](209)getPushController pushContentType = flash_content
12-02 10:56:23.176  3730 21703 D PushProvider: [PushProvider][526075003][tid_5846](211)pushController:null
12-02 10:56:23.177  3730 21703 I TaskServiceProvider: [TaskServiceProvider][526075003][tid_5846](379)[VlifeTaskService]  end  task : NetChangeReceiverTask
12-02 10:56:23.177  3730 21703 D gm      : [gm][526075003][tid_5846](48)TaskSignalQueue-remove n.gl@ea04e7d
12-02 10:56:23.177  3730 21705 I TaskServiceProvider: [TaskServiceProvider][526075002][tid_5847](186)PackageName is com.vlife.ipro.magazine
12-02 10:56:23.177  3730 21705 D TaskServiceProvider: [TaskServiceProvider][526075004][tid_5847](188)TaskServiceProvider task=sh,taskType=ua_time_send
12-02 10:56:23.178  3730 21705 I vt      : [vt][526075004][tid_5847](22)realPackageName:com.android.systemui vlifePackageName:com.vlife.ipro.magazine
12-02 10:56:23.178  3730 21705 I TaskServiceProvider: [TaskServiceProvider][526075004][tid_5847](156)shell product start vlife task
12-02 10:56:23.181  3730 21705 W wd      : [wd][526075005][tid_5847](52)create preferences name:userinfo
12-02 10:56:23.182  3730 21705 I qu      : [qu][526075008][tid_5847](70)executor c:class java.util.concurrent.ThreadPoolExecutor task c:class n.gn$1
12-02 10:56:23.183  3730  4099 I TaskServiceProvider: [TaskServiceProvider][526075009][tid_53](533)vlifeTaskOnStartCommand intent=#Intent;action=ua_time_send;package=com.vlife.ipro.magazine;component=com.vlife.ipro.magazine/com.vlife.TService;end
12-02 10:56:23.183  3730  4099 D TaskServiceProvider: [TaskServiceProvider][526075010][tid_53](545)pyramidney:null
12-02 10:56:23.183  3730  4099 D gm      : [gm][526075010][tid_53](33)TaskSignalQueue-add n.gl@28acf5d
12-02 10:56:23.184  3730 21703 D TaskServiceProvider: [TaskServiceProvider][526075010][tid_5846](254)Bundle=Bundle[{triggerType=NET_CHANGE, doTaskWithoutCondition=false}] taskType=ua_time_send
12-02 10:56:23.184  3730 21705 D gn      : [gn][526075010][tid_5847](64)packageName = com.vlife.ipro.magazine, className = com.vlife.TService
12-02 10:56:23.184  3730 21703 D TaskServiceProvider: [TaskServiceProvider][526075011][tid_5846](258)getVlifeTask vlifeTask=n.sh@f36d0d2
12-02 10:56:23.184  3730 21705 D TaskServiceProvider: [TaskServiceProvider][526075011][tid_5847](239)getVlifeTask vlifeTask=n.yy@26315a3
12-02 10:56:23.184  3730 21703 I TaskServiceProvider: [TaskServiceProvider][526075011][tid_5846](351)[VlifeTaskService]  TaskRunnable  running task : ua_time_send ,delay : 0, cycle : 21600000 
12-02 10:56:23.184  3730 21703 I TaskServiceProvider: [TaskServiceProvider][526075011][tid_5846](377)backstage task system start up timing task ,task type is :ua_time_send, awaking type :NET_CHANGE
12-02 10:56:23.184  3730 21705 I TaskServiceProvider: [TaskServiceProvider][526075011][tid_5847](146)VlifeExecutorService executing n.yy@26315a3
12-02 10:56:23.185  3730 21703 W wd      : [wd][526075011][tid_5846](52)create preferences name:timing_network_preference
12-02 10:56:23.185  3730 21705 I TaskServiceProvider: [TaskServiceProvider][526075011][tid_5847](186)PackageName is com.vlife.ipro.magazine
12-02 10:56:23.185  3730 21705 D TaskServiceProvider: [TaskServiceProvider][526075011][tid_5847](188)TaskServiceProvider task=yy,taskType=magazine_update
12-02 10:56:23.185  3730 21703 I jv      : [jv][526075012][tid_5846](84)first time ready type:ua_time_send
12-02 10:56:23.185  3730 21703 I jv      : [jv][526075012][tid_5846](86)judge timing task whether or not can run,judge task type is :ua_time_send
12-02 10:56:23.185  3730 21705 I vt      : [vt][526075012][tid_5847](22)realPackageName:com.android.systemui vlifePackageName:com.vlife.ipro.magazine
12-02 10:56:23.185  3730 21703 W wd      : [wd][526075012][tid_5846](52)create preferences name:timing_network_preference
12-02 10:56:23.185  3730 21705 I TaskServiceProvider: [TaskServiceProvider][526075012][tid_5847](156)shell product start vlife task
12-02 10:56:23.186  3730 21705 W wd      : [wd][526075012][tid_5847](52)create preferences name:userinfo
12-02 10:56:23.186  3730 21703 I qi      : [qi][526075013][tid_5846](244)currentApn:MOBILE
12-02 10:56:23.186  3730 21703 I qi      : [qi][526075013][tid_5846](213)currentApn:MOBILE
12-02 10:56:23.187  3730 21703 D jx      : [jx][526075013][tid_5846](47)canConnectNetWork result == true
12-02 10:56:23.187  3730 21705 I qu      : [qu][526075013][tid_5847](70)executor c:class java.util.concurrent.ThreadPoolExecutor task c:class n.gn$1
12-02 10:56:23.188  3730  4095 I TaskServiceProvider: [TaskServiceProvider][526075014][tid_51](533)vlifeTaskOnStartCommand intent=#Intent;action=magazine_update;package=com.vlife.ipro.magazine;component=com.vlife.ipro.magazine/com.vlife.TService;end
12-02 10:56:23.188  3730 21703 I qi      : [qi][526075014][tid_5846](244)currentApn:MOBILE
12-02 10:56:23.188  3730  4095 D TaskServiceProvider: [TaskServiceProvider][526075014][tid_51](545)pyramidney:null
12-02 10:56:23.188  3730  4095 D gm      : [gm][526075015][tid_51](33)TaskSignalQueue-add n.gl@3da10a0
12-02 10:56:23.188  3730 21703 I jv      : [jv][526075015][tid_5846](58)[TimingNetworkTask] NetStatus. 2G,return true 
12-02 10:56:23.189  3730 21705 D gn      : [gn][526075015][tid_5847](64)packageName = com.vlife.ipro.magazine, className = com.vlife.TService
12-02 10:56:23.189  3730 21705 D TaskServiceProvider: [TaskServiceProvider][526075016][tid_5847](239)getVlifeTask vlifeTask=n.sf@b8d281e
12-02 10:56:23.189  3730 21705 I TaskServiceProvider: [TaskServiceProvider][526075016][tid_5847](146)VlifeExecutorService executing n.sf@b8d281e
12-02 10:56:23.189  3730 21703 I pk      : [pk][526075016][tid_5846](600)isScreenLocked  isScreenOn:true inKeyguardRestrictedInputMode:false
12-02 10:56:23.190  3730 21705 I TaskServiceProvider: [TaskServiceProvider][526075016][tid_5847](186)PackageName is com.vlife.ipro.magazine
12-02 10:56:23.190  3730 21703 I jv      : [jv][526075016][tid_5846](60)[TimingNetworkTask] is not ScreenLocked,return true 
12-02 10:56:23.190  3730 21703 D jv      : [jv][526075016][tid_5846](116)canRun task=ua_time_send, result=29414025, frequency=21600000
12-02 10:56:23.190  3730 21705 D TaskServiceProvider: [TaskServiceProvider][526075016][tid_5847](188)TaskServiceProvider task=sf,taskType=get_push_message
12-02 10:56:23.190  3730 21703 D jv      : [jv][526075017][tid_5846](89)Judgment result can run , task type is ua_time_send , triggerType is :NET_CHANGE
12-02 10:56:23.190  3730 21705 I vt      : [vt][526075017][tid_5847](22)realPackageName:com.android.systemui vlifePackageName:com.vlife.ipro.magazine
12-02 10:56:23.190  3730 21703 I wd      : [wd][526075017][tid_5846](129)preference name:timing_network_preference putLongAndCommit key:timer_last_time_ua_time_send,value:1512183383190
12-02 10:56:23.190  3730 21705 I TaskServiceProvider: [TaskServiceProvider][526075017][tid_5847](156)shell product start vlife task
12-02 10:56:23.191  3730 21705 W wd      : [wd][526075017][tid_5847](52)create preferences name:userinfo
12-02 10:56:23.191  3730 21705 I qu      : [qu][526075018][tid_5847](70)executor c:class java.util.concurrent.ThreadPoolExecutor task c:class n.gn$1
12-02 10:56:23.192  3730  3969 I TaskServiceProvider: [TaskServiceProvider][526075019][tid_45](533)vlifeTaskOnStartCommand intent=#Intent;action=get_push_message;package=com.vlife.ipro.magazine;component=com.vlife.ipro.magazine/com.vlife.TService;end
12-02 10:56:23.193  3730  3969 D TaskServiceProvider: [TaskServiceProvider][526075019][tid_45](545)pyramidney:null
12-02 10:56:23.193  3730  3969 D gm      : [gm][526075019][tid_45](33)TaskSignalQueue-add n.gl@28768ff
12-02 10:56:23.194  3730 21705 D gn      : [gn][526075020][tid_5847](64)packageName = com.vlife.ipro.magazine, className = com.vlife.TService
12-02 10:56:23.194  3730 21708 D TaskServiceProvider: [TaskServiceProvider][526075021][tid_5849](254)Bundle=Bundle[{triggerType=NET_CHANGE, doTaskWithoutCondition=false}] taskType=get_push_message
12-02 10:56:23.194  3730 21708 D TaskServiceProvider: [TaskServiceProvider][526075021][tid_5849](258)getVlifeTask vlifeTask=n.sf@65fa82a
12-02 10:56:23.195  3730 21708 I TaskServiceProvider: [TaskServiceProvider][526075021][tid_5849](351)[VlifeTaskService]  TaskRunnable  running task : get_push_message ,delay : 0, cycle : 21600000 
12-02 10:56:23.195  3730 21708 I TaskServiceProvider: [TaskServiceProvider][526075021][tid_5849](377)backstage task system start up timing task ,task type is :get_push_message, awaking type :NET_CHANGE
12-02 10:56:23.195  3730 21707 D TaskServiceProvider: [TaskServiceProvider][526075021][tid_5848](254)Bundle=Bundle[{triggerType=NET_CHANGE, doTaskWithoutCondition=false}] taskType=magazine_update
12-02 10:56:23.195  3730 21708 W wd      : [wd][526075021][tid_5849](52)create preferences name:timing_network_preference
12-02 10:56:23.195  3730 21707 D TaskServiceProvider: [TaskServiceProvider][526075022][tid_5848](258)getVlifeTask vlifeTask=n.yy@673961b
12-02 10:56:23.195  3730 21708 I jv      : [jv][526075022][tid_5849](84)first time ready type:get_push_message
12-02 10:56:23.195  3730 21707 I TaskServiceProvider: [TaskServiceProvider][526075022][tid_5848](351)[VlifeTaskService]  TaskRunnable  running task : magazine_update ,delay : 0, cycle : 21600000 
12-02 10:56:23.195  3730 21708 I jv      : [jv][526075022][tid_5849](86)judge timing task whether or not can run,judge task type is :get_push_message
12-02 10:56:23.196  3730 21707 I TaskServiceProvider: [TaskServiceProvider][526075022][tid_5848](377)backstage task system start up timing task ,task type is :magazine_update, awaking type :NET_CHANGE
12-02 10:56:23.196  3730 21708 W wd      : [wd][526075022][tid_5849](52)create preferences name:timing_network_preference
12-02 10:56:23.196  3730 21707 W wd      : [wd][526075022][tid_5848](52)create preferences name:timing_network_preference
12-02 10:56:23.197  3730 21708 I qi      : [qi][526075023][tid_5849](244)currentApn:MOBILE
12-02 10:56:23.197  3730 21705 D TaskServiceProvider: [TaskServiceProvider][526075021][tid_5847](239)getVlifeTask vlifeTask=n.ajk@1ed8d15
12-02 10:56:23.197  3730 21705 I TaskServiceProvider: [TaskServiceProvider][526075024][tid_5847](146)VlifeExecutorService executing n.ajk@1ed8d15
12-02 10:56:23.197  3730 21708 I qi      : [qi][526075024][tid_5849](213)currentApn:MOBILE
12-02 10:56:23.197  3730 21705 I TaskServiceProvider: [TaskServiceProvider][526075024][tid_5847](186)PackageName is com.vlife.ipro.magazine
12-02 10:56:23.197  3730 21708 D jx      : [jx][526075024][tid_5849](47)canConnectNetWork result == true
12-02 10:56:23.198  3730 21705 D TaskServiceProvider: [TaskServiceProvider][526075024][tid_5847](188)TaskServiceProvider task=ajk,taskType=plugin_update
12-02 10:56:23.198  3730 21705 I vt      : [vt][526075025][tid_5847](22)realPackageName:com.android.systemui vlifePackageName:com.vlife.ipro.magazine
12-02 10:56:23.198  3730 21705 I TaskServiceProvider: [TaskServiceProvider][526075025][tid_5847](156)shell product start vlife task
12-02 10:56:23.198  3730 21708 I qi      : [qi][526075025][tid_5849](244)currentApn:MOBILE
12-02 10:56:23.199  3730 21705 W wd      : [wd][526075025][tid_5847](52)create preferences name:userinfo
12-02 10:56:23.199  3730 21708 I jv      : [jv][526075025][tid_5849](58)[TimingNetworkTask] NetStatus. 2G,return true 
12-02 10:56:23.199  3730 21705 I qu      : [qu][526075026][tid_5847](70)executor c:class java.util.concurrent.ThreadPoolExecutor task c:class n.gn$1
12-02 10:56:23.199  3730 21707 I jv      : [jv][526075023][tid_5848](84)first time ready type:magazine_update
12-02 10:56:23.200  3730 21707 I jv      : [jv][526075026][tid_5848](86)judge timing task whether or not can run,judge task type is :magazine_update
12-02 10:56:23.200  3730 21708 I pk      : [pk][526075026][tid_5849](600)isScreenLocked  isScreenOn:true inKeyguardRestrictedInputMode:false
12-02 10:56:23.200  3730 21707 D yy      : [yy][526075026][tid_5848](73)[magazine_down_content] [canRunnable]
12-02 10:56:23.200  3730 21708 I jv      : [jv][526075027][tid_5849](60)[TimingNetworkTask] is not ScreenLocked,return true 
12-02 10:56:23.200  3730 21707 W wd      : [wd][526075027][tid_5848](52)create preferences name:timing_network_preference
12-02 10:56:23.200  3730 21708 D jv      : [jv][526075027][tid_5849](116)canRun task=get_push_message, result=29414030, frequency=21600000
12-02 10:56:23.200  3730 21708 D jv      : [jv][526075027][tid_5849](89)Judgment result can run , task type is get_push_message , triggerType is :NET_CHANGE
12-02 10:56:23.201  3730 21708 I wd      : [wd][526075027][tid_5849](129)preference name:timing_network_preference putLongAndCommit key:timer_last_time_get_push_message,value:1512183383200
12-02 10:56:23.201  3730  4099 I TaskServiceProvider: [TaskServiceProvider][526075028][tid_53](533)vlifeTaskOnStartCommand intent=#Intent;action=plugin_update;package=com.vlife.ipro.magazine;component=com.vlife.ipro.magazine/com.vlife.TService;end
12-02 10:56:23.201  3730 21703 W wd      : [wd][526075028][tid_5846](134)timing_network_preference putLong timer_last_time_ua_time_send
12-02 10:56:23.201  3730  4099 D TaskServiceProvider: [TaskServiceProvider][526075028][tid_53](545)pyramidney:null
12-02 10:56:23.201  3730 21703 I sh      : [sh][526075028][tid_5846](23)UaTimerSendTask running
12-02 10:56:23.202  3730  4099 D gm      : [gm][526075028][tid_53](33)TaskSignalQueue-add n.gl@ad553b8
12-02 10:56:23.202  3730 21703 I qi      : [qi][526075029][tid_5846](244)currentApn:MOBILE
12-02 10:56:23.202  3730 21705 D gn      : [gn][526075029][tid_5847](64)packageName = com.vlife.ipro.magazine, className = com.vlife.TService
12-02 10:56:23.202  3730 21703 I sh      : [sh][526075029][tid_5846](33)send important ua. under GPRS 
12-02 10:56:23.203  3730 21705 W gk      : [gk][526075029][tid_5847](58)taskType upload_user_setting is error
12-02 10:56:23.203  3730 21705 W gk      : [gk][526075030][tid_5847](58)taskType download_file_delete is error
12-02 10:56:23.203  3730 21705 I TaskServiceProvider: [TaskServiceProvider][526075030][tid_5847](379)[VlifeTaskService]  end  task : OperatingStartTask
12-02 10:56:23.204  3730 21705 D gm      : [gm][526075030][tid_5847](48)TaskSignalQueue-remove n.gl@c9e3221
12-02 10:56:23.204  3730 21703 D StatisticsProvider: [StatisticsProvider][526075030][tid_5846](244)[statistics_test] 
12-02 10:56:23.204  3730 21703 W StatisticsProvider: [StatisticsProvider][526075031][tid_5846](247)[statistics_test] find ua file:/data/user_de/0/com.android.systemui/files/ua/no_ua_6.131.9.mui.dat.0
12-02 10:56:23.205  3730 21711 D TaskServiceProvider: [TaskServiceProvider][526075031][tid_5850](254)Bundle=Bundle[{triggerType=NET_CHANGE, doTaskWithoutCondition=false}] taskType=plugin_update
12-02 10:56:23.205  3730 21703 W StatisticsProvider: [StatisticsProvider][526075031][tid_5846](254)[statistics_test] not temp file:/data/user_de/0/com.android.systemui/files/ua/no_ua_6.131.9.mui.dat.0
12-02 10:56:23.205  3730 21711 D TaskServiceProvider: [TaskServiceProvider][526075032][tid_5850](258)getVlifeTask vlifeTask=n.ajk@4281cf6
12-02 10:56:23.205  3730 21711 I TaskServiceProvider: [TaskServiceProvider][526075032][tid_5850](351)[VlifeTaskService]  TaskRunnable  running task : plugin_update ,delay : 0, cycle : 21600000 
12-02 10:56:23.206  3730 21711 I TaskServiceProvider: [TaskServiceProvider][526075032][tid_5850](377)backstage task system start up timing task ,task type is :plugin_update, awaking type :NET_CHANGE
12-02 10:56:23.206  3730 21703 W StatisticsProvider: [StatisticsProvider][526075032][tid_5846](256)[statistics_test] not temp tmpFile:/data/user_de/0/com.android.systemui/files/ua/no_ua_6.131.9.mui.dat.0906.tmp
12-02 10:56:23.206  3730 21711 W wd      : [wd][526075032][tid_5850](52)create preferences name:timing_network_preference
12-02 10:56:23.206  3730 21703 W StatisticsProvider: [StatisticsProvider][526075033][tid_5846](258)[statistics_test] not temp tmpFile:/data/user_de/0/com.android.systemui/files/ua/no_ua_6.131.9.mui.dat.0906.tmp======================>rename
12-02 10:56:23.206  3730 21711 I jv      : [jv][526075033][tid_5850](84)first time ready type:plugin_update
12-02 10:56:23.206  3730 21711 I jv      : [jv][526075033][tid_5850](86)judge timing task whether or not can run,judge task type is :plugin_update
12-02 10:56:23.207  3730 21711 W wd      : [wd][526075033][tid_5850](52)create preferences name:timing_network_preference
12-02 10:56:23.207  3730 21703 I StatisticsProvider: [StatisticsProvider][526075033][tid_5846](174)[statistics_test] send ua file:/data/user_de/0/com.android.systemui/files/ua/no_ua_6.131.9.mui.dat.0906.tmp
12-02 10:56:23.207  3730 21703 D StatisticsProvider: [StatisticsProvider][526075034][tid_5846](224)[statistics_test] loadData filePath=/data/user_de/0/com.android.systemui/files/ua/no_ua_6.131.9.mui.dat.0906.tmp
12-02 10:56:23.208  3730 21708 W wd      : [wd][526075034][tid_5849](134)timing_network_preference putLong timer_last_time_get_push_message
12-02 10:56:23.208  3730 21711 I qi      : [qi][526075034][tid_5850](244)currentApn:MOBILE
12-02 10:56:23.208  3730 21708 I sf      : [sf][526075035][tid_5849](42)GetPushMessageTask starting
12-02 10:56:23.208  3730 21703 D oz      : [oz][526075034][tid_5846](87)[readBytesFile][len=906]
12-02 10:56:23.208  3730 21708 I sf      : [sf][526075035][tid_5849](44)[PushProvider] getPushMessageFromRemote
12-02 10:56:23.208  3730 21711 I qi      : [qi][526075035][tid_5850](213)currentApn:MOBILE
12-02 10:56:23.208  3730 21703 W oz      : [oz][526075035][tid_5846](91)read file:/data/user_de/0/com.android.systemui/files/ua/no_ua_6.131.9.mui.dat.0906.tmp length:906
12-02 10:56:23.208  3730 21711 D jx      : [jx][526075035][tid_5850](47)canConnectNetWork result == true
12-02 10:56:23.209  3730 21703 I StatisticsProvider: [StatisticsProvider][526075035][tid_5846](176)[statistics_test] [send_data_statistics_test] [original data:<item ua_event="request_push" ua_time="1512153969283" ua_process="lockscreen" index="3782" /><item ua_action="flash_content" ua_event="request_result" ua_time="1512153969800" ua_process="lockscreen" index="3783" /><item ua_action="wallpaper_recommended" ua_event="request_result" ua_time="1512153969808" ua_process="lockscreen" index="3784" /><item tag="TaskServiceProvider" message="[TaskServiceProvider][521861365][tid_1567](471)restartTimerTask allTastMap is error, taskName=upload_user_setting" name="unknown" count="71" error="[TaskServiceProvider][521861365][tid_1567](471)restartTimerTask allTastMap is error, taskName=upload_user_setting" author="songwenjun" ua_event="dev_thread_throwable" dev_version="6.131.9" ua_time="1512153969845" ua_process="lockscreen" index="3785" /><item ua_action="net_change" ua_time="1512183383164" ua_event="awaken_timing_task" ua_process="lockscreen" index="3786" />]
12-02 10:56:23.209  3730  4101 D StatisticsProvider: [StatisticsProvider][526075035][tid_54](434)[statistics_test] =======>write map:n.ep@a2b78f7
12-02 10:56:23.209  3730 21703 W StatisticsProvider: [StatisticsProvider][526075035][tid_5846](181)[statistics_test] [send_data_statistics_test] [not contain] [original data:<item ua_event="request_push" ua_time="1512153969283" ua_process="lockscreen" index="3782" /><item ua_action="flash_content" ua_event="request_result" ua_time="1512153969800" ua_process="lockscreen" index="3783" /><item ua_action="wallpaper_recommended" ua_event="request_result" ua_time="1512153969808" ua_process="lockscreen" index="3784" /><item tag="TaskServiceProvider" message="[TaskServiceProvider][521861365][tid_1567](471)restartTimerTask allTastMap is error, taskName=upload_user_setting" name="unknown" count="71" error="[TaskServiceProvider][521861365][tid_1567](471)restartTimerTask allTastMap is error, taskName=upload_user_setting" author="songwenjun" ua_event="dev_thread_throwable" dev_version="6.131.9" ua_time="1512153969845" ua_process="lockscreen" index="3785" /><item ua_action="net_change" ua_time="1512183383164" ua_event="awaken_timing_task" ua_process="lockscreen" index="3786" />]
12-02 10:56:23.209  3730  4101 I StatisticsProvider: [StatisticsProvider][526075035][tid_54](518)[statistics_test] filePath /data/user_de/0/com.android.systemui/files/ua/no_ua_6.131.9.mui.dat.0 
12-02 10:56:23.209  3730 21708 I sf      : [sf][526075036][tid_5849](75)getPushMessageProtocol db=n.rz@383954f
12-02 10:56:23.210  3730 21707 I qi      : [qi][526075036][tid_5848](244)currentApn:MOBILE
12-02 10:56:23.210  3730 21711 I qi      : [qi][526075036][tid_5850](244)currentApn:MOBILE
12-02 10:56:23.210  3730 21708 W rz      : [rz][526075037][tid_5849](85)db provider query:content://vlife/push_message
12-02 10:56:23.210  3730  4101 D oz      : [oz][526075037][tid_54](527)[crooooop] dir:/data/user_de/0/com.android.systemui/files/ua
12-02 10:56:23.211  3730  4101 D oz      : [oz][526075037][tid_54](532)parentDir:/data/user_de/0/com.android.systemui/files exists:true canWrite:true
12-02 10:56:23.212  3730  4101 W wd      : [wd][526075038][tid_54](52)create preferences name:userinfo
12-02 10:56:23.212  3730 21708 I sf      : [sf][526075039][tid_5849](89)getPushResut time = 0;type = local_private_message
12-02 10:56:23.212  3730 21708 I sf      : [sf][526075039][tid_5849](89)getPushResut time = 0;type = flash_content
12-02 10:56:23.212  3730  4101 I wd      : [wd][526075039][tid_54](79)preference name:userinfo getString key:uid,value:10433077265316
12-02 10:56:23.212  3730 21708 I sf      : [sf][526075039][tid_5849](89)getPushResut time = 0;type = panel
12-02 10:56:23.213  3730  4101 D wd      : [wd][526075039][tid_54](54)create preferences name:unique_user
12-02 10:56:23.213  3730 21708 I sf      : [sf][526075039][tid_5849](89)getPushResut time = 0;type = local_designer_works_type
12-02 10:56:23.213  3730 21708 I sf      : [sf][526075039][tid_5849](89)getPushResut time = 0;type = advertise
12-02 10:56:23.213  3730  4101 I wd      : [wd][526075039][tid_54](79)preference name:unique_user getString key:unique,value:5d8c1058ba47b5967617c90a64a661d8
12-02 10:56:23.213  3730 21708 I sf      : [sf][526075040][tid_5849](82)PushContentType Window type filter!!!
12-02 10:56:23.213  3730 21708 I sf      : [sf][526075040][tid_5849](89)getPushResut time = 1500012956000;type = ana_send
12-02 10:56:23.213  3730 21708 I sf      : [sf][526075040][tid_5849](89)getPushResut time = 1500539562000;type = switch_type
12-02 10:56:23.214  3730 21708 I sf      : [sf][526075040][tid_5849](89)getPushResut time = 0;type = normal_curl
12-02 10:56:23.214  3730  4101 D qi      : [qi][526075040][tid_54](409)[StatusUtil] refreshData context:com.vlife.plugin.module.tools.ModuleContextUtil$1@a7ab41a
12-02 10:56:23.214  3730 21708 I sf      : [sf][526075040][tid_5849](89)getPushResut time = 0;type = magazine_content
12-02 10:56:23.214  3730 21708 I sf      : [sf][526075041][tid_5849](89)getPushResut time = 1498743135000;type = upload_location
12-02 10:56:23.214  3730 21708 I sf      : [sf][526075041][tid_5849](89)getPushResut time = 1498743135000;type = upload_recent_apps
12-02 10:56:23.214  3730  4101 I vt      : [vt][526075041][tid_54](22)realPackageName:com.android.systemui vlifePackageName:com.vlife.ipro.magazine
12-02 10:56:23.214  3730 21708 I sf      : [sf][526075041][tid_5849](89)getPushResut time = 0;type = wallpaper_recommended
12-02 10:56:23.214  3730  4101 I AbstractApplicationStatus: [AbstractApplicationStatus][526075041][tid_54](387)packageName:com.vlife.ipro.magazine
12-02 10:56:23.214  3730 21708 I sf      : [sf][526075041][tid_5849](89)getPushResut time = 0;type = curl_page
12-02 10:56:23.215  3730 21708 I sf      : [sf][526075041][tid_5849](89)getPushResut time = 0;type = guide_push
12-02 10:56:23.215  3730 21708 I sf      : [sf][526075041][tid_5849](89)getPushResut time = 1500012956000;type = ana_important
12-02 10:56:23.215  3730 21708 I sf      : [sf][526075042][tid_5849](89)getPushResut time = 0;type = unknown
12-02 10:56:23.215  3730 21708 I sf      : [sf][526075042][tid_5849](89)getPushResut time = 1498743135000;type = upload_apps
12-02 10:56:23.215  3730 21708 I sf      : [sf][526075042][tid_5849](89)getPushResut time = 0;type = local_comment
12-02 10:56:23.216  3730 21708 I ServerProvider: [ServerProvider][526075042][tid_5849](123)toQuery n.li@967f364
12-02 10:56:23.216  3730 21703 W wd      : [wd][526075042][tid_5846](52)create preferences name:userinfo
12-02 10:56:23.216  3730 21708 W wd      : [wd][526075042][tid_5849](52)create preferences name:userinfo
12-02 10:56:23.216  3730 21703 I wd      : [wd][526075043][tid_5846](79)preference name:userinfo getString key:uid,value:10433077265316
12-02 10:56:23.216  3730 21703 D wd      : [wd][526075043][tid_5846](54)create preferences name:unique_user
12-02 10:56:23.216  3730 21708 D uq      : [uq][526075043][tid_5849](241)getIProtocolHandler  SubDomain : push , Xmlns: jabber:iq:push, Method : simple:push ,isSimple : true ,handler :n.uj@c349cd
12-02 10:56:23.216  3730 21703 I wd      : [wd][526075043][tid_5846](79)preference name:unique_user getString key:unique,value:5d8c1058ba47b5967617c90a64a661d8
12-02 10:56:23.217  3730 21708 I uq      : [uq][526075043][tid_5849](158)id:3642d9d42efa38a
12-02 10:56:23.217  3730 21703 D qi      : [qi][526075043][tid_5846](409)[StatusUtil] refreshData context:com.vlife.plugin.module.tools.ModuleContextUtil$1@a7ab41a
12-02 10:56:23.217  3730 21708 I uq      : [uq][526075043][tid_5849](160)[NewHttpService] blockSend id = 3642d9d42efa38a,step1 = 0
12-02 10:56:23.217  3730 21708 I uq      : [uq][526075044][tid_5849](164)[NewHttpService] blockSend id = 3642d9d42efa38a,step2 = 0
12-02 10:56:23.217  3730 21703 I vt      : [vt][526075044][tid_5846](22)realPackageName:com.android.systemui vlifePackageName:com.vlife.ipro.magazine
12-02 10:56:23.217  3730 21703 I AbstractApplicationStatus: [AbstractApplicationStatus][526075044][tid_5846](387)packageName:com.vlife.ipro.magazine
12-02 10:56:23.217  3730 21708 I uq      : [uq][526075044][tid_5849](139)this:n.uq@1bd2f61  sender:n.uo@802ea86
12-02 10:56:23.217  3730 21708 D ur      : [ur][526075044][tid_5849](44)push a handler : uj
12-02 10:56:23.218  3730 21707 I qi      : [qi][526075044][tid_5848](213)currentApn:MOBILE
12-02 10:56:23.218  3730 21707 D jx      : [jx][526075045][tid_5848](47)canConnectNetWork result == true
12-02 10:56:23.218  3730 21707 D yy      : [yy][526075045][tid_5848](78)[magazine_down_content] [canRunnable] has net true
12-02 10:56:23.218  3730 21707 D jv      : [jv][526075045][tid_5848](116)canRun task=magazine_update, result=29413378, frequency=21600000
12-02 10:56:23.219  3730 21707 D jv      : [jv][526075045][tid_5848](89)Judgment result can run , task type is magazine_update , triggerType is :NET_CHANGE
12-02 10:56:23.219  3730 21707 I wd      : [wd][526075045][tid_5848](129)preference name:timing_network_preference putLongAndCommit key:timer_last_time_magazine_update,value:1512183383219
12-02 10:56:23.220  3730 21711 I jv      : [jv][526075047][tid_5850](58)[TimingNetworkTask] NetStatus. 2G,return true 
12-02 10:56:23.221  3730 21711 I pk      : [pk][526075048][tid_5850](600)isScreenLocked  isScreenOn:true inKeyguardRestrictedInputMode:false
12-02 10:56:23.221  3730  4101 I AbstractApplicationStatus: [AbstractApplicationStatus][526075048][tid_54](387)packageName:com.vlife.ipro.magazine
12-02 10:56:23.221  3730 21711 I jv      : [jv][526075048][tid_5850](60)[TimingNetworkTask] is not ScreenLocked,return true 
12-02 10:56:23.222  3730  4101 D qi      : [qi][526075048][tid_54](409)[StatusUtil] refreshData context:com.vlife.plugin.module.tools.ModuleContextUtil$1@a7ab41a
12-02 10:56:23.224  3730 21711 D jv      : [jv][526075050][tid_5850](116)canRun task=plugin_update, result=29414060, frequency=21600000
12-02 10:56:23.224  3730 21711 D jv      : [jv][526075050][tid_5850](89)Judgment result can run , task type is plugin_update , triggerType is :NET_CHANGE
12-02 10:56:23.224  3730  4101 W wd      : [wd][526075049][tid_54](52)create preferences name:next_key
12-02 10:56:23.224  3730 21711 I wd      : [wd][526075051][tid_5850](129)preference name:timing_network_preference putLongAndCommit key:timer_last_time_plugin_update,value:1512183383224
12-02 10:56:23.227  3730 21707 W wd      : [wd][526075053][tid_5848](134)timing_network_preference putLong timer_last_time_magazine_update
12-02 10:56:23.227  3730 21707 I vt      : [vt][526075053][tid_5848](22)realPackageName:com.android.systemui vlifePackageName:com.vlife.ipro.magazine
12-02 10:56:23.227  3730 21707 I vt      : [vt][526075054][tid_5848](22)realPackageName:com.android.systemui vlifePackageName:com.vlife.ipro.magazine
12-02 10:56:23.227  3730  4101 I vt      : [vt][526075051][tid_54](22)realPackageName:com.android.systemui vlifePackageName:com.vlife.ipro.magazine
12-02 10:56:23.228  3730  4101 I ApplicationStatus: [ApplicationStatus][526075054][tid_54](362)isSameProcessType lockscreen lockscreen true
12-02 10:56:23.228  3730  4459 I un      : [un][526075054][tid_102](46)http send list:[n.uj@c349cd]
12-02 10:56:23.228  3730  4101 I ApplicationStatus: [ApplicationStatus][526075054][tid_54](367)isSameProcessType lockscreen lockscreen true
12-02 10:56:23.228  3730  4101 I wd      : [wd][526075055][tid_54](79)preference name:next_key getString key:currentLockscreen,value:465
12-02 10:56:23.229  3730 21703 I AbstractApplicationStatus: [AbstractApplicationStatus][526075055][tid_5846](387)packageName:com.vlife.ipro.magazine
12-02 10:56:23.230  3730 21703 D qi      : [qi][526075056][tid_5846](409)[StatusUtil] refreshData context:com.vlife.plugin.module.tools.ModuleContextUtil$1@a7ab41a
12-02 10:56:23.230  3730 21703 W wd      : [wd][526075056][tid_5846](52)create preferences name:next_key
12-02 10:56:23.230  3730 21703 I vt      : [vt][526075057][tid_5846](22)realPackageName:com.android.systemui vlifePackageName:com.vlife.ipro.magazine
12-02 10:56:23.230  3730 21703 I ApplicationStatus: [ApplicationStatus][526075057][tid_5846](362)isSameProcessType lockscreen lockscreen true
12-02 10:56:23.230  3730  4459 I ue      : [ue][526075057][tid_102](75)create segment class n.uj use time:2472us
12-02 10:56:23.231  3730 21703 I ApplicationStatus: [ApplicationStatus][526075057][tid_5846](367)isSameProcessType lockscreen lockscreen true
12-02 10:56:23.231  3730 21703 I wd      : [wd][526075057][tid_5846](79)preference name:next_key getString key:currentLockscreen,value:465
12-02 10:56:23.231  3730  4459 I uu      : [uu][526075057][tid_102](28)getRidAndIncrement :11
12-02 10:56:23.231  3730 21703 I kp      : [kp][526075058][tid_5846](49)get nextWallpaper id:465
12-02 10:56:23.231  3730  4459 I um      : [um][526075058][tid_102](112)Request url : http://115.28.84.237/a/1/?p=a&v=5&c=g&st=4586dde9604cf39d33acfe7c62ac6a84&sv=6.131&az=android-ipro-magazine&id=10433077265316&sid=7f549c0310003ef3@a1.stage.vlife.com
12-02 10:56:23.233  3730  4101 I kp      : [kp][526075055][tid_54](49)get nextWallpaper id:465
12-02 10:56:23.234  3730  4101 D StatisticsProvider: [StatisticsProvider][526075060][tid_54](349)[statistics_test] =============> setHead
12-02 10:56:23.234  3730  4459 I um      : [um][526075060][tid_102](121)Request content : <body rid="11" count="1" wait="2" sid="7f549c0310003ef3@a1.stage.vlife.com"><iq to="push.stage.vlife.com" id="3642d9d42efa38a" type="get"><query xmlns="jabber:iq:push"><method name="simple:push" version="1"><beans xmlns="http://www.handpet.com/config/beans" version="1.0"><bean name="simple_push_message"><property name="isVlifeWallpaperShown" value="-1"/><property name="enabled" value="1"/><property name="frequency" value="0"/><property name="pushMessageDataList"><list><bean name="push_message_data"><property name="time" value="0"/><property name="type" value="local_private_message"/></bean><bean name="push_message_data"><property name="time" value="0"/><property name="type" value="flash_content"/></bean><bean name="push_message_data"><property name="time" value="0"/><property name="type" value="panel"/></bean><bean name="push_message_data"><property name="time" value="0"/><property name="type" value="local_designer_works_type"/></bean><bean name="push_message_data"><property name="time" value="0"/><property name="type" value="advertise"/></bean><bean name="push_message_data"><property name="time" value="1500012956000"/><property name="type" value="ana_send"/></bean><bean name="push_message_data"><property name="time" value="1500539562000"/><property name="type" value="switch_type"/></bean><bean name="push_message_data"><property name="time" value="0"/><property name="type" value="normal_curl"/></bean><bean name="push_message_data"><property name="time" value="0"/><property name="type" value="magazine_content"/></bean><bean name="push_message_data"><property name="time" value="1498743135000"/><property name="type" value="upload_location"/></bean><bean name="push_message_data"><property name="time" value="1498743135000"/><property name="type" value="upload_recent_apps"/></bean><bean name="push_message_data"><property name="time" value="0"/><property name="type" value="wallpaper_recommended"/></bean><bean name="push_message_data"><property name="time" value="0"/><property name="type" value="curl_page"/></bean><bean name="push_message_data"><property name="time" value="0"/><property name="type" value="guide_push"/></bean><bean name="push_message_data"><property name="time" value="1500012956000"/><property name="type" value="ana_important"/></bean><bean name="push_message_data"><property name="time" value="0"/><property name="type" value="unknown"/></bean><bean name="push_message_data"><property name="time" value="1498743135000"/><property name="type" value="upload_apps"/></bean><bean name="push_message_data"><property name="time" value="0"/><property name="type" value="local_comment"/></bean></list></property></bean></beans></method></query></iq></body>
12-02 10:56:23.234  3730  4459 D um      : [um][526075061][tid_102](127)[HttpCoreOperatorS] userAgent:Mozilla/5.0 (Linux; U; Android 7.0; zh-cn; AOSP on Shamu Build/NBD90Z) AppleWebKit/534.30 (KHTML, like Gecko) Version/4.0 Mobile Safari/534.30
12-02 10:56:23.234  3730 21703 D StatisticsProvider: [StatisticsProvider][526075061][tid_5846](349)[statistics_test] =============> setHead
12-02 10:56:23.234  3730  4101 I StatisticsProvider: [StatisticsProvider][526075061][tid_54](520)[statistics_test] ====canWrite====
12-02 10:56:23.234  3730  4459 D um      : [um][526075061][tid_102](131)httpPost. httpClient = n.kh@d9c633d
12-02 10:56:23.234  3730  4101 D StatisticsProvider: [StatisticsProvider][526075061][tid_54](441)[statistics_test] =======>write path:/data/user_de/0/com.android.systemui/files/ua/no_ua_6.131.9.mui.dat.0
12-02 10:56:23.234  3730  4459 I kg      : [kg][526075061][tid_102](318)doExecute request=org.apache.http.client.methods.HttpPost@5311282
