12-02 10:56:25.772  3730  4459 D kg      : [kg][526077598][tid_102](322)uri = http://115.28.84.237/a/1/?p=a&v=5&c=g&st=4586dde9604cf39d33acfe7c62ac6a84&sv=6.131&az=android-ipro-magazine&id=10433077265316&sid=7f549c0310003f3c@a1.stage.vlife.com
12-02 10:56:25.773  3730  4459 D kg      : [kg][526077599][tid_102](325)header name = platform, value = android
12-02 10:56:25.775  3730  4459 D kg      : [kg][526077600][tid_102](325)header name = User-Agent, value = Mozilla/5.0 (Linux; U; Android 7.0; zh-cn; AOSP on Shamu Build/NBD90Z) AppleWebKit/534.30 (KHTML, like Gecko) Version/4.0 Mobile Safari/534.30
12-02 10:56:25.776  3730  4459 I kg      : [kg][526077603][tid_102](378)doGetAllHeaders
12-02 10:56:25.777  3730  4459 I kg      : [kg][526077604][tid_102](336)doGetStatusCode
12-02 10:56:25.778  3730  4459 I um      : [um][526077604][tid_102](137)response code:206
12-02 10:56:25.779  3730  4459 I kg      : [kg][526077605][tid_102](352)doGetEntityByteArray
12-02 10:56:25.782  3730  4459 I ug      : [ug][526077607][tid_102](47)inflate length:5847
12-02 10:56:25.790  3730  4459 I um      : [um][526077615][tid_102](174)response CONTENT <body xmlns="http://jabber.org/protocol/httpbind" rid="5" sid="7f549c0310003f3c@a1.stage.vlife.com" ><iq from="interactive.stage.vlife.com" to="10433077265316@a1.stage.vlife.com/android-2.1-pet" id="3642d9d42efa38c" sid="7f549c0310003f3c@a1.stage.vlife.com" type="result"><query xmlns="jabber:iq:interactive"><method name="simple:plugin:update"><beans xmlns="http://www.handpet.com/config/beans" version="1.0"><bean name="simple_plugin_update_protocol"><property name="api_verison" value="140"/><property name="pluginMap"><map/></property></bean></beans></method></query></iq><iq from="magazine.stage.vlife.com" to="10433077265316@a1.stage.vlife.com/android-2.1-pet" id="3642d9d42efa38d" sid="7f549c0310003f3c@a1.stage.vlife.com" type="result"><query xmlns="jabber:iq:magazine"><method name="simple:magazine:content:list:by:source"><beans xmlns="http://www.handpet.com/config/beans" version="1.0"><bean name="simple_magazine_content_list_by_source_protocol"><property name="st" value="1501148294412"/><property name="mn" value="0"/><property name="cl"><list><bean name="magazine_conetent_data"><property name="suc" value=""/><property name="df"><bean name="file"><property name="path" value="wallpaperzf/1/4716/14716.zip.pet"/><property name="length" value="2523789"/></bean></property><property name="time_start" value="1500854400000"/><property name="jump_map"><map><entry key="inside_open_url" value="http://3g.163.com/touch/?tid=10437251&amp;f=2&amp;fid=513"/></map></property><property name="main_plugin"><bean name="plugin"><property name="file"><bean name="file"/></property><property name="packageName" value="com.vlife.plugin.card.engine"/><property name="version" value="0"/><property name="network" value="0"/></bean></property><property name="source" value=""/><property name="title" value=""/><property name="type" value="static"/><property name="content" value=""/><property name="enabled" value="1"/><property name="network" value="1"/><property name="sus" value=""/><property name="file"><bean name="file"><property name="path" value="f/background/20170120/78851.jpg.pet"/><property name="length" value="1253354"/><property name="hash" value="2b393b7b286608a4a3c36d9702efecbc"/></bean></property><property name="id" value="513"/><property name="time_end" value="1502884800000"/><property name="ad" value="0"/><property name="source_data"><bean name="magazine_source_data"><property name="p"><bean name="file"><property name="path" value="wallpaper/source/20160124/1453637816_uZl7oj.jpg.pet"/><property name="length" value="138390"/><property name="hash" value="1bd500f07939e755c44dec0a338de03e"/></bean></property><property name="s" value="50"/><property name="e" value="1"/><property name="i" value="2"/><property name="description" value=""/><property name="n" value=""/><property name="ds" value="1"/></bean></property><property name="detail_title" value=""/><property name="sequence" value="1"/><property name="tf"><bean name="file"><property name="path" value="f/thumbnail/20170120/78851_thumb.jpg.pet"/><property name="length" value="19050"/><property name="hash" value="23f851330e067311b746b6c243415eb0"/></bean></property><property name="name" value=""/><property name="time" value="1500889721286"/></bean><bean name="magazine_conetent_data"><property name="df"><bean name="file"><property name="path" value="wallpaperzf/1/4939/14939.zip.pet"/><property name="length" value="1056147"/></bean></property><property name="time_start" value="1500854400000"/><property name="jump_map"><map/></property><property name="main_plugin"><bean name="plugin"><property name="file"><bean name="file"/></property><property name="packageName" value="com.vlife.plugin.card.engine"/><property name="version" value="0"/><property name="network" value="0"/></bean></property><property name="source" value=""/><property name="title" value=""/><property name="type" value="static"/><property name="
12-02 10:56:25.799  3730  4459 I um      : [um][526077625][tid_102](206)build new Iparser current:iq
12-02 10:56:25.800  3730  4459 I uu      : [uu][526077626][tid_102](21)getRid :6
12-02 10:56:25.803  3730  4459 I um      : [um][526077628][tid_102](212)use old Iparser current:iq
12-02 10:56:25.803  3730  4459 I un      : [un][526077630][tid_102](58)http send type:OK
12-02 10:56:25.804  3730  4459 D uq      : [uq][526077631][tid_102](69)id:3642d9d42efa38d countDownMap
12-02 10:56:25.807  3730 21707 I uq      : [uq][526077632][tid_5848](169)[NewHttpService] blockSend id = 3642d9d42efa38d,step4 = 2512
12-02 10:56:25.808  3730 21707 I uq      : [uq][526077634][tid_5848](171)[NewHttpService] blockSend id = 3642d9d42efa38d,step5 = 2513
12-02 10:56:25.809  3730  4459 D uq      : [uq][526077636][tid_102](73)hanldeReceiving ! getCurrentTagName:iq
12-02 10:56:25.810  3730 21707 D uq      : [uq][526077635][tid_5848](172)callback : n.ym$3@4611c7c
12-02 10:56:25.811  3730 21707 D uq      : [uq][526077637][tid_5848](174)parser:n.gp@94b5d5a
12-02 10:56:25.811  3730  4459 I un      : [un][526077637][tid_102](43)http send thread run
12-02 10:56:25.812  3730 21764 D uj      : [uj][526077638][tid_5864](86)from:interactive.stage.vlife.com type:result subDomain:interactive
12-02 10:56:25.812  3730 21764 D uj      : [uj][526077638][tid_5864](92)xmlns : jabber:iq:interactive method : simple:plugin:update
12-02 10:56:25.812  3730  4459 D ur      : [ur][526077638][tid_102](72)waiting list Condition signal heartIndex:1 waitTime:4
12-02 10:56:25.812  3730 21764 I uj      : [uj][526077639][tid_5864](94)n.uj start method type:result
12-02 10:56:25.813  3730 21764 D uj      : [uj][526077639][tid_5864](69)xml:<beans xmlns="http://www.handpet.com/config/beans" version="1.0"><bean name="simple_plugin_update_protocol"><property name="api_verison" value="140"/><property name="pluginMap"><map/></property></bean></beans>
12-02 10:56:25.813  3730 21707 D uj      : [uj][526077638][tid_5848](86)from:magazine.stage.vlife.com type:result subDomain:magazine
12-02 10:56:25.813  3730 21764 D fe      : [fe][526077640][tid_5864](61)data:simple_plugin_update_protocol
12-02 10:56:25.814  3730 21764 I fe      : [fe][526077640][tid_5864](73)[VTDDataHelper] simpleData = n.cp@9245b8b
12-02 10:56:25.814  3730 21707 D uj      : [uj][526077640][tid_5848](92)xmlns : jabber:iq:magazine method : simple:magazine:content:list:by:source
12-02 10:56:25.814  3730 21764 I uj      : [uj][526077641][tid_5864](103)n.uj end cost time:2 result:n.cp@9245b8b
12-02 10:56:25.815  3730 21764 D uq      : [uq][526077641][tid_5864](95)handler:n.uj@462e1d0 parser:n.gp@e18468 callback:n.ajk$2@6cd4081 left:17428
12-02 10:56:25.816  3730 21711 I jv      : [jv][526077642][tid_5850](95)TimingNetworkTimerServerTask end , task : plugin_update 
12-02 10:56:25.817  3730 21711 I TaskServiceProvider: [TaskServiceProvider][526077643][tid_5850](379)[VlifeTaskService]  end  task : plugin_update
12-02 10:56:25.817  3730 21707 I uj      : [uj][526077641][tid_5848](94)n.uj start method type:result
12-02 10:56:25.818  3730 21711 I TaskServiceProvider: [TaskServiceProvider][526077644][tid_5850](382)[VlifeTaskService]  this task is Cycle ,task : plugin_update , time : 21600000 
12-02 10:56:25.818  3730 21707 D uj      : [uj][526077644][tid_5848](69)xml:<beans xmlns="http://www.handpet.com/config/beans" version="1.0"><bean name="simple_magazine_content_list_by_source_protocol"><property name="st" value="1501148294412"/><property name="mn" value="0"/><property name="cl"><list><bean name="magazine_conetent_data"><property name="suc" value=""/><property name="df"><bean name="file"><property name="path" value="wallpaperzf/1/4716/14716.zip.pet"/><property name="length" value="2523789"/></bean></property><property name="time_start" value="1500854400000"/><property name="jump_map"><map><entry key="inside_open_url" value="http://3g.163.com/touch/?tid=10437251&amp;f=2&amp;fid=513"/></map></property><property name="main_plugin"><bean name="plugin"><property name="file"><bean name="file"/></property><property name="packageName" value="com.vlife.plugin.card.engine"/><property name="version" value="0"/><property name="network" value="0"/></bean></property><property name="source" value=""/><property name="title" value=""/><property name="type" value="static"/><property name="content" value=""/><property name="enabled" value="1"/><property name="network" value="1"/><property name="sus" value=""/><property name="file"><bean name="file"><property name="path" value="f/background/20170120/78851.jpg.pet"/><property name="length" value="1253354"/><property name="hash" value="2b393b7b286608a4a3c36d9702efecbc"/></bean></property><property name="id" value="513"/><property name="time_end" value="1502884800000"/><property name="ad" value="0"/><property name="source_data"><bean name="magazine_source_data"><property name="p"><bean name="file"><property name="path" value="wallpaper/source/20160124/1453637816_uZl7oj.jpg.pet"/><property name="length" value="138390"/><property name="hash" value="1bd500f07939e755c44dec0a338de03e"/></bean></property><property name="s" value="50"/><property name="e" value="1"/><property name="i" value="2"/><property name="description" value=""/><property name="n" value=""/><property name="ds" value="1"/></bean></property><property name="detail_title" value=""/><property name="sequence" value="1"/><property name="tf"><bean name="file"><property name="path" value="f/thumbnail/20170120/78851_thumb.jpg.pet"/><property name="length" value="19050"/><property name="hash" value="23f851330e067311b746b6c243415eb0"/></bean></property><property name="name" value=""/><property name="time" value="1500889721286"/></bean><bean name="magazine_conetent_data"><property name="df"><bean name="file"><property name="path" value="wallpaperzf/1/4939/14939.zip.pet"/><property name="length" value="1056147"/></bean></property><property name="time_start" value="1500854400000"/><property name="jump_map"><map/></property><property name="main_plugin"><bean name="plugin"><property name="file"><bean name="file"/></property><property name="packageName" value="com.vlife.plugin.card.engine"/><property name="version" value="0"/><property name="network" value="0"/></bean></property><property name="source" value=""/><property name="title" value=""/><property name="type" value="static"/><property name="content" value=""/><property name="enabled" value="1"/><property name="network" value="1"/><property name="file"><bean name="file"><property name="path" value="f/background/20170309/79629.jpg.pet"/><property name="length" value="519688"/><property name="hash" value="7e4d70e9037c1d28d10e9df03ae55659"/></bean></property><property name="id" value="739"/><property name="time_end" value="1502884800000"/><property name="ad" value="0"/><property name="source_data"><bean name="magazine_source_data"><property name="p"><bean name="file"><property name="path" value="wallpaper/source/20160126/1453803194_f47tyg.jpg.pet"/><property name="length" value="99703"/><property name="hash" value="8f870bd90d8
12-02 10:56:25.819  3730 21711 I vt      : [vt][526077645][tid_5850](22)realPackageName:com.android.systemui vlifePackageName:com.vlife.ipro.magazine
12-02 10:56:25.820  3730 21707 D fe      : [fe][526077646][tid_5848](61)data:simple_magazine_content_list_by_source_protocol
12-02 10:56:25.820  3730 21707 I fe      : [fe][526077647][tid_5848](73)[VTDDataHelper] simpleData = n.dw@3d1f526
12-02 10:56:25.820  3730 21711 D gn      : [gn][526077646][tid_5850](96)VlifeTaskService schedule task=plugin_update, isCycleOrDelay=true,time=21600000,requestCode=93687749
12-02 10:56:25.821  3730 21707 D fe      : [fe][526077647][tid_5848](61)data:magazine_conetent_data
12-02 10:56:25.821  3730 21707 I fe      : [fe][526077648][tid_5848](73)[VTDDataHelper] simpleData = n.bi@a7b2567
12-02 10:56:25.822  3730 21707 D fe      : [fe][526077648][tid_5848](61)data:file
12-02 10:56:25.822  3730 21711 I gn      : [gn][526077649][tid_5850](100)[VlifeTaskService] [next awake intervalMillis] [21600000]
12-02 10:56:25.823  3730 21707 I fe      : [fe][526077649][tid_5848](73)[VTDDataHelper] simpleData = n.e@7e7f14
12-02 10:56:25.823  3730 21707 D fe      : [fe][526077650][tid_5848](61)data:plugin
12-02 10:56:25.824  3730 21707 I fe      : [fe][526077650][tid_5848](73)[VTDDataHelper] simpleData = n.ad@e0c63bd
12-02 10:56:25.824  3730 21711 D gm      : [gm][526077650][tid_5850](48)TaskSignalQueue-remove n.gl@ad553b8
12-02 10:56:25.824  3730 21765 D gn      : [gn][526077650][tid_5865](104)task run
12-02 10:56:25.824  3730 21707 D fe      : [fe][526077651][tid_5848](61)data:file
12-02 10:56:25.825  3730 21707 I fe      : [fe][526077651][tid_5848](73)[VTDDataHelper] simpleData = n.e@2d83db2
12-02 10:56:25.825  3730 21765 W wd      : [wd][526077651][tid_5865](52)create preferences name:timing_network_preference
12-02 10:56:25.826  3730 21707 D fe      : [fe][526077652][tid_5848](61)data:file
12-02 10:56:25.827  3730 21707 I fe      : [fe][526077653][tid_5848](73)[VTDDataHelper] simpleData = n.e@28ab103
12-02 10:56:25.827  3730 21765 I jv      : [jv][526077653][tid_5865](84)first time ready type:plugin_update
12-02 10:56:25.827  3730 21707 D fe      : [fe][526077654][tid_5848](61)data:magazine_source_data
12-02 10:56:25.828  3730 21765 I jv      : [jv][526077654][tid_5865](86)judge timing task whether or not can run,judge task type is :plugin_update
12-02 10:56:25.828  3730 21707 I fe      : [fe][526077654][tid_5848](73)[VTDDataHelper] simpleData = n.bk@24e7880
12-02 10:56:25.828  3730 21707 D fe      : [fe][526077655][tid_5848](61)data:file
12-02 10:56:25.829  3730 21765 W wd      : [wd][526077655][tid_5865](52)create preferences name:timing_network_preference
12-02 10:56:25.829  3730 21707 I fe      : [fe][526077655][tid_5848](73)[VTDDataHelper] simpleData = n.e@7207eb9
12-02 10:56:25.830  3730 21707 D fe      : [fe][526077656][tid_5848](61)data:file
12-02 10:56:25.830  3730 21765 I qi      : [qi][526077657][tid_5865](244)currentApn:MOBILE
12-02 10:56:25.830  3730 21707 I fe      : [fe][526077657][tid_5848](73)[VTDDataHelper] simpleData = n.e@b8882fe
12-02 10:56:25.831  3730 21765 I qi      : [qi][526077657][tid_5865](213)currentApn:MOBILE
12-02 10:56:25.831  3730 21765 D jx      : [jx][526077657][tid_5865](47)canConnectNetWork result == true
12-02 10:56:25.831  3730 21707 D fe      : [fe][526077657][tid_5848](61)data:magazine_conetent_data
12-02 10:56:25.832  3730 21707 I fe      : [fe][526077658][tid_5848](73)[VTDDataHelper] simpleData = n.bi@f7d5a5f
12-02 10:56:25.832  3730 21765 I qi      : [qi][526077658][tid_5865](244)currentApn:MOBILE
12-02 10:56:25.832  3730 21765 I jv      : [jv][526077659][tid_5865](58)[TimingNetworkTask] NetStatus. 2G,return true 
12-02 10:56:25.832  3730 21707 D fe      : [fe][526077659][tid_5848](61)data:file
12-02 10:56:25.833  3730 21707 I fe      : [fe][526077659][tid_5848](73)[VTDDataHelper] simpleData = n.e@e629cac
12-02 10:56:25.833  3730 21765 I pk      : [pk][526077660][tid_5865](600)isScreenLocked  isScreenOn:true inKeyguardRestrictedInputMode:false
12-02 10:56:25.833  3730 21707 D fe      : [fe][526077660][tid_5848](61)data:plugin
12-02 10:56:25.833  3730 21765 I jv      : [jv][526077660][tid_5865](60)[TimingNetworkTask] is not ScreenLocked,return true 
12-02 10:56:25.834  3730 21765 D jv      : [jv][526077660][tid_5865](116)canRun task=plugin_update, result=2610, frequency=21600000
12-02 10:56:25.834  3730 21707 I fe      : [fe][526077660][tid_5848](73)[VTDDataHelper] simpleData = n.ad@4c14d75
12-02 10:56:25.834  3730 21765 D jv      : [jv][526077661][tid_5865](120)Judgment result can not run , reason :Minimum time interval is not satisfied, task type is plugin_update
12-02 10:56:25.834  3730 21765 W jv      : [jv][526077661][tid_5865](93)task : plugin_update can't run!
12-02 10:56:25.834  3730 21707 D fe      : [fe][526077661][tid_5848](61)data:file
12-02 10:56:25.834  3730 21765 I jv      : [jv][526077661][tid_5865](95)TimingNetworkTimerServerTask end , task : plugin_update 
12-02 10:56:25.837  3730 21707 I fe      : [fe][526077661][tid_5848](73)[VTDDataHelper] simpleData = n.e@965d10a
12-02 10:56:25.838  3730 21707 D fe      : [fe][526077664][tid_5848](61)data:file
12-02 10:56:25.839  3730 21707 I fe      : [fe][526077665][tid_5848](73)[VTDDataHelper] simpleData = n.e@dc73d7b
12-02 10:56:25.839  3730 21707 D fe      : [fe][526077666][tid_5848](61)data:magazine_source_data
12-02 10:56:25.840  3730 21707 I fe      : [fe][526077666][tid_5848](73)[VTDDataHelper] simpleData = n.bk@ab2d798
12-02 10:56:25.840  3730 21707 D fe      : [fe][526077667][tid_5848](61)data:file
12-02 10:56:25.841  3730 21707 I fe      : [fe][526077667][tid_5848](73)[VTDDataHelper] simpleData = n.e@3664bf1
12-02 10:56:25.842  3730 21707 D fe      : [fe][526077668][tid_5848](61)data:file
12-02 10:56:25.842  3730 21707 I fe      : [fe][526077669][tid_5848](73)[VTDDataHelper] simpleData = n.e@b17f3d6
12-02 10:56:25.843  3730 21707 I uj      : [uj][526077670][tid_5848](103)n.uj end cost time:29 result:n.dw@3d1f526
12-02 10:56:25.844  3730 21707 D ym      : [ym][526077670][tid_5848](275)[magazine_down_content] [update] [autoUpdate] [success] [start]
12-02 10:56:25.844  3730 21707 D ym      : [ym][526077671][tid_5848](279)[magazine_down_content] [update] [autoUpdate] [success] [from server magazine size:2]
12-02 10:56:25.845  3730 21707 D MagazineDao: [MagazineDao][526077671][tid_5848](602)[magazine_down_content] [update database] start [isManual:false]
12-02 10:56:25.845  3730 21707 D wd      : [wd][526077672][tid_5848](54)create preferences name:magazineSetting
12-02 10:56:25.846  3730 21707 I vt      : [vt][526077672][tid_5848](22)realPackageName:com.android.systemui vlifePackageName:com.vlife.ipro.magazine
12-02 10:56:25.846  3730 21707 I ApplicationStatus: [ApplicationStatus][526077673][tid_5848](362)isSameProcessType lockscreen lockscreen true
12-02 10:56:25.847  3730 21707 I ApplicationStatus: [ApplicationStatus][526077673][tid_5848](367)isSameProcessType lockscreen lockscreen true
12-02 10:56:25.847  3730 21707 D aal     : [aal][526077674][tid_5848](75)[permission] isLock:true
12-02 10:56:25.848  3730 21707 D aal     : [aal][526077674][tid_5848](70)[isAutoPlay] isLock:true
12-02 10:56:25.848  3730 21707 D MagazineDao: [MagazineDao][526077674][tid_5848](607)[magazine_down_content] [update database] [size:2]
12-02 10:56:25.849  3730 21707 D MagazineDao: [MagazineDao][526077675][tid_5848](620)[magazine_down_content] [update database] [enable id:513 isDailyUpdate:false] [overdue]
12-02 10:56:25.849  3730 21707 D MagazineDao: [MagazineDao][526077675][tid_5848](620)[magazine_down_content] [update database] [enable id:739 isDailyUpdate:false] [overdue]
12-02 10:56:25.849  3730 21707 D MagazineDao: [MagazineDao][526077676][tid_5848](633)[magazine_down_content] [download] [autoUpdate] [setting fragment update switch off return]
12-02 10:56:25.850  3730 21707 D ym      : [ym][526077676][tid_5848](285)[magazine_down_content] [update] [autoUpdate] [success] [update database failure]
12-02 10:56:25.850  3730 21707 I uq      : [uq][526077677][tid_5848](206)[NewHttpService] blockSend finally
12-02 10:56:25.851  3730 21707 I ym      : [ym][526077678][tid_5848](692)[magazine_down_content] [delete_over_due_task] start
12-02 10:56:25.852  3730 21707 D MagazineDao: [MagazineDao][526077678][tid_5848](299)[magazine_down_content] [delete_over_due_task] [deleteOverDueMagazines] start
12-02 10:56:25.852  3730 21707 W aad     : [aad][526077679][tid_5848](85)db provider query:content://vlife/magazine_content
12-02 10:56:25.854  3730 21707 I aad     : [aad][526077681][tid_5848](668)MagazineContentDatabase] queryAllDelete() return:size = 0 
12-02 10:56:25.855  3730 21707 D MagazineDao: [MagazineDao][526077681][tid_5848](308)[magazine_down_content] [delete_over_due_task] [deleteOverDueMagazines] [delete_flag_size:0]
12-02 10:56:25.855  3730 21707 D MagazineDao: [MagazineDao][526077682][tid_5848](242)[magazine_down_content] [MagazineDao] [deleteMagazineContents] start
12-02 10:56:25.856  3730 21707 D MagazineDao: [MagazineDao][526077682][tid_5848](251)[magazine_down_content] [MagazineDao] [deleteMagazineContents] list size:0
12-02 10:56:25.856  3730 21707 I aad     : [aad][526077682][tid_5848](788)deleteList list = 0
12-02 10:56:25.857  3730 21707 D MagazineDao: [MagazineDao][526077683][tid_5848](323)[magazine_down_content] [delete_over_due_task] [deleteOverDueMagazines] [delete_flag_size:0] [result:true]
12-02 10:56:25.857  3730 21707 I ym      : [ym][526077684][tid_5848](701)[magazine_down_content] [mark_over_due_task] start
12-02 10:56:25.858  3730 21707 I MagazineDao: [MagazineDao][526077684][tid_5848](328)[magazine_down_content] [delete_old] =======>start
12-02 10:56:25.858  3730 21707 W aad     : [aad][526077685][tid_5848](85)db provider query:content://vlife/magazine_content
12-02 10:56:25.860  3730 21707 I aad     : [aad][526077686][tid_5848](703)[magazine_down_content] [delete_old] [databases] [can_show] [size:0]
12-02 10:56:25.860  3730 21707 D MagazineDao: [MagazineDao][526077687][tid_5848](344)[magazine_down_content] [delete_old] [can show size:0] [keep size:12]
12-02 10:56:25.861  3730 21707 D MagazineDao: [MagazineDao][526077687][tid_5848](346)[magazine_down_content] [delete_old] [can show size < 12]
12-02 10:56:25.861  3730 21707 D MagazineDao: [MagazineDao][526077688][tid_5848](348)[magazine_down_content] [delete_old] [can show size < 12] [surplusSize:12]
12-02 10:56:25.861  3730 21707 W aad     : [aad][526077688][tid_5848](85)db provider query:content://vlife/magazine_content
12-02 10:56:25.864  3730 21707 I aad     : [aad][526077690][tid_5848](828)[MagazineContentDatabase] cursor:android.database.sqlite.SQLiteCursor@3023657
12-02 10:56:25.864  3730 21707 D fe      : [fe][526077691][tid_5848](61)data:magazine_source_data
12-02 10:56:25.865  3730 21707 I fe      : [fe][526077691][tid_5848](73)[VTDDataHelper] simpleData = n.bk@2c9d544
12-02 10:56:25.865  3730 21707 D fe      : [fe][526077692][tid_5848](61)data:file
12-02 10:56:25.866  3730 21707 I fe      : [fe][526077692][tid_5848](73)[VTDDataHelper] simpleData = n.e@582b62d
12-02 10:56:25.866  3730 21707 E fe      : [niyongliang][fe][526077693][tid_5848](54)xml:
12-02 10:56:25.867  3730 21707 I aan     : [aan][526077693][tid_5848](98)[JsonUtil] toMap(String) json ={}, return = {}
12-02 10:56:25.867  3730 21707 D fe      : [fe][526077694][tid_5848](61)data:file
12-02 10:56:25.868  3730 21707 I fe      : [fe][526077694][tid_5848](73)[VTDDataHelper] simpleData = n.e@ff77762
12-02 10:56:25.868  3730 21707 D fe      : [fe][526077695][tid_5848](61)data:file
12-02 10:56:25.869  3730 21707 I fe      : [fe][526077695][tid_5848](73)[VTDDataHelper] simpleData = n.e@a89e0f3
12-02 10:56:25.870  3730 21707 D fe      : [fe][526077697][tid_5848](61)data:plugin
12-02 10:56:25.871  3730 21707 I fe      : [fe][526077697][tid_5848](73)[VTDDataHelper] simpleData = n.ad@e3101b0
12-02 10:56:25.871  3730 21707 D fe      : [fe][526077698][tid_5848](61)data:file
12-02 10:56:25.872  3730 21707 I fe      : [fe][526077698][tid_5848](73)[VTDDataHelper] simpleData = n.e@7818829
12-02 10:56:25.872  3730 21707 I aad     : [aad][526077699][tid_5848](733)[magazine_down_content] [delete_old] [databases] [overdue] [id:648]
12-02 10:56:25.872  3730 21707 I aad     : [aad][526077699][tid_5848](828)[MagazineContentDatabase] cursor:android.database.sqlite.SQLiteCursor@3023657
12-02 10:56:25.873  3730 21707 D fe      : [fe][526077700][tid_5848](61)data:magazine_source_data
12-02 10:56:25.874  3730 21707 I fe      : [fe][526077700][tid_5848](73)[VTDDataHelper] simpleData = n.bk@259a7ae
12-02 10:56:25.874  3730 21707 D fe      : [fe][526077701][tid_5848](61)data:file
12-02 10:56:25.875  3730 21707 I fe      : [fe][526077701][tid_5848](73)[VTDDataHelper] simpleData = n.e@fd7994f
12-02 10:56:25.876  3730 21707 E fe      : [niyongliang][fe][526077702][tid_5848](54)xml:
12-02 10:56:25.876  3730 21707 I aan     : [aan][526077703][tid_5848](98)[JsonUtil] toMap(String) json ={}, return = {}
12-02 10:56:25.877  3730 21707 D fe      : [fe][526077704][tid_5848](61)data:file
12-02 10:56:25.878  3730 21707 I fe      : [fe][526077704][tid_5848](73)[VTDDataHelper] simpleData = n.e@19c88dc
12-02 10:56:25.879  3730 21707 D fe      : [fe][526077705][tid_5848](61)data:file
12-02 10:56:25.879  3730 21707 I fe      : [fe][526077706][tid_5848](73)[VTDDataHelper] simpleData = n.e@7817de5
12-02 10:56:25.880  3730 21707 D fe      : [fe][526077706][tid_5848](61)data:plugin
12-02 10:56:25.880  3730 21707 I fe      : [fe][526077707][tid_5848](73)[VTDDataHelper] simpleData = n.ad@a9c90ba
12-02 10:56:25.881  3730 21707 D fe      : [fe][526077708][tid_5848](61)data:file
12-02 10:56:25.882  3730 21707 I fe      : [fe][526077708][tid_5848](73)[VTDDataHelper] simpleData = n.e@29e7b6b
12-02 10:56:25.882  3730 21707 I aad     : [aad][526077709][tid_5848](733)[magazine_down_content] [delete_old] [databases] [overdue] [id:990]
12-02 10:56:25.883  3730 21707 I aad     : [aad][526077709][tid_5848](828)[MagazineContentDatabase] cursor:android.database.sqlite.SQLiteCursor@3023657
12-02 10:56:25.883  3730 21707 D fe      : [fe][526077710][tid_5848](61)data:magazine_source_data
12-02 10:56:25.884  3730 21707 I fe      : [fe][526077710][tid_5848](73)[VTDDataHelper] simpleData = n.bk@6d756c8
12-02 10:56:25.884  3730 21707 D fe      : [fe][526077710][tid_5848](61)data:file
12-02 10:56:25.884  3730 21707 I fe      : [fe][526077711][tid_5848](73)[VTDDataHelper] simpleData = n.e@cd11361
12-02 10:56:25.885  3730 21707 E fe      : [niyongliang][fe][526077711][tid_5848](54)xml:
12-02 10:56:25.885  3730 21707 I aan     : [aan][526077712][tid_5848](98)[JsonUtil] toMap(String) json ={}, return = {}
12-02 10:56:25.886  3730 21707 D fe      : [fe][526077712][tid_5848](61)data:file
12-02 10:56:25.886  3730 21707 I fe      : [fe][526077713][tid_5848](73)[VTDDataHelper] simpleData = n.e@6f2fe86
12-02 10:56:25.887  3730 21707 D fe      : [fe][526077713][tid_5848](61)data:file
12-02 10:56:25.887  3730 21707 I fe      : [fe][526077713][tid_5848](73)[VTDDataHelper] simpleData = n.e@a76347
12-02 10:56:25.887  3730 21707 D fe      : [fe][526077714][tid_5848](61)data:plugin
12-02 10:56:25.888  3730 21707 I fe      : [fe][526077714][tid_5848](73)[VTDDataHelper] simpleData = n.ad@76f1774
12-02 10:56:25.888  3730 21707 D fe      : [fe][526077715][tid_5848](61)data:file
12-02 10:56:25.889  3730 21707 I fe      : [fe][526077715][tid_5848](73)[VTDDataHelper] simpleData = n.e@b2a849d
12-02 10:56:25.889  3730 21707 I aad     : [aad][526077715][tid_5848](733)[magazine_down_content] [delete_old] [databases] [overdue] [id:4944]
12-02 10:56:25.889  3730 21707 I aad     : [aad][526077716][tid_5848](828)[MagazineContentDatabase] cursor:android.database.sqlite.SQLiteCursor@3023657
12-02 10:56:25.890  3730 21707 D fe      : [fe][526077716][tid_5848](61)data:magazine_source_data
12-02 10:56:25.890  3730 21707 I fe      : [fe][526077717][tid_5848](73)[VTDDataHelper] simpleData = n.bk@3f07d12
12-02 10:56:25.890  3730 21707 D fe      : [fe][526077717][tid_5848](61)data:file
12-02 10:56:25.891  3730 21707 I fe      : [fe][526077717][tid_5848](73)[VTDDataHelper] simpleData = n.e@16cece3
12-02 10:56:25.891  3730 21707 E fe      : [niyongliang][fe][526077718][tid_5848](54)xml:
12-02 10:56:25.891  3730 21707 I aan     : [aan][526077718][tid_5848](98)[JsonUtil] toMap(String) json ={}, return = {}
12-02 10:56:25.892  3730 21707 D fe      : [fe][526077719][tid_5848](61)data:file
12-02 10:56:25.892  3730 21707 I fe      : [fe][526077719][tid_5848](73)[VTDDataHelper] simpleData = n.e@62036e0
12-02 10:56:25.893  3730 21707 D fe      : [fe][526077719][tid_5848](61)data:file
12-02 10:56:25.893  3730 21707 I fe      : [fe][526077720][tid_5848](73)[VTDDataHelper] simpleData = n.e@dafcd99
12-02 10:56:25.894  3730 21707 D fe      : [fe][526077720][tid_5848](61)data:plugin
12-02 10:56:25.894  3730 21707 I fe      : [fe][526077721][tid_5848](73)[VTDDataHelper] simpleData = n.ad@1d5585e
12-02 10:56:25.894  3730 21707 D fe      : [fe][526077721][tid_5848](61)data:file
12-02 10:56:25.895  3730 21707 I fe      : [fe][526077721][tid_5848](73)[VTDDataHelper] simpleData = n.e@f77743f
12-02 10:56:25.895  3730 21707 I aad     : [aad][526077722][tid_5848](733)[magazine_down_content] [delete_old] [databases] [overdue] [id:4945]
12-02 10:56:25.895  3730 21707 I aad     : [aad][526077722][tid_5848](737)magazine_down_content] [delete_old] [databases] [overdue] [size:4]
12-02 10:56:25.896  3730 21707 D MagazineDao: [MagazineDao][526077722][tid_5848](355)[magazine_down_content] [delete_old] [can show size < 12] [over due but not delete size:4]
12-02 10:56:25.896  3730 21707 D MagazineDao: [MagazineDao][526077722][tid_5848](358)[magazine_down_content] [delete_old] [can show size < 12] [size is too little] return
12-02 10:56:25.896  3730 21707 I jv      : [jv][526077723][tid_5848](95)TimingNetworkTimerServerTask end , task : magazine_update 
12-02 10:56:25.896  3730 21707 I TaskServiceProvider: [TaskServiceProvider][526077723][tid_5848](379)[VlifeTaskService]  end  task : magazine_update
12-02 10:56:25.897  3730 21707 I TaskServiceProvider: [TaskServiceProvider][526077723][tid_5848](382)[VlifeTaskService]  this task is Cycle ,task : magazine_update , time : 21600000 
12-02 10:56:25.897  3730 21707 I vt      : [vt][526077723][tid_5848](22)realPackageName:com.android.systemui vlifePackageName:com.vlife.ipro.magazine
12-02 10:56:25.897  3730 21707 D gn      : [gn][526077724][tid_5848](96)VlifeTaskService schedule task=magazine_update, isCycleOrDelay=true,time=21600000,requestCode=47408839
12-02 10:56:25.898  3730 21707 I gn      : [gn][526077724][tid_5848](100)[VlifeTaskService] [next awake intervalMillis] [21600000]
12-02 10:56:25.898  3730 21707 D gm      : [gm][526077725][tid_5848](48)TaskSignalQueue-remove n.gl@3da10a0
12-02 10:56:25.898  3730 21766 D gn      : [gn][526077725][tid_5866](104)task run
12-02 10:56:25.899  3730 21766 W wd      : [wd][526077725][tid_5866](52)create preferences name:timing_network_preference
12-02 10:56:25.899  3730 21766 I jv      : [jv][526077726][tid_5866](84)first time ready type:magazine_update
12-02 10:56:25.900  3730 21766 I jv      : [jv][526077726][tid_5866](86)judge timing task whether or not can run,judge task type is :magazine_update
12-02 10:56:25.900  3730 21766 D yy      : [yy][526077726][tid_5866](73)[magazine_down_content] [canRunnable]
12-02 10:56:25.900  3730 21766 W wd      : [wd][526077727][tid_5866](52)create preferences name:timing_network_preference
12-02 10:56:25.902  3730 21766 I qi      : [qi][526077728][tid_5866](244)currentApn:MOBILE
12-02 10:56:25.902  3730 21766 I qi      : [qi][526077729][tid_5866](213)currentApn:MOBILE
12-02 10:56:25.902  3730 21766 D jx      : [jx][526077729][tid_5866](47)canConnectNetWork result == true
12-02 10:56:25.903  3730 21766 D yy      : [yy][526077729][tid_5866](78)[magazine_down_content] [canRunnable] has net true
12-02 10:56:25.903  3730 21766 D jv      : [jv][526077730][tid_5866](116)canRun task=magazine_update, result=2684, frequency=21600000
12-02 10:56:25.903  3730 21766 D jv      : [jv][526077730][tid_5866](120)Judgment result can not run , reason :Minimum time interval is not satisfied, task type is magazine_update
12-02 10:56:25.903  3730 21766 W jv      : [jv][526077730][tid_5866](93)task : magazine_update can't run!
12-02 10:56:25.904  3730 21766 I jv      : [jv][526077730][tid_5866](95)TimingNetworkTimerServerTask end , task : magazine_update 
12-02 10:56:29.814  3730  4459 I un      : [un][526081640][tid_102](46)http send list:[]
12-02 10:56:29.815  3730  4459 I uu      : [uu][526081641][tid_102](28)getRidAndIncrement :6
12-02 10:56:29.816  3730  4459 I um      : [um][526081642][tid_102](112)Request url : http://115.28.84.237/a/1/?p=a&v=5&c=g&st=4586dde9604cf39d33acfe7c62ac6a84&sv=6.131&az=android-ipro-magazine&id=10433077265316&sid=7f549c0310003f3c@a1.stage.vlife.com
12-02 10:56:29.820  3730  4459 I um      : [um][526081646][tid_102](121)Request content : <body rid="6" count="0" wait="2" sid="7f549c0310003f3c@a1.stage.vlife.com"></body>
12-02 10:56:29.822  3730  4459 D um      : [um][526081647][tid_102](127)[HttpCoreOperatorS] userAgent:Mozilla/5.0 (Linux; U; Android 7.0; zh-cn; AOSP on Shamu Build/NBD90Z) AppleWebKit/534.30 (KHTML, like Gecko) Version/4.0 Mobile Safari/534.30
12-02 10:56:29.823  3730  4459 D um      : [um][526081649][tid_102](131)httpPost. httpClient = n.kh@d9c633d
12-02 10:56:29.824  3730  4459 I kg      : [kg][526081650][tid_102](318)doExecute request=org.apache.http.client.methods.HttpPost@301e10c
12-02 10:56:29.856  3730  4111 I ym      : [ym][526081681][tid_64](302)[magazine_down_content] [download] [autoUpdate] [start]
12-02 10:56:29.857  3730  4111 I vt      : [vt][526081683][tid_64](22)realPackageName:com.android.systemui vlifePackageName:com.vlife.ipro.magazine
12-02 10:56:29.859  3730  4111 I ApplicationStatus: [ApplicationStatus][526081684][tid_64](362)isSameProcessType lockscreen lockscreen true
12-02 10:56:29.861  3730  4111 I ApplicationStatus: [ApplicationStatus][526081686][tid_64](367)isSameProcessType lockscreen lockscreen true
12-02 10:56:29.862  3730  4111 D ym      : [ym][526081688][tid_64](686)[magazine_down_content] [lock] [isLockProcess:true]
12-02 10:56:29.865  3730  4111 I MagazineDao: [MagazineDao][526081690][tid_64](1089)[magazine_down_content] [prepare download] [start======>]
12-02 10:56:29.866  3730  4111 W aad     : [aad][526081692][tid_64](85)db provider query:content://vlife/magazine_content
12-02 10:56:29.876  3730  4111 I aad     : [aad][526081701][tid_64](828)[MagazineContentDatabase] cursor:android.database.sqlite.SQLiteCursor@5a6aa55
12-02 10:56:29.879  3730  4111 D fe      : [fe][526081705][tid_64](61)data:magazine_source_data
12-02 10:56:29.881  3730  4111 I fe      : [fe][526081707][tid_64](73)[VTDDataHelper] simpleData = n.bk@29a9c6a
12-02 10:56:29.883  3730  4111 D fe      : [fe][526081708][tid_64](61)data:file
12-02 10:56:29.884  3730  4111 I fe      : [fe][526081710][tid_64](73)[VTDDataHelper] simpleData = n.e@b79155b
12-02 10:56:29.888  3730  4111 E fe      : [niyongliang][fe][526081714][tid_64](54)xml:
12-02 10:56:29.890  3730  4111 I aan     : [aan][526081715][tid_64](98)[JsonUtil] toMap(String) json ={}, return = {}
12-02 10:56:29.893  3730  4111 D fe      : [fe][526081718][tid_64](61)data:file
12-02 10:56:29.894  3730  4111 I fe      : [fe][526081720][tid_64](73)[VTDDataHelper] simpleData = n.e@67201f8
12-02 10:56:29.894  3730  4111 D fe      : [fe][526081721][tid_64](61)data:file
12-02 10:56:29.895  3730  4111 I fe      : [fe][526081721][tid_64](73)[VTDDataHelper] simpleData = n.e@8f496d1
12-02 10:56:29.896  3730  4111 D fe      : [fe][526081722][tid_64](61)data:plugin
12-02 10:56:29.896  3730  4111 I fe      : [fe][526081723][tid_64](73)[VTDDataHelper] simpleData = n.ad@cbe1536
12-02 10:56:29.897  3730  4111 D fe      : [fe][526081723][tid_64](61)data:file
12-02 10:56:29.897  3730  4111 I fe      : [fe][526081724][tid_64](73)[VTDDataHelper] simpleData = n.e@529ac37
12-02 10:56:29.897  3730  4111 D aad     : [aad][526081724][tid_64](919)[magazine_down_content] [query_all_default] [id:648]
12-02 10:56:29.898  3730  4111 I aad     : [aad][526081724][tid_64](828)[MagazineContentDatabase] cursor:android.database.sqlite.SQLiteCursor@5a6aa55
12-02 10:56:29.899  3730  4111 D fe      : [fe][526081725][tid_64](61)data:magazine_source_data
12-02 10:56:29.899  3730  4111 I fe      : [fe][526081726][tid_64](73)[VTDDataHelper] simpleData = n.bk@ec145a4
12-02 10:56:29.900  3730  4111 D fe      : [fe][526081726][tid_64](61)data:file
12-02 10:56:29.900  3730  4111 I fe      : [fe][526081726][tid_64](73)[VTDDataHelper] simpleData = n.e@c5acf0d
12-02 10:56:29.901  3730  4111 E fe      : [niyongliang][fe][526081727][tid_64](54)xml:
12-02 10:56:29.901  3730  4111 I aan     : [aan][526081728][tid_64](98)[JsonUtil] toMap(String) json ={}, return = {}
12-02 10:56:29.902  3730  4111 D fe      : [fe][526081729][tid_64](61)data:file
12-02 10:56:29.902  3730  4111 I fe      : [fe][526081729][tid_64](73)[VTDDataHelper] simpleData = n.e@ece4ec2
12-02 10:56:29.903  3730  4111 D fe      : [fe][526081730][tid_64](61)data:file
12-02 10:56:29.904  3730  4111 I fe      : [fe][526081730][tid_64](73)[VTDDataHelper] simpleData = n.e@5e2d4d3
12-02 10:56:29.904  3730  4111 D fe      : [fe][526081731][tid_64](61)data:plugin
12-02 10:56:29.905  3730  4111 I fe      : [fe][526081731][tid_64](73)[VTDDataHelper] simpleData = n.ad@c9f1810
12-02 10:56:29.906  3730  4111 D fe      : [fe][526081732][tid_64](61)data:file
12-02 10:56:29.906  3730  4111 I fe      : [fe][526081733][tid_64](73)[VTDDataHelper] simpleData = n.e@5724f09
12-02 10:56:29.907  3730  4111 D aad     : [aad][526081733][tid_64](919)[magazine_down_content] [query_all_default] [id:990]
12-02 10:56:29.907  3730  4111 I aad     : [aad][526081733][tid_64](828)[MagazineContentDatabase] cursor:android.database.sqlite.SQLiteCursor@5a6aa55
12-02 10:56:29.908  3730  4111 D fe      : [fe][526081734][tid_64](61)data:magazine_source_data
12-02 10:56:29.908  3730  4111 I fe      : [fe][526081735][tid_64](73)[VTDDataHelper] simpleData = n.bk@fb6950e
12-02 10:56:29.909  3730  4111 D fe      : [fe][526081735][tid_64](61)data:file
12-02 10:56:29.909  3730  4111 I fe      : [fe][526081736][tid_64](73)[VTDDataHelper] simpleData = n.e@8fbeb2f
12-02 10:56:29.910  3730  4111 E fe      : [niyongliang][fe][526081737][tid_64](54)xml:
12-02 10:56:29.911  3730  4111 I aan     : [aan][526081737][tid_64](98)[JsonUtil] toMap(String) json ={}, return = {}
12-02 10:56:29.911  3730  4111 D fe      : [fe][526081738][tid_64](61)data:file
12-02 10:56:29.912  3730  4111 I fe      : [fe][526081738][tid_64](73)[VTDDataHelper] simpleData = n.e@a45a53c
12-02 10:56:29.913  3730  4111 D fe      : [fe][526081739][tid_64](61)data:file
12-02 10:56:29.913  3730  4111 I fe      : [fe][526081740][tid_64](73)[VTDDataHelper] simpleData = n.e@67d2c5
12-02 10:56:29.914  3730  4111 D fe      : [fe][526081740][tid_64](61)data:plugin
12-02 10:56:29.914  3730  4111 I fe      : [fe][526081741][tid_64](73)[VTDDataHelper] simpleData = n.ad@7caf41a
12-02 10:56:29.915  3730  4111 D fe      : [fe][526081741][tid_64](61)data:file
12-02 10:56:29.915  3730  4111 I fe      : [fe][526081742][tid_64](73)[VTDDataHelper] simpleData = n.e@de60b4b
12-02 10:56:29.916  3730  4111 D aad     : [aad][526081742][tid_64](919)[magazine_down_content] [query_all_default] [id:4944]
12-02 10:56:29.916  3730  4111 I aad     : [aad][526081742][tid_64](828)[MagazineContentDatabase] cursor:android.database.sqlite.SQLiteCursor@5a6aa55
12-02 10:56:29.917  3730  4111 D fe      : [fe][526081743][tid_64](61)data:magazine_source_data
12-02 10:56:29.917  3730  4111 I fe      : [fe][526081744][tid_64](73)[VTDDataHelper] simpleData = n.bk@965d928
12-02 10:56:29.918  3730  4111 D fe      : [fe][526081744][tid_64](61)data:file
12-02 10:56:29.918  3730  4111 I fe      : [fe][526081745][tid_64](73)[VTDDataHelper] simpleData = n.e@577d641
12-02 10:56:29.919  3730  4111 E fe      : [niyongliang][fe][526081746][tid_64](54)xml:
12-02 10:56:29.920  3730  4111 I aan     : [aan][526081746][tid_64](98)[JsonUtil] toMap(String) json ={}, return = {}
12-02 10:56:29.920  3730  4111 D fe      : [fe][526081747][tid_64](61)data:file
12-02 10:56:29.921  3730  4111 I fe      : [fe][526081747][tid_64](73)[VTDDataHelper] simpleData = n.e@e9437e6
12-02 10:56:29.922  3730  4111 D fe      : [fe][526081748][tid_64](61)data:file
12-02 10:56:29.922  3730  4111 I fe      : [fe][526081749][tid_64](73)[VTDDataHelper] simpleData = n.e@81127
12-02 10:56:29.923  3730  4111 D fe      : [fe][526081749][tid_64](61)data:plugin
12-02 10:56:29.923  3730  4111 I fe      : [fe][526081750][tid_64](73)[VTDDataHelper] simpleData = n.ad@3d35fd4
12-02 10:56:29.924  3730  4111 D fe      : [fe][526081750][tid_64](61)data:file
12-02 10:56:29.924  3730  4111 I fe      : [fe][526081751][tid_64](73)[VTDDataHelper] simpleData = n.e@a2a957d
12-02 10:56:29.925  3730  4111 D aad     : [aad][526081751][tid_64](919)[magazine_down_content] [query_all_default] [id:4945]
12-02 10:56:29.925  3730  4111 D MagazineDao: [MagazineDao][526081752][tid_64](524)[magazine_down_content] [getAllMagazineContents] [size:4]
12-02 10:56:29.925  3730  4111 D MagazineDao: [MagazineDao][526081752][tid_64](1096)[magazine_down_content] [prepare download] [start] [size:4]
12-02 10:56:29.926  3730  4111 D MagazineDao: [MagazineDao][526081752][tid_64](1115)[magazine_down_content] [prepare download] [id:648] [currentTime:1512183389926] [endTime:1484236800000], [type:dynamic]
12-02 10:56:29.926  3730  4111 W MagazineDao: [MagazineDao][526081753][tid_64](1118)[magazine_down_content] [prepare download] [id:648] [overdue]
12-02 10:56:29.926  3730  4111 D MagazineDao: [MagazineDao][526081753][tid_64](1115)[magazine_down_content] [prepare download] [id:990] [currentTime:1512183389926] [endTime:1484236800000], [type:dynamic]
12-02 10:56:29.927  3730  4111 W MagazineDao: [MagazineDao][526081753][tid_64](1118)[magazine_down_content] [prepare download] [id:990] [overdue]
12-02 10:56:29.927  3730  4111 D MagazineDao: [MagazineDao][526081754][tid_64](1115)[magazine_down_content] [prepare download] [id:4944] [currentTime:1512183389927] [endTime:1484236800000], [type:static]
12-02 10:56:29.927  3730  4111 W MagazineDao: [MagazineDao][526081754][tid_64](1118)[magazine_down_content] [prepare download] [id:4944] [overdue]
12-02 10:56:29.928  3730  4111 D MagazineDao: [MagazineDao][526081754][tid_64](1115)[magazine_down_content] [prepare download] [id:4945] [currentTime:1512183389927] [endTime:1484236800000], [type:static]
12-02 10:56:29.928  3730  4111 W MagazineDao: [MagazineDao][526081755][tid_64](1118)[magazine_down_content] [prepare download] [id:4945] [overdue]
12-02 10:56:29.928  3730  4111 I MagazineDao: [MagazineDao][526081755][tid_64](1185)[magazine_down_content] [prepare download] [end<==========download size:0] 
12-02 10:56:29.929  3730  4111 W ym      : [ym][526081755][tid_64](480)[magazine_down_content] [download] [autoUpdate] [end========>downloadSize:0 or list is null]
12-02 10:56:32.000  3730  4459 I kg      : [kg][526083826][tid_102](320)response = org.apache.http.message.BasicHttpResponse@95bec72
12-02 10:56:32.001  3730  4459 D kg      : [kg][526083827][tid_102](322)uri = http://115.28.84.237/a/1/?p=a&v=5&c=g&st=4586dde9604cf39d33acfe7c62ac6a84&sv=6.131&az=android-ipro-magazine&id=10433077265316&sid=7f549c0310003f3c@a1.stage.vlife.com
12-02 10:56:32.002  3730  4459 D kg      : [kg][526083828][tid_102](325)header name = platform, value = android
12-02 10:56:32.004  3730  4459 D kg      : [kg][526083830][tid_102](325)header name = User-Agent, value = Mozilla/5.0 (Linux; U; Android 7.0; zh-cn; AOSP on Shamu Build/NBD90Z) AppleWebKit/534.30 (KHTML, like Gecko) Version/4.0 Mobile Safari/534.30
12-02 10:56:32.005  3730  4459 I kg      : [kg][526083831][tid_102](378)doGetAllHeaders
12-02 10:56:32.006  3730  4459 I kg      : [kg][526083832][tid_102](336)doGetStatusCode
12-02 10:56:32.006  3730  4459 I um      : [um][526083833][tid_102](137)response code:206
12-02 10:56:32.007  3730  4459 I kg      : [kg][526083833][tid_102](352)doGetEntityByteArray
12-02 10:56:32.011  3730  4459 I ug      : [ug][526083836][tid_102](47)inflate length:65
12-02 10:56:32.014  3730  4459 I um      : [um][526083840][tid_102](174)response CONTENT <body xmlns="http://jabber.org/protocol/httpbind" rid="6"></body>
12-02 10:56:32.017  3730  4459 I un      : [un][526083843][tid_102](58)http send type:OK
12-02 10:56:32.018  3730  4459 I un      : [un][526083845][tid_102](43)http send thread run
12-02 10:56:32.020  3730  4459 D ur      : [ur][526083845][tid_102](72)waiting list Condition signal heartIndex:2 waitTime:10
12-02 10:56:42.022  3730  4459 I un      : [un][526093848][tid_102](46)http send list:[]
12-02 10:56:42.024  3730  4459 I uu      : [uu][526093850][tid_102](28)getRidAndIncrement :7
12-02 10:56:42.025  3730  4459 I um      : [um][526093851][tid_102](112)Request url : http://115.28.84.237/a/1/?p=a&v=5&c=g&st=4586dde9604cf39d33acfe7c62ac6a84&sv=6.131&az=android-ipro-magazine&id=10433077265316&sid=7f549c0310003f3c@a1.stage.vlife.com
12-02 10:56:42.028  3730  4459 I um      : [um][526093854][tid_102](121)Request content : <body rid="7" count="0" wait="2" sid="7f549c0310003f3c@a1.stage.vlife.com"></body>
12-02 10:56:42.029  3730  4459 D um      : [um][526093855][tid_102](127)[HttpCoreOperatorS] userAgent:Mozilla/5.0 (Linux; U; Android 7.0; zh-cn; AOSP on Shamu Build/NBD90Z) AppleWebKit/534.30 (KHTML, like Gecko) Version/4.0 Mobile Safari/534.30
12-02 10:56:42.030  3730  4459 D um      : [um][526093856][tid_102](131)httpPost. httpClient = n.kh@d9c633d
12-02 10:56:42.031  3730  4459 I kg      : [kg][526093857][tid_102](318)doExecute request=org.apache.http.client.methods.HttpPost@cc3fe1f
12-02 10:56:44.224  3730  4459 I kg      : [kg][526096050][tid_102](320)response = org.apache.http.message.BasicHttpResponse@1dad56c
12-02 10:56:44.225  3730  4459 D kg      : [kg][526096051][tid_102](322)uri = http://115.28.84.237/a/1/?p=a&v=5&c=g&st=4586dde9604cf39d33acfe7c62ac6a84&sv=6.131&az=android-ipro-magazine&id=10433077265316&sid=7f549c0310003f3c@a1.stage.vlife.com
12-02 10:56:44.229  3730  4459 D kg      : [kg][526096053][tid_102](325)header name = platform, value = android
12-02 10:56:44.230  3730  4459 D kg      : [kg][526096056][tid_102](325)header name = User-Agent, value = Mozilla/5.0 (Linux; U; Android 7.0; zh-cn; AOSP on Shamu Build/NBD90Z) AppleWebKit/534.30 (KHTML, like Gecko) Version/4.0 Mobile Safari/534.30
12-02 10:56:44.233  3730  4459 I kg      : [kg][526096059][tid_102](378)doGetAllHeaders
12-02 10:56:44.234  3730  4459 I kg      : [kg][526096060][tid_102](336)doGetStatusCode
12-02 10:56:44.235  3730  4459 I um      : [um][526096061][tid_102](137)response code:206
12-02 10:56:44.236  3730  4459 I kg      : [kg][526096062][tid_102](352)doGetEntityByteArray
12-02 10:56:44.239  3730  4459 I ug      : [ug][526096064][tid_102](47)inflate length:65
12-02 10:56:44.244  3730  4459 I um      : [um][526096070][tid_102](174)response CONTENT <body xmlns="http://jabber.org/protocol/httpbind" rid="7"></body>
12-02 10:56:44.247  3730  4459 I un      : [un][526096073][tid_102](58)http send type:OK
12-02 10:56:44.248  3730  4459 I un      : [un][526096074][tid_102](43)http send thread run
12-02 10:56:44.249  3730  4459 D ur      : [ur][526096075][tid_102](72)waiting list Condition signal heartIndex:3 waitTime:30
12-02 10:57:14.251  3730  4459 I un      : [un][526126077][tid_102](46)http send list:[]
12-02 10:57:14.253  3730  4459 I uu      : [uu][526126079][tid_102](28)getRidAndIncrement :8
12-02 10:57:14.255  3730  4459 I um      : [um][526126080][tid_102](112)Request url : http://115.28.84.237/a/1/?p=a&v=5&c=g&st=4586dde9604cf39d33acfe7c62ac6a84&sv=6.131&az=android-ipro-magazine&id=10433077265316&sid=7f549c0310003f3c@a1.stage.vlife.com
12-02 10:57:14.260  3730  4459 I um      : [um][526126086][tid_102](121)Request content : <body rid="8" count="0" wait="2" sid="7f549c0310003f3c@a1.stage.vlife.com"></body>
12-02 10:57:14.261  3730  4459 D um      : [um][526126087][tid_102](127)[HttpCoreOperatorS] userAgent:Mozilla/5.0 (Linux; U; Android 7.0; zh-cn; AOSP on Shamu Build/NBD90Z) AppleWebKit/534.30 (KHTML, like Gecko) Version/4.0 Mobile Safari/534.30
12-02 10:57:14.262  3730  4459 D um      : [um][526126088][tid_102](131)httpPost. httpClient = n.kh@d9c633d
12-02 10:57:14.263  3730  4459 I kg      : [kg][526126089][tid_102](318)doExecute request=org.apache.http.client.methods.HttpPost@970d7ed
12-02 10:57:16.567  3730  4459 I kg      : [kg][526128393][tid_102](320)response = org.apache.http.message.BasicHttpResponse@5245622
12-02 10:57:16.569  3730  4459 D kg      : [kg][526128395][tid_102](322)uri = http://115.28.84.237/a/1/?p=a&v=5&c=g&st=4586dde9604cf39d33acfe7c62ac6a84&sv=6.131&az=android-ipro-magazine&id=10433077265316&sid=7f549c0310003f3c@a1.stage.vlife.com
12-02 10:57:16.570  3730  4459 D kg      : [kg][526128396][tid_102](325)header name = platform, value = android
12-02 10:57:16.571  3730  4459 D kg      : [kg][526128397][tid_102](325)header name = User-Agent, value = Mozilla/5.0 (Linux; U; Android 7.0; zh-cn; AOSP on Shamu Build/NBD90Z) AppleWebKit/534.30 (KHTML, like Gecko) Version/4.0 Mobile Safari/534.30
12-02 10:57:16.572  3730  4459 I kg      : [kg][526128398][tid_102](378)doGetAllHeaders
12-02 10:57:16.573  3730  4459 I kg      : [kg][526128399][tid_102](336)doGetStatusCode
12-02 10:57:16.574  3730  4459 I um      : [um][526128400][tid_102](137)response code:206
12-02 10:57:16.575  3730  4459 I kg      : [kg][526128401][tid_102](352)doGetEntityByteArray
12-02 10:57:16.577  3730  4459 I ug      : [ug][526128403][tid_102](47)inflate length:65
