08-02 00:10:30.669  2635  2635 I AbstractApplicationStatus: [AbstractApplicationStatus][77][tid_1](399)packageName:com.vlife.ipro.magazine
08-02 00:10:30.669  2635  2635 D AbstractApplicationStatus: [AbstractApplicationStatus][77][tid_1](546)getProcessType_host=com.vlife.ipro.magazine:main,ret=main_page package=com.vlife.ipro.magazine context:com.vlife.HandpetApplication@3eda0b1
08-02 00:10:30.669  2635  2635 D jq      : [jq][78][tid_1](48)next loadVlifePartner
08-02 00:10:30.670  2635  2635 W wf      : [wf][78][tid_1](52)create preferences name:module
08-02 00:10:30.672  2635  2653 D wf      : [wf][80][tid_156](54)create preferences name:pet_sys_status
08-02 00:10:30.675  2635  2635 I IModuleProvider: [IModuleProvider][83][tid_1](355)set module:task_service enable:true
08-02 00:10:30.675  2635  2635 I vy      : [vy][84][tid_1](326)set module:task_service exists:true
08-02 00:10:30.676  2635  2635 I vy      : [vy][84][tid_1](332)set module:task_service success com.handpet.component.service.TaskServiceProvider@586b4e9
08-02 00:10:30.676  2635  2635 D AbstractModuleProvider: [AbstractModuleProvider][85][tid_1](480)proxyModule
08-02 00:10:30.677  2635  2635 I vt      : [vt][85][tid_1](102)add provider:com.handpet.component.service.TaskServiceProvider@586b4e9, module=null, module_name=task_service
08-02 00:10:30.677  2635  2635 I IModuleProvider: [IModuleProvider][86][tid_1](355)set module:suicide_manager enable:true
08-02 00:10:30.678  2635  2635 I vy      : [vy][86][tid_1](326)set module:suicide_manager exists:true
08-02 00:10:30.679  2635  2635 I vy      : [vy][87][tid_1](332)set module:suicide_manager success com.handpet.component.suicide.SuicideManagerProvider@ab0356e
08-02 00:10:30.680  2635  2635 D AbstractModuleProvider: [AbstractModuleProvider][88][tid_1](480)proxyModule
08-02 00:10:30.680  2635  2635 I vt      : [vt][89][tid_1](102)add provider:com.handpet.component.suicide.SuicideManagerProvider@ab0356e, module=null, module_name=suicide_manager
08-02 00:10:30.681  2635  2635 I IModuleProvider: [IModuleProvider][90][tid_1](355)set module:statistics enable:true
08-02 00:10:30.682  2635  2635 I vy      : [vy][90][tid_1](326)set module:statistics exists:true
08-02 00:10:30.682  2635  2635 I vy      : [vy][91][tid_1](332)set module:statistics success com.vlife.common.lib.data.stat.StatisticsProvider@e62740f
08-02 00:10:30.682  2635  2635 D AbstractModuleProvider: [AbstractModuleProvider][91][tid_1](480)proxyModule
08-02 00:10:30.683  2635  2635 I vt      : [vt][91][tid_1](102)add provider:com.vlife.common.lib.data.stat.StatisticsProvider@e62740f, module=null, module_name=statistics
08-02 00:10:30.683  2635  2635 I IModuleProvider: [IModuleProvider][92][tid_1](355)set module:document enable:true
08-02 00:10:30.683  2635  2635 I vy      : [vy][92][tid_1](326)set module:document exists:true
08-02 00:10:30.687  2635  2653 D AbstractApplicationStatus: [AbstractApplicationStatus][95][tid_156](564)hasIsHandpetInstalledInSdcard 
08-02 00:10:30.687  2635  2653 D AbstractApplicationStatus: [AbstractApplicationStatus][96][tid_156](566)getIsHandpetInstalledInSdcard 1 = true
08-02 00:10:30.688  2635  2653 I AbstractApplicationStatus: [AbstractApplicationStatus][97][tid_156](355)width:1440 height:2392 dpi:560
08-02 00:10:30.690  2635  2635 I vy      : [vy][98][tid_1](332)set module:document success com.handpet.component.document.DocumentProvider@1e22c9c
08-02 00:10:30.690  2635  2635 D AbstractModuleProvider: [AbstractModuleProvider][98][tid_1](480)proxyModule
08-02 00:10:30.690  2635  2635 I vt      : [vt][99][tid_1](102)add provider:com.handpet.component.document.DocumentProvider@1e22c9c, module=null, module_name=document
08-02 00:10:30.691  2635  2635 I IModuleProvider: [IModuleProvider][99][tid_1](355)set module:database enable:true
08-02 00:10:30.691  2635  2635 I vy      : [vy][99][tid_1](326)set module:database exists:true
08-02 00:10:30.693  2635  2635 I vy      : [vy][101][tid_1](332)set module:database success com.handpet.component.database.DatabaseProvider@38cb6a5
08-02 00:10:30.694  2635  2635 D AbstractModuleProvider: [AbstractModuleProvider][102][tid_1](480)proxyModule
08-02 00:10:30.694  2635  2635 I vt      : [vt][102][tid_1](102)add provider:com.handpet.component.database.DatabaseProvider@38cb6a5, module=null, module_name=database
08-02 00:10:30.696  2635  2635 I IModuleProvider: [IModuleProvider][103][tid_1](355)set module:server enable:true
08-02 00:10:30.696  2635  2635 I vy      : [vy][104][tid_1](326)set module:server exists:true
08-02 00:10:30.697  2635  2635 I vy      : [vy][105][tid_1](332)set module:server success com.vlife.framework.connection.ServerProvider@b2e3a7a
08-02 00:10:30.697  2635  2635 D AbstractModuleProvider: [AbstractModuleProvider][106][tid_1](480)proxyModule
08-02 00:10:30.697  2635  2635 I vt      : [vt][106][tid_1](102)add provider:com.vlife.framework.connection.ServerProvider@b2e3a7a, module=null, module_name=server
08-02 00:10:30.698  2635  2635 I IModuleProvider: [IModuleProvider][106][tid_1](355)set module:new_download enable:true
08-02 00:10:30.698  2635  2635 I vy      : [vy][107][tid_1](326)set module:new_download exists:true
08-02 00:10:30.699  2635  2635 I vy      : [vy][107][tid_1](332)set module:new_download success com.handpet.component.download.NewDownloadProvider@cdc422b
08-02 00:10:30.699  2635  2635 D AbstractModuleProvider: [AbstractModuleProvider][107][tid_1](480)proxyModule
08-02 00:10:30.699  2635  2635 I vt      : [vt][108][tid_1](102)add provider:com.handpet.component.download.NewDownloadProvider@cdc422b, module=null, module_name=new_download
08-02 00:10:30.700  2635  2635 I IModuleProvider: [IModuleProvider][108][tid_1](355)set module:suicide_manager enable:true
08-02 00:10:30.701  2635  2635 I vy      : [vy][109][tid_1](326)set module:suicide_manager exists:true
08-02 00:10:30.701  2635  2635 D AbstractModuleProvider: [AbstractModuleProvider][110][tid_1](480)proxyModule
08-02 00:10:30.702  2635  2635 I vt      : [vt][110][tid_1](102)add provider:com.handpet.component.suicide.SuicideManagerProvider@ab0356e, module=null, module_name=suicide_manager
08-02 00:10:30.702  2635  2635 I IModuleProvider: [IModuleProvider][110][tid_1](355)set module:magazine_common enable:true
08-02 00:10:30.703  2635  2635 I vy      : [vy][111][tid_1](326)set module:magazine_common exists:true
08-02 00:10:30.704  2635  2635 I vy      : [vy][112][tid_1](332)set module:magazine_common success com.vlife.magazine.vendor.MagazineVendorProvider@e337688
08-02 00:10:30.704  2635  2635 D AbstractModuleProvider: [AbstractModuleProvider][113][tid_1](480)proxyModule
08-02 00:10:30.707  2635  2635 I AbstractModuleProvider: [AbstractModuleProvider][115][tid_1](431)shell call module:com.vlife.magazine.vendor.MagazineVendorProvider@e337688 method:public java.lang.String java.lang.Object.toString() class:class java.lang.Object
08-02 00:10:30.708  2635  2635 I vt      : [vt][115][tid_1](102)add provider:com.vlife.magazine.vendor.MagazineVendorProvider@e337688, module=com.vlife.magazine.vendor.MagazineVendorProvider@e337688, module_name=magazine_common
08-02 00:10:30.709  2635  2635 I AbstractModuleProvider: [AbstractModuleProvider][117][tid_1](431)shell call module:com.vlife.magazine.vendor.MagazineVendorProvider@e337688 method:public abstract java.lang.String com.vlife.plugin.module.IModule.module() class:interface com.vlife.plugin.module.IModule
08-02 00:10:30.709  2635  2635 I AbstractModuleProvider: [AbstractModuleProvider][117][tid_1](431)shell call module:com.vlife.magazine.vendor.MagazineVendorProvider@e337688 method:public abstract java.lang.String com.vlife.plugin.module.IModule.module() class:interface com.vlife.plugin.module.IModule
08-02 00:10:30.710  2635  2635 I vt      : [vt][118][tid_1](105)plugin_old_version 140
08-02 00:10:30.710  2635  2635 I IModuleProvider: [IModuleProvider][119][tid_1](355)set module:push enable:true
08-02 00:10:30.712  2635  2635 I vy      : [vy][119][tid_1](326)set module:push exists:true
08-02 00:10:30.713  2635  2635 I vy      : [vy][121][tid_1](332)set module:push success com.vlife.component.push.PushProvider@ccc155d
08-02 00:10:30.714  2635  2635 D AbstractModuleProvider: [AbstractModuleProvider][122][tid_1](480)proxyModule
08-02 00:10:30.714  2635  2635 I vt      : [vt][123][tid_1](102)add provider:com.vlife.component.push.PushProvider@ccc155d, module=null, module_name=push
08-02 00:10:30.715  2635  2635 I IModuleProvider: [IModuleProvider][123][tid_1](355)set module:operation enable:true
08-02 00:10:30.716  2635  2635 I vy      : [vy][124][tid_1](326)set module:operation exists:true
08-02 00:10:30.717  2635  2635 I vy      : [vy][125][tid_1](332)set module:operation success com.vlife.component.operation.OperationProvider@4559ed2
08-02 00:10:30.717  2635  2635 D AbstractModuleProvider: [AbstractModuleProvider][125][tid_1](480)proxyModule
08-02 00:10:30.718  2635  2635 I vt      : [vt][126][tid_1](102)add provider:com.vlife.component.operation.OperationProvider@4559ed2, module=null, module_name=operation
08-02 00:10:30.718  2635  2635 W hp      : memoryCache() and memoryCacheSize() calls overlap each other
08-02 00:10:30.719  2635  2635 W hp      : memoryCache() and memoryCacheSize() calls overlap each other
08-02 00:10:30.731  2635  2635 D TaskServiceProvider: [TaskServiceProvider][139][tid_1](219)initVlifeTask VlifeTaskType=BootReceiverTask,vlifeTaskCreater=n.kd@1688ea0,isContains=false
08-02 00:10:30.732  2635  2635 D TaskServiceProvider: [TaskServiceProvider][140][tid_1](129)TaskServiceProvicer onCreate process=main_page
08-02 00:10:30.732  2635  2635 I qw      : [qw][140][tid_1](70)executor c:class java.util.concurrent.ThreadPoolExecutor task c:class com.handpet.component.service.TaskServiceProvider$4
08-02 00:10:30.733  2635  2635 I TaskServiceProvider: [TaskServiceProvider][141][tid_1](136)regTask : initFirstTime
08-02 00:10:30.734  2635  2635 I vv      : [vv][142][tid_1](22)realPackageName:com.vlife.ipro.magazine vlifePackageName:com.vlife.ipro.magazine
08-02 00:10:30.735  2635  2635 I ApplicationStatus: [ApplicationStatus][143][tid_1](362)isSameProcessType main_page main_page false
08-02 00:10:30.735  2635  2635 I ApplicationStatus: [ApplicationStatus][143][tid_1](367)isSameProcessType main_page main_page true
08-02 00:10:30.736  2635  2635 D TaskServiceProvider: [TaskServiceProvider][144][tid_1](219)initVlifeTask VlifeTaskType=OperatingStartTask,vlifeTaskCreater=n.gm@2ce7eff,isContains=false
08-02 00:10:30.737  2635  2635 D TaskServiceProvider: [TaskServiceProvider][145][tid_1](219)initVlifeTask VlifeTaskType=plugin_update,vlifeTaskCreater=n.ajo@e519315,isContains=false
08-02 00:10:30.737  2635  2635 I qw      : [qw][146][tid_1](70)executor c:class java.util.concurrent.ThreadPoolExecutor task c:class com.handpet.component.service.TaskServiceProvider$5
08-02 00:10:30.738  2635  2635 I vt      : [vt][147][tid_1](201)Application module init use time name:com.handpet.component.service.TaskServiceProvider@586b4e9 time:8ms
08-02 00:10:30.739  2635  2635 I vt      : [vt][147][tid_1](201)Application module init use time name:com.handpet.component.suicide.SuicideManagerProvider@ab0356e time:0ms
08-02 00:10:30.739  2635  2635 D jn      : [jn][148][tid_1](58)[CrashHandler] inti.
08-02 00:10:30.740  2635  2635 I vv      : [vv][148][tid_1](22)realPackageName:com.vlife.ipro.magazine vlifePackageName:com.vlife.ipro.magazine
08-02 00:10:30.740  2635  2635 I ApplicationStatus: [ApplicationStatus][148][tid_1](362)isSameProcessType main_page main_page false
08-02 00:10:30.741  2635  2656 W wf      : [wf][149][tid_159](52)create preferences name:timing_network_preference
08-02 00:10:30.742  2635  2635 I ApplicationStatus: [ApplicationStatus][149][tid_1](367)isSameProcessType main_page main_page true
08-02 00:10:30.744  2635  2656 I vy      : [vy][152][tid_159](301)buildEmptyProvider interface com.vlife.common.lib.intf.provider.ILockScreenProvider
08-02 00:10:30.746  2635  2635 I vy      : [vy][152][tid_1](301)buildEmptyProvider interface com.vlife.common.lib.intf.provider.ILockScreenProvider
08-02 00:10:30.747  2635  2657 I TaskServiceProvider: [TaskServiceProvider][154][tid_160](426)regTaskReal taskName=plugin_update
08-02 00:10:30.748  2635  2657 W wf      : [wf][156][tid_160](52)create preferences name:timing_network_preference
08-02 00:10:30.752  2635  2657 I vy      : [vy][157][tid_160](301)buildEmptyProvider interface com.vlife.common.lib.intf.provider.ILockScreenProvider
08-02 00:10:30.752  2635  2657 D wf      : [wf][161][tid_160](99)preference:android.app.SharedPreferencesImpl@a454b91 putBooleanAndCommit name:timing_network_preference key:timer_reg_tag_plugin_update value:true
08-02 00:10:30.757  2635  2657 W wf      : [wf][166][tid_160](104)timing_network_preference putBoolean timer_reg_tag_plugin_update
08-02 00:10:30.757  2635  2657 I TaskServiceProvider: [TaskServiceProvider][166][tid_160](442)task has started plugin_update
08-02 00:10:30.762  2635  2635 D pb      : [pb][171][tid_1](81)read file:/storage/emulated/0/Android/data/com.vlife.ipro.magazine/files/vlife_magazine_stage/res/error.dat is null
08-02 00:10:30.762  2635  2635 I jn      : [jn][171][tid_1](133)init crash handler
08-02 00:10:30.763  2635  2635 I StatisticsProvider: [StatisticsProvider][171][tid_1](358)[statistics_test] UninstallFileObserver dir : /data/user/0/com.vlife.ipro.magazine
08-02 00:10:30.766  2635  2635 I vt      : [vt][172][tid_1](201)Application module init use time name:com.vlife.common.lib.data.stat.StatisticsProvider@e62740f time:24ms
08-02 00:10:30.766  2635  2635 I vt      : [vt][175][tid_1](201)Application module init use time name:com.handpet.component.document.DocumentProvider@1e22c9c time:0ms
08-02 00:10:30.769  2635  2635 I vt      : [vt][177][tid_1](201)Application module init use time name:com.handpet.component.database.DatabaseProvider@38cb6a5 time:0ms
08-02 00:10:30.770  2635  2635 D wf      : [wf][178][tid_1](54)create preferences name:front_address_6139
08-02 00:10:30.773  2635  2635 I ServerProvider: [ServerProvider][182][tid_1](44)onCreate
08-02 00:10:30.773  2635  2635 I qw      : [qw][182][tid_1](70)executor c:class java.util.concurrent.ThreadPoolExecutor task c:class com.vlife.framework.connection.ServerProvider$1
08-02 00:10:30.776  2635  2653 W wf      : [wf][185][tid_156](52)create preferences name:userinfo
08-02 00:10:30.778  2635  2635 I vt      : [vt][186][tid_1](201)Application module init use time name:com.vlife.framework.connection.ServerProvider@b2e3a7a time:8ms
08-02 00:10:30.779  2635  2635 D fk      : [fk][188][tid_1](49)[download_net_change] refreshNetworkType
08-02 00:10:30.784  2635  2660 D StatisticsProvider: [StatisticsProvider][192][tid_163](403)[statistics_test] daemon Thread running. UninstallFileObserver dir : /data/user/0/com.vlife.ipro.magazine
08-02 00:10:30.784  2635  2660 W wf      : [wf][193][tid_163](52)create preferences name:important_ua
08-02 00:10:30.785  2635  2635 D fk      : [fk][191][tid_1](51)changeNetWork 0 -> 1, start
08-02 00:10:30.788  2635  2653 I wf      : [wf][196][tid_156](79)preference name:userinfo getString key:last_day,value:20170801
08-02 00:10:30.790  2635  2653 I wf      : [wf][198][tid_156](84)preference name:userinfo putStringAndCommit key:last_day,value:20170802
08-02 00:10:30.792  2635  2635 D NewDownloadProvider: [NewDownloadProvider][194][tid_1](338)[new_download] [download_net_change] =======>start [oldType:0] [currentType:1]
08-02 00:10:30.795  2635  2635 D fk      : [fk][203][tid_1](59)changeNetWork end
08-02 00:10:30.797  2635  2635 D DatabaseProvider: [DatabaseProvider][204][tid_1](254)[dbHelperClass:class n.fp]
08-02 00:10:30.804  2635  2635 I DatabaseProvider: [DatabaseProvider][212][tid_1](265)database init db:n.fp@fcfe393
08-02 00:10:30.805  2635  2635 I vv      : [vv][213][tid_1](22)realPackageName:com.vlife.ipro.magazine vlifePackageName:com.vlife.ipro.magazine
08-02 00:10:30.807  2635  2635 D NewDownloadProvider: [NewDownloadProvider][215][tid_1](75)process type:main_page , download processtype:main_page
08-02 00:10:30.810  2635  2653 W wf      : [wf][219][tid_156](89)userinfo putString last_day
08-02 00:10:30.810  2635  2653 I ot      : [ot][219][tid_156](99)last_day 20170801, today 20170802, last_day_count 24, this=n.ot@98cdfd0
08-02 00:10:30.811  2635  2653 I wf      : [wf][219][tid_156](114)preference name:userinfo putIntAndCommit key:last_day_count,value:24
08-02 00:10:30.812  2635  2635 D NewDownloadProvider: [NewDownloadProvider][215][tid_1](92)[new_download] [download provider init] [start old task from database]
08-02 00:10:30.818  2635  2660 W wf      : [wf][226][tid_163](52)create preferences name:ua_level
08-02 00:10:30.823  2635  2653 W wf      : [wf][232][tid_156](119)userinfo putInt last_day_count
08-02 00:10:30.824  2635  2635 I vt      : [vt][228][tid_1](201)Application module init use time name:com.handpet.component.download.NewDownloadProvider@cdc422b time:40ms
08-02 00:10:30.825  2635  2635 I vt      : [vt][233][tid_1](201)Application module init use time name:com.handpet.component.suicide.SuicideManagerProvider@ab0356e time:0ms
08-02 00:10:30.825  2635  2635 D MagazineCommonProvider: [MagazineCommonProvider][234][tid_1](260)[magazine_provider] create start
08-02 00:10:30.832  2635  2635 D DatabaseProvider: [DatabaseProvider][238][tid_1](254)[dbHelperClass:class n.aai]
08-02 00:10:30.835  2635  2635 I DatabaseProvider: [DatabaseProvider][243][tid_1](265)database init db:n.aai@2f47dda
08-02 00:10:30.836  2635  2635 I vv      : [vv][244][tid_1](22)realPackageName:com.vlife.ipro.magazine vlifePackageName:com.vlife.ipro.magazine
08-02 00:10:30.836  2635  2635 I vv      : [vv][244][tid_1](22)realPackageName:com.vlife.ipro.magazine vlifePackageName:com.vlife.ipro.magazine
08-02 00:10:30.836  2635  2635 I ApplicationStatus: [ApplicationStatus][245][tid_1](362)isSameProcessType main_page main_page false
08-02 00:10:30.837  2635  2635 I ApplicationStatus: [ApplicationStatus][245][tid_1](367)isSameProcessType main_page main_page true
08-02 00:10:30.837  2635  2635 D MagazineCommonProvider: [MagazineCommonProvider][245][tid_1](274)[magazine_provider] onCreateVendor [isMainProcess:true systemui:false]
08-02 00:10:30.842  2635  2660 I StatisticsProvider: [StatisticsProvider][251][tid_163](427)[statistics_test] UninstallFileObserver dir : /data/user/0/com.vlife.ipro.magazine
08-02 00:10:30.842  2635  2660 D StatisticsProvider: [StatisticsProvider][251][tid_163](432)[statistics_test] =======>write map:n.ep@5ccd8e8
08-02 00:10:30.842  2635  2660 I StatisticsProvider: [StatisticsProvider][251][tid_163](516)[statistics_test] filePath /data/user/0/com.vlife.ipro.magazine/files/ua/no_ua_6.131.9.ain.dat.0 
08-02 00:10:30.843  2635  2660 I StatisticsProvider: [StatisticsProvider][252][tid_163](518)[statistics_test] ====canWrite====
08-02 00:10:30.844  2635  2660 D StatisticsProvider: [StatisticsProvider][252][tid_163](439)[statistics_test] =======>write path:/data/user/0/com.vlife.ipro.magazine/files/ua/no_ua_6.131.9.ain.dat.0
08-02 00:10:30.850  2635  2635 D MagazineCommonProvider: [MagazineCommonProvider][258][tid_1](284)[magazine_provider] onCreateVendor [register VirtualServer] [isMainProcess:true systemui:false]
08-02 00:10:30.856  2635  2635 D xo      : [xo][264][tid_1](58)[communication] [VirtualServer] register
08-02 00:10:30.856  2635  2635 I vv      : [vv][264][tid_1](22)realPackageName:com.vlife.ipro.magazine vlifePackageName:com.vlife.ipro.magazine
08-02 00:10:30.859  2635  2635 I vv      : [vv][265][tid_1](22)realPackageName:com.vlife.ipro.magazine vlifePackageName:com.vlife.ipro.magazine
08-02 00:10:30.861  2635  2635 I ApplicationStatus: [ApplicationStatus][269][tid_1](362)isSameProcessType main_page main_page false
08-02 00:10:30.861  2635  2635 I ApplicationStatus: [ApplicationStatus][270][tid_1](367)isSameProcessType main_page main_page true
08-02 00:10:30.863  2635  2635 D xo      : [xo][270][tid_1](70)[communication] [VirtualServer] register_start main
08-02 00:10:30.872  2635  2635 D xo      : [xo][280][tid_1](73)[communication] [VirtualServer] register_start main success
08-02 00:10:30.872  2635  2635 D MagazineCommonProvider: [MagazineCommonProvider][281][tid_1](289)[magazine_provider] onCreateVendor NetChangeReceiverTask [process main:true systemui:false]
08-02 00:10:30.873  2635  2635 D TaskServiceProvider: [TaskServiceProvider][281][tid_1](219)initVlifeTask VlifeTaskType=NetChangeReceiverTask,vlifeTaskCreater=n.kt@96be3e7,isContains=false
08-02 00:10:30.873  2635  2635 D MagazineCommonProvider: [MagazineCommonProvider][282][tid_1](270)[magazine_provider] create end
08-02 00:10:30.875  2635  2635 I vv      : [vv][283][tid_1](22)realPackageName:com.vlife.ipro.magazine vlifePackageName:com.vlife.ipro.magazine
08-02 00:10:30.875  2635  2635 I vt      : [vt][284][tid_1](201)Application module init use time name:com.vlife.magazine.vendor.MagazineVendorProvider@e337688 time:50ms
08-02 00:10:30.878  2635  2635 D PushProvider: [PushProvider][284][tid_1](198)initPushTask
08-02 00:10:30.881  2635  2635 D TaskServiceProvider: [TaskServiceProvider][289][tid_1](219)initVlifeTask VlifeTaskType=handle_push_message,vlifeTaskCreater=n.si@e63863d,isContains=false
08-02 00:10:30.882  2635  2635 D TaskServiceProvider: [TaskServiceProvider][290][tid_1](219)initVlifeTask VlifeTaskType=get_push_message,vlifeTaskCreater=n.sh@608d783,isContains=false
08-02 00:10:30.882  2635  2635 I qw      : [qw][291][tid_1](70)executor c:class java.util.concurrent.ThreadPoolExecutor task c:class com.handpet.component.service.TaskServiceProvider$5
08-02 00:10:30.883  2635  2660 I StatisticsProvider: [StatisticsProvider][292][tid_163](464)[statistics_test] create packet xml : <item ua_action="com.vlife.ipro.magazine:main" id="2635" ua_event="dev_process_start" dev_version="6.131.9" ua_time="1501603830842" ua_process="main_page" index="1" />
08-02 00:10:30.884  2635  2657 I TaskServiceProvider: [TaskServiceProvider][293][tid_160](426)regTaskReal taskName=get_push_message
08-02 00:10:30.884  2635  2657 W wf      : [wf][293][tid_160](52)create preferences name:timing_network_preference
08-02 00:10:30.885  2635  2657 D wf      : [wf][293][tid_160](99)preference:android.app.SharedPreferencesImpl@a454b91 putBooleanAndCommit name:timing_network_preference key:timer_reg_tag_get_push_message value:true
08-02 00:10:30.885  2635  2657 W wf      : [wf][294][tid_160](104)timing_network_preference putBoolean timer_reg_tag_get_push_message
08-02 00:10:30.886  2635  2657 I TaskServiceProvider: [TaskServiceProvider][294][tid_160](442)task has started get_push_message
08-02 00:10:30.888  2635  2635 D TaskServiceProvider: [TaskServiceProvider][295][tid_1](219)initVlifeTask VlifeTaskType=ua_time_send,vlifeTaskCreater=n.sj@6074939,isContains=false
08-02 00:10:30.889  2635  2635 I qw      : [qw][297][tid_1](70)executor c:class java.util.concurrent.ThreadPoolExecutor task c:class com.handpet.component.service.TaskServiceProvider$5
08-02 00:10:30.889  2635  2656 I TaskServiceProvider: [TaskServiceProvider][298][tid_159](426)regTaskReal taskName=ua_time_send
08-02 00:10:30.890  2635  2656 W wf      : [wf][298][tid_159](52)create preferences name:timing_network_preference
08-02 00:10:30.890  2635  2656 D wf      : [wf][299][tid_159](99)preference:android.app.SharedPreferencesImpl@a454b91 putBooleanAndCommit name:timing_network_preference key:timer_reg_tag_ua_time_send value:true
08-02 00:10:30.892  2635  2656 W wf      : [wf][300][tid_159](104)timing_network_preference putBoolean timer_reg_tag_ua_time_send
08-02 00:10:30.892  2635  2656 I TaskServiceProvider: [TaskServiceProvider][301][tid_159](442)task has started ua_time_send
08-02 00:10:30.898  2635  2635 I PushProvider: [PushProvider][304][tid_1](193)put module name:switch_type,handler:n.sg@6f768df
08-02 00:10:30.899  2635  2635 I vt      : [vt][307][tid_1](201)Application module init use time name:com.vlife.component.push.PushProvider@ccc155d time:22ms
08-02 00:10:30.900  2635  2635 D OperationProvider: [OperationProvider][307][tid_1](41)onCreate
08-02 00:10:30.901  2635  2635 D DatabaseProvider: [DatabaseProvider][309][tid_1](254)[dbHelperClass:class n.sa]
08-02 00:10:30.905  2635  2635 I DatabaseProvider: [DatabaseProvider][313][tid_1](265)database init db:n.sa@113b3fb
08-02 00:10:30.906  2635  2635 D TaskServiceProvider: [TaskServiceProvider][314][tid_1](219)initVlifeTask VlifeTaskType=WindowCheckTask,vlifeTaskCreater=com.vlife.component.operation.core.task.WindowShowCheckTask@3adbc56,isContains=false
08-02 00:10:30.906  2635  2635 D TaskServiceProvider: [TaskServiceProvider][315][tid_1](219)initVlifeTask VlifeTaskType=OperationUpdateDataTask,vlifeTaskCreater=n.qz@3d611c4,isContains=false
08-02 00:10:30.907  2635  2635 I PushProvider: [PushProvider][315][tid_1](193)put module name:window,handler:n.rv@36147e2
08-02 00:10:30.908  2635  2635 I vv      : [vv][316][tid_1](22)realPackageName:com.vlife.ipro.magazine vlifePackageName:com.vlife.ipro.magazine
08-02 00:10:30.909  2635  2635 I ApplicationStatus: [ApplicationStatus][317][tid_1](362)isSameProcessType main_page main_page false
08-02 00:10:30.909  2635  2635 I ApplicationStatus: [ApplicationStatus][318][tid_1](367)isSameProcessType main_page main_page true
08-02 00:10:30.911  2635  2635 I PushProvider: [PushProvider][319][tid_1](236)put ContentHandler name:window,controller:n.rf@f1ea773
08-02 00:10:30.913  2635  2635 I PushProvider: [PushProvider][320][tid_1](193)put module name:guide_push,handler:n.rt@4eff2a9
08-02 00:10:30.914  2635  2635 I vv      : [vv][322][tid_1](22)realPackageName:com.vlife.ipro.magazine vlifePackageName:com.vlife.ipro.magazine
08-02 00:10:30.914  2635  2635 I ApplicationStatus: [ApplicationStatus][323][tid_1](362)isSameProcessType main_page main_page false
08-02 00:10:30.914  2635  2635 I ApplicationStatus: [ApplicationStatus][323][tid_1](367)isSameProcessType main_page main_page true
08-02 00:10:30.915  2635  2635 I PushProvider: [PushProvider][323][tid_1](236)put ContentHandler name:guide_push,controller:n.rd@dd0002e
08-02 00:10:30.915  2635  2635 I vv      : [vv][324][tid_1](22)realPackageName:com.vlife.ipro.magazine vlifePackageName:com.vlife.ipro.magazine
08-02 00:10:30.916  2635  2635 I ApplicationStatus: [ApplicationStatus][324][tid_1](362)isSameProcessType main_page main_page false
08-02 00:10:30.916  2635  2635 I ApplicationStatus: [ApplicationStatus][324][tid_1](367)isSameProcessType main_page main_page true
08-02 00:10:30.917  2635  2635 I PushProvider: [PushProvider][325][tid_1](236)put ContentHandler name:panel,controller:n.re@7524de1
08-02 00:10:30.920  2635  2635 I PushProvider: [PushProvider][328][tid_1](193)put module name:panel,handler:n.ru@ecbe706
08-02 00:10:30.920   909   909 I kickstart: STATUS: Received file 'm9kefs2'
08-02 00:10:30.921   909   909 I kickstart: STATUS: 950272 bytes transferred in 0.975959 seconds
08-02 00:10:30.921   909   909 I kickstart: STATUS: Successfully downloaded files from target 
08-02 00:10:30.921   909   909 I kickstart: STATUS: Wrote to /sys/power/wake_unlock
08-02 00:10:30.922  2635  2635 I vy      : [vy][330][tid_1](301)buildEmptyProvider interface com.vlife.framework.provider.intf.IModuleProvider
08-02 00:10:30.924   909   909 I kickstart: STATUS: Sahara protocol completed
08-02 00:10:30.928  2635  2635 I vt      : [vt][336][tid_1](201)Application module init use time name:com.vlife.component.operation.OperationProvider@4559ed2 time:29ms
08-02 00:10:30.931  2635  2635 I vy      : [vy][339][tid_1](301)buildEmptyProvider interface com.vlife.common.lib.intf.provider.IPanelProvider
08-02 00:10:30.940  2635  2635 D NetChangeReceiverHandler: [NetChangeReceiverHandler][349][tid_1](25)doReceive context:com.vlife.HandpetApplication@3eda0b1,intent:Intent { act=android.net.conn.CONNECTIVITY_CHANGE flg=0x4000010 cmp=com.vlife.ipro.magazine/com.vlife.NReceiver (has extras) }
08-02 00:10:30.941  2635  2635 D NewDownloadProvider: [NewDownloadProvider][349][tid_1](377)[new_download] [download_net_change] networkChange
08-02 00:10:30.943  2635  2635 I qk      : [qk][351][tid_1](244)currentApn:WIFI
08-02 00:10:30.943  2635  2635 I qk      : [qk][352][tid_1](213)currentApn:WIFI
08-02 00:10:30.944  2635  2635 D NetChangeReceiverHandler: [NetChangeReceiverHandler][352][tid_1](31)[download_net_change] the network has connected
08-02 00:10:30.944  2635  2635 D NetChangeReceiverHandler: [NetChangeReceiverHandler][353][tid_1](33)[download_net_change] time:103677,runTime:0
08-02 00:10:30.944  2635  2635 D NetChangeReceiverHandler: [NetChangeReceiverHandler][353][tid_1](35)Product.lenovo:false
08-02 00:10:30.945  2635  2635 I TaskServiceProvider: [TaskServiceProvider][353][tid_1](146)VlifeExecutorService executing n.kt@d1ddb60
08-02 00:10:30.946  2635  2635 I TaskServiceProvider: [TaskServiceProvider][354][tid_1](186)PackageName is com.vlife.ipro.magazine
08-02 00:10:30.946  2635  2635 D TaskServiceProvider: [TaskServiceProvider][355][tid_1](188)TaskServiceProvider task=kt,taskType=NetChangeReceiverTask
08-02 00:10:30.946  2635  2635 I vv      : [vv][355][tid_1](22)realPackageName:com.vlife.ipro.magazine vlifePackageName:com.vlife.ipro.magazine
08-02 00:10:30.947  2635  2635 I TaskServiceProvider: [TaskServiceProvider][355][tid_1](166)VlifeExecutorService task=kt,taskType=NetChangeReceiverTask,intent=#Intent;action=NetChangeReceiverTask;package=com.vlife.ipro.magazine;component=com.vlife.ipro.magazine/com.vlife.TService;end
08-02 00:10:30.952  2635  2635 I SuicideManagerProvider: [SuicideManagerProvider][361][tid_1](144)addSuicideFactor com.vlife.TService@dd2d0de
08-02 00:10:30.954  2635  2660 D StatisticsProvider: [StatisticsProvider][362][tid_163](432)[statistics_test] =======>write map:n.ep@81ac2bf
08-02 00:10:30.954  2635  2660 I StatisticsProvider: [StatisticsProvider][363][tid_163](516)[statistics_test] filePath /data/user/0/com.vlife.ipro.magazine/files/ua/no_ua_6.131.9.ain.dat.0 
08-02 00:10:30.954  2635  2660 I StatisticsProvider: [StatisticsProvider][363][tid_163](518)[statistics_test] ====canWrite====
08-02 00:10:30.954  2635  2660 D StatisticsProvider: [StatisticsProvider][363][tid_163](439)[statistics_test] =======>write path:/data/user/0/com.vlife.ipro.magazine/files/ua/no_ua_6.131.9.ain.dat.0
08-02 00:10:30.963  2635  2635 I AbstractServiceHandler: [AbstractServiceHandler][371][tid_1](68)service:com.vlife.TService@dd2d0de regiseter com.vlife.common.lib.abs.AbstractServiceHandler$1@9754d8c
08-02 00:10:30.971  2635  2635 I TaskServiceProvider: [TaskServiceProvider][379][tid_1](546)vlifeTaskOnStartCommand intent=#Intent;action=NetChangeReceiverTask;package=com.vlife.ipro.magazine;component=com.vlife.ipro.magazine/com.vlife.TService;S.intent_check=vlife;end
08-02 00:10:30.971  2635  2635 D TaskServiceProvider: [TaskServiceProvider][379][tid_1](558)pyramidney:null
08-02 00:10:30.971  2635  2635 D go      : [go][380][tid_1](33)TaskSignalQueue-add n.gn@adadcd5
08-02 00:10:30.973  2619  2619 D AndroidRuntime: >>>>>> START com.android.internal.os.RuntimeInit uid 0 <<<<<<
08-02 00:10:30.978  2619  2619 D AndroidRuntime: CheckJNI is ON
08-02 00:10:30.980  2635  2668 D TaskServiceProvider: [TaskServiceProvider][389][tid_172](254)Bundle=Bundle[EMPTY_PARCEL] taskType=NetChangeReceiverTask
08-02 00:10:30.981  2635  2668 D TaskServiceProvider: [TaskServiceProvider][389][tid_172](258)getVlifeTask vlifeTask=n.kt@1efb678
08-02 00:10:30.981  2635  2668 I TaskServiceProvider: [TaskServiceProvider][389][tid_172](351)[VlifeTaskService]  TaskRunnable  running task : NetChangeReceiverTask ,delay : 0, cycle : 0 
08-02 00:10:30.981  2635  2668 I TaskServiceProvider: [TaskServiceProvider][390][tid_172](377)backstage task system start up timing task ,task type is :NetChangeReceiverTask, awaking type :awake by system broadCastReceiver
08-02 00:10:30.984  2635  2660 I StatisticsProvider: [StatisticsProvider][393][tid_163](464)[statistics_test] create packet xml : <item ua_action="com.handpet.component.service.TaskServiceProvider$VLifeTaskServiceHandler" ua_event="dev_service_create" dev_version="6.131.9" ua_time="1501603830953" ua_process="main_page" index="2" />
08-02 00:10:30.989  2635  2668 D kt      : [kt][398][tid_172](45)[download_net_change] NetChangeReceiverTask run
08-02 00:10:30.990  2635  2668 W wf      : [wf][398][tid_172](52)create preferences name:userinfo
08-02 00:10:30.991  2635  2668 I wf      : [wf][400][tid_172](79)preference name:userinfo getString key:last_day,value:20170802
08-02 00:10:30.993  2635  2668 W wf      : [wf][402][tid_172](52)create preferences name:timing_network_preference
08-02 00:10:30.994  2635  2668 W jz      : [jz][402][tid_172](33)canConnectNetWork result == false
08-02 00:10:30.996  2635  2668 I TaskServiceProvider: [TaskServiceProvider][402][tid_172](379)[VlifeTaskService]  end  task : NetChangeReceiverTask
08-02 00:10:31.000  2635  2668 D go      : [go][405][tid_172](48)TaskSignalQueue-remove n.gn@adadcd5
08-02 00:10:31.000  2635  2668 D go      : [go][409][tid_172](53)TaskSignalQueue- call empty
08-02 00:10:31.037  2619  2619 D ICU     : No timezone override file found: /data/misc/zoneinfo/current/icu/icu_tzdata.dat
08-02 00:10:31.045   836  2631 I GnssLocationProvider: WakeLock acquired by sendMessage(11, 0, null)
08-02 00:10:31.045   836  2631 I GnssLocationProvider: WakeLock released by handleDownloadXtraData()
08-02 00:10:31.045   836   849 I GnssLocationProvider: WakeLock released by handleMessage(11, 0, null)
08-02 00:10:31.084  2619  2619 I Radio-JNI: register_android_hardware_Radio DONE
08-02 00:10:31.112  2619  2619 D AndroidRuntime: Calling main entry com.android.commands.svc.Svc
08-02 00:10:31.116  2619  2619 D AndroidRuntime: Shutting down VM
08-02 00:10:31.956  1100  1100 D NewDownloadProvider: [NewDownloadProvider][87525][tid_1](408)[download_net_change] handleMessage
08-02 00:10:31.958  1100  1100 D fk      : [fk][87527][tid_1](49)[download_net_change] refreshNetworkType
08-02 00:10:31.965  1100  1100 D fk      : [fk][87534][tid_1](51)changeNetWork 16 -> 1, start
08-02 00:10:31.966  1100  1100 D NewDownloadProvider: [NewDownloadProvider][87536][tid_1](338)[new_download] [download_net_change] =======>start [oldType:16] [currentType:1]
08-02 00:10:31.968  1100  1100 D fk      : [fk][87538][tid_1](59)changeNetWork end
08-02 00:10:32.482  2635  2635 D NewDownloadProvider: [NewDownloadProvider][1889][tid_1](408)[download_net_change] handleMessage
08-02 00:10:32.488  2635  2635 D fk      : [fk][1891][tid_1](49)[download_net_change] refreshNetworkType
08-02 00:10:32.497  2635  2635 D fk      : [fk][1904][tid_1](51)changeNetWork 1 -> 1, start
08-02 00:10:32.498  2635  2635 D fk      : [fk][1906][tid_1](59)changeNetWork end
08-02 00:10:35.506  2692  2692 D QSEECOMD: : qseecom listener services process entry PPID = 1
08-02 00:10:35.506  2692  2692 E QSEECOMD: : Listener: index = 0, hierarchy = 0
08-02 00:10:35.507  2692  2692 D QSEECOMD: : Init dlopen(librpmb.so, RTLD_NOW) succeeds
08-02 00:10:35.507  2692  2692 D QSEECOMD: : Init::Init dlsym(g_FSHandle rpmb_init_service) succeeds
08-02 00:10:35.508  2692  2692 I rpmb    : RPMB Mult = 16384, Rel_sec_cnt = 1
08-02 00:10:35.508  2692  2692 E DrmLibRpmb: rpmb_init succeeded! with ret = 0
08-02 00:10:35.508  2692  2692 D QSEECOMD: : Init rpmb_init_service ret = 0
08-02 00:10:35.508  2692  2692 D QSEECOMD: : RPMB system services: init (Listener ID = 8192)
08-02 00:10:35.508  2692  2692 E QSEECOMD: : Listener: index = 1, hierarchy = 0
08-02 00:10:35.508  2692  2692 E QSEECOMD: : Init dlopen(libssd.so, RLTD_NOW) is failed....
08-02 00:10:35.508  2692  2692 E QSEECOMD: : ERROR: SSD_INIT failed, shall not start listener services
08-02 00:10:35.948  2635  2665 I rf      : [rf][5355][tid_168](85)[notifyDataChange]
08-02 00:10:35.950  2635  2665 I PushProvider: [PushProvider][5357][tid_168](175)getContentHandler pushContentType = window
08-02 00:10:35.952  2635  2665 W rx      : [rx][5359][tid_168](85)db provider query:content://vlife/content
08-02 00:10:35.974  2635  2665 I fz      : [fz][5382][tid_168](86)getAllDisabled window 0
08-02 00:10:35.974  2635  2665 I rf      : [rf][5383][tid_168](98)[WindowController] notifyDataChange() diabledWindowDataList = []
08-02 00:10:35.975  2635  2665 W wf      : [wf][5383][tid_168](52)create preferences name:push_message
08-02 00:10:35.979  2635  2694 W SharedPreferencesImpl: Attempt to read preferences file /data/user/0/com.vlife.ipro.magazine/shared_prefs/push_message.xml without permission
08-02 00:10:35.980  2635  2665 I ga      : [ga][5388][tid_168](72)[downloadAll] isDownloading:false
08-02 00:10:35.980  2635  2665 I PushProvider: [PushProvider][5389][tid_168](175)getContentHandler pushContentType = window
08-02 00:10:35.982  2635  2665 W rx      : [rx][5389][tid_168](85)db provider query:content://vlife/content
08-02 00:10:35.984  2635  2665 W wf      : [wf][5393][tid_168](52)create preferences name:push_message
08-02 00:10:35.988  2635  2695 W SharedPreferencesImpl: Attempt to read preferences file /data/user/0/com.vlife.ipro.magazine/shared_prefs/push_message.xml without permission
08-02 00:10:35.989  2635  2665 I ga      : [ga][5397][tid_168](72)[downloadAll] isDownloading:false
08-02 00:10:35.989  2635  2665 I PushProvider: [PushProvider][5397][tid_168](175)getContentHandler pushContentType = guide_push
08-02 00:10:35.989  2635  2665 W rx      : [rx][5398][tid_168](85)db provider query:content://vlife/content
08-02 00:10:35.991  2635  2665 W wf      : [wf][5399][tid_168](52)create preferences name:push_message
08-02 00:10:35.992  2635  2696 W SharedPreferencesImpl: Attempt to read preferences file /data/user/0/com.vlife.ipro.magazine/shared_prefs/push_message.xml without permission
08-02 00:10:35.993  2635  2665 I ga      : [ga][5402][tid_168](72)[downloadAll] isDownloading:false
08-02 00:10:35.994  2635  2665 I PushProvider: [PushProvider][5402][tid_168](175)getContentHandler pushContentType = panel
08-02 00:10:35.994  2635  2665 W rx      : [rx][5403][tid_168](85)db provider query:content://vlife/content
08-02 00:10:40.573  2697  2697 D QSEECOMD: : qseecom listener services process entry PPID = 1
08-02 00:10:40.573  2697  2697 E QSEECOMD: : Listener: index = 0, hierarchy = 0
08-02 00:10:40.575  2697  2697 D QSEECOMD: : Init dlopen(librpmb.so, RTLD_NOW) succeeds
08-02 00:10:40.575  2697  2697 D QSEECOMD: : Init::Init dlsym(g_FSHandle rpmb_init_service) succeeds
08-02 00:10:40.575  2697  2697 I rpmb    : RPMB Mult = 16384, Rel_sec_cnt = 1
08-02 00:10:40.575  2697  2697 E DrmLibRpmb: rpmb_init succeeded! with ret = 0
08-02 00:10:40.575  2697  2697 D QSEECOMD: : Init rpmb_init_service ret = 0
08-02 00:10:40.575  2697  2697 D QSEECOMD: : RPMB system services: init (Listener ID = 8192)
08-02 00:10:40.575  2697  2697 E QSEECOMD: : Listener: index = 1, hierarchy = 0
08-02 00:10:40.576  2697  2697 E QSEECOMD: : Init dlopen(libssd.so, RLTD_NOW) is failed....
08-02 00:10:40.576  2697  2697 E QSEECOMD: : ERROR: SSD_INIT failed, shall not start listener services
08-02 00:10:40.861  2635  2665 W fs      : [fs][10268][tid_168](85)db provider query:content://vlife/download_info
08-02 00:10:45.638  2698  2698 D QSEECOMD: : qseecom listener services process entry PPID = 1
08-02 00:10:45.638  2698  2698 E QSEECOMD: : Listener: index = 0, hierarchy = 0
08-02 00:10:45.639  2698  2698 D QSEECOMD: : Init dlopen(librpmb.so, RTLD_NOW) succeeds
08-02 00:10:45.639  2698  2698 D QSEECOMD: : Init::Init dlsym(g_FSHandle rpmb_init_service) succeeds
08-02 00:10:45.639  2698  2698 I rpmb    : RPMB Mult = 16384, Rel_sec_cnt = 1
08-02 00:10:45.639  2698  2698 E DrmLibRpmb: rpmb_init succeeded! with ret = 0
08-02 00:10:45.639  2698  2698 D QSEECOMD: : Init rpmb_init_service ret = 0
08-02 00:10:45.639  2698  2698 D QSEECOMD: : RPMB system services: init (Listener ID = 8192)
08-02 00:10:45.639  2698  2698 E QSEECOMD: : Listener: index = 1, hierarchy = 0
08-02 00:10:45.640  2698  2698 E QSEECOMD: : Init dlopen(libssd.so, RLTD_NOW) is failed....
08-02 00:10:45.640  2698  2698 E QSEECOMD: : ERROR: SSD_INIT failed, shall not start listener services
08-02 00:10:46.305   836   994 I WifiHAL : Got channel list with 11 channels
08-02 00:10:46.310   836   994 I WifiHAL : Got channel list with 9 channels
08-02 00:10:46.312   836   994 I WifiHAL : Got channel list with 15 channels
08-02 00:10:50.693  2701  2701 D QSEECOMD: : qseecom listener services process entry PPID = 1
08-02 00:10:50.693  2701  2701 E QSEECOMD: : Listener: index = 0, hierarchy = 0
08-02 00:10:50.694  2701  2701 D QSEECOMD: : Init dlopen(librpmb.so, RTLD_NOW) succeeds
08-02 00:10:50.694  2701  2701 D QSEECOMD: : Init::Init dlsym(g_FSHandle rpmb_init_service) succeeds
08-02 00:10:50.694  2701  2701 I rpmb    : RPMB Mult = 16384, Rel_sec_cnt = 1
08-02 00:10:50.695  2701  2701 E DrmLibRpmb: rpmb_init succeeded! with ret = 0
08-02 00:10:50.695  2701  2701 D QSEECOMD: : Init rpmb_init_service ret = 0
08-02 00:10:50.695  2701  2701 D QSEECOMD: : RPMB system services: init (Listener ID = 8192)
08-02 00:10:50.695  2701  2701 E QSEECOMD: : Listener: index = 1, hierarchy = 0
08-02 00:10:50.695  2701  2701 E QSEECOMD: : Init dlopen(libssd.so, RLTD_NOW) is failed....
08-02 00:10:50.695  2701  2701 E QSEECOMD: : ERROR: SSD_INIT failed, shall not start listener services
08-02 00:10:51.684   836  2616 D DhcpClient: Received packet: ac:9e:17:f1:49:df ACK: your new IP /0.0.0.0, netmask /255.255.0.0, gateways [/10.0.0.1] DNS servers: /10.0.0.1 , lease time null
08-02 00:10:55.760  2708  2708 D QSEECOMD: : qseecom listener services process entry PPID = 1
08-02 00:10:55.760  2708  2708 E QSEECOMD: : Listener: index = 0, hierarchy = 0
08-02 00:10:55.761  2708  2708 D QSEECOMD: : Init dlopen(librpmb.so, RTLD_NOW) succeeds
08-02 00:10:55.761  2708  2708 D QSEECOMD: : Init::Init dlsym(g_FSHandle rpmb_init_service) succeeds
08-02 00:10:55.762  2708  2708 I rpmb    : RPMB Mult = 16384, Rel_sec_cnt = 1
08-02 00:10:55.762  2708  2708 E DrmLibRpmb: rpmb_init succeeded! with ret = 0
08-02 00:10:55.762  2708  2708 D QSEECOMD: : Init rpmb_init_service ret = 0
08-02 00:10:55.762  2708  2708 D QSEECOMD: : RPMB system services: init (Listener ID = 8192)
08-02 00:10:55.762  2708  2708 E QSEECOMD: : Listener: index = 1, hierarchy = 0
08-02 00:10:55.762  2708  2708 E QSEECOMD: : Init dlopen(libssd.so, RLTD_NOW) is failed....
08-02 00:10:55.762  2708  2708 E QSEECOMD: : ERROR: SSD_INIT failed, shall not start listener services
08-02 00:10:56.290   836  2616 D DhcpClient: Received packet: 00:e0:4c:00:49:3a ACK: your new IP /0.0.0.0, netmask /255.255.0.0, gateways [/10.0.0.1] DNS servers: /10.0.0.1 , lease time null
08-02 00:11:00.817  2710  2710 D QSEECOMD: : qseecom listener services process entry PPID = 1
08-02 00:11:00.817  2710  2710 E QSEECOMD: : Listener: index = 0, hierarchy = 0
08-02 00:11:00.818  2710  2710 D QSEECOMD: : Init dlopen(librpmb.so, RTLD_NOW) succeeds
08-02 00:11:00.818  2710  2710 D QSEECOMD: : Init::Init dlsym(g_FSHandle rpmb_init_service) succeeds
08-02 00:11:00.818  2710  2710 I rpmb    : RPMB Mult = 16384, Rel_sec_cnt = 1
08-02 00:11:00.818  2710  2710 E DrmLibRpmb: rpmb_init succeeded! with ret = 0
08-02 00:11:00.818  2710  2710 D QSEECOMD: : Init rpmb_init_service ret = 0
08-02 00:11:00.819  2710  2710 D QSEECOMD: : RPMB system services: init (Listener ID = 8192)
08-02 00:11:00.819  2710  2710 E QSEECOMD: : Listener: index = 1, hierarchy = 0
08-02 00:11:00.819  2710  2710 E QSEECOMD: : Init dlopen(libssd.so, RLTD_NOW) is failed....
08-02 00:11:00.819  2710  2710 E QSEECOMD: : ERROR: SSD_INIT failed, shall not start listener services
08-02 00:11:05.872  2712  2712 D QSEECOMD: : qseecom listener services process entry PPID = 1
08-02 00:11:05.872  2712  2712 E QSEECOMD: : Listener: index = 0, hierarchy = 0
08-02 00:11:05.873  2712  2712 D QSEECOMD: : Init dlopen(librpmb.so, RTLD_NOW) succeeds
08-02 00:11:05.873  2712  2712 D QSEECOMD: : Init::Init dlsym(g_FSHandle rpmb_init_service) succeeds
08-02 00:11:05.873  2712  2712 I rpmb    : RPMB Mult = 16384, Rel_sec_cnt = 1
08-02 00:11:05.873  2712  2712 E DrmLibRpmb: rpmb_init succeeded! with ret = 0
08-02 00:11:05.873  2712  2712 D QSEECOMD: : Init rpmb_init_service ret = 0
08-02 00:11:05.873  2712  2712 D QSEECOMD: : RPMB system services: init (Listener ID = 8192)
08-02 00:11:05.873  2712  2712 E QSEECOMD: : Listener: index = 1, hierarchy = 0
08-02 00:11:05.874  2712  2712 E QSEECOMD: : Init dlopen(libssd.so, RLTD_NOW) is failed....
08-02 00:11:05.874  2712  2712 E QSEECOMD: : ERROR: SSD_INIT failed, shall not start listener services
08-02 00:11:06.314   836   994 I WifiHAL : Got channel list with 11 channels
08-02 00:11:06.316   836   994 I WifiHAL : Got channel list with 9 channels
08-02 00:11:06.320   836   994 I WifiHAL : Got channel list with 15 channels
08-02 00:11:10.555  1100  1486 D go      : [go][126125][tid_56](67)size
08-02 00:11:10.556  1100  1486 I TaskServiceProvider: [TaskServiceProvider][126126][tid_56](85)kill self service, size=0
08-02 00:11:10.557  1100  1486 I TaskServiceProvider: [TaskServiceProvider][126127][tid_56](87)kill self service success
08-02 00:11:10.559  1100  1486 I vv      : [vv][126128][tid_56](22)realPackageName:com.android.systemui vlifePackageName:com.vlife.ipro.magazine
08-02 00:11:10.561  1100  1486 D TaskServiceProvider: [TaskServiceProvider][126130][tid_56](89)vlife_task_service_for_3part
08-02 00:11:10.940  2713  2713 D QSEECOMD: : qseecom listener services process entry PPID = 1
08-02 00:11:10.940  2713  2713 E QSEECOMD: : Listener: index = 0, hierarchy = 0
08-02 00:11:10.941  2713  2713 D QSEECOMD: : Init dlopen(librpmb.so, RTLD_NOW) succeeds
08-02 00:11:10.941  2713  2713 D QSEECOMD: : Init::Init dlsym(g_FSHandle rpmb_init_service) succeeds
08-02 00:11:10.941  2713  2713 I rpmb    : RPMB Mult = 16384, Rel_sec_cnt = 1
08-02 00:11:10.941  2713  2713 E DrmLibRpmb: rpmb_init succeeded! with ret = 0
08-02 00:11:10.941  2713  2713 D QSEECOMD: : Init rpmb_init_service ret = 0
08-02 00:11:10.941  2713  2713 D QSEECOMD: : RPMB system services: init (Listener ID = 8192)
08-02 00:11:10.941  2713  2713 E QSEECOMD: : Listener: index = 1, hierarchy = 0
08-02 00:11:10.942  2713  2713 E QSEECOMD: : Init dlopen(libssd.so, RLTD_NOW) is failed....
08-02 00:11:10.942  2713  2713 E QSEECOMD: : ERROR: SSD_INIT failed, shall not start listener services
08-02 00:11:11.043  2635  2665 D go      : [go][40451][tid_168](67)size
08-02 00:11:11.045  2635  2665 I TaskServiceProvider: [TaskServiceProvider][40452][tid_168](85)kill self service, size=0
08-02 00:11:11.046  2635  2665 I TaskServiceProvider: [TaskServiceProvider][40454][tid_168](87)kill self service success
08-02 00:11:11.048  2635  2665 I vv      : [vv][40456][tid_168](22)realPackageName:com.vlife.ipro.magazine vlifePackageName:com.vlife.ipro.magazine
08-02 00:11:11.059  2635  2635 I SuicideManagerProvider: [SuicideManagerProvider][40465][tid_1](155)removeSuicideFactor com.vlife.TService@dd2d0de
08-02 00:11:11.064  2635  2660 D StatisticsProvider: [StatisticsProvider][40471][tid_163](432)[statistics_test] =======>write map:n.ep@26a5f42
08-02 00:11:11.065  2635  2660 I StatisticsProvider: [StatisticsProvider][40473][tid_163](516)[statistics_test] filePath /data/user/0/com.vlife.ipro.magazine/files/ua/no_ua_6.131.9.ain.dat.0 
08-02 00:11:11.067  2635  2660 I StatisticsProvider: [StatisticsProvider][40475][tid_163](518)[statistics_test] ====canWrite====
08-02 00:11:11.068  2635  2660 D StatisticsProvider: [StatisticsProvider][40476][tid_163](439)[statistics_test] =======>write path:/data/user/0/com.vlife.ipro.magazine/files/ua/no_ua_6.131.9.ain.dat.0
08-02 00:11:11.071  2635  2635 I AbstractServiceHandler: [AbstractServiceHandler][40477][tid_1](125)service:com.vlife.TService@dd2d0de unregiseter com.vlife.common.lib.abs.AbstractServiceHandler$1@9754d8c
08-02 00:11:11.131  2635  2660 I StatisticsProvider: [StatisticsProvider][40540][tid_163](464)[statistics_test] create packet xml : <item ua_action="com.handpet.component.service.TaskServiceProvider$VLifeTaskServiceHandler" dev_value="40" ua_event="dev_service_end" dev_version="6.131.9" ua_time="1501603871061" ua_process="main_page" index="3" />
08-02 00:11:15.997  2715  2715 D QSEECOMD: : qseecom listener services process entry PPID = 1
08-02 00:11:15.997  2715  2715 E QSEECOMD: : Listener: index = 0, hierarchy = 0
08-02 00:11:15.998  2715  2715 D QSEECOMD: : Init dlopen(librpmb.so, RTLD_NOW) succeeds
08-02 00:11:15.998  2715  2715 D QSEECOMD: : Init::Init dlsym(g_FSHandle rpmb_init_service) succeeds
08-02 00:11:15.998  2715  2715 I rpmb    : RPMB Mult = 16384, Rel_sec_cnt = 1
08-02 00:11:15.999  2715  2715 E DrmLibRpmb: rpmb_init succeeded! with ret = 0
08-02 00:11:15.999  2715  2715 D QSEECOMD: : Init rpmb_init_service ret = 0
08-02 00:11:15.999  2715  2715 D QSEECOMD: : RPMB system services: init (Listener ID = 8192)
08-02 00:11:15.999  2715  2715 E QSEECOMD: : Listener: index = 1, hierarchy = 0
08-02 00:11:15.999  2715  2715 E QSEECOMD: : Init dlopen(libssd.so, RLTD_NOW) is failed....
08-02 00:11:15.999  2715  2715 E QSEECOMD: : ERROR: SSD_INIT failed, shall not start listener services
08-02 00:11:16.103  2635  2635 D SuicideManagerProvider: [SuicideManagerProvider][45510][tid_1](175)canBeKill() size=0
08-02 00:11:16.109  2635  2660 D StatisticsProvider: [StatisticsProvider][45517][tid_163](432)[statistics_test] =======>write map:n.ep@f5cdb53
08-02 00:11:16.111  2635  2660 I StatisticsProvider: [StatisticsProvider][45519][tid_163](516)[statistics_test] filePath /data/user/0/com.vlife.ipro.magazine/files/ua/no_ua_6.131.9.ain.dat.0 
08-02 00:11:16.115  2635  2660 I StatisticsProvider: [StatisticsProvider][45523][tid_163](518)[statistics_test] ====canWrite====
08-02 00:11:16.118  2635  2635 I SuicideManagerProvider: [SuicideManagerProvider][45524][tid_1](252)delete using module before kill self
08-02 00:11:16.119  2635  2635 W wf      : [wf][45527][tid_1](52)create preferences name:database
