08-01 17:10:50.022  2524  2524 D QSEECOMD: : qseecom listener services process entry PPID = 1
08-01 17:10:50.022  2524  2524 E QSEECOMD: : Listener: index = 0, hierarchy = 0
08-01 17:10:50.023  2524  2524 D QSEECOMD: : Init dlopen(librpmb.so, RTLD_NOW) succeeds
08-01 17:10:50.023  2524  2524 D QSEECOMD: : Init::Init dlsym(g_FSHandle rpmb_init_service) succeeds
08-01 17:10:50.023  2524  2524 I rpmb    : RPMB Mult = 16384, Rel_sec_cnt = 1
08-01 17:10:50.023  2524  2524 E DrmLibRpmb: rpmb_init succeeded! with ret = 0
08-01 17:10:50.023  2524  2524 D QSEECOMD: : Init rpmb_init_service ret = 0
08-01 17:10:50.024  2524  2524 D QSEECOMD: : RPMB system services: init (Listener ID = 8192)
08-01 17:10:50.024  2524  2524 E QSEECOMD: : Listener: index = 1, hierarchy = 0
08-01 17:10:50.024  2524  2524 E QSEECOMD: : Init dlopen(libssd.so, RLTD_NOW) is failed....
08-01 17:10:50.024  2524  2524 E QSEECOMD: : ERROR: SSD_INIT failed, shall not start listener services
08-02 00:10:00.180   836  1001 D NotificationSQLiteLog: Pruned event entries: 0
08-02 00:10:00.758  2532  2532 D AndroidRuntime: >>>>>> START com.android.internal.os.RuntimeInit uid 0 <<<<<<
08-02 00:10:00.764  2532  2532 D AndroidRuntime: CheckJNI is ON
08-02 00:10:00.827  2532  2532 D ICU     : No timezone override file found: /data/misc/zoneinfo/current/icu/icu_tzdata.dat
08-02 00:10:00.908  2532  2532 I Radio-JNI: register_android_hardware_Radio DONE
08-02 00:10:00.937  2532  2532 D AndroidRuntime: Calling main entry com.android.commands.am.Am
08-02 00:10:00.971  2539  2539 D QSEECOMD: : qseecom listener services process entry PPID = 1
08-02 00:10:00.971  2539  2539 E QSEECOMD: : Listener: index = 0, hierarchy = 0
08-02 00:10:00.971  2539  2539 D QSEECOMD: : Init dlopen(librpmb.so, RTLD_NOW) succeeds
08-02 00:10:00.971  2539  2539 D QSEECOMD: : Init::Init dlsym(g_FSHandle rpmb_init_service) succeeds
08-02 00:10:00.972  2539  2539 I rpmb    : RPMB Mult = 16384, Rel_sec_cnt = 1
08-02 00:10:00.972  2539  2539 E DrmLibRpmb: rpmb_init succeeded! with ret = 0
08-02 00:10:00.972  2539  2539 D QSEECOMD: : Init rpmb_init_service ret = 0
08-02 00:10:00.972  2539  2539 D QSEECOMD: : RPMB system services: init (Listener ID = 8192)
08-02 00:10:00.972  2539  2539 E QSEECOMD: : Listener: index = 1, hierarchy = 0
08-02 00:10:00.972  2539  2539 E QSEECOMD: : Init dlopen(libssd.so, RLTD_NOW) is failed....
08-02 00:10:00.972  2539  2539 E QSEECOMD: : ERROR: SSD_INIT failed, shall not start listener services
08-02 00:10:01.015  2310  2310 D BDPushSDK-PushSDK: PushSDK handleOnStart go
08-02 00:10:01.017  2310  2310 D BDPushSDK-PushSDK: heartbeat networkConnected :false
08-02 00:10:01.078  2310  2310 D BDPushSDK-PushSDK: heartbeat set : 180 secs
08-02 00:10:01.162  1066  1066 I AlarmClock: AlarmInitReceiver android.intent.action.TIME_SET
08-02 00:10:01.192  1066  1163 V AlarmClock: AlarmInitReceiver finished
08-02 00:10:01.199  2532  2532 D AndroidRuntime: Shutting down VM
08-02 00:10:01.239  1823  1823 D BdPreferenceImpl: modified size: 1
08-02 00:10:01.239  1823  1823 D BdPreferenceImpl: modified. key: re_nu_t value: 1501600227364
08-02 00:10:01.240  1823  1823 D BdPreferenceImpl: cache. key: re_nu_t value: 1501589427364
08-02 00:10:01.240  1823  1823 D BdPreferenceImpl: write to file. key: re_nu_t value: 1501600227364
08-02 00:10:01.240  1823  1823 D BdPreferenceQueueWorker: wait to finish
08-02 00:10:01.253  1823  1823 D BdPreferenceImpl: modified size: 1
08-02 00:10:01.254  1823  1823 D BdPreferenceImpl: modified. key: re_nu_t value: 1501614601253
08-02 00:10:01.254  1823  1823 D BdPreferenceImpl: cache. key: re_nu_t value: 1501600227364
08-02 00:10:01.254  1823  1823 D BdPreferenceImpl: write to file. key: re_nu_t value: 1501614601253
08-02 00:10:01.254  1823  1823 D BdPreferenceQueueWorker: wait to finish
08-02 00:10:01.269  1823  1823 D BdPushOperation: <<< received intent: Intent { act=com.baidu.browser.push.autobind flg=0x14 cmp=com.baidu.browser.apps/com.baidu.browser.push.service.BdPushServiceReceiver (has extras) }
08-02 00:10:01.277  1823  1823 D BdPreferenceImpl: modified size: 1
08-02 00:10:01.277  1823  1823 D BdPreferenceImpl: modified. key: com.baidu.android.pushservice.PushSettings.hw_proxy_mode value: 1
08-02 00:10:01.277  1823  1823 D BdPreferenceImpl: cache. key: com.baidu.android.pushservice.PushSettings.hw_proxy_mode value: 1
08-02 00:10:01.301  1823  1823 I BDPushSDK-Utility: provider name  = com.baidu.android.pushservice.PushInfoProvider  export  = true provider authorities = com.baidu.browser.apps.bdpush
08-02 00:10:01.302  1823  1823 D BDPushSDK-PushManager: startWork from com.baidu.browser.apps check: true
08-02 00:10:01.321  1823  1823 D BdPreferenceImpl: modified size: 1
08-02 00:10:01.321  1823  1823 D BdPreferenceImpl: modified. key: com.baidu.android.pushservice.config.MODE_MANUFACTURER_CACHE value: CONFIG_MANUFACTURER_DEFAULT
08-02 00:10:01.321  1823  1823 D BdPreferenceImpl: cache. key: com.baidu.android.pushservice.config.MODE_MANUFACTURER_CACHE value: CONFIG_MANUFACTURER_DEFAULT
08-02 00:10:01.321  1823  1823 D BdPreferenceImpl: modified size: 1
08-02 00:10:01.321  1823  1823 D BdPreferenceImpl: modified. key: com.baidu.android.pushservice.config.MODE_CONFIG_VERSION value: 1
08-02 00:10:01.321  1823  1823 D BdPreferenceImpl: cache. key: com.baidu.android.pushservice.config.MODE_CONFIG_VERSION value: 1
08-02 00:10:01.322  1823  1823 D BDPushSDK-d: Config File Not Matched
08-02 00:10:01.331  1823  1823 D BdPreferenceImpl: modified size: 1
08-02 00:10:01.331  1823  1823 D BdPreferenceImpl: modified. key: s_e value: enabled
08-02 00:10:01.331  1823  1823 D BdPreferenceImpl: cache. key: s_e value: enabled
08-02 00:10:01.331  1823  1823 D BdPreferenceQueueWorker: wait to finish
08-02 00:10:01.334  1823  1823 D BDPushSDK-Utility: com.baidu.browser.apps: updateServiceInfo isForce = true,isSend = true
08-02 00:10:01.357  1823  1887 D BdPreferenceImpl: modified size: 1
08-02 00:10:01.358  1823  1887 D BdPreferenceImpl: modified. key: re_net_ali2_1003003 value: 201772
08-02 00:10:01.360  1823  1887 D BdPreferenceImpl: cache. key: re_net_ali2_1003003 value: 201771
08-02 00:10:01.360  1823  1887 D BdPreferenceImpl: write to file. key: re_net_ali2_1003003 value: 201772
08-02 00:10:01.360  1823  1887 D BdPreferenceQueueWorker: wait to finish
08-02 00:10:01.401  1823  1823 D BdPreferenceImpl: modified size: 1
08-02 00:10:01.401  1823  1823 D BdPreferenceImpl: modified. key: pr_app_v value: 231
08-02 00:10:01.401  1823  1823 D BdPreferenceImpl: cache. key: pr_app_v value: 231
08-02 00:10:01.401  1823  1823 D BdPreferenceQueueWorker: wait to finish
08-02 00:10:01.456  1823  1823 D BDPushSDK-PushManagerHandler: new startWork> sendResult to com.baidu.browser.apps ,method:method_bind ,errorCode : 0 ,content : {"request_id":"638878130","response_params":{"appid":"260149","channel_id":"4309395212920292443","user_id":"800454071979912677"}}
08-02 00:10:01.535  1823  2549 D BDPushSDK-ServiceUtils: checkAndStartPushService, running is false
08-02 00:10:01.542  1823  1823 D BdPreferenceImpl: modified size: 1
08-02 00:10:01.544  1823  1823 D BdPreferenceImpl: modified. key: com.baidu.pushservice.app_id value: 260149
08-02 00:10:01.544  1823  1823 D BdPreferenceImpl: cache. key: com.baidu.pushservice.app_id value: 260149
08-02 00:10:01.550  1823  1823 D BdPreferenceImpl: modified size: 6
08-02 00:10:01.550  1823  1823 D BdPreferenceImpl: modified. key: bind_status value: true
08-02 00:10:01.550  1823  1823 D BdPreferenceImpl: cache. key: bind_status value: true
08-02 00:10:01.550  1823  1823 D BdPreferenceImpl: modified. key: user_id value: 800454071979912677
08-02 00:10:01.550  1823  1823 D BdPreferenceImpl: cache. key: user_id value: 800454071979912677
08-02 00:10:01.550  1823  1823 D BdPreferenceImpl: modified. key: appid value: 260149
08-02 00:10:01.550  1823  1823 D BdPreferenceImpl: cache. key: appid value: 260149
08-02 00:10:01.550  1823  1823 D BdPreferenceImpl: modified. key: version_code value: 231
08-02 00:10:01.550  1823  1823 D BdPreferenceImpl: cache. key: version_code value: 231
08-02 00:10:01.550  1823  1823 D BdPreferenceImpl: modified. key: channel_id value: 4309395212920292443
08-02 00:10:01.550  1823  1823 D BdPreferenceImpl: cache. key: channel_id value: 4309395212920292443
08-02 00:10:01.550  1823  1823 D BdPreferenceImpl: modified. key: request_id value: 638878130
08-02 00:10:01.551  1823  1823 D BdPreferenceImpl: cache. key: request_id value: 638878130
08-02 00:10:01.555  1823  2549 D BDPushSDK-ServiceUtils: startPushService go on pkgName = com.baidu.browser.apps
08-02 00:10:01.563  2310  2310 D BDPushSDK-PushSDK: PushSDK handleOnStart go
08-02 00:10:01.565  1823  2549 D BDPushSDK-ServiceUtils: startPushService by startService
08-02 00:10:01.580  2310  2363 D NetworkSecurityConfig: No Network Security Config specified, using platform default
08-02 00:10:01.589  2310  2363 D BDPushSDK-PushSDK: tryConnect networkConnected :false
08-02 00:10:06.025  2562  2562 D QSEECOMD: : qseecom listener services process entry PPID = 1
08-02 00:10:06.025  2562  2562 E QSEECOMD: : Listener: index = 0, hierarchy = 0
08-02 00:10:06.030  2562  2562 D QSEECOMD: : Init dlopen(librpmb.so, RTLD_NOW) succeeds
08-02 00:10:06.030  2562  2562 D QSEECOMD: : Init::Init dlsym(g_FSHandle rpmb_init_service) succeeds
08-02 00:10:06.031  2562  2562 I rpmb    : RPMB Mult = 16384, Rel_sec_cnt = 1
08-02 00:10:06.031  2562  2562 E DrmLibRpmb: rpmb_init succeeded! with ret = 0
08-02 00:10:06.031  2562  2562 D QSEECOMD: : Init rpmb_init_service ret = 0
08-02 00:10:06.031  2562  2562 D QSEECOMD: : RPMB system services: init (Listener ID = 8192)
08-02 00:10:06.031  2562  2562 E QSEECOMD: : Listener: index = 1, hierarchy = 0
08-02 00:10:06.031  2562  2562 E QSEECOMD: : Init dlopen(libssd.so, RLTD_NOW) is failed....
08-02 00:10:06.031  2562  2562 E QSEECOMD: : ERROR: SSD_INIT failed, shall not start listener services
08-02 00:10:06.161  1934  1934 I art     : Waiting for a blocking GC DisableMovingGc
08-02 00:10:06.167  1934  1934 I art     : WaitForGcToComplete blocked for 6.057ms for cause DisableMovingGc
08-02 00:10:06.168  1934  1934 I art     : Starting a blocking GC DisableMovingGc
08-02 00:10:11.084  2564  2564 D QSEECOMD: : qseecom listener services process entry PPID = 1
08-02 00:10:11.084  2564  2564 E QSEECOMD: : Listener: index = 0, hierarchy = 0
08-02 00:10:11.085  2564  2564 D QSEECOMD: : Init dlopen(librpmb.so, RTLD_NOW) succeeds
08-02 00:10:11.085  2564  2564 D QSEECOMD: : Init::Init dlsym(g_FSHandle rpmb_init_service) succeeds
08-02 00:10:11.085  2564  2564 I rpmb    : RPMB Mult = 16384, Rel_sec_cnt = 1
08-02 00:10:11.085  2564  2564 E DrmLibRpmb: rpmb_init succeeded! with ret = 0
08-02 00:10:11.085  2564  2564 D QSEECOMD: : Init rpmb_init_service ret = 0
08-02 00:10:11.085  2564  2564 D QSEECOMD: : RPMB system services: init (Listener ID = 8192)
08-02 00:10:11.086  2564  2564 E QSEECOMD: : Listener: index = 1, hierarchy = 0
08-02 00:10:11.086  2564  2564 E QSEECOMD: : Init dlopen(libssd.so, RLTD_NOW) is failed....
08-02 00:10:11.086  2564  2564 E QSEECOMD: : ERROR: SSD_INIT failed, shall not start listener services
08-02 00:10:13.013  2091  2127 D go      : [go][58491][tid_140](67)size
08-02 00:10:13.014  2091  2127 I TaskServiceProvider: [TaskServiceProvider][58493][tid_140](85)kill self service, size=0
08-02 00:10:13.017  2091  2127 I TaskServiceProvider: [TaskServiceProvider][58494][tid_140](87)kill self service success
08-02 00:10:13.024  2091  2127 I vv      : [vv][58497][tid_140](22)realPackageName:com.vlife.ipro.magazine vlifePackageName:com.vlife.ipro.magazine
08-02 00:10:13.034  2091  2091 I SuicideManagerProvider: [SuicideManagerProvider][58511][tid_1](155)removeSuicideFactor com.vlife.TService@adadcd5
08-02 00:10:13.041  2091  2122 D StatisticsProvider: [StatisticsProvider][58519][tid_135](432)[statistics_test] =======>write map:n.ep@4ad31bc
08-02 00:10:13.042  2091  2122 I StatisticsProvider: [StatisticsProvider][58521][tid_135](516)[statistics_test] filePath /data/user/0/com.vlife.ipro.magazine/files/ua/no_ua_6.131.9.ain.dat.0 
08-02 00:10:13.045  2091  2122 I StatisticsProvider: [StatisticsProvider][58524][tid_135](518)[statistics_test] ====canWrite====
08-02 00:10:13.050  2091  2091 I AbstractServiceHandler: [AbstractServiceHandler][58529][tid_1](125)service:com.vlife.TService@adadcd5 unregiseter com.vlife.common.lib.abs.AbstractServiceHandler$1@371cea
08-02 00:10:13.051  2091  2122 D StatisticsProvider: [StatisticsProvider][58525][tid_135](439)[statistics_test] =======>write path:/data/user/0/com.vlife.ipro.magazine/files/ua/no_ua_6.131.9.ain.dat.0
08-02 00:10:13.119  2091  2122 I StatisticsProvider: [StatisticsProvider][58598][tid_135](464)[statistics_test] create packet xml : <item ua_action="com.handpet.component.service.TaskServiceProvider$VLifeTaskServiceHandler" dev_value="57" ua_event="dev_service_end" dev_version="6.131.9" ua_time="1501603813035" ua_process="main_page" index="4" />
08-02 00:10:15.770  2310  2572 E BDPushSDK-PushConnection: Create socket err, errno: 101socketfd: -1
08-02 00:10:15.773  2310  2572 I BDPushSDK-PushConnection: disconnectedByPeer, mStoped == false
08-02 00:10:15.781  2310  2572 I BDPushSDK-PushConnection: destroy
08-02 00:10:16.139  2577  2577 D QSEECOMD: : qseecom listener services process entry PPID = 1
08-02 00:10:16.139  2577  2577 E QSEECOMD: : Listener: index = 0, hierarchy = 0
08-02 00:10:16.140  2577  2577 D QSEECOMD: : Init dlopen(librpmb.so, RTLD_NOW) succeeds
08-02 00:10:16.140  2577  2577 D QSEECOMD: : Init::Init dlsym(g_FSHandle rpmb_init_service) succeeds
08-02 00:10:16.140  2577  2577 I rpmb    : RPMB Mult = 16384, Rel_sec_cnt = 1
08-02 00:10:16.141  2577  2577 E DrmLibRpmb: rpmb_init succeeded! with ret = 0
08-02 00:10:16.141  2577  2577 D QSEECOMD: : Init rpmb_init_service ret = 0
08-02 00:10:16.141  2577  2577 D QSEECOMD: : RPMB system services: init (Listener ID = 8192)
08-02 00:10:16.141  2577  2577 E QSEECOMD: : Listener: index = 1, hierarchy = 0
08-02 00:10:16.141  2577  2577 E QSEECOMD: : Init dlopen(libssd.so, RLTD_NOW) is failed....
08-02 00:10:16.141  2577  2577 E QSEECOMD: : ERROR: SSD_INIT failed, shall not start listener services
08-02 00:10:18.077  2091  2091 D SuicideManagerProvider: [SuicideManagerProvider][63555][tid_1](175)canBeKill() size=0
08-02 00:10:18.083  2091  2122 D StatisticsProvider: [StatisticsProvider][63562][tid_135](432)[statistics_test] =======>write map:n.ep@64da545
08-02 00:10:18.085  2091  2122 I StatisticsProvider: [StatisticsProvider][63564][tid_135](516)[statistics_test] filePath /data/user/0/com.vlife.ipro.magazine/files/ua/no_ua_6.131.9.ain.dat.0 
08-02 00:10:18.088  2091  2091 I SuicideManagerProvider: [SuicideManagerProvider][63567][tid_1](252)delete using module before kill self
08-02 00:10:18.090  2091  2091 W wf      : [wf][63568][tid_1](52)create preferences name:database
08-02 00:10:18.095  2091  2122 I StatisticsProvider: [StatisticsProvider][63575][tid_135](518)[statistics_test] ====canWrite====
08-02 00:10:18.095  2091  2122 D StatisticsProvider: [StatisticsProvider][63575][tid_135](439)[statistics_test] =======>write path:/data/user/0/com.vlife.ipro.magazine/files/ua/no_ua_6.131.9.ain.dat.0
08-02 00:10:18.115  2091  2122 I StatisticsProvider: [StatisticsProvider][63595][tid_135](464)[statistics_test] create packet xml : <item flag="false" ua_event="dev_exit" dev_version="6.131.9" ua_time="1501603818079" ua_process="main_page" index="5" />
08-02 00:10:18.121  2091  2122 D StatisticsProvider: [StatisticsProvider][63600][tid_135](432)[statistics_test] =======>write map:n.ep@dbf3b01
08-02 00:10:18.121  2091  2122 I StatisticsProvider: [StatisticsProvider][63600][tid_135](516)[statistics_test] filePath /data/user/0/com.vlife.ipro.magazine/files/ua/no_ua_6.131.9.ain.dat.0 
08-02 00:10:18.121  2091  2122 I StatisticsProvider: [StatisticsProvider][63601][tid_135](518)[statistics_test] ====canWrite====
08-02 00:10:18.122  2091  2122 D StatisticsProvider: [StatisticsProvider][63601][tid_135](439)[statistics_test] =======>write path:/data/user/0/com.vlife.ipro.magazine/files/ua/no_ua_6.131.9.ain.dat.0
08-02 00:10:18.135  2091  2091 I art     : System.exit called, status: 0
08-02 00:10:18.135  2091  2091 I AndroidRuntime: VM exiting with result code 0, cleanup skipped.
08-02 00:10:21.195  2583  2583 D QSEECOMD: : qseecom listener services process entry PPID = 1
08-02 00:10:21.195  2583  2583 E QSEECOMD: : Listener: index = 0, hierarchy = 0
08-02 00:10:21.195  2583  2583 D QSEECOMD: : Init dlopen(librpmb.so, RTLD_NOW) succeeds
08-02 00:10:21.195  2583  2583 D QSEECOMD: : Init::Init dlsym(g_FSHandle rpmb_init_service) succeeds
08-02 00:10:21.196  2583  2583 I rpmb    : RPMB Mult = 16384, Rel_sec_cnt = 1
08-02 00:10:21.196  2583  2583 E DrmLibRpmb: rpmb_init succeeded! with ret = 0
08-02 00:10:21.196  2583  2583 D QSEECOMD: : Init rpmb_init_service ret = 0
08-02 00:10:21.196  2583  2583 D QSEECOMD: : RPMB system services: init (Listener ID = 8192)
08-02 00:10:21.197  2583  2583 E QSEECOMD: : Listener: index = 1, hierarchy = 0
08-02 00:10:21.197  2583  2583 E QSEECOMD: : Init dlopen(libssd.so, RLTD_NOW) is failed....
08-02 00:10:21.197  2583  2583 E QSEECOMD: : ERROR: SSD_INIT failed, shall not start listener services
08-02 00:10:25.013  2584  2584 D AndroidRuntime: >>>>>> START com.android.internal.os.RuntimeInit uid 0 <<<<<<
08-02 00:10:25.018  2584  2584 D AndroidRuntime: CheckJNI is ON
08-02 00:10:25.081  2584  2584 D ICU     : No timezone override file found: /data/misc/zoneinfo/current/icu/icu_tzdata.dat
08-02 00:10:25.128  2584  2584 I Radio-JNI: register_android_hardware_Radio DONE
08-02 00:10:25.169  2584  2584 D AndroidRuntime: Calling main entry com.android.commands.svc.Svc
08-02 00:10:25.188  2584  2584 D AndroidRuntime: Shutting down VM
08-02 00:10:25.190   399   829 D SoftapController: Softap fwReload - Ok
08-02 00:10:25.194   399   829 D CommandListener: Setting iface cfg
08-02 00:10:25.194   399   829 D CommandListener: Trying to bring down wlan0
08-02 00:10:25.195   399   829 D CommandListener: Clearing all IP addresses on wlan0
08-02 00:10:25.199   836   991 E WifiMonitor: killSupplicant p2ptrue init.svc.wpa_supplicant=unknown init.svc.p2p_supplicant=unknown
08-02 00:10:25.864   836   991 D wifi    : set interface wlan0 flags (UP)
08-02 00:10:25.865   836   991 I WifiHAL : Initializing wifi
08-02 00:10:25.865   836   991 I WifiHAL : Creating socket
08-02 00:10:25.873   836   991 I WifiHAL : Initialized Wifi HAL Successfully; vendor cmd = 103
08-02 00:10:25.874   836   991 D wifi    : Did set static halHandle = 0x97d1ca10
08-02 00:10:25.874   836   991 D wifi    : halHandle = 0x97d1ca10, mVM = 0xae7b20c0, mCls = 0x101396
08-02 00:10:25.875   836   991 D wifi    : array field set
08-02 00:10:25.878   836  2598 I WifiNative-HAL: Waiting for HAL events mWifiHalHandle=-1747858928
08-02 00:10:25.879   836  2598 D wifi    : waitForHalEvents called, vm = 0xae7b20c0, obj = 0x101396, env = 0x97ca7450
08-02 00:10:25.915  2600  2600 D QSEECOMD: : qseecom listener services process entry PPID = 1
08-02 00:10:25.915  2600  2600 E QSEECOMD: : Listener: index = 0, hierarchy = 0
08-02 00:10:25.919  2600  2600 D QSEECOMD: : Init dlopen(librpmb.so, RTLD_NOW) succeeds
08-02 00:10:25.919  2600  2600 D QSEECOMD: : Init::Init dlsym(g_FSHandle rpmb_init_service) succeeds
08-02 00:10:25.919  2600  2600 I rpmb    : RPMB Mult = 16384, Rel_sec_cnt = 1
08-02 00:10:25.919  2600  2600 E DrmLibRpmb: rpmb_init succeeded! with ret = 0
08-02 00:10:25.919  2600  2600 D QSEECOMD: : Init rpmb_init_service ret = 0
08-02 00:10:25.919  2600  2600 D QSEECOMD: : RPMB system services: init (Listener ID = 8192)
08-02 00:10:25.920  2600  2600 E QSEECOMD: : Listener: index = 1, hierarchy = 0
08-02 00:10:25.920  2600  2600 E QSEECOMD: : Init dlopen(libssd.so, RLTD_NOW) is failed....
08-02 00:10:25.920  2600  2600 E QSEECOMD: : ERROR: SSD_INIT failed, shall not start listener services
08-02 00:10:25.943  2599  2599 I wpa_supplicant: Successfully initialized wpa_supplicant
08-02 00:10:25.984   836   991 D WifiMonitor: startMonitoring(wlan0) with mConnected = false
08-02 00:10:26.005  2599  2599 I wpa_supplicant: rfkill: Cannot open RFKILL control device
08-02 00:10:26.065  2599  2599 I wpa_supplicant: rfkill: Cannot get wiphy information
08-02 00:10:26.088   836   991 I WifiConnectivityManager: User band preference: 0
08-02 00:10:26.091   836   991 D WifiConfigManager: Loading config and enabling all networks 
08-02 00:10:26.121   836   991 W WifiNetworkHistory: Upgrading network 0 to android.uid.system:1000
08-02 00:10:26.122   836   991 W WifiNetworkHistory: Upgrading network 1 to android.uid.system:1000
08-02 00:10:26.123   836   991 W WifiNetworkHistory: Upgrading network 2 to android.uid.system:1000
08-02 00:10:26.124   836   991 D WifiConfigManager: loaded 0 passpoint configs
08-02 00:10:26.134   836   991 D WifiNative-HAL: Setting external_sim to 1
08-02 00:10:26.135   836   991 D wifi    : setting dfs flag to true, 0x8db2e280
08-02 00:10:26.135   836   991 D WifiStateMachine: Setting OUI to 92-68-C3
08-02 00:10:26.136   836   991 D wifi    : setting scan oui 0x8db2e280
08-02 00:10:26.136   836   991 D WifiHAL : Sending mac address OUI
08-02 00:10:26.176  2599  2599 I wpa_supplicant: wlan0: CTRL-EVENT-REGDOM-CHANGE init=USER type=COUNTRY alpha2=CN
08-02 00:10:26.184   836   991 D WifiCountryCode: Succeeded to set country code to: CN
08-02 00:10:26.185   836   991 D wifi    : android_net_wifi_get_firmware_version = 0x8db2e280
08-02 00:10:26.185   836   991 D WifiHAL : In DebugCommand::handleResponse
08-02 00:10:26.185   836   991 D WifiHAL : len = 108, expected len = 256
08-02 00:10:26.185   836   991 D wifi    : buffer is 0x8db40700, length is 256
08-02 00:10:26.186   836   991 D wifi    : android_net_wifi_get_driver_version = 0x8db2e280
08-02 00:10:26.186   836   991 D WifiHAL : In DebugCommand::handleResponse
08-02 00:10:26.186   836   991 D WifiHAL : len = 108, expected len = 256
08-02 00:10:26.186   836   991 D wifi    : buffer is 0x8db40700, length is 256
08-02 00:10:26.186   836   991 D wifi    : android_net_wifi_set_log_handler = 0x8db2e280
08-02 00:10:26.187   836   991 D wifi    : android_net_wifi_get_ring_buffer_status = 0x8db2e280
08-02 00:10:26.187   836   991 D WifiHAL : In DebugCommand::handleResponse
08-02 00:10:26.187   836   991 D wifi    : status is 0x97d13600, number is 3
08-02 00:10:26.188   836   991 D wifi    : android_net_wifi_start_logging_ring_buffer = 0x8db2e280
08-02 00:10:26.202   836   991 D wifi    : start logging for ring fw_verbose
08-02 00:10:26.202   836   991 D wifi    : android_net_wifi_start_logging_ring_buffer = 0x8db2e280
08-02 00:10:26.208   836   991 D wifi    : start logging for ring fw_event
08-02 00:10:26.208   836   991 D wifi    : android_net_wifi_start_logging_ring_buffer = 0x8db2e280
08-02 00:10:26.208   836   991 D wifi    : start logging for ring dhd_event
08-02 00:10:26.209   836   991 D wifi    : android_net_wifi_start_logging_ring_buffer = 0x8db2e280
08-02 00:10:26.224   836   991 D wifi    : start logging for ring fw_verbose
08-02 00:10:26.225   836   991 D wifi    : android_net_wifi_start_logging_ring_buffer = 0x8db2e280
08-02 00:10:26.230   836   991 D wifi    : start logging for ring fw_event
08-02 00:10:26.231   836   991 D wifi    : android_net_wifi_start_logging_ring_buffer = 0x8db2e280
08-02 00:10:26.231   836   991 D wifi    : start logging for ring dhd_event
08-02 00:10:26.232   836   991 D WifiHAL : Start get packet fate command
08-02 00:10:26.232   836   991 D WifiHAL : createRequest Monitor packet fate request
08-02 00:10:26.232   836   991 E WifiHAL : Failed to register get pkt fate response; result = -95
08-02 00:10:26.232   836   991 E WifiLogger: Failed to start packet fate monitoring
08-02 00:10:26.283   399   829 W CommandListener: Failed to retrieve HW addr for p2p0 (No such device)
08-02 00:10:26.284   836   991 D wifi    : android_net_wifi_setLinkLayerStats: 1
08-02 00:10:26.284   836   991 I WifiConnectivityManager: Set WiFi enabled
08-02 00:10:26.285   836   991 I WifiConnectivityManager: scheduleWatchdogTimer
08-02 00:10:26.287   836   836 D RttService: SCAN_AVAILABLE : 3
08-02 00:10:26.287   836   996 D RttService: DefaultState got{ when=-1ms what=160512 target=com.android.internal.util.StateMachine$SmHandler }
08-02 00:10:26.288   399   829 D CommandListener: Setting iface cfg
08-02 00:10:26.288   836   994 I WifiScanningService: wifi driver loaded with scan capabilities: max buckets=8
08-02 00:10:26.289   836   991 W AlarmManager: Unrecognized alarm listener com.android.server.wifi.WifiConnectivityManager$3@84e068b
08-02 00:10:26.289   836   991 E WifiScanner: listener cannot be found
08-02 00:10:26.292   836   989 D WifiMonitor: startMonitoring(p2p0) with mConnected = true
08-02 00:10:26.302   836   994 I WifiHAL : Got channel list with 11 channels
08-02 00:10:26.304   836   994 I WifiHAL : Got channel list with 9 channels
08-02 00:10:26.311   836   989 D WifiNative-HAL: p2pGetDeviceAddress
08-02 00:10:26.312   836   994 I WifiHAL : Got channel list with 15 channels
08-02 00:10:26.313   836   989 D WifiNative-HAL: p2pGetDeviceAddress returning e6:90:7e:05:f0:b9
08-02 00:10:29.401  2599  2599 I wpa_supplicant: p2p-dev-wlan0: CTRL-EVENT-REGDOM-CHANGE init=BEACON_HINT type=UNKNOWN
08-02 00:10:29.420  2599  2599 I wpa_supplicant: p2p-dev-wlan0: CTRL-EVENT-REGDOM-CHANGE init=BEACON_HINT type=UNKNOWN
08-02 00:10:29.488   836   991 D WifiStateMachine: CMD_AUTO_CONNECT sup state DisconnectedState my state DisconnectedState nid=1 roam=false
08-02 00:10:29.488   836   991 D WifiStateMachine: CMD_AUTO_CONNECT will save config -> "1103_5G" nid=1
08-02 00:10:29.525   836  2605 D WifiNetworkHistory: saving network history: "360免费WiFi-B5"WPA_PSK gw: 00:00:00:00:00:00 Network Selection-status: NETWORK_SELECTION_ENABLED ephemeral=false choice:"1103_5G"WPA_PSK link:0 status:1 nid:0 hasEverConnected: true
08-02 00:10:29.525   836  2605 V WifiNetworkHistory: writeKnownNetworkHistory write config "360免费WiFi-B5"WPA_PSK
08-02 00:10:29.526   836  2605 D WifiNetworkHistory: saving network history: "1103_5G"WPA_PSK gw: 08:00:27:ce:66:47 Network Selection-status: NETWORK_SELECTION_ENABLED ephemeral=false choice:null link:0 status:1 nid:1 hasEverConnected: true
08-02 00:10:29.526   836  2605 V WifiNetworkHistory: writeKnownNetworkHistory write config "1103_5G"WPA_PSK
08-02 00:10:29.527   836  2605 D WifiNetworkHistory: saving network history: "52Rabbit"WPA_PSK gw: null Network Selection-status: NETWORK_SELECTION_ENABLED ephemeral=false choice:null link:0 status:1 nid:2 hasEverConnected: true
08-02 00:10:29.527   836  2605 V WifiNetworkHistory: writeKnownNetworkHistory write config "52Rabbit"WPA_PSK
08-02 00:10:29.534   836   991 D WifiStateMachine: CMD_AUTO_CONNECT did save config ->  nid=1
08-02 00:10:29.540  2599  2599 I wpa_supplicant: wlan0: Trying to associate with SSID '1103_5G'
08-02 00:10:29.540   836  2606 D WifiNetworkHistory: saving network history: "360免费WiFi-B5"WPA_PSK gw: 00:00:00:00:00:00 Network Selection-status: NETWORK_SELECTION_ENABLED ephemeral=false choice:"1103_5G"WPA_PSK link:0 status:1 nid:0 hasEverConnected: true
08-02 00:10:29.540   836  2606 V WifiNetworkHistory: writeKnownNetworkHistory write config "360免费WiFi-B5"WPA_PSK
08-02 00:10:29.541   836  2606 D WifiNetworkHistory: saving network history: "1103_5G"WPA_PSK gw: 08:00:27:ce:66:47 Network Selection-status: NETWORK_SELECTION_ENABLED ephemeral=false choice:null link:0 status:1 nid:1 hasEverConnected: true
08-02 00:10:29.542   836  2606 V WifiNetworkHistory: writeKnownNetworkHistory write config "1103_5G"WPA_PSK
08-02 00:10:29.543   836  2606 D WifiNetworkHistory: saving network history: "52Rabbit"WPA_PSK gw: null Network Selection-status: NETWORK_SELECTION_ENABLED ephemeral=false choice:null link:0 status:1 nid:2 hasEverConnected: true
08-02 00:10:29.543   836  2606 V WifiNetworkHistory: writeKnownNetworkHistory write config "52Rabbit"WPA_PSK
08-02 00:10:29.692  2599  2599 I wpa_supplicant: wlan0: Associated with f0:b4:29:f3:c1:04
08-02 00:10:29.693  2599  2599 I wpa_supplicant: wlan0: CTRL-EVENT-SUBNET-STATUS-UPDATE status=0
08-02 00:10:29.916   909   909 I kickstart: STATUS: SAHARA_HELLO: hw_info = 0x01030610, pwrup_reason = 0x00004000
08-02 00:10:29.917   909   909 I kickstart: STATUS: Wrote to /sys/power/wake_lock
08-02 00:10:29.944   909   909 E kickstart: ERROR: function: open_file:195 filename = /dev/block/platform/msm_sdcc.1/by-name/mdm1m9kefs2
08-02 00:10:29.944   909   909 I kickstart: STATUS: Opening file '/dev/block/platform/msm_sdcc.1/by-name/mdm1m9kefs2' for writing
08-02 00:10:29.955  2599  2599 I wpa_supplicant: wlan0: WPA: Key negotiation completed with f0:b4:29:f3:c1:04 [PTK=CCMP GTK=TKIP]
08-02 00:10:29.955  2599  2599 I wpa_supplicant: wlan0: CTRL-EVENT-CONNECTED - Connection to f0:b4:29:f3:c1:04 completed [id=1 id_str=%7B%22creatorUid%22%3A%221000%22%2C%22configKey%22%3A%22%5C%221103_5G%5C%22WPA_PSK%22%7D]
08-02 00:10:29.971   836   991 E WifiScanner: listener cannot be found
08-02 00:10:29.996   836   991 D WifiHAL : Getting APF capabilities, halHandle = 0x8db2e280
08-02 00:10:29.996   836   991 I WifiHAL : 
08-02 00:10:29.996   836   991 I WifiHAL : createRequest: APF get capabilities request
08-02 00:10:29.996   836   991 I WifiHAL : Request Response failed for APF, result = -95
08-02 00:10:30.001   836   991 D WifiStateMachine: Start Dhcp Watchdog 2
08-02 00:10:30.029   836   991 D WifiNative-wlan0: configureNeighborDiscoveryOffload(true)
08-02 00:10:30.030   836   991 D WifiNative-wlan0: configureNeighborDiscoveryOffload(true) returned: -95
08-02 00:10:30.096   836  2616 D DhcpClient: Receive thread started
08-02 00:10:30.195   836  2615 D DhcpClient: Broadcasting DHCPDISCOVER
08-02 00:10:30.199   836  2616 D DhcpClient: Received packet: e4:90:7e:05:f0:b9 OFFER, ip /10.0.10.121, mask /255.255.0.0, DNS servers: /10.0.0.1 , gateways [/10.0.0.1] lease time 86400, domain null
08-02 00:10:30.201   836  2615 D DhcpClient: Got pending lease: IP address 10.0.10.121/16 Gateway 10.0.0.1  DNS servers: [ 10.0.0.1 ] Domains  DHCP server /10.0.0.1 Vendor info null lease 86400 seconds
08-02 00:10:30.203   836  2615 D DhcpClient: Broadcasting DHCPREQUEST ciaddr=0.0.0.0 request=10.0.10.121 serverid=10.0.0.1
08-02 00:10:30.206   836  2616 D DhcpClient: Received packet: e4:90:7e:05:f0:b9 ACK: your new IP /10.0.10.121, netmask /255.255.0.0, gateways [/10.0.0.1] DNS servers: /10.0.0.1 , lease time 86400
08-02 00:10:30.207   836  2615 D DhcpClient: Confirmed lease: IP address 10.0.10.121/16 Gateway 10.0.0.1  DNS servers: [ 10.0.0.1 ] Domains  DHCP server /10.0.0.1 Vendor info null lease 86400 seconds
08-02 00:10:30.214   399   829 D CommandListener: Setting iface cfg
08-02 00:10:30.242   836   991 E WifiNative-HAL: setBssidBlacklist cmd 2 size 0
08-02 00:10:30.242   836   991 D wifi    : configure BSSID black list request [4] = 0x8db2e280
08-02 00:10:30.243   836   991 D wifi    : Added 0 bssids
08-02 00:10:30.247   836  2615 D DhcpClient: Scheduling renewal in 43199s
08-02 00:10:30.247   836  2615 D DhcpClient: Scheduling rebind in 75599s
08-02 00:10:30.247   836  2615 D DhcpClient: Scheduling expiry in 86399s
08-02 00:10:30.248   836   991 I WifiHAL : Successfully added 0 blacklist bssids
08-02 00:10:30.278   836   991 E WifiStateMachine: Did not find remoteAddress {10.0.0.1} in /proc/net/arp
08-02 00:10:30.285   836   991 W AlarmManager: Unrecognized alarm listener com.android.server.wifi.WifiConnectivityManager$3@84e068b
08-02 00:10:30.286   836   991 E WifiScanner: listener cannot be found
08-02 00:10:30.337   836   991 D WifiNetworkAgent: NetworkAgent: Received signal strength thresholds: []
08-02 00:10:30.337   836   991 D WifiNative-HAL: stopRssiMonitoring, cmdId 0
08-02 00:10:30.370   399   829 V IdletimerController: runCmd(/system/bin/ip6tables -w -t raw -A idletimer_raw_PREROUTING -i wlan0 -j IDLETIMER --timeout 15 --label 1 --send_nl_msg 1) res_ipv4=0, res_ipv6=0
08-02 00:10:30.424   399   829 V IdletimerController: runCmd(/system/bin/ip6tables -w -t mangle -A idletimer_mangle_POSTROUTING -o wlan0 -j IDLETIMER --timeout 15 --label 1 --send_nl_msg 1) res_ipv4=0, res_ipv6=0
08-02 00:10:30.436   836  1045 I GnssLocationProvider: WakeLock acquired by sendMessage(5, 0, null)
08-02 00:10:30.436   836  1045 I GnssLocationProvider: WakeLock acquired by sendMessage(6, 0, null)
08-02 00:10:30.436   836   849 I GnssLocationProvider: WakeLock acquired by handleInjectNtpTime()
08-02 00:10:30.437   836   849 I GnssLocationProvider: WakeLock released by handleMessage(5, 0, null)
08-02 00:10:30.437   836   849 I GnssLocationProvider: WakeLock acquired by handleDownloadXtraData()
08-02 00:10:30.437   836   849 I GnssLocationProvider: WakeLock released by handleMessage(6, 0, null)
08-02 00:10:30.444   836  2630 I GnssLocationProvider: WakeLock acquired by sendMessage(10, 0, null)
08-02 00:10:30.444   836   849 I GnssLocationProvider: WakeLock released by handleMessage(10, 0, null)
08-02 00:10:30.444   836  2630 I GnssLocationProvider: WakeLock released by handleInjectNtpTime()
08-02 00:10:30.453  1100  1100 D NetChangeReceiverHandler: [NetChangeReceiverHandler][86023][tid_1](25)doReceive context:com.vlife.plugin.module.tools.ModuleContextUtil$1@378ff54,intent:Intent { act=android.net.conn.CONNECTIVITY_CHANGE flg=0x4000010 (has extras) }
08-02 00:10:30.453  1100  1100 D NewDownloadProvider: [NewDownloadProvider][86024][tid_1](377)[new_download] [download_net_change] networkChange
08-02 00:10:30.465  1100  1100 I qk      : [qk][86035][tid_1](244)currentApn:WIFI
08-02 00:10:30.465  1100  1100 I qk      : [qk][86035][tid_1](213)currentApn:WIFI
08-02 00:10:30.465  1100  1100 D NetChangeReceiverHandler: [NetChangeReceiverHandler][86036][tid_1](31)[download_net_change] the network has connected
08-02 00:10:30.466  1100  1100 D NetChangeReceiverHandler: [NetChangeReceiverHandler][86036][tid_1](33)[download_net_change] time:103199,runTime:22372
08-02 00:10:30.466  1100  1100 D NetChangeReceiverHandler: [NetChangeReceiverHandler][86036][tid_1](35)Product.lenovo:false
08-02 00:10:30.466  1100  1100 I TaskServiceProvider: [TaskServiceProvider][86037][tid_1](146)VlifeExecutorService executing n.kt@3995227
08-02 00:10:30.467  1100  1100 I TaskServiceProvider: [TaskServiceProvider][86037][tid_1](186)PackageName is com.vlife.ipro.magazine
08-02 00:10:30.467  1100  1100 D TaskServiceProvider: [TaskServiceProvider][86037][tid_1](188)TaskServiceProvider task=kt,taskType=NetChangeReceiverTask
08-02 00:10:30.467  1100  1100 I vv      : [vv][86038][tid_1](22)realPackageName:com.android.systemui vlifePackageName:com.vlife.ipro.magazine
08-02 00:10:30.468  1100  1100 I TaskServiceProvider: [TaskServiceProvider][86038][tid_1](156)shell product start vlife task
08-02 00:10:30.468  1100  1100 W wf      : [wf][86038][tid_1](52)create preferences name:userinfo
08-02 00:10:30.469   836  2633 D WifiNetworkHistory: saving network history: "360免费WiFi-B5"WPA_PSK gw: 00:00:00:00:00:00 Network Selection-status: NETWORK_SELECTION_ENABLED ephemeral=false choice:"1103_5G"WPA_PSK link:0 status:1 nid:0 hasEverConnected: true
08-02 00:10:30.469   836  2633 V WifiNetworkHistory: writeKnownNetworkHistory write config "360免费WiFi-B5"WPA_PSK
08-02 00:10:30.469   836  2633 D WifiNetworkHistory: saving network history: "1103_5G"WPA_PSK gw: 08:00:27:ce:66:47 Network Selection-status: NETWORK_SELECTION_ENABLED ephemeral=false choice:null link:0 status:0 nid:1 hasEverConnected: true
08-02 00:10:30.469   836  2633 V WifiNetworkHistory: writeKnownNetworkHistory write config "1103_5G"WPA_PSK
08-02 00:10:30.470   836  2633 D WifiNetworkHistory: saving network history: "52Rabbit"WPA_PSK gw: null Network Selection-status: NETWORK_SELECTION_ENABLED ephemeral=false choice:null link:0 status:1 nid:2 hasEverConnected: true
08-02 00:10:30.470   836  2633 V WifiNetworkHistory: writeKnownNetworkHistory write config "52Rabbit"WPA_PSK
08-02 00:10:30.472  2629  2629 D QSEECOMD: : qseecom listener services process entry PPID = 1
08-02 00:10:30.472  2629  2629 E QSEECOMD: : Listener: index = 0, hierarchy = 0
08-02 00:10:30.472  2629  2629 D QSEECOMD: : Init dlopen(librpmb.so, RTLD_NOW) succeeds
08-02 00:10:30.472  2629  2629 D QSEECOMD: : Init::Init dlsym(g_FSHandle rpmb_init_service) succeeds
08-02 00:10:30.473  2629  2629 I rpmb    : RPMB Mult = 16384, Rel_sec_cnt = 1
08-02 00:10:30.473  2629  2629 E DrmLibRpmb: rpmb_init succeeded! with ret = 0
08-02 00:10:30.473  2629  2629 D QSEECOMD: : Init rpmb_init_service ret = 0
08-02 00:10:30.473  2629  2629 D QSEECOMD: : RPMB system services: init (Listener ID = 8192)
08-02 00:10:30.473  2629  2629 E QSEECOMD: : Listener: index = 1, hierarchy = 0
08-02 00:10:30.473  2629  2629 E QSEECOMD: : Init dlopen(libssd.so, RLTD_NOW) is failed....
08-02 00:10:30.473  2629  2629 E QSEECOMD: : ERROR: SSD_INIT failed, shall not start listener services
08-02 00:10:30.476  1100  1100 I qw      : [qw][86046][tid_1](70)executor c:class java.util.concurrent.ThreadPoolExecutor task c:class n.gp$1
08-02 00:10:30.477  1100  1100 D gp      : [gp][86047][tid_1](64)packageName = com.vlife.ipro.magazine, className = com.vlife.TService
08-02 00:10:30.477  1100  1388 I TaskServiceProvider: [TaskServiceProvider][86047][tid_42](546)vlifeTaskOnStartCommand intent=#Intent;action=NetChangeReceiverTask;package=com.vlife.ipro.magazine;component=com.vlife.ipro.magazine/com.vlife.TService;end
08-02 00:10:30.478  1100  1388 D TaskServiceProvider: [TaskServiceProvider][86048][tid_42](558)pyramidney:null
08-02 00:10:30.479  1100  1388 D go      : [go][86049][tid_42](33)TaskSignalQueue-add n.gn@7cae172
08-02 00:10:30.483  1100  2634 D TaskServiceProvider: [TaskServiceProvider][86054][tid_76](254)Bundle=Bundle[{}] taskType=NetChangeReceiverTask
08-02 00:10:30.484  1100  2634 D TaskServiceProvider: [TaskServiceProvider][86054][tid_76](258)getVlifeTask vlifeTask=n.kt@fd52240
08-02 00:10:30.484  1100  2634 I TaskServiceProvider: [TaskServiceProvider][86054][tid_76](351)[VlifeTaskService]  TaskRunnable  running task : NetChangeReceiverTask ,delay : 0, cycle : 0 
08-02 00:10:30.484  1100  2634 I TaskServiceProvider: [TaskServiceProvider][86054][tid_76](377)backstage task system start up timing task ,task type is :NetChangeReceiverTask, awaking type :awake by system broadCastReceiver
08-02 00:10:30.484  1100  2634 D kt      : [kt][86055][tid_76](45)[download_net_change] NetChangeReceiverTask run
08-02 00:10:30.484  1100  2634 W wf      : [wf][86055][tid_76](52)create preferences name:userinfo
08-02 00:10:30.485  1100  2634 I wf      : [wf][86055][tid_76](79)preference name:userinfo getString key:last_day,value:19700318
08-02 00:10:30.486  1100  2634 I wf      : [wf][86056][tid_76](84)preference name:userinfo putStringAndCommit key:last_day,value:20170802
08-02 00:10:30.504  1100  2634 W wf      : [wf][86074][tid_76](89)userinfo putString last_day
08-02 00:10:30.504  1100  2634 I ot      : [ot][86075][tid_76](99)last_day 19700318, today 20170802, last_day_count 17, this=n.ot@baf4579
08-02 00:10:30.504  1100  2634 I wf      : [wf][86075][tid_76](114)preference name:userinfo putIntAndCommit key:last_day_count,value:17
08-02 00:10:30.511  1100  2634 W wf      : [wf][86082][tid_76](119)userinfo putInt last_day_count
08-02 00:10:30.512  1100  2634 W wf      : [wf][86082][tid_76](52)create preferences name:timing_network_preference
08-02 00:10:30.513  1100  2634 W jz      : [jz][86083][tid_76](33)canConnectNetWork result == false
08-02 00:10:30.513  1100  2634 I TaskServiceProvider: [TaskServiceProvider][86083][tid_76](379)[VlifeTaskService]  end  task : NetChangeReceiverTask
08-02 00:10:30.513  1100  2634 D go      : [go][86083][tid_76](48)TaskSignalQueue-remove n.gn@7cae172
08-02 00:10:30.513  1100  2634 D go      : [go][86084][tid_76](53)TaskSignalQueue- call empty
08-02 00:10:30.521  2635  2642 E art     : Failed writing handshake bytes (-1 of 14): Broken pipe
08-02 00:10:30.521  2635  2642 I art     : Debugger is no longer active
08-02 00:10:30.522  2635  2642 I art     : Starting a blocking GC Instrumentation
08-02 00:10:30.552  2635  2635 I art     : Starting a blocking GC AddRemoveAppImageSpace
08-02 00:10:30.555  2635  2635 W System  : ClassLoader referenced unknown path: /system/lib/998_top-vlife-ipro-magazine-stage_minify-unsigned-6.131.9-6139-20170728-095954
08-02 00:10:30.581  2635  2635 I ModuleCreateFactory: curProcessName=com.vlife.ipro.magazine:main
08-02 00:10:30.583  2635  2635 D ModuleCreateFactory: initModule invoke metaData:Bundle[mParcelledData.dataSize=524]
08-02 00:10:30.583  2635  2635 D ModuleCreateFactory: initModule invoke product_type:stage
08-02 00:10:30.590  2635  2635 W asset   : Asset path /data/user/0/com.vlife.ipro.magazine/files/ua/ua_10a9d72f66p131p9e6139.dat is neither a directory nor file (type=1).
08-02 00:10:30.590  2635  2635 I AbstractModuleApplic...: buildApplication com.vlife.plugin.module.abs.AbstractModuleApplication$1@eb58aca
08-02 00:10:30.591  2635  2635 I vv      : [vv][0][tid_1](22)realPackageName:com.vlife.ipro.magazine vlifePackageName:com.vlife.ipro.magazine
08-02 00:10:30.592  2635  2635 I vt      : [vt][0][tid_1](173)shellVersion:140
08-02 00:10:30.599  2635  2635 I vy      : [vy][7][tid_1](326)set module:status exists:true
08-02 00:10:30.602  2635  2635 I vy      : [vy][11][tid_1](332)set module:status success com.vlife.common.lib.core.status.ApplicationStatus@9a38758
08-02 00:10:30.603  2635  2635 I AbstractApplication: [AbstractApplication][11][tid_1](74)com.vlife.HandpetApplication@3eda0b1 getPackageResourcePath:/system/priv-app/998_top-vlife-ipro-magazine-stage_minify-unsigned-6.131.9-6139-20170728-095954.apk
08-02 00:10:30.610  2635  2635 I AbstractApplicationStatus: [AbstractApplicationStatus][18][tid_1](109)curProcessName=com.vlife.ipro.magazine:main
08-02 00:10:30.620  2635  2635 I AbstractApplicationStatus: [AbstractApplicationStatus][28][tid_1](151)com.vlife.SplashActivity
08-02 00:10:30.620  2635  2635 I AbstractApplicationStatus: [AbstractApplicationStatus][29][tid_1](151)com.vlife.GuideActivity
08-02 00:10:30.622  2635  2635 I AbstractApplicationStatus: [AbstractApplicationStatus][30][tid_1](151)com.vlife.WrapperOnlineActivity
08-02 00:10:30.622  2635  2635 I AbstractApplicationStatus: [AbstractApplicationStatus][31][tid_1](151)com.vlife.LActivity
08-02 00:10:30.623  2635  2635 I AbstractApplicationStatus: [AbstractApplicationStatus][31][tid_1](151)com.vlife.EActivity
08-02 00:10:30.624  2635  2635 I AbstractApplicationStatus: [AbstractApplicationStatus][32][tid_1](151)com.vlife.LEActivity
08-02 00:10:30.624  2635  2635 I AbstractApplicationStatus: [AbstractApplicationStatus][33][tid_1](151)com.handpet.ui.activity.WallpaperSetPreviewActivity
08-02 00:10:30.626  2635  2635 I AbstractApplicationStatus: [AbstractApplicationStatus][33][tid_1](151)com.vlife.WActivity
08-02 00:10:30.629  2635  2635 I AbstractApplicationStatus: [AbstractApplicationStatus][35][tid_1](151)com.facebook.FacebookActivity
08-02 00:10:30.629  2635  2635 I AbstractApplicationStatus: [AbstractApplicationStatus][38][tid_1](151)com.facebook.CustomTabActivity
08-02 00:10:30.631  2635  2635 I AbstractApplicationStatus: [AbstractApplicationStatus][39][tid_1](151)com.google.ads.AdActivity
08-02 00:10:30.632  2635  2635 I AbstractApplicationStatus: [AbstractApplicationStatus][40][tid_1](151)com.vlife.PActivity0
08-02 00:10:30.634  2635  2635 I AbstractApplicationStatus: [AbstractApplicationStatus][40][tid_1](151)com.vlife.PActivity1
08-02 00:10:30.634  2635  2635 I AbstractApplicationStatus: [AbstractApplicationStatus][43][tid_1](151)com.vlife.PActivity2
08-02 00:10:30.634  2635  2635 I AbstractApplicationStatus: [AbstractApplicationStatus][43][tid_1](151)com.vlife.PActivity3
08-02 00:10:30.635  2635  2635 I AbstractApplicationStatus: [AbstractApplicationStatus][43][tid_1](151)com.vlife.PActivity4
08-02 00:10:30.635  2635  2635 I AbstractApplicationStatus: [AbstractApplicationStatus][43][tid_1](151)com.vlife.PActivity5
08-02 00:10:30.635  2635  2635 I AbstractApplicationStatus: [AbstractApplicationStatus][44][tid_1](151)com.vlife.PActivity6
08-02 00:10:30.636  2635  2635 I AbstractApplicationStatus: [AbstractApplicationStatus][44][tid_1](151)com.vlife.PActivity7
08-02 00:10:30.636  2635  2635 I AbstractApplicationStatus: [AbstractApplicationStatus][44][tid_1](151)com.vlife.PActivity8
08-02 00:10:30.637  2635  2635 I AbstractApplicationStatus: [AbstractApplicationStatus][46][tid_1](151)com.vlife.PActivity9
08-02 00:10:30.637  2635  2635 I AbstractApplicationStatus: [AbstractApplicationStatus][46][tid_1](151)com.vlife.PActivity10
08-02 00:10:30.638  2635  2635 I AbstractApplicationStatus: [AbstractApplicationStatus][46][tid_1](158)com.vlife.LService
08-02 00:10:30.639  2635  2635 I AbstractApplicationStatus: [AbstractApplicationStatus][47][tid_1](158)com.vlife.FService
08-02 00:10:30.639  2635  2635 I AbstractApplicationStatus: [AbstractApplicationStatus][48][tid_1](158)com.handpet.livewallpaper.VlifeWallpaperIPCService
08-02 00:10:30.640  2635  2635 I AbstractApplicationStatus: [AbstractApplicationStatus][48][tid_1](158)com.vlife.TService
08-02 00:10:30.640  2635  2635 I AbstractApplicationStatus: [AbstractApplicationStatus][49][tid_1](158)com.vlife.magazine.service.InforShellManagerService
08-02 00:10:30.640  2635  2635 I AbstractApplicationStatus: [AbstractApplicationStatus][49][tid_1](158)com.vlife.PService0
08-02 00:10:30.641  2635  2635 I AbstractApplicationStatus: [AbstractApplicationStatus][49][tid_1](158)com.vlife.PService1
08-02 00:10:30.641  2635  2635 I AbstractApplicationStatus: [AbstractApplicationStatus][49][tid_1](158)com.vlife.PService2
08-02 00:10:30.641  2635  2635 I AbstractApplicationStatus: [AbstractApplicationStatus][50][tid_1](158)com.vlife.PService3
08-02 00:10:30.642  2635  2635 I AbstractApplicationStatus: [AbstractApplicationStatus][50][tid_1](158)com.vlife.PService4
08-02 00:10:30.642  2635  2635 I AbstractApplicationStatus: [AbstractApplicationStatus][50][tid_1](165)com.vlife.BReceiver
08-02 00:10:30.643  2635  2635 I AbstractApplicationStatus: [AbstractApplicationStatus][51][tid_1](165)com.vlife.SReceiver
08-02 00:10:30.644  2635  2635 I AbstractApplicationStatus: [AbstractApplicationStatus][53][tid_1](165)com.vlife.NReceiver
08-02 00:10:30.645  2635  2635 I AbstractApplicationStatus: [AbstractApplicationStatus][53][tid_1](165)com.handpet.livewallpaper.receiver.PetMainReceiver
08-02 00:10:30.645  2635  2635 I AbstractApplicationStatus: [AbstractApplicationStatus][54][tid_1](165)com.vlife.IReceiver
08-02 00:10:30.646  2635  2635 I AbstractApplicationStatus: [AbstractApplicationStatus][54][tid_1](165)com.vlife.PReceiver
08-02 00:10:30.648  2635  2635 D wf      : [wf][56][tid_1](54)create preferences name:function
08-02 00:10:30.652  2635  2635 I AbstractApplicationStatus: [AbstractApplicationStatus][60][tid_1](376)host:null type:wallpaper value:
08-02 00:10:30.653  2635  2635 I AbstractApplicationStatus: [AbstractApplicationStatus][60][tid_1](399)packageName:com.vlife.ipro.magazine
08-02 00:10:30.653  2635  2635 I AbstractApplicationStatus: [AbstractApplicationStatus][61][tid_1](392)process wallpaper com.vlife.ipro.magazine
08-02 00:10:30.654  2635  2635 I AbstractApplicationStatus: [AbstractApplicationStatus][62][tid_1](376)host:null type:lockscreen value::lock
08-02 00:10:30.655  2635  2635 I AbstractApplicationStatus: [AbstractApplicationStatus][63][tid_1](399)packageName:com.vlife.ipro.magazine
08-02 00:10:30.655  2635  2635 I AbstractApplicationStatus: [AbstractApplicationStatus][64][tid_1](392)process lockscreen com.vlife.ipro.magazine:lock
08-02 00:10:30.656  2635  2635 I AbstractApplicationStatus: [AbstractApplicationStatus][64][tid_1](376)host:null type:main_page value::main
08-02 00:10:30.657  2635  2635 I AbstractApplicationStatus: [AbstractApplicationStatus][66][tid_1](399)packageName:com.vlife.ipro.magazine
08-02 00:10:30.657  2635  2635 I AbstractApplicationStatus: [AbstractApplicationStatus][66][tid_1](392)process main_page com.vlife.ipro.magazine:main
08-02 00:10:30.658  2635  2635 I AbstractApplicationStatus: [AbstractApplicationStatus][66][tid_1](376)host:null type:suspension value::float
08-02 00:10:30.659  2635  2635 I AbstractApplicationStatus: [AbstractApplicationStatus][67][tid_1](399)packageName:com.vlife.ipro.magazine
08-02 00:10:30.659  2635  2635 I AbstractApplicationStatus: [AbstractApplicationStatus][68][tid_1](392)process suspension com.vlife.ipro.magazine:float
08-02 00:10:30.660  2635  2635 I AbstractApplicationStatus: [AbstractApplicationStatus][69][tid_1](376)host:null type:pp value::pp
08-02 00:10:30.661  2635  2635 I AbstractApplicationStatus: [AbstractApplicationStatus][69][tid_1](399)packageName:com.vlife.ipro.magazine
08-02 00:10:30.661  2635  2635 I AbstractApplicationStatus: [AbstractApplicationStatus][70][tid_1](392)process pp com.vlife.ipro.magazine:pp
08-02 00:10:30.664  2635  2635 I qw      : [qw][72][tid_1](70)executor c:class java.util.concurrent.ThreadPoolExecutor task c:class com.vlife.common.lib.core.status.AbstractApplicationStatus$2
08-02 00:10:30.665  2635  2635 I AbstractApplicationStatus: [AbstractApplicationStatus][73][tid_1](330)not main process
08-02 00:10:30.666  2635  2635 I AbstractApplicationStatus: [AbstractApplicationStatus][74][tid_1](278)init client
08-02 00:10:30.667  2635  2635 I ApplicationStatus: [ApplicationStatus][75][tid_1](66)application status init use time:63ms
08-02 00:10:30.667  2635  2635 I vv      : [vv][75][tid_1](22)realPackageName:com.vlife.ipro.magazine vlifePackageName:com.vlife.ipro.magazine
08-02 00:10:30.667  2635  2635 I AbstractApplicationStatus: [AbstractApplicationStatus][76][tid_1](399)packageName:com.vlife.ipro.magazine
08-02 00:10:30.668  2635  2635 D AbstractApplicationStatus: [AbstractApplicationStatus][76][tid_1](533)ShellProduct normal host = com.vlife.ipro.magazine:main package=com.vlife.ipro.magazine
