12-03 16:48:11.089  3730  8104 D TaskServiceProvider: [TaskServiceProvider][583224418][tid_5907](258)getVlifeTask vlifeTask=n.sg@d57f45c
12-03 16:48:11.090  3730  8103 I sf      : [sf][583224416][tid_5906](107)[PushProvider] newFrequency :60000, old=21600000, bootLimitTime=600000
12-03 16:48:11.090  3730  8104 I TaskServiceProvider: [TaskServiceProvider][583224418][tid_5907](351)[VlifeTaskService]  TaskRunnable  running task : handle_push_message ,delay : 0, cycle : 0 
12-03 16:48:11.090  3730  8103 I wd      : [wd][583224419][tid_5906](129)preference name:push_message putLongAndCommit key:get_push_frequency,value:21600000
12-03 16:48:11.091  3730  8103 W wd      : [wd][583224420][tid_5906](134)push_message putLong get_push_frequency
12-03 16:48:11.091  3730  8103 W wd      : [wd][583224420][tid_5906](52)create preferences name:timing_network_preference
12-03 16:48:11.091  3730  8104 I TaskServiceProvider: [TaskServiceProvider][583224420][tid_5907](377)backstage task system start up timing task ,task type is :handle_push_message, awaking type :awake by system broadCastReceiver
12-03 16:48:11.091  3730  8103 I TaskServiceProvider: [TaskServiceProvider][583224420][tid_5906](466)Start AllTimerTask!
12-03 16:48:11.092  3730  8103 D TaskServiceProvider: [TaskServiceProvider][583224421][tid_5906](239)getVlifeTask vlifeTask=n.sh@60f4365
12-03 16:48:11.092  3730  8104 I sg      : [sg][583224420][tid_5907](96)[PushMessageListener] running
12-03 16:48:11.092  3730  8103 D TaskServiceProvider: [TaskServiceProvider][583224421][tid_5906](195)cancelTimerTask context:com.vlife.plugin.module.tools.ModuleContextUtil$1@a7ab41a,task:n.sh@60f4365
12-03 16:48:11.092  3730  8103 I vt      : [vt][583224421][tid_5906](22)realPackageName:com.android.systemui vlifePackageName:com.vlife.ipro.magazine
12-03 16:48:11.093  3730  8103 I TaskServiceProvider: [TaskServiceProvider][583224421][tid_5906](197)SystemProcess cancelTimerTask
12-03 16:48:11.093  3730  4101 D StatisticsProvider: [StatisticsProvider][583224422][tid_54](434)[statistics_test] =======>write map:n.ep@26a83a
12-03 16:48:11.093  3730  8104 I sg      : [sg][583224422][tid_5907](102)push type flash_content
12-03 16:48:11.094  3730  4101 I StatisticsProvider: [StatisticsProvider][583224422][tid_54](518)[statistics_test] filePath /data/user_de/0/com.android.systemui/files/ua/no_ua_6.131.9.mui.dat.0 
12-03 16:48:11.094  3730  4101 I StatisticsProvider: [StatisticsProvider][583224423][tid_54](520)[statistics_test] ====canWrite====
12-03 16:48:11.094  3730  4101 D StatisticsProvider: [StatisticsProvider][583224423][tid_54](441)[statistics_test] =======>write path:/data/user_de/0/com.android.systemui/files/ua/no_ua_6.131.9.mui.dat.0
12-03 16:48:11.094  3730  8103 I TaskServiceProvider: [TaskServiceProvider][583224423][tid_5906](146)VlifeExecutorService executing n.sh@60f4365
12-03 16:48:11.094  3730  8104 I PushProvider: [PushProvider][583224423][tid_5907](175)getContentHandler pushContentType = flash_content
12-03 16:48:11.095  3730  8103 I TaskServiceProvider: [TaskServiceProvider][583224424][tid_5906](186)PackageName is com.vlife.ipro.magazine
12-03 16:48:11.095  3730  8103 D TaskServiceProvider: [TaskServiceProvider][583224424][tid_5906](188)TaskServiceProvider task=sh,taskType=ua_time_send
12-03 16:48:11.095  3730  8103 I vt      : [vt][583224424][tid_5906](22)realPackageName:com.android.systemui vlifePackageName:com.vlife.ipro.magazine
12-03 16:48:11.095  3730  8103 I TaskServiceProvider: [TaskServiceProvider][583224424][tid_5906](156)shell product start vlife task
12-03 16:48:11.095  3730  8104 W PushProvider: [PushProvider][583224424][tid_5907](180)contentHandler is null, take a attention if needed!
12-03 16:48:11.096  3730  8103 W wd      : [wd][583224424][tid_5906](52)create preferences name:userinfo
12-03 16:48:11.096  3730  8103 I qu      : [qu][583224425][tid_5906](70)executor c:class java.util.concurrent.ThreadPoolExecutor task c:class n.gn$1
12-03 16:48:11.096  3730  8103 D gn      : [gn][583224425][tid_5906](64)packageName = com.vlife.ipro.magazine, className = com.vlife.TService
12-03 16:48:11.096  3730  8103 D TaskServiceProvider: [TaskServiceProvider][583224425][tid_5906](239)getVlifeTask vlifeTask=n.yy@d9dfa48
12-03 16:48:11.097  3730  8103 D TaskServiceProvider: [TaskServiceProvider][583224426][tid_5906](195)cancelTimerTask context:com.vlife.plugin.module.tools.ModuleContextUtil$1@a7ab41a,task:n.yy@d9dfa48
12-03 16:48:11.097  3730  8103 I vt      : [vt][583224426][tid_5906](22)realPackageName:com.android.systemui vlifePackageName:com.vlife.ipro.magazine
12-03 16:48:11.097  3730  4099 I TaskServiceProvider: [TaskServiceProvider][583224425][tid_53](533)vlifeTaskOnStartCommand intent=#Intent;action=ua_time_send;package=com.vlife.ipro.magazine;component=com.vlife.ipro.magazine/com.vlife.TService;end
12-03 16:48:11.097  3730  8103 I TaskServiceProvider: [TaskServiceProvider][583224426][tid_5906](197)SystemProcess cancelTimerTask
12-03 16:48:11.098  3730  4099 D TaskServiceProvider: [TaskServiceProvider][583224426][tid_53](545)pyramidney:null
12-03 16:48:11.098  3730  8103 I TaskServiceProvider: [TaskServiceProvider][583224427][tid_5906](146)VlifeExecutorService executing n.yy@d9dfa48
12-03 16:48:11.099  3730  8103 I TaskServiceProvider: [TaskServiceProvider][583224427][tid_5906](186)PackageName is com.vlife.ipro.magazine
12-03 16:48:11.099  3730  8103 D TaskServiceProvider: [TaskServiceProvider][583224428][tid_5906](188)TaskServiceProvider task=yy,taskType=magazine_update
12-03 16:48:11.099  3730  4099 D gm      : [gm][583224427][tid_53](33)TaskSignalQueue-add n.gl@a35b0e1
12-03 16:48:11.099  3730  8103 I vt      : [vt][583224428][tid_5906](22)realPackageName:com.android.systemui vlifePackageName:com.vlife.ipro.magazine
12-03 16:48:11.099  3730  8103 I TaskServiceProvider: [TaskServiceProvider][583224428][tid_5906](156)shell product start vlife task
12-03 16:48:11.099  3730  8103 W wd      : [wd][583224428][tid_5906](52)create preferences name:userinfo
12-03 16:48:11.100  3730  8103 I qu      : [qu][583224429][tid_5906](70)executor c:class java.util.concurrent.ThreadPoolExecutor task c:class n.gn$1
12-03 16:48:11.100  3730  4095 I TaskServiceProvider: [TaskServiceProvider][583224429][tid_51](533)vlifeTaskOnStartCommand intent=#Intent;action=magazine_update;package=com.vlife.ipro.magazine;component=com.vlife.ipro.magazine/com.vlife.TService;end
12-03 16:48:11.101  3730  4095 D TaskServiceProvider: [TaskServiceProvider][583224430][tid_51](545)pyramidney:null
12-03 16:48:11.101  3730  4095 D gm      : [gm][583224430][tid_51](33)TaskSignalQueue-add n.gl@3c70e06
12-03 16:48:11.101  3730  8101 D TaskServiceProvider: [TaskServiceProvider][583224429][tid_5904](254)Bundle=Bundle[{triggerType=TIMER, doTaskWithoutCondition=false}] taskType=ua_time_send
12-03 16:48:11.101  3730  4101 I StatisticsProvider: [StatisticsProvider][583224430][tid_54](466)[statistics_test] create packet xml : <item ua_action="flash_content" ua_event="request_result" ua_time="1512290891092" ua_process="lockscreen" index="3801" />
12-03 16:48:11.101  3730  8103 D gn      : [gn][583224430][tid_5906](64)packageName = com.vlife.ipro.magazine, className = com.vlife.TService
12-03 16:48:11.101  3730  8103 D TaskServiceProvider: [TaskServiceProvider][583224430][tid_5906](239)getVlifeTask vlifeTask=n.sf@abc72f4
12-03 16:48:11.102  3730  8103 D TaskServiceProvider: [TaskServiceProvider][583224431][tid_5906](195)cancelTimerTask context:com.vlife.plugin.module.tools.ModuleContextUtil$1@a7ab41a,task:n.sf@abc72f4
12-03 16:48:11.102  3730  8101 D TaskServiceProvider: [TaskServiceProvider][583224430][tid_5904](258)getVlifeTask vlifeTask=n.sh@aafcc7
12-03 16:48:11.102  3730  8103 I vt      : [vt][583224431][tid_5906](22)realPackageName:com.android.systemui vlifePackageName:com.vlife.ipro.magazine
12-03 16:48:11.102  3730  8103 I TaskServiceProvider: [TaskServiceProvider][583224431][tid_5906](197)SystemProcess cancelTimerTask
12-03 16:48:11.103  3730  8101 I TaskServiceProvider: [TaskServiceProvider][583224431][tid_5904](351)[VlifeTaskService]  TaskRunnable  running task : ua_time_send ,delay : 0, cycle : 21600000 
12-03 16:48:11.103  3730  8103 I TaskServiceProvider: [TaskServiceProvider][583224432][tid_5906](146)VlifeExecutorService executing n.sf@abc72f4
12-03 16:48:11.103  3730  8101 I TaskServiceProvider: [TaskServiceProvider][583224432][tid_5904](377)backstage task system start up timing task ,task type is :ua_time_send, awaking type :TIMER
12-03 16:48:11.104  3730  8103 I TaskServiceProvider: [TaskServiceProvider][583224433][tid_5906](186)PackageName is com.vlife.ipro.magazine
12-03 16:48:11.104  3730  8103 D TaskServiceProvider: [TaskServiceProvider][583224433][tid_5906](188)TaskServiceProvider task=sf,taskType=get_push_message
12-03 16:48:11.104  3730  7983 D TaskServiceProvider: [TaskServiceProvider][583224433][tid_5896](254)Bundle=Bundle[{triggerType=TIMER, doTaskWithoutCondition=false}] taskType=magazine_update
12-03 16:48:11.104  3730  8103 I vt      : [vt][583224433][tid_5906](22)realPackageName:com.android.systemui vlifePackageName:com.vlife.ipro.magazine
12-03 16:48:11.104  3730  8103 I TaskServiceProvider: [TaskServiceProvider][583224433][tid_5906](156)shell product start vlife task
12-03 16:48:11.104  3730  7983 D TaskServiceProvider: [TaskServiceProvider][583224433][tid_5896](258)getVlifeTask vlifeTask=n.yy@9fb7a1d
12-03 16:48:11.105  3730  7983 I TaskServiceProvider: [TaskServiceProvider][583224433][tid_5896](351)[VlifeTaskService]  TaskRunnable  running task : magazine_update ,delay : 0, cycle : 21600000 
12-03 16:48:11.105  3730  8103 W wd      : [wd][583224433][tid_5906](52)create preferences name:userinfo
12-03 16:48:11.105  3730  8101 W wd      : [wd][583224433][tid_5904](52)create preferences name:timing_network_preference
12-03 16:48:11.105  3730  7983 I TaskServiceProvider: [TaskServiceProvider][583224434][tid_5896](377)backstage task system start up timing task ,task type is :magazine_update, awaking type :TIMER
12-03 16:48:11.105  3730  7983 W wd      : [wd][583224434][tid_5896](52)create preferences name:timing_network_preference
12-03 16:48:11.105  3730  8103 I qu      : [qu][583224434][tid_5906](70)executor c:class java.util.concurrent.ThreadPoolExecutor task c:class n.gn$1
12-03 16:48:11.106  3730  4095 I TaskServiceProvider: [TaskServiceProvider][583224435][tid_51](533)vlifeTaskOnStartCommand intent=#Intent;action=get_push_message;package=com.vlife.ipro.magazine;component=com.vlife.ipro.magazine/com.vlife.TService;end
12-03 16:48:11.106  3730  4095 D TaskServiceProvider: [TaskServiceProvider][583224435][tid_51](545)pyramidney:null
12-03 16:48:11.106  3730  4095 D gm      : [gm][583224435][tid_51](33)TaskSignalQueue-add n.gl@eb60492
12-03 16:48:11.106  3730  8101 I jv      : [jv][583224435][tid_5904](84)first time ready type:ua_time_send
12-03 16:48:11.106  3730  7983 I jv      : [jv][583224435][tid_5896](84)first time ready type:magazine_update
12-03 16:48:11.106  3730  8103 D gn      : [gn][583224435][tid_5906](64)packageName = com.vlife.ipro.magazine, className = com.vlife.TService
12-03 16:48:11.107  3730  7984 D TaskServiceProvider: [TaskServiceProvider][583224435][tid_5897](254)Bundle=Bundle[{triggerType=TIMER, doTaskWithoutCondition=false}] taskType=get_push_message
12-03 16:48:11.107  3730  8103 D TaskServiceProvider: [TaskServiceProvider][583224436][tid_5906](239)getVlifeTask vlifeTask=n.ajk@3d09e63
12-03 16:48:11.107  3730  7984 D TaskServiceProvider: [TaskServiceProvider][583224436][tid_5897](258)getVlifeTask vlifeTask=n.sf@3a7ca60
12-03 16:48:11.107  3730  7984 I TaskServiceProvider: [TaskServiceProvider][583224436][tid_5897](351)[VlifeTaskService]  TaskRunnable  running task : get_push_message ,delay : 0, cycle : 21600000 
12-03 16:48:11.107  3730  8103 D TaskServiceProvider: [TaskServiceProvider][583224436][tid_5906](195)cancelTimerTask context:com.vlife.plugin.module.tools.ModuleContextUtil$1@a7ab41a,task:n.ajk@3d09e63
12-03 16:48:11.107  3730  8101 I jv      : [jv][583224435][tid_5904](86)judge timing task whether or not can run,judge task type is :ua_time_send
12-03 16:48:11.107  3730  7984 I TaskServiceProvider: [TaskServiceProvider][583224436][tid_5897](377)backstage task system start up timing task ,task type is :get_push_message, awaking type :TIMER
12-03 16:48:11.107  3730  8103 I vt      : [vt][583224436][tid_5906](22)realPackageName:com.android.systemui vlifePackageName:com.vlife.ipro.magazine
12-03 16:48:11.107  3730  7984 W wd      : [wd][583224436][tid_5897](52)create preferences name:timing_network_preference
12-03 16:48:11.107  3730  8103 I TaskServiceProvider: [TaskServiceProvider][583224436][tid_5906](197)SystemProcess cancelTimerTask
12-03 16:48:11.108  3730  7984 I jv      : [jv][583224437][tid_5897](84)first time ready type:get_push_message
12-03 16:48:11.108  3730  7984 I jv      : [jv][583224437][tid_5897](86)judge timing task whether or not can run,judge task type is :get_push_message
12-03 16:48:11.108  3730  7984 W wd      : [wd][583224437][tid_5897](52)create preferences name:timing_network_preference
12-03 16:48:11.108  3730  8101 W wd      : [wd][583224436][tid_5904](52)create preferences name:timing_network_preference
12-03 16:48:11.109  3730  8103 I TaskServiceProvider: [TaskServiceProvider][583224438][tid_5906](146)VlifeExecutorService executing n.ajk@3d09e63
12-03 16:48:11.109  3730  8103 I TaskServiceProvider: [TaskServiceProvider][583224438][tid_5906](186)PackageName is com.vlife.ipro.magazine
12-03 16:48:11.109  3730  7983 I jv      : [jv][583224438][tid_5896](86)judge timing task whether or not can run,judge task type is :magazine_update
12-03 16:48:11.109  3730  7983 D yy      : [yy][583224438][tid_5896](73)[magazine_down_content] [canRunnable]
12-03 16:48:11.109  3730  8104 D sg      : [sg][583224425][tid_5907](129)!!!!pushContentType:flash_content,contentHandler:n.si@e937ceb
12-03 16:48:11.109  3730  7983 W wd      : [wd][583224438][tid_5896](52)create preferences name:timing_network_preference
12-03 16:48:11.109  3730  8103 D TaskServiceProvider: [TaskServiceProvider][583224438][tid_5906](188)TaskServiceProvider task=ajk,taskType=plugin_update
12-03 16:48:11.110  3730  8104 I sg      : [sg][583224439][tid_5907](70)[PushMessageListener] call type : flash_content ; result : false
12-03 16:48:11.110  3730  7984 I qi      : [qi][583224439][tid_5897](244)currentApn:WIFI
12-03 16:48:11.111  3730  7983 I qi      : [qi][583224439][tid_5896](244)currentApn:WIFI
12-03 16:48:11.111  3730  7984 I qi      : [qi][583224440][tid_5897](213)currentApn:WIFI
12-03 16:48:11.111  3730  7984 D jx      : [jx][583224440][tid_5897](47)canConnectNetWork result == true
12-03 16:48:11.111  3730  8104 I TaskServiceProvider: [TaskServiceProvider][583224440][tid_5907](379)[VlifeTaskService]  end  task : handle_push_message
12-03 16:48:11.111  3730  8104 D gm      : [gm][583224440][tid_5907](48)TaskSignalQueue-remove n.gl@bf782cf
12-03 16:48:11.111  3730  7983 I qi      : [qi][583224440][tid_5896](213)currentApn:WIFI
12-03 16:48:11.112  3730  7983 D jx      : [jx][583224440][tid_5896](47)canConnectNetWork result == true
12-03 16:48:11.112  3730  8101 I qi      : [qi][583224441][tid_5904](244)currentApn:WIFI
12-03 16:48:11.112  3730  7984 I qi      : [qi][583224441][tid_5897](244)currentApn:WIFI
12-03 16:48:11.112  3730  7983 D yy      : [yy][583224441][tid_5896](78)[magazine_down_content] [canRunnable] has net true
12-03 16:48:11.112  3730  7984 I jv      : [jv][583224441][tid_5897](55)[TimingNetworkTask] NetStatus.APN_WIFI,return true 
12-03 16:48:11.112  3730  8101 I qi      : [qi][583224441][tid_5904](213)currentApn:WIFI
12-03 16:48:11.112  3730  7983 D jv      : [jv][583224441][tid_5896](116)canRun task=magazine_update, result=302, frequency=17280000
12-03 16:48:11.112  3730  7984 D jv      : [jv][583224441][tid_5897](116)canRun task=get_push_message, result=289, frequency=17280000
12-03 16:48:11.112  3730  7983 D jv      : [jv][583224441][tid_5896](120)Judgment result can not run , reason :Minimum time interval is not satisfied, task type is magazine_update
12-03 16:48:11.112  3730  8101 D jx      : [jx][583224441][tid_5904](47)canConnectNetWork result == true
12-03 16:48:11.112  3730  7984 D jv      : [jv][583224441][tid_5897](120)Judgment result can not run , reason :Minimum time interval is not satisfied, task type is get_push_message
12-03 16:48:11.112  3730  7983 W jv      : [jv][583224441][tid_5896](93)task : magazine_update can't run!
12-03 16:48:11.112  3730  7984 W jv      : [jv][583224441][tid_5897](93)task : get_push_message can't run!
12-03 16:48:11.113  3730  7983 I jv      : [jv][583224441][tid_5896](95)TimingNetworkTimerServerTask end , task : magazine_update 
12-03 16:48:11.113  3730  7984 I jv      : [jv][583224442][tid_5897](95)TimingNetworkTimerServerTask end , task : get_push_message 
12-03 16:48:11.113  3730  7983 I TaskServiceProvider: [TaskServiceProvider][583224442][tid_5896](379)[VlifeTaskService]  end  task : magazine_update
12-03 16:48:11.113  3730  7984 I TaskServiceProvider: [TaskServiceProvider][583224442][tid_5897](379)[VlifeTaskService]  end  task : get_push_message
12-03 16:48:11.113  3730  7983 I TaskServiceProvider: [TaskServiceProvider][583224442][tid_5896](382)[VlifeTaskService]  this task is Cycle ,task : magazine_update , time : 21600000 
12-03 16:48:11.113  3730  7984 I TaskServiceProvider: [TaskServiceProvider][583224442][tid_5897](382)[VlifeTaskService]  this task is Cycle ,task : get_push_message , time : 21600000 
12-03 16:48:11.113  3730  7983 I vt      : [vt][583224442][tid_5896](22)realPackageName:com.android.systemui vlifePackageName:com.vlife.ipro.magazine
12-03 16:48:11.113  3730  7984 I vt      : [vt][583224442][tid_5897](22)realPackageName:com.android.systemui vlifePackageName:com.vlife.ipro.magazine
12-03 16:48:11.113  3730  8101 I qi      : [qi][583224442][tid_5904](244)currentApn:WIFI
12-03 16:48:11.113  3730  7983 D gn      : [gn][583224442][tid_5896](96)VlifeTaskService schedule task=magazine_update, isCycleOrDelay=true,time=21600000,requestCode=47408839
12-03 16:48:11.113  3730  8101 I jv      : [jv][583224442][tid_5904](55)[TimingNetworkTask] NetStatus.APN_WIFI,return true 
12-03 16:48:11.114  3730  8101 D jv      : [jv][583224443][tid_5904](116)canRun task=ua_time_send, result=298, frequency=17280000
12-03 16:48:11.114  3730  7984 D gn      : [gn][583224443][tid_5897](96)VlifeTaskService schedule task=get_push_message, isCycleOrDelay=true,time=21600000,requestCode=196365627
12-03 16:48:11.114  3730  8101 D jv      : [jv][583224443][tid_5904](120)Judgment result can not run , reason :Minimum time interval is not satisfied, task type is ua_time_send
12-03 16:48:11.114  3730  7983 I gn      : [gn][583224443][tid_5896](100)[VlifeTaskService] [next awake intervalMillis] [21600000]
12-03 16:48:11.114  3730  7984 I gn      : [gn][583224443][tid_5897](100)[VlifeTaskService] [next awake intervalMillis] [21600000]
12-03 16:48:11.114  3730  8101 W jv      : [jv][583224443][tid_5904](93)task : ua_time_send can't run!
12-03 16:48:11.114  3730  8103 I vt      : [vt][583224439][tid_5906](22)realPackageName:com.android.systemui vlifePackageName:com.vlife.ipro.magazine
12-03 16:48:11.114  3730  7983 D gm      : [gm][583224443][tid_5896](48)TaskSignalQueue-remove n.gl@3c70e06
12-03 16:48:11.114  3730  8103 I TaskServiceProvider: [TaskServiceProvider][583224443][tid_5906](156)shell product start vlife task
12-03 16:48:11.114  3730  8101 I jv      : [jv][583224443][tid_5904](95)TimingNetworkTimerServerTask end , task : ua_time_send 
12-03 16:48:11.115  3730  8101 I TaskServiceProvider: [TaskServiceProvider][583224444][tid_5904](379)[VlifeTaskService]  end  task : ua_time_send
12-03 16:48:11.115  3730  8103 W wd      : [wd][583224444][tid_5906](52)create preferences name:userinfo
12-03 16:48:11.115  3730  8101 I TaskServiceProvider: [TaskServiceProvider][583224444][tid_5904](382)[VlifeTaskService]  this task is Cycle ,task : ua_time_send , time : 21600000 
12-03 16:48:11.115  3730  8103 I qu      : [qu][583224444][tid_5906](70)executor c:class java.util.concurrent.ThreadPoolExecutor task c:class n.gn$1
12-03 16:48:11.115  3730  8119 D gn      : [gn][583224444][tid_5915](104)task run
12-03 16:48:11.115  3730  8119 W wd      : [wd][583224444][tid_5915](52)create preferences name:timing_network_preference
12-03 16:48:11.115  3730  8103 D gn      : [gn][583224444][tid_5906](64)packageName = com.vlife.ipro.magazine, className = com.vlife.TService
12-03 16:48:11.116  3730  4099 I TaskServiceProvider: [TaskServiceProvider][583224444][tid_53](533)vlifeTaskOnStartCommand intent=#Intent;action=plugin_update;package=com.vlife.ipro.magazine;component=com.vlife.ipro.magazine/com.vlife.TService;end
12-03 16:48:11.116  3730  8119 I jv      : [jv][583224445][tid_5915](84)first time ready type:magazine_update
12-03 16:48:11.116  3730  4099 D TaskServiceProvider: [TaskServiceProvider][583224445][tid_53](545)pyramidney:null
12-03 16:48:11.116  3730  8119 I jv      : [jv][583224445][tid_5915](86)judge timing task whether or not can run,judge task type is :magazine_update
12-03 16:48:11.116  3730  7984 D gm      : [gm][583224445][tid_5897](48)TaskSignalQueue-remove n.gl@eb60492
12-03 16:48:11.116  3730  8119 D yy      : [yy][583224445][tid_5915](73)[magazine_down_content] [canRunnable]
12-03 16:48:11.116  3730  8119 W wd      : [wd][583224445][tid_5915](52)create preferences name:timing_network_preference
12-03 16:48:11.116  3730  4099 D gm      : [gm][583224445][tid_53](33)TaskSignalQueue-add n.gl@45a9b19
12-03 16:48:11.117  3730  8101 I vt      : [vt][583224444][tid_5904](22)realPackageName:com.android.systemui vlifePackageName:com.vlife.ipro.magazine
12-03 16:48:11.117  3730  7984 D TaskServiceProvider: [TaskServiceProvider][583224445][tid_5897](254)Bundle=Bundle[{triggerType=TIMER, doTaskWithoutCondition=false}] taskType=plugin_update
12-03 16:48:11.117  3730  7984 D TaskServiceProvider: [TaskServiceProvider][583224446][tid_5897](258)getVlifeTask vlifeTask=n.ajk@42bd7de
12-03 16:48:11.117  3730  8101 D gn      : [gn][583224446][tid_5904](96)VlifeTaskService schedule task=ua_time_send, isCycleOrDelay=true,time=21600000,requestCode=193306362
12-03 16:48:11.117  3730  7984 I TaskServiceProvider: [TaskServiceProvider][583224446][tid_5897](351)[VlifeTaskService]  TaskRunnable  running task : plugin_update ,delay : 0, cycle : 21600000 
12-03 16:48:11.117  3730  7984 I TaskServiceProvider: [TaskServiceProvider][583224446][tid_5897](377)backstage task system start up timing task ,task type is :plugin_update, awaking type :TIMER
12-03 16:48:11.117  3730  8120 D gn      : [gn][583224444][tid_5916](104)task run
12-03 16:48:11.117  3730  7984 W wd      : [wd][583224446][tid_5897](52)create preferences name:timing_network_preference
12-03 16:48:11.118  3730  8120 W wd      : [wd][583224446][tid_5916](52)create preferences name:timing_network_preference
12-03 16:48:11.118  3730  7984 I jv      : [jv][583224447][tid_5897](84)first time ready type:plugin_update
12-03 16:48:11.118  3730  8119 I qi      : [qi][583224447][tid_5915](244)currentApn:WIFI
12-03 16:48:11.118  3730  8119 I qi      : [qi][583224447][tid_5915](213)currentApn:WIFI
12-03 16:48:11.118  3730  8101 I gn      : [gn][583224447][tid_5904](100)[VlifeTaskService] [next awake intervalMillis] [21600000]
12-03 16:48:11.118  3730  8119 D jx      : [jx][583224447][tid_5915](47)canConnectNetWork result == true
12-03 16:48:11.119  3730  8119 D yy      : [yy][583224447][tid_5915](78)[magazine_down_content] [canRunnable] has net true
12-03 16:48:11.119  3730  8101 D gm      : [gm][583224448][tid_5904](48)TaskSignalQueue-remove n.gl@a35b0e1
12-03 16:48:11.119  3730  8119 D jv      : [jv][583224448][tid_5915](116)canRun task=magazine_update, result=309, frequency=17280000
12-03 16:48:11.119  3730  8119 D jv      : [jv][583224448][tid_5915](120)Judgment result can not run , reason :Minimum time interval is not satisfied, task type is magazine_update
12-03 16:48:11.119  3730  8119 W jv      : [jv][583224448][tid_5915](93)task : magazine_update can't run!
12-03 16:48:11.119  3730  8119 I jv      : [jv][583224448][tid_5915](95)TimingNetworkTimerServerTask end , task : magazine_update 
12-03 16:48:11.120  3730  8120 I jv      : [jv][583224448][tid_5916](84)first time ready type:get_push_message
12-03 16:48:11.120  3730  8121 D gn      : [gn][583224449][tid_5917](104)task run
12-03 16:48:11.120  3730  8120 I jv      : [jv][583224449][tid_5916](86)judge timing task whether or not can run,judge task type is :get_push_message
12-03 16:48:11.120  3730  8121 W wd      : [wd][583224449][tid_5917](52)create preferences name:timing_network_preference
12-03 16:48:11.120  3730  8120 W wd      : [wd][583224449][tid_5916](52)create preferences name:timing_network_preference
12-03 16:48:11.120  3730  8121 I jv      : [jv][583224449][tid_5917](84)first time ready type:ua_time_send
12-03 16:48:11.120  3730  7984 I jv      : [jv][583224449][tid_5897](86)judge timing task whether or not can run,judge task type is :plugin_update
12-03 16:48:11.121  3730  8103 E TaskServiceProvider: [TaskServiceProvider][583224449][tid_5906](471)restartTimerTask allTastMap is error, taskName=upload_user_setting
12-03 16:48:11.121  3730  7984 W wd      : [wd][583224450][tid_5897](52)create preferences name:timing_network_preference
12-03 16:48:11.121  3730  8103 I jv      : [jv][583224450][tid_5906](95)TimingNetworkTimerServerTask end , task : get_push_message 
12-03 16:48:11.121  3730  8103 I TaskServiceProvider: [TaskServiceProvider][583224450][tid_5906](379)[VlifeTaskService]  end  task : get_push_message
12-03 16:48:11.121  3730  8103 I TaskServiceProvider: [TaskServiceProvider][583224450][tid_5906](382)[VlifeTaskService]  this task is Cycle ,task : get_push_message , time : 21600000 
12-03 16:48:11.121  3730  7984 I qi      : [qi][583224450][tid_5897](244)currentApn:WIFI
12-03 16:48:11.121  3730  8120 I qi      : [qi][583224450][tid_5916](244)currentApn:WIFI
12-03 16:48:11.121  3730  8103 I vt      : [vt][583224450][tid_5906](22)realPackageName:com.android.systemui vlifePackageName:com.vlife.ipro.magazine
12-03 16:48:11.122  3730  7984 I qi      : [qi][583224450][tid_5897](213)currentApn:WIFI
12-03 16:48:11.122  3730  8120 I qi      : [qi][583224451][tid_5916](213)currentApn:WIFI
12-03 16:48:11.122  3730  7984 D jx      : [jx][583224451][tid_5897](47)canConnectNetWork result == true
12-03 16:48:11.122  3730  8103 D gn      : [gn][583224451][tid_5906](96)VlifeTaskService schedule task=get_push_message, isCycleOrDelay=true,time=21600000,requestCode=196365627
12-03 16:48:11.122  3730  8120 D jx      : [jx][583224451][tid_5916](47)canConnectNetWork result == true
12-03 16:48:11.122  3730  8103 I gn      : [gn][583224451][tid_5906](100)[VlifeTaskService] [next awake intervalMillis] [21600000]
12-03 16:48:11.122  3730  8121 I jv      : [jv][583224451][tid_5917](86)judge timing task whether or not can run,judge task type is :ua_time_send
12-03 16:48:11.123  3730  8103 D gm      : [gm][583224452][tid_5906](48)TaskSignalQueue-remove n.gl@f0743b1
12-03 16:48:11.123  3730  8120 I qi      : [qi][583224452][tid_5916](244)currentApn:WIFI
12-03 16:48:11.123  3730  8121 W wd      : [wd][583224452][tid_5917](52)create preferences name:timing_network_preference
12-03 16:48:11.123  3730  8120 I jv      : [jv][583224452][tid_5916](55)[TimingNetworkTask] NetStatus.APN_WIFI,return true 
12-03 16:48:11.123  3730  4101 D StatisticsProvider: [StatisticsProvider][583224452][tid_54](434)[statistics_test] =======>write map:n.ep@624bdbf
12-03 16:48:11.123  3730  8120 D jv      : [jv][583224452][tid_5916](116)canRun task=get_push_message, result=300, frequency=17280000
12-03 16:48:11.123  3730  4101 I StatisticsProvider: [StatisticsProvider][583224452][tid_54](518)[statistics_test] filePath /data/user_de/0/com.android.systemui/files/ua/no_ua_6.131.9.mui.dat.0 
12-03 16:48:11.123  3730  8120 D jv      : [jv][583224452][tid_5916](120)Judgment result can not run , reason :Minimum time interval is not satisfied, task type is get_push_message
12-03 16:48:11.123  3730  4101 I StatisticsProvider: [StatisticsProvider][583224452][tid_54](520)[statistics_test] ====canWrite====
12-03 16:48:11.123  3730  4101 D StatisticsProvider: [StatisticsProvider][583224452][tid_54](441)[statistics_test] =======>write path:/data/user_de/0/com.android.systemui/files/ua/no_ua_6.131.9.mui.dat.0
12-03 16:48:11.124  3730  8120 W jv      : [jv][583224452][tid_5916](93)task : get_push_message can't run!
12-03 16:48:11.124  3730  7984 I qi      : [qi][583224453][tid_5897](244)currentApn:WIFI
12-03 16:48:11.124  3730  8120 I jv      : [jv][583224453][tid_5916](95)TimingNetworkTimerServerTask end , task : get_push_message 
12-03 16:48:11.124  3730  7984 I jv      : [jv][583224453][tid_5897](55)[TimingNetworkTask] NetStatus.APN_WIFI,return true 
12-03 16:48:11.124  3730  7984 D jv      : [jv][583224453][tid_5897](116)canRun task=plugin_update, result=290, frequency=17280000
12-03 16:48:11.124  3730  7984 D jv      : [jv][583224453][tid_5897](120)Judgment result can not run , reason :Minimum time interval is not satisfied, task type is plugin_update
12-03 16:48:11.124  3730  8121 I qi      : [qi][583224453][tid_5917](244)currentApn:WIFI
12-03 16:48:11.124  3730  7984 W jv      : [jv][583224453][tid_5897](93)task : plugin_update can't run!
12-03 16:48:11.124  3730  8121 I qi      : [qi][583224453][tid_5917](213)currentApn:WIFI
12-03 16:48:11.125  3730  7984 I jv      : [jv][583224453][tid_5897](95)TimingNetworkTimerServerTask end , task : plugin_update 
12-03 16:48:11.125  3730  8121 D jx      : [jx][583224454][tid_5917](47)canConnectNetWork result == true
12-03 16:48:11.125  3730  7984 I TaskServiceProvider: [TaskServiceProvider][583224454][tid_5897](379)[VlifeTaskService]  end  task : plugin_update
12-03 16:48:11.125  3730  7984 I TaskServiceProvider: [TaskServiceProvider][583224454][tid_5897](382)[VlifeTaskService]  this task is Cycle ,task : plugin_update , time : 21600000 
12-03 16:48:11.125  3730  7984 I vt      : [vt][583224454][tid_5897](22)realPackageName:com.android.systemui vlifePackageName:com.vlife.ipro.magazine
12-03 16:48:11.125  3730  7984 D gn      : [gn][583224454][tid_5897](96)VlifeTaskService schedule task=plugin_update, isCycleOrDelay=true,time=21600000,requestCode=93687749
12-03 16:48:11.126  3730  8121 I qi      : [qi][583224454][tid_5917](244)currentApn:WIFI
12-03 16:48:11.126  3730  7984 I gn      : [gn][583224455][tid_5897](100)[VlifeTaskService] [next awake intervalMillis] [21600000]
12-03 16:48:11.126  3730  8121 I jv      : [jv][583224455][tid_5917](55)[TimingNetworkTask] NetStatus.APN_WIFI,return true 
12-03 16:48:11.126  3730  8121 D jv      : [jv][583224455][tid_5917](116)canRun task=ua_time_send, result=311, frequency=17280000
12-03 16:48:11.126  3730  7984 D gm      : [gm][583224455][tid_5897](48)TaskSignalQueue-remove n.gl@45a9b19
12-03 16:48:11.126  3730  8121 D jv      : [jv][583224455][tid_5917](120)Judgment result can not run , reason :Minimum time interval is not satisfied, task type is ua_time_send
12-03 16:48:11.127  3730  8121 W jv      : [jv][583224455][tid_5917](93)task : ua_time_send can't run!
12-03 16:48:11.127  3730  8121 I jv      : [jv][583224456][tid_5917](95)TimingNetworkTimerServerTask end , task : ua_time_send 
12-03 16:48:11.127  3730  8123 D gn      : [gn][583224456][tid_5919](104)task run
12-03 16:48:11.127  3730  8122 D gn      : [gn][583224456][tid_5918](104)task run
12-03 16:48:11.128  3730  8123 W wd      : [wd][583224457][tid_5919](52)create preferences name:timing_network_preference
12-03 16:48:11.128  3730  8122 W wd      : [wd][583224457][tid_5918](52)create preferences name:timing_network_preference
12-03 16:48:11.128  3730  8123 I jv      : [jv][583224457][tid_5919](84)first time ready type:plugin_update
12-03 16:48:11.128  3730  8123 I jv      : [jv][583224457][tid_5919](86)judge timing task whether or not can run,judge task type is :plugin_update
12-03 16:48:11.128  3730  8122 I jv      : [jv][583224457][tid_5918](84)first time ready type:get_push_message
12-03 16:48:11.129  3730  8123 W wd      : [wd][583224457][tid_5919](52)create preferences name:timing_network_preference
12-03 16:48:11.129  3730  8122 I jv      : [jv][583224457][tid_5918](86)judge timing task whether or not can run,judge task type is :get_push_message
12-03 16:48:11.129  3730  8122 W wd      : [wd][583224458][tid_5918](52)create preferences name:timing_network_preference
12-03 16:48:11.130  3730  8123 I qi      : [qi][583224459][tid_5919](244)currentApn:WIFI
12-03 16:48:11.130  3730  8122 I qi      : [qi][583224459][tid_5918](244)currentApn:WIFI
12-03 16:48:11.130  3730  8123 I qi      : [qi][583224459][tid_5919](213)currentApn:WIFI
12-03 16:48:11.130  3730  8122 I qi      : [qi][583224459][tid_5918](213)currentApn:WIFI
12-03 16:48:11.130  3730  8123 D jx      : [jx][583224459][tid_5919](47)canConnectNetWork result == true
12-03 16:48:11.130  3730  8122 D jx      : [jx][583224459][tid_5918](47)canConnectNetWork result == true
12-03 16:48:11.131  3730  8123 I qi      : [qi][583224460][tid_5919](244)currentApn:WIFI
12-03 16:48:11.131  3730  8123 I jv      : [jv][583224460][tid_5919](55)[TimingNetworkTask] NetStatus.APN_WIFI,return true 
12-03 16:48:11.131  3730  8122 I qi      : [qi][583224460][tid_5918](244)currentApn:WIFI
12-03 16:48:11.131  3730  8123 D jv      : [jv][583224460][tid_5919](116)canRun task=plugin_update, result=297, frequency=17280000
12-03 16:48:11.131  3730  8122 I jv      : [jv][583224460][tid_5918](55)[TimingNetworkTask] NetStatus.APN_WIFI,return true 
12-03 16:48:11.131  3730  8123 D jv      : [jv][583224460][tid_5919](120)Judgment result can not run , reason :Minimum time interval is not satisfied, task type is plugin_update
12-03 16:48:11.131  3730  8123 W jv      : [jv][583224460][tid_5919](93)task : plugin_update can't run!
12-03 16:48:11.131  3730  8122 D jv      : [jv][583224460][tid_5918](116)canRun task=get_push_message, result=308, frequency=21600000
12-03 16:48:11.132  3730  8122 D jv      : [jv][583224461][tid_5918](120)Judgment result can not run , reason :Minimum time interval is not satisfied, task type is get_push_message
12-03 16:48:11.132  3730  8123 I jv      : [jv][583224460][tid_5919](95)TimingNetworkTimerServerTask end , task : plugin_update 
12-03 16:48:11.132  3730  8122 W jv      : [jv][583224461][tid_5918](93)task : get_push_message can't run!
12-03 16:48:11.132  3730  8122 I jv      : [jv][583224461][tid_5918](95)TimingNetworkTimerServerTask end , task : get_push_message 
12-03 16:48:11.141  3730  4101 I StatisticsProvider: [StatisticsProvider][583224470][tid_54](466)[statistics_test] create packet xml : <item tag="TaskServiceProvider" message="[TaskServiceProvider][583224449][tid_5906](471)restartTimerTask allTastMap is error, taskName=upload_user_setting" name="unknown" count="75" error="[TaskServiceProvider][583224449][tid_5906](471)restartTimerTask allTastMap is error, taskName=upload_user_setting" author="songwenjun" ua_event="dev_thread_throwable" dev_version="6.131.9" ua_time="1512290891121" ua_process="lockscreen" index="3802" />
12-03 16:48:11.953  3730  3969 I kg      : [kg][583225281][tid_45](320)response = org.apache.http.message.BasicHttpResponse@2f2c8c
12-03 16:48:11.955  3730  3969 D kg      : [kg][583225283][tid_45](322)uri = http://stage.3gmimo.com/front/address.api?uid=10433077265316&imei=355455061338346&model=AOSP+on+Shamu&p=a&v=5&sv=6.131&az=android-ipro-magazine
12-03 16:48:11.956  3730  3969 I kg      : [kg][583225285][tid_45](386)doGetFirstHeader
12-03 16:48:11.957  3730  3969 I uf      : [uf][583225286][tid_45](129)refreshFront sign = qn2lTGWjOwN7efcexDuiWUjz7tVgz2295Ips2xYXpAXwSluZEiQxOs/tjXvwEYYBIArADY/GZ/+nFLOExjn39BpSByrbKk8lDoadRPbSi4Mlmrq8CW24+gyRp1xk1oodjWsVETSxqarrGi8Cku7VhEESri3dhfVbzttzPdingN4=
12-03 16:48:11.958  3730  3969 I kg      : [kg][583225287][tid_45](336)doGetStatusCode
12-03 16:48:11.960  3730  3969 D uw      : [uw][583225288][tid_45](234)response code:206
12-03 16:48:11.962  3730  3969 I kg      : [kg][583225290][tid_45](365)doGetEntityString
12-03 16:48:11.968  3730  3969 I vq      : [vq][583225296][tid_45](42)verify {"server":{"address":["http://115.28.84.237/a/1/"],"timeout":1800000},"download":{"address":["http://stage.3gmimo.com/handpet/"],"timeout":3600000},"stat":{"address":["http://115.28.84.237/a/1/stat/"],"timeout":3600000},"mall":{"address":["http://stage.drupal.3gmimo.com/task/login.html"],"timeout":3600000},"front":{"address":["http://stage.3gmimo.com/front/address.api"],"timeout":3600000},"stat_url":{"address":["http://stage.drupal.3gmimo.com/adstat/index/android"],"timeout":3600000},"sdk":{"address":["http://115.28.84.237/sdk/"],"timeout":240000},"operation":{"address":["http://stage.3gmimo.com/handpet/p/402/4176f5b89af012ebd5290b853fe5d115.db"],"timeout":600000},"gateway":{"address":["http://115.28.84.237/gateway/a/1/ve/"],"timeout":240000}} qn2lTGWjOwN7efcexDuiWUjz7tVgz2295Ips2xYXpAXwSluZEiQxOs/tjXvwEYYBIArADY/GZ/+nFLOExjn39BpSByrbKk8lDoadRPbSi4Mlmrq8CW24+gyRp1xk1oodjWsVETSxqarrGi8Cku7VhEESri3dhfVbzttzPdingN4= MIGfMA0GCSqGSIb3DQEBAQUAA4GNADCBiQKBgQDTALK7WxEK0q79k355T1WWyqPiIEMstWgDt9Z/zRXrjjTrbha4XePkjeG0ssn8sqpT9yIIHD3II/7LHki8uixgmWogWaAGUArtJ24ICllCUcIytEG5eWQ9SPK3NTgT8w1jOxmKTosWqrTPUA98fbz8o+mfnfjruHN80BxWSzCpBwIDAQAB
12-03 16:48:11.974  3730  3969 I uf      : [uf][583225301][tid_45](162)address json:{"server":{"address":["http://115.28.84.237/a/1/"],"timeout":1800000},"download":{"address":["http://stage.3gmimo.com/handpet/"],"timeout":3600000},"stat":{"address":["http://115.28.84.237/a/1/stat/"],"timeout":3600000},"mall":{"address":["http://stage.drupal.3gmimo.com/task/login.html"],"timeout":3600000},"front":{"address":["http://stage.3gmimo.com/front/address.api"],"timeout":3600000},"stat_url":{"address":["http://stage.drupal.3gmimo.com/adstat/index/android"],"timeout":3600000},"sdk":{"address":["http://115.28.84.237/sdk/"],"timeout":240000},"operation":{"address":["http://stage.3gmimo.com/handpet/p/402/4176f5b89af012ebd5290b853fe5d115.db"],"timeout":600000},"gateway":{"address":["http://115.28.84.237/gateway/a/1/ve/"],"timeout":240000}}
12-03 16:48:11.979  3730  3969 I uf      : [uf][583225307][tid_45](176)parser key = server,address = ["http:\/\/115.28.84.237\/a\/1\/"]
12-03 16:48:11.981  3730  3969 I uf      : [uf][583225309][tid_45](176)parser key = download,address = ["http:\/\/stage.3gmimo.com\/handpet\/"]
12-03 16:48:11.982  3730  3969 I uf      : [uf][583225311][tid_45](176)parser key = stat,address = ["http:\/\/115.28.84.237\/a\/1\/stat\/"]
12-03 16:48:11.983  3730  3969 I uf      : [uf][583225311][tid_45](176)parser key = mall,address = ["http:\/\/stage.drupal.3gmimo.com\/task\/login.html"]
12-03 16:48:11.983  3730  3969 I uf      : [uf][583225312][tid_45](176)parser key = front,address = ["http:\/\/stage.3gmimo.com\/front\/address.api"]
12-03 16:48:11.983  3730  3969 I uf      : [uf][583225312][tid_45](176)parser key = stat_url,address = ["http:\/\/stage.drupal.3gmimo.com\/adstat\/index\/android"]
12-03 16:48:11.984  3730  3969 I uf      : [uf][583225312][tid_45](176)parser key = sdk,address = ["http:\/\/115.28.84.237\/sdk\/"]
12-03 16:48:11.984  3730  3969 I uf      : [uf][583225313][tid_45](176)parser key = operation,address = ["http:\/\/stage.3gmimo.com\/handpet\/p\/402\/4176f5b89af012ebd5290b853fe5d115.db"]
12-03 16:48:11.984  3730  3969 I uf      : [uf][583225313][tid_45](176)parser key = gateway,address = ["http:\/\/115.28.84.237\/gateway\/a\/1\/ve\/"]
12-03 16:48:12.244  3730  3730 D NewDownloadProvider: [NewDownloadProvider][583225572][tid_1](379)[download_net_change] handleMessage
12-03 16:48:12.245  3730  3730 D fj      : [fj][583225573][tid_1](49)[download_net_change] refreshNetworkType
12-03 16:48:12.251  3730  3730 D fj      : [fj][583225580][tid_1](51)changeNetWork 16 -> 1, start
12-03 16:48:12.253  3730  3730 D NewDownloadProvider: [NewDownloadProvider][583225581][tid_1](308)[new_download] [download_net_change] =======>start
12-03 16:48:12.254  3730  3730 D fj      : [fj][583225582][tid_1](59)changeNetWork end
12-03 16:48:13.078  3730  4459 I un      : [un][583226406][tid_102](46)http send list:[]
12-03 16:48:13.079  3730  4459 I uu      : [uu][583226408][tid_102](28)getRidAndIncrement :15
12-03 16:48:13.080  3730  4459 I um      : [um][583226409][tid_102](112)Request url : http://115.28.84.237/a/1/?p=a&v=5&c=g&st=b29a13374853e6552135a6436e5ed0be&sv=6.131&az=android-ipro-magazine&id=10433077265316&sid=7f549c03100042a6@a1.stage.vlife.com
12-03 16:48:13.084  3730  4459 I um      : [um][583226412][tid_102](121)Request content : <body rid="15" count="0" wait="2" sid="7f549c03100042a6@a1.stage.vlife.com"></body>
12-03 16:48:13.085  3730  4459 D um      : [um][583226414][tid_102](127)[HttpCoreOperatorS] userAgent:Mozilla/5.0 (Linux; U; Android 7.0; zh-cn; AOSP on Shamu Build/NBD90Z) AppleWebKit/534.30 (KHTML, like Gecko) Version/4.0 Mobile Safari/534.30
12-03 16:48:13.086  3730  4459 D um      : [um][583226415][tid_102](131)httpPost. httpClient = n.kh@d9c633d
12-03 16:48:13.087  3730  4459 I kg      : [kg][583226416][tid_102](318)doExecute request=org.apache.http.client.methods.HttpPost@9993ea
12-03 16:48:13.132  3730  4459 I kg      : [kg][583226459][tid_102](320)response = org.apache.http.message.BasicHttpResponse@d7176db
12-03 16:48:13.133  3730  4459 D kg      : [kg][583226461][tid_102](322)uri = http://115.28.84.237/a/1/?p=a&v=5&c=g&st=b29a13374853e6552135a6436e5ed0be&sv=6.131&az=android-ipro-magazine&id=10433077265316&sid=7f549c03100042a6@a1.stage.vlife.com
12-03 16:48:13.134  3730  4459 D kg      : [kg][583226462][tid_102](325)header name = platform, value = android
12-03 16:48:13.135  3730  4459 D kg      : [kg][583226463][tid_102](325)header name = User-Agent, value = Mozilla/5.0 (Linux; U; Android 7.0; zh-cn; AOSP on Shamu Build/NBD90Z) AppleWebKit/534.30 (KHTML, like Gecko) Version/4.0 Mobile Safari/534.30
12-03 16:48:13.136  3730  4459 I kg      : [kg][583226464][tid_102](378)doGetAllHeaders
12-03 16:48:13.139  3730  4459 I kg      : [kg][583226468][tid_102](336)doGetStatusCode
12-03 16:48:13.141  3730  4459 I um      : [um][583226469][tid_102](137)response code:206
12-03 16:48:13.143  3730  4459 I kg      : [kg][583226471][tid_102](352)doGetEntityByteArray
12-03 16:48:13.146  3730  4459 I ug      : [ug][583226474][tid_102](47)inflate length:5373
12-03 16:48:13.150  3730  4459 I um      : [um][583226478][tid_102](174)response CONTENT <body xmlns="http://jabber.org/protocol/httpbind" rid="15" sid="7f549c03100042a6@a1.stage.vlife.com" ><iq from="magazine.stage.vlife.com" to="10433077265316@a1.stage.vlife.com/android-2.1-pet" id="3642d9d42efa3aa" sid="7f549c03100042a6@a1.stage.vlife.com" type="result"><query xmlns="jabber:iq:magazine"><method name="simple:magazine:content:list:by:source"><beans xmlns="http://www.handpet.com/config/beans" version="1.0"><bean name="simple_magazine_content_list_by_source_protocol"><property name="st" value="1501205443658"/><property name="mn" value="0"/><property name="cl"><list><bean name="magazine_conetent_data"><property name="suc" value=""/><property name="df"><bean name="file"><property name="path" value="wallpaperzf/1/4716/14716.zip.pet"/><property name="length" value="2523789"/></bean></property><property name="time_start" value="1500854400000"/><property name="jump_map"><map><entry key="inside_open_url" value="http://3g.163.com/touch/?tid=10437251&amp;f=2&amp;fid=513"/></map></property><property name="main_plugin"><bean name="plugin"><property name="file"><bean name="file"/></property><property name="packageName" value="com.vlife.plugin.card.engine"/><property name="version" value="0"/><property name="network" value="0"/></bean></property><property name="source" value=""/><property name="title" value=""/><property name="type" value="static"/><property name="content" value=""/><property name="enabled" value="1"/><property name="network" value="1"/><property name="sus" value=""/><property name="file"><bean name="file"><property name="path" value="f/background/20170120/78851.jpg.pet"/><property name="length" value="1253354"/><property name="hash" value="2b393b7b286608a4a3c36d9702efecbc"/></bean></property><property name="id" value="513"/><property name="time_end" value="1502884800000"/><property name="ad" value="0"/><property name="source_data"><bean name="magazine_source_data"><property name="p"><bean name="file"><property name="path" value="wallpaper/source/20160124/1453637816_uZl7oj.jpg.pet"/><property name="length" value="138390"/><property name="hash" value="1bd500f07939e755c44dec0a338de03e"/></bean></property><property name="s" value="50"/><property name="e" value="1"/><property name="i" value="2"/><property name="description" value=""/><property name="n" value=""/><property name="ds" value="1"/></bean></property><property name="detail_title" value=""/><property name="sequence" value="1"/><property name="tf"><bean name="file"><property name="path" value="f/thumbnail/20170120/78851_thumb.jpg.pet"/><property name="length" value="19050"/><property name="hash" value="23f851330e067311b746b6c243415eb0"/></bean></property><property name="name" value=""/><property name="time" value="1500889721286"/></bean><bean name="magazine_conetent_data"><property name="df"><bean name="file"><property name="path" value="wallpaperzf/1/4939/14939.zip.pet"/><property name="length" value="1056147"/></bean></property><property name="time_start" value="1500854400000"/><property name="jump_map"><map/></property><property name="main_plugin"><bean name="plugin"><property name="file"><bean name="file"/></property><property name="packageName" value="com.vlife.plugin.card.engine"/><property name="version" value="0"/><property name="network" value="0"/></bean></property><property name="source" value=""/><property name="title" value=""/><property name="type" value="static"/><property name="content" value=""/><property name="enabled" value="1"/><property name="network" value="1"/><property name="file"><bean name="file"><property name="path" value="f/background/20170309/79629.jpg.pet"/><property name="length" value="519688"/><property name="hash" value="7e4d70e9037c1d28d10e9df03ae55659"/></bean></property><
12-03 16:48:13.155  3730  4459 I uu      : [uu][583226483][tid_102](21)getRid :16
12-03 16:48:13.156  3730  4459 I um      : [um][583226484][tid_102](212)use old Iparser current:iq
12-03 16:48:13.157  3730  4459 I un      : [un][583226485][tid_102](58)http send type:OK
12-03 16:48:13.158  3730  4459 D uq      : [uq][583226487][tid_102](69)id:3642d9d42efa3aa countDownMap
12-03 16:48:13.160  3730  4459 I un      : [un][583226488][tid_102](43)http send thread run
12-03 16:48:13.161  3730  4459 D ur      : [ur][583226490][tid_102](72)waiting list Condition signal heartIndex:1 waitTime:4
12-03 16:48:13.162  3730  8102 I uq      : [uq][583226488][tid_5905](169)[NewHttpService] blockSend id = 3642d9d42efa3aa,step4 = 2178
12-03 16:48:13.164  3730  8102 I uq      : [uq][583226492][tid_5905](171)[NewHttpService] blockSend id = 3642d9d42efa3aa,step5 = 2181
12-03 16:48:13.168  3730  8102 D uq      : [uq][583226494][tid_5905](172)callback : n.ym$3@3e88578
12-03 16:48:13.169  3730  8102 D uq      : [uq][583226497][tid_5905](174)parser:n.gp@57b9451
12-03 16:48:13.171  3730  8102 D uj      : [uj][583226498][tid_5905](86)from:magazine.stage.vlife.com type:result subDomain:magazine
12-03 16:48:13.173  3730  8102 D uj      : [uj][583226500][tid_5905](92)xmlns : jabber:iq:magazine method : simple:magazine:content:list:by:source
12-03 16:48:13.174  3730  8102 I uj      : [uj][583226502][tid_5905](94)n.uj start method type:result
