12-03 16:48:02.289  3730  4459 I un      : [un][583215617][tid_102](46)http send list:[]
12-03 16:48:02.290  3730  4459 I uu      : [uu][583215618][tid_102](28)getRidAndIncrement :12
12-03 16:48:02.295  3730  4459 I um      : [um][583215620][tid_102](112)Request url : http://115.28.84.237/a/1/?p=a&v=5&c=g&st=b29a13374853e6552135a6436e5ed0be&sv=6.131&az=android-ipro-magazine&id=10433077265316&sid=7f549c03100042a6@a1.stage.vlife.com
12-03 16:48:02.298  3730  4459 I um      : [um][583215626][tid_102](121)Request content : <body rid="12" count="0" wait="2" sid="7f549c03100042a6@a1.stage.vlife.com"></body>
12-03 16:48:02.299  3730  4459 D um      : [um][583215628][tid_102](127)[HttpCoreOperatorS] userAgent:Mozilla/5.0 (Linux; U; Android 7.0; zh-cn; AOSP on Shamu Build/NBD90Z) AppleWebKit/534.30 (KHTML, like Gecko) Version/4.0 Mobile Safari/534.30
12-03 16:48:02.300  3730  4459 D um      : [um][583215629][tid_102](131)httpPost. httpClient = n.kh@d9c633d
12-03 16:48:02.302  3730  4459 I kg      : [kg][583215630][tid_102](318)doExecute request=org.apache.http.client.methods.HttpPost@3150561
12-03 16:48:02.316  3730  4459 W um      : [um][583215644][tid_102](156)http connection is interrupted,please check network status
12-03 16:48:02.316  3730  4459 W um      : org.apache.http.conn.HttpHostConnectException: Connection to http://115.28.84.237 refused
12-03 16:48:02.316  3730  4459 W um      : 	at org.apache.http.impl.conn.DefaultClientConnectionOperator.openConnection(DefaultClientConnectionOperator.java:193)
12-03 16:48:02.316  3730  4459 W um      : 	at org.apache.http.impl.conn.AbstractPoolEntry.open(AbstractPoolEntry.java:169)
12-03 16:48:02.316  3730  4459 W um      : 	at org.apache.http.impl.conn.AbstractPooledConnAdapter.open(AbstractPooledConnAdapter.java:124)
12-03 16:48:02.316  3730  4459 W um      : 	at org.apache.http.impl.client.DefaultRequestDirector.execute(DefaultRequestDirector.java:366)
12-03 16:48:02.316  3730  4459 W um      : 	at org.apache.http.impl.client.AbstractHttpClient.execute(AbstractHttpClient.java:560)
12-03 16:48:02.316  3730  4459 W um      : 	at org.apache.http.impl.client.AbstractHttpClient.execute(AbstractHttpClient.java:492)
12-03 16:48:02.316  3730  4459 W um      : 	at org.apache.http.impl.client.AbstractHttpClient.execute(AbstractHttpClient.java:470)
12-03 16:48:02.316  3730  4459 W um      : 	at n.kh.a(VLIFE-SOURCE:319)
12-03 16:48:02.316  3730  4459 W um      : 	at n.um.a(VLIFE-SOURCE:132)
12-03 16:48:02.316  3730  4459 W um      : 	at n.um.a(VLIFE-SOURCE:66)
12-03 16:48:02.316  3730  4459 W um      : 	at n.un.run(VLIFE-SOURCE:50)
12-03 16:48:02.316  3730  4459 W um      : Caused by: java.net.ConnectException: Network is unreachable
12-03 16:48:02.316  3730  4459 W um      : 	at java.net.PlainSocketImpl.socketConnect(Native Method)
12-03 16:48:02.316  3730  4459 W um      : 	at java.net.AbstractPlainSocketImpl.doConnect(AbstractPlainSocketImpl.java:334)
12-03 16:48:02.316  3730  4459 W um      : 	at java.net.AbstractPlainSocketImpl.connectToAddress(AbstractPlainSocketImpl.java:196)
12-03 16:48:02.316  3730  4459 W um      : 	at java.net.AbstractPlainSocketImpl.connect(AbstractPlainSocketImpl.java:178)
12-03 16:48:02.316  3730  4459 W um      : 	at java.net.SocksSocketImpl.connect(SocksSocketImpl.java:356)
12-03 16:48:02.316  3730  4459 W um      : 	at java.net.Socket.connect(Socket.java:586)
12-03 16:48:02.316  3730  4459 W um      : 	at org.apache.http.conn.scheme.PlainSocketFactory.connectSocket(PlainSocketFactory.java:124)
12-03 16:48:02.316  3730  4459 W um      : 	at org.apache.http.impl.conn.DefaultClientConnectionOperator.openConnection(DefaultClientConnectionOperator.java:149)
12-03 16:48:02.316  3730  4459 W um      : 	... 10 more
12-03 16:48:02.317  3730  4459 I uu      : [uu][583215646][tid_102](40)decrement :1
12-03 16:48:02.317  3730  4459 I uu      : [uu][583215646][tid_102](28)getRidAndIncrement :12
12-03 16:48:02.317  3730  4459 I um      : [um][583215646][tid_102](112)Request url : http://115.28.84.237/a/1/?p=a&v=5&c=g&st=b29a13374853e6552135a6436e5ed0be&sv=6.131&az=android-ipro-magazine&id=10433077265316&sid=7f549c03100042a6@a1.stage.vlife.com
12-03 16:48:02.318  3730  4459 I um      : [um][583215647][tid_102](121)Request content : <body rid="12" count="0" wait="2" sid="7f549c03100042a6@a1.stage.vlife.com"></body>
12-03 16:48:02.319  3730  4459 D um      : [um][583215647][tid_102](127)[HttpCoreOperatorS] userAgent:Mozilla/5.0 (Linux; U; Android 7.0; zh-cn; AOSP on Shamu Build/NBD90Z) AppleWebKit/534.30 (KHTML, like Gecko) Version/4.0 Mobile Safari/534.30
12-03 16:48:02.319  3730  4459 D um      : [um][583215648][tid_102](131)httpPost. httpClient = n.kh@d9c633d
12-03 16:48:02.319  3730  4459 I kg      : [kg][583215648][tid_102](318)doExecute request=org.apache.http.client.methods.HttpPost@6bb969d
12-03 16:48:02.323  3730  4459 W um      : [um][583215651][tid_102](156)http connection is interrupted,please check network status
12-03 16:48:02.323  3730  4459 W um      : org.apache.http.conn.HttpHostConnectException: Connection to http://115.28.84.237 refused
12-03 16:48:02.323  3730  4459 W um      : 	at org.apache.http.impl.conn.DefaultClientConnectionOperator.openConnection(DefaultClientConnectionOperator.java:193)
12-03 16:48:02.323  3730  4459 W um      : 	at org.apache.http.impl.conn.AbstractPoolEntry.open(AbstractPoolEntry.java:169)
12-03 16:48:02.323  3730  4459 W um      : 	at org.apache.http.impl.conn.AbstractPooledConnAdapter.open(AbstractPooledConnAdapter.java:124)
12-03 16:48:02.323  3730  4459 W um      : 	at org.apache.http.impl.client.DefaultRequestDirector.execute(DefaultRequestDirector.java:366)
12-03 16:48:02.323  3730  4459 W um      : 	at org.apache.http.impl.client.AbstractHttpClient.execute(AbstractHttpClient.java:560)
12-03 16:48:02.323  3730  4459 W um      : 	at org.apache.http.impl.client.AbstractHttpClient.execute(AbstractHttpClient.java:492)
12-03 16:48:02.323  3730  4459 W um      : 	at org.apache.http.impl.client.AbstractHttpClient.execute(AbstractHttpClient.java:470)
12-03 16:48:02.323  3730  4459 W um      : 	at n.kh.a(VLIFE-SOURCE:319)
12-03 16:48:02.323  3730  4459 W um      : 	at n.um.a(VLIFE-SOURCE:132)
12-03 16:48:02.323  3730  4459 W um      : 	at n.um.a(VLIFE-SOURCE:66)
12-03 16:48:02.323  3730  4459 W um      : 	at n.un.run(VLIFE-SOURCE:50)
12-03 16:48:02.323  3730  4459 W um      : Caused by: java.net.ConnectException: Network is unreachable
12-03 16:48:02.323  3730  4459 W um      : 	at java.net.PlainSocketImpl.socketConnect(Native Method)
12-03 16:48:02.323  3730  4459 W um      : 	at java.net.AbstractPlainSocketImpl.doConnect(AbstractPlainSocketImpl.java:334)
12-03 16:48:02.323  3730  4459 W um      : 	at java.net.AbstractPlainSocketImpl.connectToAddress(AbstractPlainSocketImpl.java:196)
12-03 16:48:02.323  3730  4459 W um      : 	at java.net.AbstractPlainSocketImpl.connect(AbstractPlainSocketImpl.java:178)
12-03 16:48:02.323  3730  4459 W um      : 	at java.net.SocksSocketImpl.connect(SocksSocketImpl.java:356)
12-03 16:48:02.323  3730  4459 W um      : 	at java.net.Socket.connect(Socket.java:586)
12-03 16:48:02.323  3730  4459 W um      : 	at org.apache.http.conn.scheme.PlainSocketFactory.connectSocket(PlainSocketFactory.java:124)
12-03 16:48:02.323  3730  4459 W um      : 	at org.apache.http.impl.conn.DefaultClientConnectionOperator.openConnection(DefaultClientConnectionOperator.java:149)
12-03 16:48:02.323  3730  4459 W um      : 	... 10 more
12-03 16:48:02.323  3730  4459 I uu      : [uu][583215652][tid_102](40)decrement :1
12-03 16:48:02.324  3730  4459 I un      : [un][583215653][tid_102](58)http send type:RESEND
12-03 16:48:02.324  3730  4459 I un      : [un][583215653][tid_102](43)http send thread run
12-03 16:48:02.324  3730  4459 D ur      : [ur][583215653][tid_102](72)waiting list Condition signal heartIndex:2 waitTime:10
12-03 16:48:10.741  3730  3730 D NetChangeReceiverHandler: [NetChangeReceiverHandler][583224069][tid_1](25)doReceive context:com.vlife.plugin.module.tools.ModuleContextUtil$1@a7ab41a,intent:Intent { act=android.net.conn.CONNECTIVITY_CHANGE flg=0x4000010 (has extras) }
12-03 16:48:10.741  3730  3730 D NewDownloadProvider: [NewDownloadProvider][583224070][tid_1](348)[new_download] [download_net_change] networkChange
12-03 16:48:10.759  3730  3730 I qi      : [qi][583224088][tid_1](244)currentApn:WIFI
12-03 16:48:10.760  3730  3730 I qi      : [qi][583224089][tid_1](213)currentApn:WIFI
12-03 16:48:10.760  3730  3730 D NetChangeReceiverHandler: [NetChangeReceiverHandler][583224089][tid_1](31)[download_net_change] the network has connected
12-03 16:48:10.761  3730  3730 D NetChangeReceiverHandler: [NetChangeReceiverHandler][583224089][tid_1](33)[download_net_change] time:856841273,runTime:856592986
12-03 16:48:10.761  3730  3730 D NetChangeReceiverHandler: [NetChangeReceiverHandler][583224090][tid_1](35)Product.lenovo:false
12-03 16:48:10.761  3730  3730 I TaskServiceProvider: [TaskServiceProvider][583224090][tid_1](146)VlifeExecutorService executing n.kr@2055e1a
12-03 16:48:10.762  3730  3730 I TaskServiceProvider: [TaskServiceProvider][583224091][tid_1](186)PackageName is com.vlife.ipro.magazine
12-03 16:48:10.762  3730  3730 D TaskServiceProvider: [TaskServiceProvider][583224091][tid_1](188)TaskServiceProvider task=kr,taskType=NetChangeReceiverTask
12-03 16:48:10.763  3730  3730 I vt      : [vt][583224091][tid_1](22)realPackageName:com.android.systemui vlifePackageName:com.vlife.ipro.magazine
12-03 16:48:10.763  3730  3730 I TaskServiceProvider: [TaskServiceProvider][583224092][tid_1](156)shell product start vlife task
12-03 16:48:10.766  3730  3730 W wd      : [wd][583224093][tid_1](52)create preferences name:userinfo
12-03 16:48:10.777  3730  3730 I qu      : [qu][583224105][tid_1](70)executor c:class java.util.concurrent.ThreadPoolExecutor task c:class n.gn$1
12-03 16:48:10.777  3730  3730 D gn      : [gn][583224106][tid_1](64)packageName = com.vlife.ipro.magazine, className = com.vlife.TService
12-03 16:48:10.777  3730  3969 I TaskServiceProvider: [TaskServiceProvider][583224106][tid_45](533)vlifeTaskOnStartCommand intent=#Intent;action=NetChangeReceiverTask;package=com.vlife.ipro.magazine;component=com.vlife.ipro.magazine/com.vlife.TService;end
12-03 16:48:10.778  3730  3969 D TaskServiceProvider: [TaskServiceProvider][583224107][tid_45](545)pyramidney:null
12-03 16:48:10.778  3730  3969 D gm      : [gm][583224107][tid_45](33)TaskSignalQueue-add n.gl@89cc841
12-03 16:48:10.779  3730  7983 D TaskServiceProvider: [TaskServiceProvider][583224108][tid_5896](254)Bundle=Bundle[{}] taskType=NetChangeReceiverTask
12-03 16:48:10.779  3730  7983 D TaskServiceProvider: [TaskServiceProvider][583224108][tid_5896](258)getVlifeTask vlifeTask=n.kr@30b41e6
12-03 16:48:10.779  3730  7983 I TaskServiceProvider: [TaskServiceProvider][583224108][tid_5896](351)[VlifeTaskService]  TaskRunnable  running task : NetChangeReceiverTask ,delay : 0, cycle : 0 
12-03 16:48:10.784  3730  7983 I TaskServiceProvider: [TaskServiceProvider][583224109][tid_5896](377)backstage task system start up timing task ,task type is :NetChangeReceiverTask, awaking type :awake by system broadCastReceiver
12-03 16:48:10.784  3730  7983 D kr      : [kr][583224113][tid_5896](45)[download_net_change] NetChangeReceiverTask run
12-03 16:48:10.784  3730  7983 W wd      : [wd][583224113][tid_5896](52)create preferences name:userinfo
12-03 16:48:10.785  3730  7983 I wd      : [wd][583224114][tid_5896](79)preference name:userinfo getString key:last_day,value:20171203
12-03 16:48:10.786  3730  7983 W wd      : [wd][583224115][tid_5896](52)create preferences name:timing_network_preference
12-03 16:48:10.789  3730  7983 I qi      : [qi][583224117][tid_5896](244)currentApn:WIFI
12-03 16:48:10.789  3730  7983 I qi      : [qi][583224118][tid_5896](213)currentApn:WIFI
12-03 16:48:10.789  3730  7983 D jx      : [jx][583224118][tid_5896](47)canConnectNetWork result == true
12-03 16:48:10.790  3730  7983 I TaskServiceProvider: [TaskServiceProvider][583224118][tid_5896](511)try awaking backstage task system,awaking type is :NET_CHANGE, awaking time is :1512290890789
12-03 16:48:10.790  3730  7983 I TaskServiceProvider: [TaskServiceProvider][583224119][tid_5896](513)awake backstage task system success, awaking time :1512290890789
12-03 16:48:10.792  3730  4101 D StatisticsProvider: [StatisticsProvider][583224121][tid_54](434)[statistics_test] =======>write map:n.ep@faca77d
12-03 16:48:10.792  3730  7983 I TaskServiceProvider: [TaskServiceProvider][583224121][tid_5896](146)VlifeExecutorService executing n.gk@8aa79d4
12-03 16:48:10.792  3730  7983 I TaskServiceProvider: [TaskServiceProvider][583224121][tid_5896](186)PackageName is com.vlife.ipro.magazine
12-03 16:48:10.792  3730  4101 I StatisticsProvider: [StatisticsProvider][583224121][tid_54](518)[statistics_test] filePath /data/user_de/0/com.android.systemui/files/ua/no_ua_6.131.9.mui.dat.0 
12-03 16:48:10.792  3730  7983 D TaskServiceProvider: [TaskServiceProvider][583224121][tid_5896](188)TaskServiceProvider task=gk,taskType=OperatingStartTask
12-03 16:48:10.793  3730  4101 I StatisticsProvider: [StatisticsProvider][583224122][tid_54](520)[statistics_test] ====canWrite====
12-03 16:48:10.793  3730  7983 I vt      : [vt][583224122][tid_5896](22)realPackageName:com.android.systemui vlifePackageName:com.vlife.ipro.magazine
12-03 16:48:10.793  3730  4101 D StatisticsProvider: [StatisticsProvider][583224122][tid_54](441)[statistics_test] =======>write path:/data/user_de/0/com.android.systemui/files/ua/no_ua_6.131.9.mui.dat.0
12-03 16:48:10.793  3730  7983 I TaskServiceProvider: [TaskServiceProvider][583224122][tid_5896](156)shell product start vlife task
12-03 16:48:10.793  3730  7983 W wd      : [wd][583224122][tid_5896](52)create preferences name:userinfo
12-03 16:48:10.794  3730  7983 I qu      : [qu][583224123][tid_5896](70)executor c:class java.util.concurrent.ThreadPoolExecutor task c:class n.gn$1
12-03 16:48:10.795  3730  4095 I TaskServiceProvider: [TaskServiceProvider][583224124][tid_51](533)vlifeTaskOnStartCommand intent=#Intent;action=OperatingStartTask;package=com.vlife.ipro.magazine;component=com.vlife.ipro.magazine/com.vlife.TService;end
12-03 16:48:10.795  3730  4095 D TaskServiceProvider: [TaskServiceProvider][583224124][tid_51](545)pyramidney:null
12-03 16:48:10.795  3730  4095 D gm      : [gm][583224124][tid_51](33)TaskSignalQueue-add n.gl@f399672
12-03 16:48:10.796  3730  7984 D TaskServiceProvider: [TaskServiceProvider][583224125][tid_5897](254)Bundle=Bundle[{triggerType=NET_CHANGE}] taskType=OperatingStartTask
12-03 16:48:10.796  3730  7984 D TaskServiceProvider: [TaskServiceProvider][583224125][tid_5897](258)getVlifeTask vlifeTask=n.gk@587fac3
12-03 16:48:10.796  3730  7984 I TaskServiceProvider: [TaskServiceProvider][583224125][tid_5897](351)[VlifeTaskService]  TaskRunnable  running task : OperatingStartTask ,delay : 0, cycle : 0 
12-03 16:48:10.796  3730  7984 I TaskServiceProvider: [TaskServiceProvider][583224125][tid_5897](377)backstage task system start up timing task ,task type is :OperatingStartTask, awaking type :NET_CHANGE
12-03 16:48:10.797  3730  7984 I gk      : [gk][583224126][tid_5897](44)TimingNetworkServerTask running, triggerType : NET_CHANGE
12-03 16:48:10.797  3730  7984 W wd      : [wd][583224126][tid_5897](52)create preferences name:timing_network_preference
12-03 16:48:10.798  3730  7984 I gk      : [gk][583224126][tid_5897](47)first time ready
12-03 16:48:10.798  3730  7984 D TaskServiceProvider: [TaskServiceProvider][583224127][tid_5897](239)getVlifeTask vlifeTask=n.sh@f1f5f40
12-03 16:48:10.798  3730  7984 I TaskServiceProvider: [TaskServiceProvider][583224127][tid_5897](146)VlifeExecutorService executing n.sh@f1f5f40
12-03 16:48:10.798  3730  7984 I TaskServiceProvider: [TaskServiceProvider][583224127][tid_5897](186)PackageName is com.vlife.ipro.magazine
12-03 16:48:10.798  3730  7984 D TaskServiceProvider: [TaskServiceProvider][583224127][tid_5897](188)TaskServiceProvider task=sh,taskType=ua_time_send
12-03 16:48:10.799  3730  7984 I vt      : [vt][583224128][tid_5897](22)realPackageName:com.android.systemui vlifePackageName:com.vlife.ipro.magazine
12-03 16:48:10.799  3730  7984 I TaskServiceProvider: [TaskServiceProvider][583224128][tid_5897](156)shell product start vlife task
12-03 16:48:10.799  3730  7984 W wd      : [wd][583224128][tid_5897](52)create preferences name:userinfo
12-03 16:48:10.799  3730  7984 I qu      : [qu][583224128][tid_5897](70)executor c:class java.util.concurrent.ThreadPoolExecutor task c:class n.gn$1
12-03 16:48:10.800  3730  7984 D gn      : [gn][583224129][tid_5897](64)packageName = com.vlife.ipro.magazine, className = com.vlife.TService
12-03 16:48:10.800  3730  4099 I TaskServiceProvider: [TaskServiceProvider][583224129][tid_53](533)vlifeTaskOnStartCommand intent=#Intent;action=ua_time_send;package=com.vlife.ipro.magazine;component=com.vlife.ipro.magazine/com.vlife.TService;end
12-03 16:48:10.800  3730  4099 D TaskServiceProvider: [TaskServiceProvider][583224129][tid_53](545)pyramidney:null
12-03 16:48:10.800  3730  7984 D TaskServiceProvider: [TaskServiceProvider][583224129][tid_5897](239)getVlifeTask vlifeTask=n.yy@ae13e79
12-03 16:48:10.800  3730  7984 I TaskServiceProvider: [TaskServiceProvider][583224129][tid_5897](146)VlifeExecutorService executing n.yy@ae13e79
12-03 16:48:10.800  3730  4099 D gm      : [gm][583224129][tid_53](33)TaskSignalQueue-add n.gl@d86a7be
12-03 16:48:10.800  3730  7984 I TaskServiceProvider: [TaskServiceProvider][583224129][tid_5897](186)PackageName is com.vlife.ipro.magazine
12-03 16:48:10.801  3730  7984 D TaskServiceProvider: [TaskServiceProvider][583224129][tid_5897](188)TaskServiceProvider task=yy,taskType=magazine_update
12-03 16:48:10.801  3730  7984 I vt      : [vt][583224130][tid_5897](22)realPackageName:com.android.systemui vlifePackageName:com.vlife.ipro.magazine
12-03 16:48:10.801  3730  7984 I TaskServiceProvider: [TaskServiceProvider][583224130][tid_5897](156)shell product start vlife task
12-03 16:48:10.801  3730  7984 W wd      : [wd][583224130][tid_5897](52)create preferences name:userinfo
12-03 16:48:10.802  3730  7984 I qu      : [qu][583224131][tid_5897](70)executor c:class java.util.concurrent.ThreadPoolExecutor task c:class n.gn$1
12-03 16:48:10.802  3730  3969 I TaskServiceProvider: [TaskServiceProvider][583224131][tid_45](533)vlifeTaskOnStartCommand intent=#Intent;action=magazine_update;package=com.vlife.ipro.magazine;component=com.vlife.ipro.magazine/com.vlife.TService;end
12-03 16:48:10.802  3730  7983 D gn      : [gn][583224131][tid_5896](64)packageName = com.vlife.ipro.magazine, className = com.vlife.TService
12-03 16:48:10.802  3730  7983 I kr      : [kr][583224131][tid_5896](51)[PushTimerReceiver]  PushTimerReceiver running
12-03 16:48:10.802  3730  3969 D TaskServiceProvider: [TaskServiceProvider][583224131][tid_45](545)pyramidney:null
12-03 16:48:10.802  3730  7983 D PushProvider: [PushProvider][583224131][tid_5896](275)notifyShowPush
12-03 16:48:10.802  3730  3969 D gm      : [gm][583224131][tid_45](33)TaskSignalQueue-add n.gl@33b2f6c
12-03 16:48:10.803  3730  7983 I PushProvider: [PushProvider][583224132][tid_5896](209)getPushController pushContentType = window
12-03 16:48:10.803  3730  7983 D PushProvider: [PushProvider][583224132][tid_5896](211)pushController:n.rd@4f969ea
12-03 16:48:10.803  3730  7983 I rd      : [rd][583224132][tid_5896](85)[notifyDataChange]
12-03 16:48:10.803  3730  7983 I PushProvider: [PushProvider][583224132][tid_5896](175)getContentHandler pushContentType = window
12-03 16:48:10.803  3730  7983 W rv      : [rv][583224132][tid_5896](85)db provider query:content://vlife/content
12-03 16:48:10.805  3730  7984 D gn      : [gn][583224131][tid_5897](64)packageName = com.vlife.ipro.magazine, className = com.vlife.TService
12-03 16:48:10.805  3730  7984 D TaskServiceProvider: [TaskServiceProvider][583224134][tid_5897](239)getVlifeTask vlifeTask=n.sf@c0181ca
12-03 16:48:10.806  3730  7984 I TaskServiceProvider: [TaskServiceProvider][583224134][tid_5897](146)VlifeExecutorService executing n.sf@c0181ca
12-03 16:48:10.806  3730  7984 I TaskServiceProvider: [TaskServiceProvider][583224135][tid_5897](186)PackageName is com.vlife.ipro.magazine
12-03 16:48:10.806  3730  8102 D TaskServiceProvider: [TaskServiceProvider][583224135][tid_5905](254)Bundle=Bundle[{triggerType=NET_CHANGE, doTaskWithoutCondition=false}] taskType=magazine_update
12-03 16:48:10.806  3730  7984 D TaskServiceProvider: [TaskServiceProvider][583224135][tid_5897](188)TaskServiceProvider task=sf,taskType=get_push_message
12-03 16:48:10.806  3730  8102 D TaskServiceProvider: [TaskServiceProvider][583224135][tid_5905](258)getVlifeTask vlifeTask=n.yy@e6bff3b
12-03 16:48:10.806  3730  7984 I vt      : [vt][583224135][tid_5897](22)realPackageName:com.android.systemui vlifePackageName:com.vlife.ipro.magazine
12-03 16:48:10.806  3730  4101 I StatisticsProvider: [StatisticsProvider][583224135][tid_54](466)[statistics_test] create packet xml : <item ua_action="net_change" ua_time="1512290890790" ua_event="awaken_timing_task" ua_process="lockscreen" index="3799" />
12-03 16:48:10.806  3730  8102 I TaskServiceProvider: [TaskServiceProvider][583224135][tid_5905](351)[VlifeTaskService]  TaskRunnable  running task : magazine_update ,delay : 0, cycle : 21600000 
12-03 16:48:10.806  3730  7984 I TaskServiceProvider: [TaskServiceProvider][583224135][tid_5897](156)shell product start vlife task
12-03 16:48:10.806  3730  8102 I TaskServiceProvider: [TaskServiceProvider][583224135][tid_5905](377)backstage task system start up timing task ,task type is :magazine_update, awaking type :NET_CHANGE
12-03 16:48:10.807  3730  7984 W wd      : [wd][583224135][tid_5897](52)create preferences name:userinfo
12-03 16:48:10.807  3730  8102 W wd      : [wd][583224136][tid_5905](52)create preferences name:timing_network_preference
12-03 16:48:10.807  3730  8101 D TaskServiceProvider: [TaskServiceProvider][583224135][tid_5904](254)Bundle=Bundle[{triggerType=NET_CHANGE, doTaskWithoutCondition=false}] taskType=ua_time_send
12-03 16:48:10.807  3730  7984 I qu      : [qu][583224136][tid_5897](70)executor c:class java.util.concurrent.ThreadPoolExecutor task c:class n.gn$1
12-03 16:48:10.807  3730  8102 I jv      : [jv][583224136][tid_5905](84)first time ready type:magazine_update
12-03 16:48:10.807  3730  8102 I jv      : [jv][583224136][tid_5905](86)judge timing task whether or not can run,judge task type is :magazine_update
12-03 16:48:10.807  3730  8101 D TaskServiceProvider: [TaskServiceProvider][583224136][tid_5904](258)getVlifeTask vlifeTask=n.sh@e61d658
12-03 16:48:10.807  3730  8102 D yy      : [yy][583224136][tid_5905](73)[magazine_down_content] [canRunnable]
12-03 16:48:10.807  3730  8101 I TaskServiceProvider: [TaskServiceProvider][583224136][tid_5904](351)[VlifeTaskService]  TaskRunnable  running task : ua_time_send ,delay : 0, cycle : 21600000 
12-03 16:48:10.808  3730  8101 I TaskServiceProvider: [TaskServiceProvider][583224137][tid_5904](377)backstage task system start up timing task ,task type is :ua_time_send, awaking type :NET_CHANGE
12-03 16:48:10.808  3730  8102 W wd      : [wd][583224137][tid_5905](52)create preferences name:timing_network_preference
12-03 16:48:10.808  3730  4095 I TaskServiceProvider: [TaskServiceProvider][583224137][tid_51](533)vlifeTaskOnStartCommand intent=#Intent;action=get_push_message;package=com.vlife.ipro.magazine;component=com.vlife.ipro.magazine/com.vlife.TService;end
12-03 16:48:10.808  3730  8101 W wd      : [wd][583224137][tid_5904](52)create preferences name:timing_network_preference
12-03 16:48:10.808  3730  4095 D TaskServiceProvider: [TaskServiceProvider][583224137][tid_51](545)pyramidney:null
12-03 16:48:10.808  3730  8101 I jv      : [jv][583224137][tid_5904](84)first time ready type:ua_time_send
12-03 16:48:10.808  3730  4095 D gm      : [gm][583224137][tid_51](33)TaskSignalQueue-add n.gl@f0743b1
12-03 16:48:10.808  3730  8101 I jv      : [jv][583224137][tid_5904](86)judge timing task whether or not can run,judge task type is :ua_time_send
12-03 16:48:10.809  3730  8101 W wd      : [wd][583224137][tid_5904](52)create preferences name:timing_network_preference
12-03 16:48:10.809  3730  7984 D gn      : [gn][583224138][tid_5897](64)packageName = com.vlife.ipro.magazine, className = com.vlife.TService
12-03 16:48:10.809  3730  8102 I qi      : [qi][583224138][tid_5905](244)currentApn:WIFI
12-03 16:48:10.809  3730  7984 D TaskServiceProvider: [TaskServiceProvider][583224138][tid_5897](239)getVlifeTask vlifeTask=n.ajk@4915417
12-03 16:48:10.809  3730  8102 I qi      : [qi][583224138][tid_5905](213)currentApn:WIFI
12-03 16:48:10.809  3730  7984 I TaskServiceProvider: [TaskServiceProvider][583224138][tid_5897](146)VlifeExecutorService executing n.ajk@4915417
12-03 16:48:10.809  3730  8102 D jx      : [jx][583224138][tid_5905](47)canConnectNetWork result == true
12-03 16:48:10.809  3730  7984 I TaskServiceProvider: [TaskServiceProvider][583224138][tid_5897](186)PackageName is com.vlife.ipro.magazine
12-03 16:48:10.809  3730  8102 D yy      : [yy][583224138][tid_5905](78)[magazine_down_content] [canRunnable] has net true
12-03 16:48:10.810  3730  7984 D TaskServiceProvider: [TaskServiceProvider][583224138][tid_5897](188)TaskServiceProvider task=ajk,taskType=plugin_update
12-03 16:48:10.810  3730  8101 I qi      : [qi][583224138][tid_5904](244)currentApn:WIFI
12-03 16:48:10.810  3730  8102 D jv      : [jv][583224139][tid_5905](116)canRun task=magazine_update, result=25265457, frequency=21600000
12-03 16:48:10.810  3730  7984 I vt      : [vt][583224139][tid_5897](22)realPackageName:com.android.systemui vlifePackageName:com.vlife.ipro.magazine
12-03 16:48:10.810  3730  8101 I qi      : [qi][583224139][tid_5904](213)currentApn:WIFI
12-03 16:48:10.810  3730  8102 D jv      : [jv][583224139][tid_5905](89)Judgment result can run , task type is magazine_update , triggerType is :NET_CHANGE
12-03 16:48:10.810  3730  7984 I TaskServiceProvider: [TaskServiceProvider][583224139][tid_5897](156)shell product start vlife task
12-03 16:48:10.810  3730  8101 D jx      : [jx][583224139][tid_5904](47)canConnectNetWork result == true
12-03 16:48:10.810  3730  8102 I wd      : [wd][583224139][tid_5905](129)preference name:timing_network_preference putLongAndCommit key:timer_last_time_magazine_update,value:1512290890810
12-03 16:48:10.811  3730  7984 W wd      : [wd][583224139][tid_5897](52)create preferences name:userinfo
12-03 16:48:10.811  3730  8101 I qi      : [qi][583224140][tid_5904](244)currentApn:WIFI
12-03 16:48:10.811  3730  8101 I jv      : [jv][583224140][tid_5904](55)[TimingNetworkTask] NetStatus.APN_WIFI,return true 
12-03 16:48:10.811  3730  7984 I qu      : [qu][583224140][tid_5897](70)executor c:class java.util.concurrent.ThreadPoolExecutor task c:class n.gn$1
12-03 16:48:10.813  3730  4099 I TaskServiceProvider: [TaskServiceProvider][583224142][tid_53](533)vlifeTaskOnStartCommand intent=#Intent;action=plugin_update;package=com.vlife.ipro.magazine;component=com.vlife.ipro.magazine/com.vlife.TService;end
12-03 16:48:10.815  3730  8101 D jv      : [jv][583224144][tid_5904](116)canRun task=ua_time_send, result=25270750, frequency=21600000
12-03 16:48:10.815  3730  7983 I fx      : [fx][583224143][tid_5896](86)getAllDisabled window 0
12-03 16:48:10.815  3730  8101 D jv      : [jv][583224144][tid_5904](89)Judgment result can run , task type is ua_time_send , triggerType is :NET_CHANGE
12-03 16:48:10.815  3730  8101 I wd      : [wd][583224144][tid_5904](129)preference name:timing_network_preference putLongAndCommit key:timer_last_time_ua_time_send,value:1512290890815
12-03 16:48:10.815  3730  7983 I rd      : [rd][583224144][tid_5896](98)[WindowController] notifyDataChange() diabledWindowDataList = []
12-03 16:48:10.816  3730  8103 D TaskServiceProvider: [TaskServiceProvider][583224145][tid_5906](254)Bundle=Bundle[{triggerType=NET_CHANGE, doTaskWithoutCondition=false}] taskType=get_push_message
12-03 16:48:10.816  3730  8103 D TaskServiceProvider: [TaskServiceProvider][583224145][tid_5906](258)getVlifeTask vlifeTask=n.sf@a4a0004
12-03 16:48:10.816  3730  8103 I TaskServiceProvider: [TaskServiceProvider][583224145][tid_5906](351)[VlifeTaskService]  TaskRunnable  running task : get_push_message ,delay : 0, cycle : 21600000 
12-03 16:48:10.816  3730  4099 D TaskServiceProvider: [TaskServiceProvider][583224145][tid_53](545)pyramidney:null
12-03 16:48:10.816  3730  8103 I TaskServiceProvider: [TaskServiceProvider][583224145][tid_5906](377)backstage task system start up timing task ,task type is :get_push_message, awaking type :NET_CHANGE
12-03 16:48:10.816  3730  4099 D gm      : [gm][583224145][tid_53](33)TaskSignalQueue-add n.gl@49b69ed
12-03 16:48:10.817  3730  8103 W wd      : [wd][583224146][tid_5906](52)create preferences name:timing_network_preference
12-03 16:48:10.817  3730  7983 W wd      : [wd][583224146][tid_5896](52)create preferences name:push_message
12-03 16:48:10.817  3730  8103 I jv      : [jv][583224146][tid_5906](84)first time ready type:get_push_message
12-03 16:48:10.817  3730  8103 I jv      : [jv][583224146][tid_5906](86)judge timing task whether or not can run,judge task type is :get_push_message
12-03 16:48:10.817  3730  8103 W wd      : [wd][583224146][tid_5906](52)create preferences name:timing_network_preference
12-03 16:48:10.818  3730  8103 I qi      : [qi][583224147][tid_5906](244)currentApn:WIFI
12-03 16:48:10.819  3730  7984 D gn      : [gn][583224146][tid_5897](64)packageName = com.vlife.ipro.magazine, className = com.vlife.TService
12-03 16:48:10.820  3730  8103 I qi      : [qi][583224148][tid_5906](213)currentApn:WIFI
12-03 16:48:10.820  3730  8103 D jx      : [jx][583224149][tid_5906](47)canConnectNetWork result == true
12-03 16:48:10.821  3730  7984 W gk      : [gk][583224148][tid_5897](58)taskType upload_user_setting is error
12-03 16:48:10.821  3730  7983 I fy      : [fy][583224150][tid_5896](72)[downloadAll] isDownloading:false
12-03 16:48:10.821  3730  7984 W gk      : [gk][583224150][tid_5897](58)taskType download_file_delete is error
12-03 16:48:10.821  3730  7983 I PushProvider: [PushProvider][583224150][tid_5896](175)getContentHandler pushContentType = window
12-03 16:48:10.821  3730  7984 I TaskServiceProvider: [TaskServiceProvider][583224150][tid_5897](379)[VlifeTaskService]  end  task : OperatingStartTask
12-03 16:48:10.821  3730  7984 D gm      : [gm][583224150][tid_5897](48)TaskSignalQueue-remove n.gl@f399672
12-03 16:48:10.821  3730  7983 W rv      : [rv][583224150][tid_5896](85)db provider query:content://vlife/content
12-03 16:48:10.822  3730  8103 I qi      : [qi][583224151][tid_5906](244)currentApn:WIFI
12-03 16:48:10.822  3730  8103 I jv      : [jv][583224151][tid_5906](55)[TimingNetworkTask] NetStatus.APN_WIFI,return true 
12-03 16:48:10.822  3730  8103 D jv      : [jv][583224151][tid_5906](116)canRun task=get_push_message, result=25202247, frequency=21600000
12-03 16:48:10.823  3730  8103 D jv      : [jv][583224152][tid_5906](89)Judgment result can run , task type is get_push_message , triggerType is :NET_CHANGE
12-03 16:48:10.823  3730  8103 I wd      : [wd][583224152][tid_5906](129)preference name:timing_network_preference putLongAndCommit key:timer_last_time_get_push_message,value:1512290890823
12-03 16:48:10.825  3730  7983 I PushProvider: [PushProvider][583224154][tid_5896](209)getPushController pushContentType = wallpaper_recommended
12-03 16:48:10.825  3730  7983 D PushProvider: [PushProvider][583224154][tid_5896](211)pushController:null
12-03 16:48:10.825  3730  7983 I PushProvider: [PushProvider][583224154][tid_5896](209)getPushController pushContentType = flash_content
12-03 16:48:10.826  3730  7983 D PushProvider: [PushProvider][583224155][tid_5896](211)pushController:null
12-03 16:48:10.826  3730  7983 I TaskServiceProvider: [TaskServiceProvider][583224155][tid_5896](379)[VlifeTaskService]  end  task : NetChangeReceiverTask
12-03 16:48:10.826  3730  7983 D gm      : [gm][583224155][tid_5896](48)TaskSignalQueue-remove n.gl@89cc841
12-03 16:48:10.826  3730  8102 W wd      : [wd][583224155][tid_5905](134)timing_network_preference putLong timer_last_time_magazine_update
12-03 16:48:10.827  3730  8102 I vt      : [vt][583224155][tid_5905](22)realPackageName:com.android.systemui vlifePackageName:com.vlife.ipro.magazine
12-03 16:48:10.827  3730  8102 I vt      : [vt][583224156][tid_5905](22)realPackageName:com.android.systemui vlifePackageName:com.vlife.ipro.magazine
12-03 16:48:10.827  3730  8102 I ApplicationStatus: [ApplicationStatus][583224156][tid_5905](362)isSameProcessType main_page lockscreen true
12-03 16:48:10.827  3730  8102 I ApplicationStatus: [ApplicationStatus][583224156][tid_5905](367)isSameProcessType main_page lockscreen false
12-03 16:48:10.828  3730  8102 D yy      : [yy][583224156][tid_5905](43)[magazine_down_content] [doRun] task run in [lock:true] vendor
12-03 16:48:10.828  3730  8102 D yy      : [yy][583224157][tid_5905](45)[magazine_down_content] [doRun] start vendor
12-03 16:48:10.828  3730  8102 I ym      : [ym][583224157][tid_5905](101)[magazine_down_content] [updateMagazineSource] auto update magazine source
12-03 16:48:10.829  3730  8104 D TaskServiceProvider: [TaskServiceProvider][583224158][tid_5907](254)Bundle=Bundle[{triggerType=NET_CHANGE, doTaskWithoutCondition=false}] taskType=plugin_update
12-03 16:48:10.829  3730  8104 D TaskServiceProvider: [TaskServiceProvider][583224158][tid_5907](258)getVlifeTask vlifeTask=n.ajk@74d1ab3
12-03 16:48:10.829  3730  8104 I TaskServiceProvider: [TaskServiceProvider][583224158][tid_5907](351)[VlifeTaskService]  TaskRunnable  running task : plugin_update ,delay : 0, cycle : 21600000 
12-03 16:48:10.829  3730  8102 I qi      : [qi][583224158][tid_5905](244)currentApn:WIFI
12-03 16:48:10.830  3730  8104 I TaskServiceProvider: [TaskServiceProvider][583224159][tid_5907](377)backstage task system start up timing task ,task type is :plugin_update, awaking type :NET_CHANGE
12-03 16:48:10.830  3730  8102 I qi      : [qi][583224159][tid_5905](213)currentApn:WIFI
12-03 16:48:10.830  3730  8104 W wd      : [wd][583224159][tid_5907](52)create preferences name:timing_network_preference
12-03 16:48:10.830  3730  8104 I jv      : [jv][583224159][tid_5907](84)first time ready type:plugin_update
12-03 16:48:10.830  3730  8102 D wd      : [wd][583224159][tid_5905](54)create preferences name:magazine
12-03 16:48:10.830  3730  8104 I jv      : [jv][583224159][tid_5907](86)judge timing task whether or not can run,judge task type is :plugin_update
12-03 16:48:10.830  3730  8102 D wd      : [wd][583224159][tid_5905](54)create preferences name:magazine_update
12-03 16:48:10.830  3730  8104 W wd      : [wd][583224159][tid_5907](52)create preferences name:timing_network_preference
12-03 16:48:10.832  3730  8104 I qi      : [qi][583224161][tid_5907](244)currentApn:WIFI
12-03 16:48:10.832  3730  8104 I qi      : [qi][583224161][tid_5907](213)currentApn:WIFI
12-03 16:48:10.832  3730  8102 D aam     : [aam][583224161][tid_5905](22)[magazine_down_content] [updateMagazineSource] [should_update_reset] [get] shouldReset:false
12-03 16:48:10.833  3730  8104 D jx      : [jx][583224161][tid_5907](47)canConnectNetWork result == true
12-03 16:48:10.833  3730  8102 D ym      : [ym][583224162][tid_5905](115)[should_update_reset] [magazine_down_content] [updateMagazineSource] isShouldReset:false
12-03 16:48:10.833  3730  8102 I wd      : [wd][583224162][tid_5905](79)preference name:magazine getString key:source_server_time,value:1,1476438632595;2,1453872782737;3,1466748394018;4,1500962618438;5,1496825238327;6,1493001602904;7,1493001544187;8,1496973993623;9,1453802579558;10,1453867910082;11,1453878061301;12,1484814664171;13,1496975952060;
12-03 16:48:10.833  3730  8102 I ServerProvider: [ServerProvider][583224162][tid_5905](123)toQuery n.li@3691870
12-03 16:48:10.834  3730  8102 W wd      : [wd][583224163][tid_5905](52)create preferences name:userinfo
12-03 16:48:10.834  3730  8104 I qi      : [qi][583224163][tid_5907](244)currentApn:WIFI
12-03 16:48:10.834  3730  8104 I jv      : [jv][583224163][tid_5907](55)[TimingNetworkTask] NetStatus.APN_WIFI,return true 
12-03 16:48:10.834  3730  8104 D jv      : [jv][583224163][tid_5907](116)canRun task=plugin_update, result=25210539, frequency=21600000
12-03 16:48:10.834  3730  8104 D jv      : [jv][583224163][tid_5907](89)Judgment result can run , task type is plugin_update , triggerType is :NET_CHANGE
12-03 16:48:10.835  3730  8104 I wd      : [wd][583224163][tid_5907](129)preference name:timing_network_preference putLongAndCommit key:timer_last_time_plugin_update,value:1512290890834
12-03 16:48:10.835  3730  8101 W wd      : [wd][583224164][tid_5904](134)timing_network_preference putLong timer_last_time_ua_time_send
12-03 16:48:10.835  3730  8101 I sh      : [sh][583224164][tid_5904](23)UaTimerSendTask running
12-03 16:48:10.836  3730  8101 I qi      : [qi][583224165][tid_5904](244)currentApn:WIFI
12-03 16:48:10.836  3730  8101 I sh      : [sh][583224165][tid_5904](30)send all ua. under wifi 
12-03 16:48:10.837  3730  8101 D StatisticsProvider: [StatisticsProvider][583224166][tid_5904](244)[statistics_test] 
12-03 16:48:10.837  3730  8101 W StatisticsProvider: [StatisticsProvider][583224166][tid_5904](247)[statistics_test] find ua file:/data/user_de/0/com.android.systemui/files/ua/no_ua_6.131.9.mui.dat.0
12-03 16:48:10.837  3730  8102 D uq      : [uq][583224166][tid_5905](241)getIProtocolHandler  SubDomain : magazine , Xmlns: jabber:iq:magazine, Method : simple:magazine:source:type:list ,isSimple : true ,handler :n.uj@fd1b7e9
12-03 16:48:10.837  3730  8101 W StatisticsProvider: [StatisticsProvider][583224166][tid_5904](254)[statistics_test] not temp file:/data/user_de/0/com.android.systemui/files/ua/no_ua_6.131.9.mui.dat.0
12-03 16:48:10.838  3730  8102 I uq      : [uq][583224167][tid_5905](158)id:3642d9d42efa3a6
12-03 16:48:10.838  3730  8101 W StatisticsProvider: [StatisticsProvider][583224167][tid_5904](256)[statistics_test] not temp tmpFile:/data/user_de/0/com.android.systemui/files/ua/no_ua_6.131.9.mui.dat.01559.tmp
12-03 16:48:10.838  3730  8101 W StatisticsProvider: [StatisticsProvider][583224167][tid_5904](258)[statistics_test] not temp tmpFile:/data/user_de/0/com.android.systemui/files/ua/no_ua_6.131.9.mui.dat.01559.tmp======================>rename
12-03 16:48:10.838  3730  8102 I uq      : [uq][583224167][tid_5905](160)[NewHttpService] blockSend id = 3642d9d42efa3a6,step1 = 0
12-03 16:48:10.838  3730  8101 I StatisticsProvider: [StatisticsProvider][583224167][tid_5904](174)[statistics_test] send ua file:/data/user_de/0/com.android.systemui/files/ua/no_ua_6.131.9.mui.dat.01559.tmp
12-03 16:48:10.838  3730  8101 D StatisticsProvider: [StatisticsProvider][583224167][tid_5904](224)[statistics_test] loadData filePath=/data/user_de/0/com.android.systemui/files/ua/no_ua_6.131.9.mui.dat.01559.tmp
12-03 16:48:10.839  3730  8102 I uq      : [uq][583224167][tid_5905](164)[NewHttpService] blockSend id = 3642d9d42efa3a6,step2 = 0
12-03 16:48:10.839  3730  8102 I uq      : [uq][583224168][tid_5905](139)this:n.uq@1bd2f61  sender:n.uo@802ea86
12-03 16:48:10.839  3730  8101 D oz      : [oz][583224168][tid_5904](87)[readBytesFile][len=1559]
12-03 16:48:10.839  3730  8101 W oz      : [oz][583224168][tid_5904](91)read file:/data/user_de/0/com.android.systemui/files/ua/no_ua_6.131.9.mui.dat.01559.tmp length:1559
12-03 16:48:10.839  3730  8102 D ur      : [ur][583224168][tid_5905](44)push a handler : uj
12-03 16:48:10.840  3730  8101 I StatisticsProvider: [StatisticsProvider][583224168][tid_5904](176)[statistics_test] [send_data_statistics_test] [original data:<userid>10433077265316</userid><unique>5d8c1058ba47b5967617c90a64a661d8</unique><ua_version>21</ua_version><time>1512265688593</time><channel>998</channel><soft_version>6.131</soft_version><micro_version>9</micro_version><system_version>7.0</system_version><platform>android</platform><imei>355455061338346</imei><plugin_version>140</plugin_version><device>shamu</device><model>AOSP on Shamu</model><pid>3730</pid><host>com.android.systemui</host><network_type>13</network_type><timezone>Asia/Shanghai</timezone><language>zh_CN</language><package>com.vlife.ipro.magazine</package><paper_id>465</paper_id><product>android-ipro-magazine</product><current_wallpaper_id>465</current_wallpaper_id><isWallPaperShowValid>false</isWallPaperShowValid><isLockSreenValid>false</isLockSreenValid><item ua_event="request_push" ua_time="1512265688589" ua_process="lockscreen" index="3796" /><item ua_action="flash_content" ua_event="request_result" ua_time="1512265688787" ua_process="lockscreen" index="3797" /><item tag="TaskServiceProvider" message="[TaskServiceProvider][583209620][tid_118](471)restartTimerTask allTastMap is error, taskName=upload_user_setting" name="unknown" count="74" error="[TaskServiceProvider][583209620][tid_118](471)restartTimerTask allTastMap is error, taskName=upload_user_setting" author="songwenjun" ua_event="dev_thread_throwable" dev_version="6.131.9" ua_time="1512265688823" ua_process="lockscreen" index="3798" /><item ua_action="net_change" ua_time="1512290890790" ua_event="awaken_timing_task" ua_process="lockscreen" index="3799" />]
12-03 16:48:10.840  3730  8101 W StatisticsProvider: [StatisticsProvider][583224169][tid_5904](179)[statistics_test] [send_data_statistics_test] [contain] [original data:<userid>10433077265316</userid><unique>5d8c1058ba47b5967617c90a64a661d8</unique><ua_version>21</ua_version><time>1512265688593</time><channel>998</channel><soft_version>6.131</soft_version><micro_version>9</micro_version><system_version>7.0</system_version><platform>android</platform><imei>355455061338346</imei><plugin_version>140</plugin_version><device>shamu</device><model>AOSP on Shamu</model><pid>3730</pid><host>com.android.systemui</host><network_type>13</network_type><timezone>Asia/Shanghai</timezone><language>zh_CN</language><package>com.vlife.ipro.magazine</package><paper_id>465</paper_id><product>android-ipro-magazine</product><current_wallpaper_id>465</current_wallpaper_id><isWallPaperShowValid>false</isWallPaperShowValid><isLockSreenValid>false</isLockSreenValid><item ua_event="request_push" ua_time="1512265688589" ua_process="lockscreen" index="3796" /><item ua_action="flash_content" ua_event="request_result" ua_time="1512265688787" ua_process="lockscreen" index="3797" /><item tag="TaskServiceProvider" message="[TaskServiceProvider][583209620][tid_118](471)restartTimerTask allTastMap is error, taskName=upload_user_setting" name="unknown" count="74" error="[TaskServiceProvider][583209620][tid_118](471)restartTimerTask allTastMap is error, taskName=upload_user_setting" author="songwenjun" ua_event="dev_thread_throwable" dev_version="6.131.9" ua_time="1512265688823" ua_process="lockscreen" index="3798" /><item ua_action="net_change" ua_time="1512290890790" ua_event="awaken_timing_task" ua_process="lockscreen" index="3799" />]
12-03 16:48:10.840  3730  8101 I StatisticsProvider: [StatisticsProvider][583224169][tid_5904](185)[statistics_test] [send_data_statistics_test] [final data:<userid>10433077265316</userid><unique>5d8c1058ba47b5967617c90a64a661d8</unique><ua_version>21</ua_version><time>1512265688593</time><channel>998</channel><soft_version>6.131</soft_version><micro_version>9</micro_version><system_version>7.0</system_version><platform>android</platform><imei>355455061338346</imei><plugin_version>140</plugin_version><device>shamu</device><model>AOSP on Shamu</model><pid>3730</pid><host>com.android.systemui</host><network_type>13</network_type><timezone>Asia/Shanghai</timezone><language>zh_CN</language><package>com.vlife.ipro.magazine</package><paper_id>465</paper_id><product>android-ipro-magazine</product><current_wallpaper_id>465</current_wallpaper_id><isWallPaperShowValid>false</isWallPaperShowValid><isLockSreenValid>false</isLockSreenValid><item ua_event="request_push" ua_time="1512265688589" ua_process="lockscreen" index="3796" /><item ua_action="flash_content" ua_event="request_result" ua_time="1512265688787" ua_process="lockscreen" index="3797" /><item tag="TaskServiceProvider" message="[TaskServiceProvider][583209620][tid_118](471)restartTimerTask allTastMap is error, taskName=upload_user_setting" name="unknown" count="74" error="[TaskServiceProvider][583209620][tid_118](471)restartTimerTask allTastMap is error, taskName=upload_user_setting" author="songwenjun" ua_event="dev_thread_throwable" dev_version="6.131.9" ua_time="1512265688823" ua_process="lockscreen" index="3798" /><item ua_action="net_change" ua_time="1512290890790" ua_event="awaken_timing_task" ua_process="lockscreen" index="3799" />]
12-03 16:48:10.840  3730  4459 I un      : [un][583224169][tid_102](46)http send list:[n.uj@fd1b7e9]
12-03 16:48:10.840  3730  8101 W wd      : [wd][583224169][tid_5904](52)create preferences name:userinfo
12-03 16:48:10.841  3730  4459 I ue      : [ue][583224170][tid_102](75)create segment class n.uj use time:198us
12-03 16:48:10.841  3730  8101 I wd      : [wd][583224170][tid_5904](79)preference name:userinfo getString key:uid,value:10433077265316
12-03 16:48:10.841  3730  4459 I uu      : [uu][583224170][tid_102](28)getRidAndIncrement :12
12-03 16:48:10.841  3730  8101 I lj      : [lj][583224170][tid_5904](64)send content :<iq to="interactive.handpet.com" id="3642d9d42efa3a7" type="set"><query xmlns="jabber:iq:interactive"><method name="upload:analysis"><userid>10433077265316</userid><unique>5d8c1058ba47b5967617c90a64a661d8</unique><ua_version>21</ua_version><time>1512265688593</time><channel>998</channel><soft_version>6.131</soft_version><micro_version>9</micro_version><system_version>7.0</system_version><platform>android</platform><imei>355455061338346</imei><plugin_version>140</plugin_version><device>shamu</device><model>AOSP on Shamu</model><pid>3730</pid><host>com.android.systemui</host><network_type>13</network_type><timezone>Asia/Shanghai</timezone><language>zh_CN</language><package>com.vlife.ipro.magazine</package><paper_id>465</paper_id><product>android-ipro-magazine</product><current_wallpaper_id>465</current_wallpaper_id><isWallPaperShowValid>false</isWallPaperShowValid><isLockSreenValid>false</isLockSreenValid><item ua_event="request_push" ua_time="1512265688589" ua_process="lockscreen" index="3796" /><item ua_action="flash_content" ua_event="request_result" ua_time="1512265688787" ua_process="lockscreen" index="3797" /><item tag="TaskServiceProvider" message="[TaskServiceProvider][583209620][tid_118](471)restartTimerTask allTastMap is error, taskName=upload_user_setting" name="unknown" count="74" error="[TaskServiceProvider][583209620][tid_118](471)restartTimerTask allTastMap is error, taskName=upload_user_setting" author="songwenjun" ua_event="dev_thread_throwable" dev_version="6.131.9" ua_time="1512265688823" ua_process="lockscreen" index="3798" /><item ua_action="net_change" ua_time="1512290890790" ua_event="awaken_timing_task" ua_process="lockscreen" index="3799" /></method></query></iq>
12-03 16:48:10.841  3730  4459 I um      : [um][583224170][tid_102](112)Request url : http://115.28.84.237/a/1/?p=a&v=5&c=g&st=b29a13374853e6552135a6436e5ed0be&sv=6.131&az=android-ipro-magazine&id=10433077265316&sid=7f549c03100042a6@a1.stage.vlife.com
12-03 16:48:10.841  3730  8101 W wd      : [wd][583224170][tid_5904](52)create preferences name:userinfo
12-03 16:48:10.842  3730  8101 I uf      : [uf][583224171][tid_5904](62)get address type:stat
12-03 16:48:10.842  3730  4459 I um      : [um][583224171][tid_102](121)Request content : <body rid="12" count="1" wait="2" sid="7f549c03100042a6@a1.stage.vlife.com"><iq to="magazine.stage.vlife.com" id="3642d9d42efa3a6" type="get"><query xmlns="jabber:iq:magazine"><method name="simple:magazine:source:type:list"><beans xmlns="http://www.handpet.com/config/beans" version="1.0"><bean name="simple_magazine_source_type_list_protocol"><property name="st" value="1,1476438632595;2,1453872782737;3,1466748394018;4,1500962618438;5,1496825238327;6,1493001602904;7,1493001544187;8,1496973993623;9,1453802579558;10,1453867910082;11,1453878061301;12,1484814664171;13,1496975952060;"/></bean></beans></method></query></iq></body>
12-03 16:48:10.842  3730  4459 D um      : [um][583224171][tid_102](127)[HttpCoreOperatorS] userAgent:Mozilla/5.0 (Linux; U; Android 7.0; zh-cn; AOSP on Shamu Build/NBD90Z) AppleWebKit/534.30 (KHTML, like Gecko) Version/4.0 Mobile Safari/534.30
12-03 16:48:10.842  3730  4459 D um      : [um][583224171][tid_102](131)httpPost. httpClient = n.kh@d9c633d
12-03 16:48:10.843  3730  4459 I kg      : [kg][583224171][tid_102](318)doExecute request=org.apache.http.client.methods.HttpPost@98a7c6e
12-03 16:48:10.843  3730  8101 I qi      : [qi][583224172][tid_5904](244)currentApn:WIFI
12-03 16:48:10.843  3730  8101 I qi      : [qi][583224172][tid_5904](213)currentApn:WIFI
12-03 16:48:10.843  3730  8101 I qu      : [qu][583224172][tid_5904](70)executor c:class java.util.concurrent.ThreadPoolExecutor task c:class n.uf
12-03 16:48:10.843  3730  8103 W wd      : [wd][583224172][tid_5906](134)timing_network_preference putLong timer_last_time_get_push_message
12-03 16:48:10.843  3730  8103 I sf      : [sf][583224172][tid_5906](42)GetPushMessageTask starting
12-03 16:48:10.843  3730  8101 I uf      : [uf][583224172][tid_5904](87)getAddress(...) type:stat address:http://115.28.84.237/a/1/stat/
12-03 16:48:10.844  3730  8103 I sf      : [sf][583224173][tid_5906](44)[PushProvider] getPushMessageFromRemote
12-03 16:48:10.844  3730  8101 W lj      : [lj][583224173][tid_5904](68)check ok
12-03 16:48:10.844  3730  8101 I lj      : [lj][583224173][tid_5904](93)[statistics] request url :http://115.28.84.237/a/1/stat/?v=2&c=g&st=b29a13374853e6552135a6436e5ed0be&uid=10433077265316
12-03 16:48:10.844  3730  3969 I uf      : [uf][583224173][tid_45](101)addressBean = n.va@61f4b9c
