12-03 16:50:03.269  3730 26354 D yy      : [yy][583336597][tid_1042](78)[magazine_down_content] [canRunnable] has net true
12-03 16:50:03.269  3730 26353 I jv      : [jv][583336598][tid_1040](95)TimingNetworkTimerServerTask end , task : ua_time_send 
12-03 16:50:03.269  3730 26356 I qi      : [qi][583336598][tid_1044](213)currentApn:WIFI
12-03 16:50:03.270  3730 26356 D jx      : [jx][583336598][tid_1044](47)canConnectNetWork result == true
12-03 16:50:03.271  3730 26357 I qi      : [qi][583336600][tid_1045](244)currentApn:WIFI
12-03 16:50:03.271  3730 26354 D jv      : [jv][583336599][tid_1042](116)canRun task=magazine_update, result=112459, frequency=17280000
12-03 16:50:03.272  3730 26357 I qi      : [qi][583336600][tid_1045](213)currentApn:WIFI
12-03 16:50:03.272  3730 26354 D jv      : [jv][583336600][tid_1042](120)Judgment result can not run , reason :Minimum time interval is not satisfied, task type is magazine_update
12-03 16:50:03.272  3730 26356 I qi      : [qi][583336601][tid_1044](244)currentApn:WIFI
12-03 16:50:03.272  3730 26357 D jx      : [jx][583336601][tid_1045](47)canConnectNetWork result == true
12-03 16:50:03.272  3730 26354 W jv      : [jv][583336601][tid_1042](93)task : magazine_update can't run!
12-03 16:50:03.272  3730 26356 I jv      : [jv][583336601][tid_1044](55)[TimingNetworkTask] NetStatus.APN_WIFI,return true 
12-03 16:50:03.272  3730 26354 I jv      : [jv][583336601][tid_1042](95)TimingNetworkTimerServerTask end , task : magazine_update 
12-03 16:50:03.272  3730 26356 D jv      : [jv][583336601][tid_1044](116)canRun task=get_push_message, result=112449, frequency=17280000
12-03 16:50:03.272  3730 26356 D jv      : [jv][583336601][tid_1044](120)Judgment result can not run , reason :Minimum time interval is not satisfied, task type is get_push_message
12-03 16:50:03.273  3730 26356 W jv      : [jv][583336602][tid_1044](93)task : get_push_message can't run!
12-03 16:50:03.273  3730 26357 I qi      : [qi][583336602][tid_1045](244)currentApn:WIFI
12-03 16:50:03.273  3730 26356 I jv      : [jv][583336602][tid_1044](95)TimingNetworkTimerServerTask end , task : get_push_message 
12-03 16:50:03.273  3730 26357 I jv      : [jv][583336602][tid_1045](55)[TimingNetworkTask] NetStatus.APN_WIFI,return true 
12-03 16:50:03.273  3730 26357 D jv      : [jv][583336602][tid_1045](116)canRun task=plugin_update, result=112439, frequency=17280000
12-03 16:50:03.274  3730 26357 D jv      : [jv][583336603][tid_1045](120)Judgment result can not run , reason :Minimum time interval is not satisfied, task type is plugin_update
12-03 16:50:03.274  3730 26357 W jv      : [jv][583336603][tid_1045](93)task : plugin_update can't run!
12-03 16:50:03.274  3730 26357 I jv      : [jv][583336603][tid_1045](95)TimingNetworkTimerServerTask end , task : plugin_update 
12-03 16:50:04.691  3730  4459 I un      : [un][583338020][tid_102](46)http send list:[]
12-03 16:50:04.692  3730  4459 I uu      : [uu][583338021][tid_102](28)getRidAndIncrement :19
12-03 16:50:04.693  3730  4459 I um      : [um][583338022][tid_102](112)Request url : http://115.28.84.237/a/1/?p=a&v=5&c=g&st=b29a13374853e6552135a6436e5ed0be&sv=6.131&az=android-ipro-magazine&id=10433077265316&sid=7f549c03100042a6@a1.stage.vlife.com
12-03 16:50:04.702  3730  4459 I um      : [um][583338030][tid_102](121)Request content : <body rid="19" count="0" wait="2" sid="7f549c03100042a6@a1.stage.vlife.com"></body>
12-03 16:50:04.703  3730  4459 D um      : [um][583338032][tid_102](127)[HttpCoreOperatorS] userAgent:Mozilla/5.0 (Linux; U; Android 7.0; zh-cn; AOSP on Shamu Build/NBD90Z) AppleWebKit/534.30 (KHTML, like Gecko) Version/4.0 Mobile Safari/534.30
12-03 16:50:04.704  3730  4459 D um      : [um][583338033][tid_102](131)httpPost. httpClient = n.kh@d9c633d
12-03 16:50:04.705  3730  4459 I kg      : [kg][583338034][tid_102](318)doExecute request=org.apache.http.client.methods.HttpPost@9f97cd4
12-03 16:50:06.828  3730  4459 I kg      : [kg][583340156][tid_102](320)response = org.apache.http.message.BasicHttpResponse@33aee7d
12-03 16:50:06.829  3730  4459 D kg      : [kg][583340157][tid_102](322)uri = http://115.28.84.237/a/1/?p=a&v=5&c=g&st=b29a13374853e6552135a6436e5ed0be&sv=6.131&az=android-ipro-magazine&id=10433077265316&sid=7f549c03100042a6@a1.stage.vlife.com
12-03 16:50:06.830  3730  4459 D kg      : [kg][583340158][tid_102](325)header name = platform, value = android
12-03 16:50:06.832  3730  4459 D kg      : [kg][583340160][tid_102](325)header name = User-Agent, value = Mozilla/5.0 (Linux; U; Android 7.0; zh-cn; AOSP on Shamu Build/NBD90Z) AppleWebKit/534.30 (KHTML, like Gecko) Version/4.0 Mobile Safari/534.30
12-03 16:50:06.832  3730  4459 I kg      : [kg][583340161][tid_102](378)doGetAllHeaders
12-03 16:50:06.833  3730  4459 I kg      : [kg][583340162][tid_102](336)doGetStatusCode
12-03 16:50:06.834  3730  4459 I um      : [um][583340163][tid_102](137)response code:206
12-03 16:50:06.835  3730  4459 I kg      : [kg][583340164][tid_102](352)doGetEntityByteArray
12-03 16:50:06.837  3730  4459 I ug      : [ug][583340165][tid_102](47)inflate length:66
12-03 16:50:06.840  3730  4459 I um      : [um][583340167][tid_102](174)response CONTENT <body xmlns="http://jabber.org/protocol/httpbind" rid="19"></body>
12-03 16:50:06.842  3730  4459 I un      : [un][583340171][tid_102](58)http send type:OK
12-03 16:50:06.843  3730  4459 I un      : [un][583340172][tid_102](43)http send thread run
12-03 16:50:06.845  3730  4459 D ur      : [ur][583340173][tid_102](72)waiting list Condition signal heartIndex:5 waitTime:0
12-03 16:50:52.132  3730 23939 D gn      : [gn][583385460][tid_5118](104)task run
12-03 16:50:52.133  3730 23939 W wd      : [wd][583385461][tid_5118](52)create preferences name:timing_network_preference
12-03 16:50:52.135  3730 23940 D gn      : [gn][583385463][tid_5120](104)task run
12-03 16:50:52.136  3730 23940 W wd      : [wd][583385464][tid_5120](52)create preferences name:timing_network_preference
12-03 16:50:52.138  3730 23939 I jv      : [jv][583385467][tid_5118](84)first time ready type:magazine_update
12-03 16:50:52.139  3730 23939 I jv      : [jv][583385468][tid_5118](86)judge timing task whether or not can run,judge task type is :magazine_update
12-03 16:50:52.140  3730 23939 D yy      : [yy][583385469][tid_5118](73)[magazine_down_content] [canRunnable]
12-03 16:50:52.141  3730 23941 D gn      : [gn][583385469][tid_5119](104)task run
12-03 16:50:52.141  3730 23939 W wd      : [wd][583385470][tid_5118](52)create preferences name:timing_network_preference
12-03 16:50:52.142  3730 23941 W wd      : [wd][583385470][tid_5119](52)create preferences name:timing_network_preference
12-03 16:50:52.144  3730 23941 I jv      : [jv][583385472][tid_5119](84)first time ready type:ua_time_send
12-03 16:50:52.146  3730 23941 I jv      : [jv][583385474][tid_5119](86)judge timing task whether or not can run,judge task type is :ua_time_send
12-03 16:50:52.147  3730 23939 I qi      : [qi][583385475][tid_5118](244)currentApn:WIFI
12-03 16:50:52.148  3730 23941 W wd      : [wd][583385476][tid_5119](52)create preferences name:timing_network_preference
12-03 16:50:52.148  3730 23940 I jv      : [jv][583385468][tid_5120](84)first time ready type:plugin_update
12-03 16:50:52.148  3730 23939 I qi      : [qi][583385477][tid_5118](213)currentApn:WIFI
12-03 16:50:52.149  3730 23939 D jx      : [jx][583385478][tid_5118](47)canConnectNetWork result == true
12-03 16:50:52.149  3730 23940 I jv      : [jv][583385478][tid_5120](86)judge timing task whether or not can run,judge task type is :plugin_update
12-03 16:50:52.150  3730 23939 D yy      : [yy][583385479][tid_5118](78)[magazine_down_content] [canRunnable] has net true
12-03 16:50:52.151  3730 23940 W wd      : [wd][583385479][tid_5120](52)create preferences name:timing_network_preference
12-03 16:50:52.151  3730 23939 D jv      : [jv][583385479][tid_5118](116)canRun task=magazine_update, result=161340, frequency=21600000
12-03 16:50:52.152  3730 23939 D jv      : [jv][583385480][tid_5118](120)Judgment result can not run , reason :Minimum time interval is not satisfied, task type is magazine_update
12-03 16:50:52.152  3730 23939 W jv      : [jv][583385481][tid_5118](93)task : magazine_update can't run!
12-03 16:50:52.155  3730 23940 I qi      : [qi][583385484][tid_5120](244)currentApn:WIFI
12-03 16:50:52.156  3730 23940 I qi      : [qi][583385485][tid_5120](213)currentApn:WIFI
12-03 16:50:52.158  3730 23939 I jv      : [jv][583385486][tid_5118](95)TimingNetworkTimerServerTask end , task : magazine_update 
12-03 16:50:52.158  3730 23940 D jx      : [jx][583385485][tid_5120](47)canConnectNetWork result == true
12-03 16:50:52.158  3730 23941 I qi      : [qi][583385486][tid_5119](244)currentApn:WIFI
12-03 16:50:52.159  3730 23941 I qi      : [qi][583385488][tid_5119](213)currentApn:WIFI
12-03 16:50:52.161  3730 23941 D jx      : [jx][583385489][tid_5119](47)canConnectNetWork result == true
12-03 16:50:52.161  3730 23940 I qi      : [qi][583385490][tid_5120](244)currentApn:WIFI
12-03 16:50:52.162  3730 23940 I jv      : [jv][583385490][tid_5120](55)[TimingNetworkTask] NetStatus.APN_WIFI,return true 
12-03 16:50:52.163  3730 23940 D jv      : [jv][583385491][tid_5120](116)canRun task=plugin_update, result=161328, frequency=21600000
12-03 16:50:52.163  3730 23940 D jv      : [jv][583385492][tid_5120](120)Judgment result can not run , reason :Minimum time interval is not satisfied, task type is plugin_update
12-03 16:50:52.164  3730 23940 W jv      : [jv][583385493][tid_5120](93)task : plugin_update can't run!
12-03 16:50:52.165  3730 23940 I jv      : [jv][583385493][tid_5120](95)TimingNetworkTimerServerTask end , task : plugin_update 
12-03 16:50:52.169  3730 23941 I qi      : [qi][583385496][tid_5119](244)currentApn:WIFI
12-03 16:50:52.169  3730 23941 I jv      : [jv][583385498][tid_5119](55)[TimingNetworkTask] NetStatus.APN_WIFI,return true 
12-03 16:50:52.170  3730 23941 D jv      : [jv][583385499][tid_5119](116)canRun task=ua_time_send, result=161354, frequency=21600000
12-03 16:50:52.170  3730 23941 D jv      : [jv][583385499][tid_5119](120)Judgment result can not run , reason :Minimum time interval is not satisfied, task type is ua_time_send
12-03 16:50:52.170  3730 23941 W jv      : [jv][583385499][tid_5119](93)task : ua_time_send can't run!
12-03 16:50:52.171  3730 23941 I jv      : [jv][583385499][tid_5119](95)TimingNetworkTimerServerTask end , task : ua_time_send 
12-03 16:51:05.448  3730 26516 D gn      : [gn][583398776][tid_1055](104)task run
12-03 16:51:05.449  3730 26516 W wd      : [wd][583398778][tid_1055](52)create preferences name:timing_network_preference
12-03 16:51:05.452  3730 26516 I jv      : [jv][583398781][tid_1055](84)first time ready type:get_push_message
12-03 16:51:05.454  3730 26516 I jv      : [jv][583398782][tid_1055](86)judge timing task whether or not can run,judge task type is :get_push_message
12-03 16:51:05.455  3730 26516 W wd      : [wd][583398783][tid_1055](52)create preferences name:timing_network_preference
12-03 16:51:05.463  3730 26516 I qi      : [qi][583398791][tid_1055](244)currentApn:WIFI
12-03 16:51:05.466  3730 26516 I qi      : [qi][583398795][tid_1055](213)currentApn:WIFI
12-03 16:51:05.466  3730 26516 D jx      : [jx][583398795][tid_1055](47)canConnectNetWork result == true
12-03 16:51:05.469  3730 26516 I qi      : [qi][583398798][tid_1055](244)currentApn:WIFI
12-03 16:51:05.469  3730 26516 I jv      : [jv][583398798][tid_1055](55)[TimingNetworkTask] NetStatus.APN_WIFI,return true 
12-03 16:51:05.469  3730 26516 D jv      : [jv][583398798][tid_1055](116)canRun task=get_push_message, result=174646, frequency=21600000
12-03 16:51:05.470  3730 26516 D jv      : [jv][583398799][tid_1055](120)Judgment result can not run , reason :Minimum time interval is not satisfied, task type is get_push_message
12-03 16:51:05.470  3730 26516 W jv      : [jv][583398799][tid_1055](93)task : get_push_message can't run!
12-03 16:51:05.470  3730 26516 I jv      : [jv][583398799][tid_1055](95)TimingNetworkTimerServerTask end , task : get_push_message 
12-03 16:51:05.510  3730 26515 D gn      : [gn][583398838][tid_1054](104)task run
12-03 16:51:05.511  3730 26517 D gn      : [gn][583398839][tid_1056](104)task run
12-03 16:51:05.511  3730 26515 W wd      : [wd][583398840][tid_1054](52)create preferences name:timing_network_preference
12-03 16:51:05.512  3730 26517 W wd      : [wd][583398841][tid_1056](52)create preferences name:timing_network_preference
12-03 16:51:05.513  3730 26514 D gn      : [gn][583398841][tid_1052](104)task run
12-03 16:51:05.513  3730 26515 I jv      : [jv][583398842][tid_1054](84)first time ready type:magazine_update
12-03 16:51:05.514  3730 26514 W wd      : [wd][583398842][tid_1052](52)create preferences name:timing_network_preference
12-03 16:51:05.514  3730 26517 I jv      : [jv][583398842][tid_1056](84)first time ready type:plugin_update
12-03 16:51:05.514  3730 26515 I jv      : [jv][583398843][tid_1054](86)judge timing task whether or not can run,judge task type is :magazine_update
12-03 16:51:05.515  3730 26515 D yy      : [yy][583398844][tid_1054](73)[magazine_down_content] [canRunnable]
12-03 16:51:05.516  3730 26514 I jv      : [jv][583398844][tid_1052](84)first time ready type:ua_time_send
12-03 16:51:05.516  3730 26517 I jv      : [jv][583398844][tid_1056](86)judge timing task whether or not can run,judge task type is :plugin_update
12-03 16:51:05.516  3730 26515 W wd      : [wd][583398845][tid_1054](52)create preferences name:timing_network_preference
12-03 16:51:05.517  3730 26514 I jv      : [jv][583398845][tid_1052](86)judge timing task whether or not can run,judge task type is :ua_time_send
12-03 16:51:05.517  3730 26517 W wd      : [wd][583398845][tid_1056](52)create preferences name:timing_network_preference
12-03 16:51:05.518  3730 26514 W wd      : [wd][583398847][tid_1052](52)create preferences name:timing_network_preference
12-03 16:51:05.522  3730 26515 I qi      : [qi][583398850][tid_1054](244)currentApn:WIFI
12-03 16:51:05.523  3730 26515 I qi      : [qi][583398851][tid_1054](213)currentApn:WIFI
12-03 16:51:05.523  3730 26514 I qi      : [qi][583398851][tid_1052](244)currentApn:WIFI
12-03 16:51:05.524  3730 26515 D jx      : [jx][583398852][tid_1054](47)canConnectNetWork result == true
12-03 16:51:05.524  3730 26514 I qi      : [qi][583398852][tid_1052](213)currentApn:WIFI
12-03 16:51:05.525  3730 26515 D yy      : [yy][583398853][tid_1054](78)[magazine_down_content] [canRunnable] has net true
12-03 16:51:05.525  3730 26514 D jx      : [jx][583398854][tid_1052](47)canConnectNetWork result == true
12-03 16:51:05.525  3730 26517 I qi      : [qi][583398854][tid_1056](244)currentApn:WIFI
12-03 16:51:05.526  3730 26517 I qi      : [qi][583398855][tid_1056](213)currentApn:WIFI
12-03 16:51:05.526  3730 26515 D jv      : [jv][583398854][tid_1054](116)canRun task=magazine_update, result=174715, frequency=21600000
12-03 16:51:05.526  3730 26517 D jx      : [jx][583398855][tid_1056](47)canConnectNetWork result == true
12-03 16:51:05.527  3730 26515 D jv      : [jv][583398855][tid_1054](120)Judgment result can not run , reason :Minimum time interval is not satisfied, task type is magazine_update
12-03 16:51:05.527  3730 26517 I qi      : [qi][583398856][tid_1056](244)currentApn:WIFI
12-03 16:51:05.527  3730 26517 I jv      : [jv][583398856][tid_1056](55)[TimingNetworkTask] NetStatus.APN_WIFI,return true 
12-03 16:51:05.528  3730 26515 W jv      : [jv][583398856][tid_1054](93)task : magazine_update can't run!
12-03 16:51:05.528  3730 26517 D jv      : [jv][583398857][tid_1056](116)canRun task=plugin_update, result=174693, frequency=21600000
12-03 16:51:05.528  3730 26517 D jv      : [jv][583398857][tid_1056](120)Judgment result can not run , reason :Minimum time interval is not satisfied, task type is plugin_update
12-03 16:51:05.528  3730 26517 W jv      : [jv][583398857][tid_1056](93)task : plugin_update can't run!
12-03 16:51:05.528  3730 26515 I jv      : [jv][583398857][tid_1054](95)TimingNetworkTimerServerTask end , task : magazine_update 
12-03 16:51:05.528  3730 26517 I jv      : [jv][583398857][tid_1056](95)TimingNetworkTimerServerTask end , task : plugin_update 
12-03 16:51:05.528  3730 26514 I qi      : [qi][583398857][tid_1052](244)currentApn:WIFI
12-03 16:51:05.529  3730 26514 I jv      : [jv][583398858][tid_1052](55)[TimingNetworkTask] NetStatus.APN_WIFI,return true 
12-03 16:51:05.530  3730 26514 D jv      : [jv][583398859][tid_1052](116)canRun task=ua_time_send, result=174715, frequency=21600000
12-03 16:51:05.562  3730 26514 D jv      : [jv][583398890][tid_1052](120)Judgment result can not run , reason :Minimum time interval is not satisfied, task type is ua_time_send
12-03 16:51:05.562  3730 26514 W jv      : [jv][583398891][tid_1052](93)task : ua_time_send can't run!
12-03 16:51:05.562  3730 26514 I jv      : [jv][583398891][tid_1052](95)TimingNetworkTimerServerTask end , task : ua_time_send 
