12-03 16:48:10.844  3730  3969 I uf      : [uf][583224173][tid_45](118)refreshFront server = http://stage.3gmimo.com/front/address.api
12-03 16:48:10.844  3730  8101 I lj      : [lj][583224173][tid_5904](95)[statistics] request content :<iq to="interactive.handpet.com" id="3642d9d42efa3a7" type="set"><query xmlns="jabber:iq:interactive"><method name="upload:analysis"><userid>10433077265316</userid><unique>5d8c1058ba47b5967617c90a64a661d8</unique><ua_version>21</ua_version><time>1512265688593</time><channel>998</channel><soft_version>6.131</soft_version><micro_version>9</micro_version><system_version>7.0</system_version><platform>android</platform><imei>355455061338346</imei><plugin_version>140</plugin_version><device>shamu</device><model>AOSP on Shamu</model><pid>3730</pid><host>com.android.systemui</host><network_type>13</network_type><timezone>Asia/Shanghai</timezone><language>zh_CN</language><package>com.vlife.ipro.magazine</package><paper_id>465</paper_id><product>android-ipro-magazine</product><current_wallpaper_id>465</current_wallpaper_id><isWallPaperShowValid>false</isWallPaperShowValid><isLockSreenValid>false</isLockSreenValid><item ua_event="request_push" ua_time="1512265688589" ua_process="lockscreen" index="3796" /><item ua_action="flash_content" ua_event="request_result" ua_time="1512265688787" ua_process="lockscreen" index="3797" /><item tag="TaskServiceProvider" message="[TaskServiceProvider][583209620][tid_118](471)restartTimerTask allTastMap is error, taskName=upload_user_setting" name="unknown" count="74" error="[TaskServiceProvider][583209620][tid_118](471)restartTimerTask allTastMap is error, taskName=upload_user_setting" author="songwenjun" ua_event="dev_thread_throwable" dev_version="6.131.9" ua_time="1512265688823" ua_process="lockscreen" index="3798" /><item ua_action="net_change" ua_time="1512290890790" ua_event="awaken_timing_task" ua_process="lockscreen" index="3799" /></method></query></iq>
12-03 16:48:10.845  3730  3969 W wd      : [wd][583224173][tid_45](52)create preferences name:userinfo
12-03 16:48:10.845  3730  8103 I sf      : [sf][583224174][tid_5906](75)getPushMessageProtocol db=n.rz@383954f
12-03 16:48:10.845  3730  3969 I wd      : [wd][583224174][tid_45](79)preference name:userinfo getString key:uid,value:10433077265316
12-03 16:48:10.845  3730  8103 W rz      : [rz][583224174][tid_5906](85)db provider query:content://vlife/push_message
12-03 16:48:10.845  3730  3969 I vt      : [vt][583224174][tid_45](22)realPackageName:com.android.systemui vlifePackageName:com.vlife.ipro.magazine
12-03 16:48:10.845  3730  3969 I AbstractApplicationStatus: [AbstractApplicationStatus][583224174][tid_45](387)packageName:com.vlife.ipro.magazine
12-03 16:48:10.845  3730  8101 I uw      : [uw][583224174][tid_5904](210)http post url:http://115.28.84.237/a/1/stat/?v=2&c=g&st=b29a13374853e6552135a6436e5ed0be&uid=10433077265316
12-03 16:48:10.846  3730  8101 I vt      : [vt][583224174][tid_5904](22)realPackageName:com.android.systemui vlifePackageName:com.vlife.ipro.magazine
12-03 16:48:10.846  3730  4101 D StatisticsProvider: [StatisticsProvider][583224175][tid_54](434)[statistics_test] =======>write map:n.ep@b04e9a5
12-03 16:48:10.846  3730  8101 I kg      : [kg][583224175][tid_5904](162)ShellProduct
12-03 16:48:10.846  3730  4101 I StatisticsProvider: [StatisticsProvider][583224175][tid_54](518)[statistics_test] filePath /data/user_de/0/com.android.systemui/files/ua/no_ua_6.131.9.mui.dat.0 
12-03 16:48:10.846  3730  4101 D oz      : [oz][583224175][tid_54](527)[crooooop] dir:/data/user_de/0/com.android.systemui/files/ua
12-03 16:48:10.846  3730  4101 D oz      : [oz][583224175][tid_54](532)parentDir:/data/user_de/0/com.android.systemui/files exists:true canWrite:true
12-03 16:48:10.846  3730  8103 I sf      : [sf][583224175][tid_5906](89)getPushResut time = 0;type = local_private_message
12-03 16:48:10.847  3730  8103 I sf      : [sf][583224176][tid_5906](89)getPushResut time = 0;type = flash_content
12-03 16:48:10.847  3730  4101 W wd      : [wd][583224176][tid_54](52)create preferences name:userinfo
12-03 16:48:10.847  3730  3969 D uf      : [uf][583224176][tid_45](124)getFrontAddress ,url : http://stage.3gmimo.com/front/address.api?uid=10433077265316&imei=355455061338346&model=AOSP+on+Shamu&p=a&v=5&sv=6.131&az=android-ipro-magazine
12-03 16:48:10.847  3730  4101 I wd      : [wd][583224176][tid_54](79)preference name:userinfo getString key:uid,value:10433077265316
12-03 16:48:10.847  3730  8103 I sf      : [sf][583224176][tid_5906](89)getPushResut time = 0;type = panel
12-03 16:48:10.847  3730  3969 I vt      : [vt][583224176][tid_45](22)realPackageName:com.android.systemui vlifePackageName:com.vlife.ipro.magazine
12-03 16:48:10.848  3730  8103 I sf      : [sf][583224176][tid_5906](89)getPushResut time = 0;type = local_designer_works_type
12-03 16:48:10.848  3730  4101 D wd      : [wd][583224176][tid_54](54)create preferences name:unique_user
12-03 16:48:10.848  3730  3969 I kg      : [kg][583224176][tid_45](162)ShellProduct
12-03 16:48:10.848  3730  4101 I wd      : [wd][583224177][tid_54](79)preference name:unique_user getString key:unique,value:5d8c1058ba47b5967617c90a64a661d8
12-03 16:48:10.848  3730  8103 I sf      : [sf][583224177][tid_5906](89)getPushResut time = 0;type = advertise
12-03 16:48:10.848  3730  4101 D qi      : [qi][583224177][tid_54](409)[StatusUtil] refreshData context:com.vlife.plugin.module.tools.ModuleContextUtil$1@a7ab41a
12-03 16:48:10.848  3730  3969 I pl      : [pl][583224177][tid_45](39)VlifePermissManager.check permission = android.permission.INTERNET, packageName = com.android.systemui, result = true
12-03 16:48:10.848  3730  8103 I sf      : [sf][583224177][tid_5906](82)PushContentType Window type filter!!!
12-03 16:48:10.848  3730  3969 I kg      : [kg][583224177][tid_45](172)system has internet permission.
12-03 16:48:10.848  3730  4101 I vt      : [vt][583224177][tid_54](22)realPackageName:com.android.systemui vlifePackageName:com.vlife.ipro.magazine
12-03 16:48:10.848  3730  8103 I sf      : [sf][583224177][tid_5906](89)getPushResut time = 1500012956000;type = ana_send
12-03 16:48:10.848  3730  4101 I AbstractApplicationStatus: [AbstractApplicationStatus][583224177][tid_54](387)packageName:com.vlife.ipro.magazine
12-03 16:48:10.848  3730  8103 I sf      : [sf][583224177][tid_5906](89)getPushResut time = 1500539562000;type = switch_type
12-03 16:48:10.849  3730  3969 D qi      : [qi][583224178][tid_45](780)ThreadSafeClientConnManager init
12-03 16:48:10.850  3730  8102 I uq      : [uq][583224179][tid_5905](166)[NewHttpService] blockSend id = 3642d9d42efa3a6,step3 = 12
12-03 16:48:10.850  3730  3969 D qi      : [qi][583224179][tid_45](780)ThreadSafeClientConnManager init
12-03 16:48:10.850  3730  8102 I uq      : [uq][583224179][tid_5905](167)[NewHttpService] blockSend id = 3642d9d42efa3a6, timeout = 10000
12-03 16:48:10.849  3730  8103 I sf      : [sf][583224178][tid_5906](89)getPushResut time = 0;type = normal_curl
12-03 16:48:10.850  3730  8103 I sf      : [sf][583224179][tid_5906](89)getPushResut time = 0;type = magazine_content
12-03 16:48:10.851  3730  3969 I kg      : [kg][583224179][tid_45](318)doExecute request=org.apache.http.client.methods.HttpGet@2a38588
12-03 16:48:10.851  3730  3969 W wd      : [wd][583224180][tid_45](52)create preferences name:userinfo
12-03 16:48:10.851  3730  8103 I sf      : [sf][583224180][tid_5906](89)getPushResut time = 1498743135000;type = upload_location
12-03 16:48:10.851  3730  8103 I sf      : [sf][583224180][tid_5906](89)getPushResut time = 1498743135000;type = upload_recent_apps
12-03 16:48:10.851  3730  8103 I sf      : [sf][583224180][tid_5906](89)getPushResut time = 0;type = wallpaper_recommended
12-03 16:48:10.852  3730  8101 I pl      : [pl][583224177][tid_5904](39)VlifePermissManager.check permission = android.permission.INTERNET, packageName = com.android.systemui, result = true
12-03 16:48:10.852  3730  4101 I AbstractApplicationStatus: [AbstractApplicationStatus][583224181][tid_54](387)packageName:com.vlife.ipro.magazine
12-03 16:48:10.852  3730  8101 I kg      : [kg][583224181][tid_5904](172)system has internet permission.
12-03 16:48:10.852  3730  8103 I sf      : [sf][583224181][tid_5906](89)getPushResut time = 0;type = curl_page
12-03 16:48:10.852  3730  4101 D qi      : [qi][583224181][tid_54](409)[StatusUtil] refreshData context:com.vlife.plugin.module.tools.ModuleContextUtil$1@a7ab41a
12-03 16:48:10.852  3730  8103 I sf      : [sf][583224181][tid_5906](89)getPushResut time = 0;type = guide_push
12-03 16:48:10.852  3730  8103 I sf      : [sf][583224181][tid_5906](89)getPushResut time = 1500012956000;type = ana_important
12-03 16:48:10.852  3730  4101 W wd      : [wd][583224181][tid_54](52)create preferences name:next_key
12-03 16:48:10.853  3730  4101 I vt      : [vt][583224182][tid_54](22)realPackageName:com.android.systemui vlifePackageName:com.vlife.ipro.magazine
12-03 16:48:10.853  3730  8103 I sf      : [sf][583224182][tid_5906](89)getPushResut time = 0;type = unknown
12-03 16:48:10.853  3730  4101 I ApplicationStatus: [ApplicationStatus][583224182][tid_54](362)isSameProcessType lockscreen lockscreen true
12-03 16:48:10.853  3730  8101 D qi      : [qi][583224182][tid_5904](780)ThreadSafeClientConnManager init
12-03 16:48:10.853  3730  8103 I sf      : [sf][583224182][tid_5906](89)getPushResut time = 1498743135000;type = upload_apps
12-03 16:48:10.853  3730  4101 I ApplicationStatus: [ApplicationStatus][583224182][tid_54](367)isSameProcessType lockscreen lockscreen true
12-03 16:48:10.853  3730  8103 I sf      : [sf][583224182][tid_5906](89)getPushResut time = 0;type = local_comment
12-03 16:48:10.853  3730  8103 I ServerProvider: [ServerProvider][583224182][tid_5906](123)toQuery n.li@e197107
12-03 16:48:10.940  3730  4459 I kg      : [kg][583224269][tid_102](320)response = org.apache.http.message.BasicHttpResponse@3e579ff
12-03 16:48:10.940  3730  8101 I kg      : [kg][583224269][tid_5904](320)response = org.apache.http.message.BasicHttpResponse@844dd1e
12-03 16:48:10.940  3730  4459 D kg      : [kg][583224269][tid_102](322)uri = http://115.28.84.237/a/1/?p=a&v=5&c=g&st=b29a13374853e6552135a6436e5ed0be&sv=6.131&az=android-ipro-magazine&id=10433077265316&sid=7f549c03100042a6@a1.stage.vlife.com
12-03 16:48:10.940  3730  8101 D kg      : [kg][583224269][tid_5904](322)uri = http://115.28.84.237/a/1/stat/?v=2&c=g&st=b29a13374853e6552135a6436e5ed0be&uid=10433077265316
12-03 16:48:10.940  3730  4459 D kg      : [kg][583224269][tid_102](325)header name = platform, value = android
12-03 16:48:10.941  3730  8101 D kg      : [kg][583224270][tid_5904](325)header name = platform, value = android
12-03 16:48:10.941  3730  4459 D kg      : [kg][583224270][tid_102](325)header name = User-Agent, value = Mozilla/5.0 (Linux; U; Android 7.0; zh-cn; AOSP on Shamu Build/NBD90Z) AppleWebKit/534.30 (KHTML, like Gecko) Version/4.0 Mobile Safari/534.30
12-03 16:48:10.941  3730  4459 I kg      : [kg][583224270][tid_102](378)doGetAllHeaders
12-03 16:48:10.941  3730  8101 I kg      : [kg][583224270][tid_5904](336)doGetStatusCode
12-03 16:48:10.941  3730  4459 I kg      : [kg][583224270][tid_102](336)doGetStatusCode
12-03 16:48:10.941  3730  8101 I lj      : [lj][583224270][tid_5904](101)[statistics] response code:206
12-03 16:48:10.941  3730  4459 I um      : [um][583224270][tid_102](137)response code:206
12-03 16:48:10.941  3730  4459 I kg      : [kg][583224270][tid_102](352)doGetEntityByteArray
12-03 16:48:10.941  3730  8101 I kg      : [kg][583224270][tid_5904](352)doGetEntityByteArray
12-03 16:48:10.941  3730  4459 I ug      : [ug][583224270][tid_102](47)inflate length:797
12-03 16:48:10.942  3730  4459 I um      : [um][583224271][tid_102](174)response CONTENT <body xmlns="http://jabber.org/protocol/httpbind" rid="12" sid="7f549c03100042a6@a1.stage.vlife.com" ><iq from="magazine.stage.vlife.com" to="10433077265316@a1.stage.vlife.com/android-2.1-pet" id="3642d9d42efa3a6" sid="7f549c03100042a6@a1.stage.vlife.com" type="result"><query xmlns="jabber:iq:magazine"><method name="simple:magazine:source:type:list"><beans xmlns="http://www.handpet.com/config/beans" version="1.0"><bean name="simple_magazine_source_type_list_protocol"><property name="st" value="1,1476438632595;2,1453872782737;3,1466748394018;4,1500962618438;5,1496825238327;6,1493001602904;7,1493001544187;8,1496973993623;9,1453802579558;10,1453867910082;11,1453878061301;12,1484814664171;13,1496975952060;"/><property name="stl"><list/></property></bean></beans></method></query></iq></body>
12-03 16:48:10.942  3730  8101 I lj      : [lj][583224271][tid_5904](108)[statistics] response content :<iq from="statistic.stage.vlife.com" id="3642d9d42efa3a7" type="result"><query xmlns="jabber:iq:statistic"><method name="upload:analysis"><enable>true</enable></method></query></iq>
12-03 16:48:10.942  3730  4459 I uu      : [uu][583224271][tid_102](21)getRid :13
12-03 16:48:10.942  3730  8101 D lj      : [lj][583224271][tid_5904](222)parse result is correct.(206)
12-03 16:48:10.942  3730  4459 I um      : [um][583224271][tid_102](212)use old Iparser current:iq
12-03 16:48:10.943  3730  8101 I StatisticsProvider: [StatisticsProvider][583224271][tid_5904](188)[statistics_test] delete ua file:/data/user_de/0/com.android.systemui/files/ua/no_ua_6.131.9.mui.dat.01559.tmp<==============
12-03 16:48:10.943  3730  4459 I un      : [un][583224272][tid_102](58)http send type:OK
12-03 16:48:10.943  3730  4459 D uq      : [uq][583224272][tid_102](69)id:3642d9d42efa3a6 countDownMap
12-03 16:48:10.943  3730  8101 I jv      : [jv][583224272][tid_5904](95)TimingNetworkTimerServerTask end , task : ua_time_send 
12-03 16:48:10.943  3730  8101 I TaskServiceProvider: [TaskServiceProvider][583224272][tid_5904](379)[VlifeTaskService]  end  task : ua_time_send
12-03 16:48:10.943  3730  8102 I uq      : [uq][583224272][tid_5905](169)[NewHttpService] blockSend id = 3642d9d42efa3a6,step4 = 105
12-03 16:48:10.943  3730  8101 I TaskServiceProvider: [TaskServiceProvider][583224272][tid_5904](382)[VlifeTaskService]  this task is Cycle ,task : ua_time_send , time : 21600000 
12-03 16:48:10.943  3730  8102 I uq      : [uq][583224272][tid_5905](171)[NewHttpService] blockSend id = 3642d9d42efa3a6,step5 = 105
12-03 16:48:10.944  3730  8101 I vt      : [vt][583224272][tid_5904](22)realPackageName:com.android.systemui vlifePackageName:com.vlife.ipro.magazine
12-03 16:48:10.944  3730  8102 D uq      : [uq][583224273][tid_5905](172)callback : n.ym$1@f5dad2a
12-03 16:48:10.944  3730  8102 D uq      : [uq][583224273][tid_5905](174)parser:n.gp@e21b71b
12-03 16:48:10.944  3730  8102 D uj      : [uj][583224273][tid_5905](86)from:magazine.stage.vlife.com type:result subDomain:magazine
12-03 16:48:10.944  3730  8101 D gn      : [gn][583224273][tid_5904](96)VlifeTaskService schedule task=ua_time_send, isCycleOrDelay=true,time=21600000,requestCode=193306362
12-03 16:48:10.944  3730  8102 D uj      : [uj][583224273][tid_5905](92)xmlns : jabber:iq:magazine method : simple:magazine:source:type:list
12-03 16:48:10.945  3730  8102 I uj      : [uj][583224274][tid_5905](94)n.uj start method type:result
12-03 16:48:10.945  3730  8102 D uj      : [uj][583224274][tid_5905](69)xml:<beans xmlns="http://www.handpet.com/config/beans" version="1.0"><bean name="simple_magazine_source_type_list_protocol"><property name="st" value="1,1476438632595;2,1453872782737;3,1466748394018;4,1500962618438;5,1496825238327;6,1493001602904;7,1493001544187;8,1496973993623;9,1453802579558;10,1453867910082;11,1453878061301;12,1484814664171;13,1496975952060;"/><property name="stl"><list/></property></bean></beans>
12-03 16:48:10.945  3730  8101 I gn      : [gn][583224274][tid_5904](100)[VlifeTaskService] [next awake intervalMillis] [21600000]
12-03 16:48:10.946  3730  8102 D fe      : [fe][583224274][tid_5905](61)data:simple_magazine_source_type_list_protocol
12-03 16:48:10.946  3730  8112 D gn      : [gn][583224275][tid_5912](104)task run
12-03 16:48:10.946  3730  8102 I fe      : [fe][583224275][tid_5905](73)[VTDDataHelper] simpleData = n.dz@40760b8
12-03 16:48:10.946  3730  8101 D gm      : [gm][583224275][tid_5904](48)TaskSignalQueue-remove n.gl@d86a7be
12-03 16:48:10.946  3730  8112 W wd      : [wd][583224275][tid_5912](52)create preferences name:timing_network_preference
12-03 16:48:10.946  3730  8102 I uj      : [uj][583224275][tid_5905](103)n.uj end cost time:1 result:n.dz@40760b8
12-03 16:48:10.946  3730  8112 I jv      : [jv][583224275][tid_5912](84)first time ready type:ua_time_send
12-03 16:48:10.947  3730  8112 I jv      : [jv][583224275][tid_5912](86)judge timing task whether or not can run,judge task type is :ua_time_send
12-03 16:48:10.947  3730  4459 I un      : [un][583224275][tid_102](43)http send thread run
12-03 16:48:10.947  3730  8112 W wd      : [wd][583224276][tid_5912](52)create preferences name:timing_network_preference
12-03 16:48:10.947  3730  8102 I aan     : [aan][583224276][tid_5905](33)[JsonUtil] toJson(SimpleData) return = <beans xmlns="http://www.handpet.com/config/beans" version="1.0"><bean name="simple_magazine_source_type_list_protocol"><property name="st" value="1,1476438632595;2,1453872782737;3,1466748394018;4,1500962618438;5,1496825238327;6,1493001602904;7,1493001544187;8,1496973993623;9,1453802579558;10,1453867910082;11,1453878061301;12,1484814664171;13,1496975952060;"/><property name="stl"><list/></property></bean></beans>
12-03 16:48:10.947  3730  4459 D ur      : [ur][583224276][tid_102](72)waiting list Condition signal heartIndex:0 waitTime:2
12-03 16:48:10.947  3730  8102 I ym      : [ym][583224276][tid_5905](133)[magazine_down_content] [updateMagazineSource] handleSimpleData = <beans xmlns="http://www.handpet.com/config/beans" version="1.0"><bean name="simple_magazine_source_type_list_protocol"><property name="st" value="1,1476438632595;2,1453872782737;3,1466748394018;4,1500962618438;5,1496825238327;6,1493001602904;7,1493001544187;8,1496973993623;9,1453802579558;10,1453867910082;11,1453878061301;12,1484814664171;13,1496975952060;"/><property name="stl"><list/></property></bean></beans>
12-03 16:48:10.947  3730  4459 I un      : [un][583224276][tid_102](46)http send list:[n.uj@e6d35d2, n.uj@3eb7da0]
12-03 16:48:10.947  3730  8102 I ym      : [ym][583224276][tid_5905](136)[magazine_down_content] [updateMagazineSource] update source type list size:0 [isShouldReset:false]
12-03 16:48:10.948  3730  8112 I qi      : [qi][583224277][tid_5912](244)currentApn:WIFI
12-03 16:48:10.948  3730  8112 I qi      : [qi][583224277][tid_5912](213)currentApn:WIFI
12-03 16:48:10.948  3730  8112 D jx      : [jx][583224277][tid_5912](47)canConnectNetWork result == true
12-03 16:48:10.949  3730  8112 I qi      : [qi][583224278][tid_5912](244)currentApn:WIFI
12-03 16:48:10.949  3730  8102 I wd      : [wd][583224277][tid_5905](84)preference name:magazine putStringAndCommit key:source_server_time,value:1,1476438632595;2,1453872782737;3,1466748394018;4,1500962618438;5,1496825238327;6,1493001602904;7,1493001544187;8,1496973993623;9,1453802579558;10,1453867910082;11,1453878061301;12,1484814664171;13,1496975952060;
12-03 16:48:10.949  3730  8112 I jv      : [jv][583224278][tid_5912](55)[TimingNetworkTask] NetStatus.APN_WIFI,return true 
12-03 16:48:10.949  3730  8112 D jv      : [jv][583224278][tid_5912](116)canRun task=ua_time_send, result=134, frequency=21600000
12-03 16:48:10.949  3730  8102 W wd      : [wd][583224278][tid_5905](89)magazine putString source_server_time
12-03 16:48:10.949  3730  8112 D jv      : [jv][583224278][tid_5912](120)Judgment result can not run , reason :Minimum time interval is not satisfied, task type is ua_time_send
12-03 16:48:10.949  3730  8102 I uq      : [uq][583224278][tid_5905](206)[NewHttpService] blockSend finally
12-03 16:48:10.949  3730  8112 W jv      : [jv][583224278][tid_5912](93)task : ua_time_send can't run!
12-03 16:48:10.950  3730  8112 I jv      : [jv][583224279][tid_5912](95)TimingNetworkTimerServerTask end , task : ua_time_send 
12-03 16:48:10.950  3730  8102 I wd      : [wd][583224279][tid_5905](129)preference name:magazineSetting putLongAndCommit key:interval_show_red_point_time,value:3600000
12-03 16:48:10.950  3730  8102 W wd      : [wd][583224279][tid_5905](134)magazineSetting putLong interval_show_red_point_time
12-03 16:48:10.950  3730  8102 I wd      : [wd][583224279][tid_5905](129)preference name:magazineSetting putLongAndCommit key:interval_start_show_red_point_time_after,value:1800000
12-03 16:48:10.950  3730  8102 W wd      : [wd][583224279][tid_5905](134)magazineSetting putLong interval_start_show_red_point_time_after
12-03 16:48:10.951  3730  8102 I ym      : [ym][583224280][tid_5905](247)[magazine_down_content] [update] [autoUpdate] [start update magazine]
12-03 16:48:10.951  3730  8102 I vt      : [vt][583224280][tid_5905](22)realPackageName:com.android.systemui vlifePackageName:com.vlife.ipro.magazine
12-03 16:48:10.951  3730  8102 I ApplicationStatus: [ApplicationStatus][583224280][tid_5905](362)isSameProcessType lockscreen lockscreen true
12-03 16:48:10.951  3730  8102 I ApplicationStatus: [ApplicationStatus][583224280][tid_5905](367)isSameProcessType lockscreen lockscreen true
12-03 16:48:10.952  3730  8102 D ym      : [ym][583224280][tid_5905](686)[magazine_down_content] [lock] [isLockProcess:true]
12-03 16:48:10.952  3730  4459 I ue      : [ue][583224281][tid_102](75)create segment class n.uj use time:4105us
12-03 16:48:10.952  3730  8102 W aah     : [aah][583224281][tid_5905](85)db provider query:content://vlife/magazine_source
12-03 16:48:10.953  3730  4459 I ue      : [ue][583224282][tid_102](75)create segment class n.uj use time:403us
12-03 16:48:10.953  3730  8102 D fe      : [fe][583224282][tid_5905](61)data:magazine_source_type_data
12-03 16:48:10.954  3730  4459 I uu      : [uu][583224282][tid_102](28)getRidAndIncrement :13
12-03 16:48:10.954  3730  8102 I fe      : [fe][583224283][tid_5905](73)[VTDDataHelper] simpleData = n.bl@cec6e91
12-03 16:48:10.954  3730  4459 I um      : [um][583224283][tid_102](112)Request url : http://115.28.84.237/a/1/?p=a&v=5&c=g&st=b29a13374853e6552135a6436e5ed0be&sv=6.131&az=android-ipro-magazine&id=10433077265316&sid=7f549c03100042a6@a1.stage.vlife.com
12-03 16:48:10.954  3730  8102 D fe      : [fe][583224283][tid_5905](61)data:file
12-03 16:48:10.955  3730  8102 I fe      : [fe][583224283][tid_5905](73)[VTDDataHelper] simpleData = n.e@f8171f6
12-03 16:48:10.955  3730  4459 I um      : [um][583224284][tid_102](121)Request content : <body rid="13" count="2" wait="2" sid="7f549c03100042a6@a1.stage.vlife.com"><iq to="push.stage.vlife.com" id="3642d9d42efa3a8" type="get"><query xmlns="jabber:iq:push"><method name="simple:push" version="1"><beans xmlns="http://www.handpet.com/config/beans" version="1.0"><bean name="simple_push_message"><property name="isVlifeWallpaperShown" value="-1"/><property name="enabled" value="1"/><property name="frequency" value="0"/><property name="pushMessageDataList"><list><bean name="push_message_data"><property name="time" value="0"/><property name="type" value="local_private_message"/></bean><bean name="push_message_data"><property name="time" value="0"/><property name="type" value="flash_content"/></bean><bean name="push_message_data"><property name="time" value="0"/><property name="type" value="panel"/></bean><bean name="push_message_data"><property name="time" value="0"/><property name="type" value="local_designer_works_type"/></bean><bean name="push_message_data"><property name="time" value="0"/><property name="type" value="advertise"/></bean><bean name="push_message_data"><property name="time" value="1500012956000"/><property name="type" value="ana_send"/></bean><bean name="push_message_data"><property name="time" value="1500539562000"/><property name="type" value="switch_type"/></bean><bean name="push_message_data"><property name="time" value="0"/><property name="type" value="normal_curl"/></bean><bean name="push_message_data"><property name="time" value="0"/><property name="type" value="magazine_content"/></bean><bean name="push_message_data"><property name="time" value="1498743135000"/><property name="type" value="upload_location"/></bean><bean name="push_message_data"><property name="time" value="1498743135000"/><property name="type" value="upload_recent_apps"/></bean><bean name="push_message_data"><property name="time" value="0"/><property name="type" value="wallpaper_recommended"/></bean><bean name="push_message_data"><property name="time" value="0"/><property name="type" value="curl_page"/></bean><bean name="push_message_data"><property name="time" value="0"/><property name="type" value="guide_push"/></bean><bean name="push_message_data"><property name="time" value="1500012956000"/><property name="type" value="ana_important"/></bean><bean name="push_message_data"><property name="time" value="0"/><property name="type" value="unknown"/></bean><bean name="push_message_data"><property name="time" value="1498743135000"/><property name="type" value="upload_apps"/></bean><bean name="push_message_data"><property name="time" value="0"/><property name="type" value="local_comment"/></bean></list></property></bean></beans></method></query></iq><iq to="interactive.stage.vlife.com" id="3642d9d42efa3a9" type="get"><query xmlns="jabber:iq:interactive"><method name="simple:plugin:update"><beans xmlns="http://www.handpet.com/config/beans" version="1.0"><bean name="simple_plugin_update_protocol"><property name="api_verison" value="140"/><property name="pluginMap"><map/></property></bean></beans></method></query></iq></body>
12-03 16:48:10.955  3730  8102 D fe      : [fe][583224284][tid_5905](61)data:magazine_source_type_data
12-03 16:48:10.956  3730  4459 D um      : [um][583224285][tid_102](127)[HttpCoreOperatorS] userAgent:Mozilla/5.0 (Linux; U; Android 7.0; zh-cn; AOSP on Shamu Build/NBD90Z) AppleWebKit/534.30 (KHTML, like Gecko) Version/4.0 Mobile Safari/534.30
12-03 16:48:10.956  3730  8102 I fe      : [fe][583224285][tid_5905](73)[VTDDataHelper] simpleData = n.bl@51aa9f7
12-03 16:48:10.956  3730  4459 D um      : [um][583224285][tid_102](131)httpPost. httpClient = n.kh@d9c633d
12-03 16:48:10.956  3730  8102 D fe      : [fe][583224285][tid_5905](61)data:file
12-03 16:48:10.956  3730  4459 I kg      : [kg][583224285][tid_102](318)doExecute request=org.apache.http.client.methods.HttpPost@82dd064
12-03 16:48:10.957  3730  8102 I fe      : [fe][583224286][tid_5905](73)[VTDDataHelper] simpleData = n.e@25862cd
12-03 16:48:10.958  3730  8102 D fe      : [fe][583224286][tid_5905](61)data:magazine_source_type_data
12-03 16:48:10.958  3730  8102 I fe      : [fe][583224287][tid_5905](73)[VTDDataHelper] simpleData = n.bl@54ab782
12-03 16:48:10.958  3730  8102 D fe      : [fe][583224287][tid_5905](61)data:file
12-03 16:48:10.959  3730  8102 I fe      : [fe][583224288][tid_5905](73)[VTDDataHelper] simpleData = n.e@545ee93
12-03 16:48:10.959  3730  8102 D fe      : [fe][583224288][tid_5905](61)data:magazine_source_type_data
12-03 16:48:10.960  3730  8102 I fe      : [fe][583224289][tid_5905](73)[VTDDataHelper] simpleData = n.bl@6298ed0
12-03 16:48:10.960  3730  8102 D fe      : [fe][583224289][tid_5905](61)data:file
12-03 16:48:10.961  3730  8102 I fe      : [fe][583224289][tid_5905](73)[VTDDataHelper] simpleData = n.e@e155ec9
12-03 16:48:10.961  3730  8102 D fe      : [fe][583224290][tid_5905](61)data:magazine_source_type_data
12-03 16:48:10.962  3730  8102 I fe      : [fe][583224291][tid_5905](73)[VTDDataHelper] simpleData = n.bl@a70c9ce
12-03 16:48:10.962  3730  8102 D fe      : [fe][583224291][tid_5905](61)data:file
12-03 16:48:10.963  3730  8102 I fe      : [fe][583224291][tid_5905](73)[VTDDataHelper] simpleData = n.e@2d6e0ef
12-03 16:48:10.963  3730  8102 D fe      : [fe][583224292][tid_5905](61)data:magazine_source_type_data
12-03 16:48:10.963  3730  8102 I fe      : [fe][583224292][tid_5905](73)[VTDDataHelper] simpleData = n.bl@5e0c7fc
12-03 16:48:10.964  3730  8102 D fe      : [fe][583224293][tid_5905](61)data:file
12-03 16:48:10.964  3730  8102 I fe      : [fe][583224293][tid_5905](73)[VTDDataHelper] simpleData = n.e@68c1e85
12-03 16:48:10.965  3730  8102 D fe      : [fe][583224294][tid_5905](61)data:magazine_source_type_data
12-03 16:48:10.965  3730  8102 I fe      : [fe][583224294][tid_5905](73)[VTDDataHelper] simpleData = n.bl@ad3b4da
12-03 16:48:10.966  3730  8102 D fe      : [fe][583224295][tid_5905](61)data:file
12-03 16:48:10.966  3730  8102 I fe      : [fe][583224295][tid_5905](73)[VTDDataHelper] simpleData = n.e@7da9d0b
12-03 16:48:10.967  3730  8102 D fe      : [fe][583224296][tid_5905](61)data:magazine_source_type_data
12-03 16:48:10.967  3730  8102 I fe      : [fe][583224296][tid_5905](73)[VTDDataHelper] simpleData = n.bl@57067e8
12-03 16:48:10.968  3730  8102 D fe      : [fe][583224297][tid_5905](61)data:file
12-03 16:48:10.968  3730  8102 I fe      : [fe][583224297][tid_5905](73)[VTDDataHelper] simpleData = n.e@5f51e01
12-03 16:48:10.969  3730  8102 D fe      : [fe][583224298][tid_5905](61)data:magazine_source_type_data
12-03 16:48:10.969  3730  8102 I fe      : [fe][583224298][tid_5905](73)[VTDDataHelper] simpleData = n.bl@e4844a6
12-03 16:48:10.970  3730  8102 D fe      : [fe][583224298][tid_5905](61)data:file
12-03 16:48:10.970  3730  8102 I fe      : [fe][583224299][tid_5905](73)[VTDDataHelper] simpleData = n.e@813fee7
12-03 16:48:10.970  3730  8102 D fe      : [fe][583224299][tid_5905](61)data:magazine_source_type_data
12-03 16:48:10.971  3730  8102 I fe      : [fe][583224300][tid_5905](73)[VTDDataHelper] simpleData = n.bl@5d81a94
12-03 16:48:10.971  3730  8102 D fe      : [fe][583224300][tid_5905](61)data:file
12-03 16:48:10.972  3730  8102 I fe      : [fe][583224301][tid_5905](73)[VTDDataHelper] simpleData = n.e@794993d
12-03 16:48:10.972  3730  8102 D fe      : [fe][583224301][tid_5905](61)data:magazine_source_type_data
12-03 16:48:10.973  3730  8102 I fe      : [fe][583224302][tid_5905](73)[VTDDataHelper] simpleData = n.bl@3240532
12-03 16:48:10.973  3730  8102 D fe      : [fe][583224302][tid_5905](61)data:file
12-03 16:48:10.974  3730  8102 I fe      : [fe][583224302][tid_5905](73)[VTDDataHelper] simpleData = n.e@697a283
12-03 16:48:10.975  3730  8102 D fe      : [fe][583224303][tid_5905](61)data:magazine_source_type_data
12-03 16:48:10.975  3730  8102 I fe      : [fe][583224304][tid_5905](73)[VTDDataHelper] simpleData = n.bl@6664c00
12-03 16:48:10.976  3730  8102 D fe      : [fe][583224305][tid_5905](61)data:file
12-03 16:48:10.976  3730  8102 I fe      : [fe][583224305][tid_5905](73)[VTDDataHelper] simpleData = n.e@cb68c39
12-03 16:48:10.977  3730  8102 D fe      : [fe][583224306][tid_5905](61)data:magazine_source_type_data
12-03 16:48:10.977  3730  8102 I fe      : [fe][583224306][tid_5905](73)[VTDDataHelper] simpleData = n.bl@589427e
12-03 16:48:10.978  3730  8102 D fe      : [fe][583224307][tid_5905](61)data:file
12-03 16:48:10.978  3730  8102 I fe      : [fe][583224307][tid_5905](73)[VTDDataHelper] simpleData = n.e@927e3df
12-03 16:48:10.979  3730  8102 D ym      : [ym][583224308][tid_5905](257)[magazine_down_content] [update] [autoUpdate] [send protocol] [subscribe size:12]
12-03 16:48:10.979  3730  8102 D wd      : [wd][583224308][tid_5905](54)create preferences name:magazine
12-03 16:48:10.980  3730  8102 I wd      : [wd][583224308][tid_5905](79)preference name:magazine getString key:data_server_time,value:null
12-03 16:48:10.980  3730  8102 D ym      : [ym][583224309][tid_5905](260)[magazine_down_content] [update] [autoUpdate] [send protocol] [old serverTime:null]
12-03 16:48:10.980  3730  8102 D ym      : [ym][583224309][tid_5905](295)[magazine_down_content] [update] [autoUpdate] [start send protocol]
12-03 16:48:10.980  3730  8102 I ServerProvider: [ServerProvider][583224309][tid_5905](123)toQuery n.li@ae4282c
12-03 16:48:10.981  3730  8102 W wd      : [wd][583224309][tid_5905](52)create preferences name:userinfo
12-03 16:48:10.981  3730  8102 D uq      : [uq][583224310][tid_5905](241)getIProtocolHandler  SubDomain : magazine , Xmlns: jabber:iq:magazine, Method : simple:magazine:content:list:by:source ,isSimple : true ,handler :n.uj@56ab2f5
12-03 16:48:10.981  3730  8102 I uq      : [uq][583224310][tid_5905](158)id:3642d9d42efa3aa
12-03 16:48:10.981  3730  8102 I uq      : [uq][583224310][tid_5905](160)[NewHttpService] blockSend id = 3642d9d42efa3aa,step1 = 0
12-03 16:48:10.982  3730  8102 I uq      : [uq][583224311][tid_5905](164)[NewHttpService] blockSend id = 3642d9d42efa3aa,step2 = 1
12-03 16:48:10.982  3730  8102 I uq      : [uq][583224311][tid_5905](139)this:n.uq@1bd2f61  sender:n.uo@802ea86
12-03 16:48:10.982  3730  8102 D ur      : [ur][583224311][tid_5905](44)push a handler : uj
12-03 16:48:10.982  3730  8102 I uq      : [uq][583224311][tid_5905](166)[NewHttpService] blockSend id = 3642d9d42efa3aa,step3 = 1
12-03 16:48:10.983  3730  8102 I uq      : [uq][583224312][tid_5905](167)[NewHttpService] blockSend id = 3642d9d42efa3aa, timeout = 20000
12-03 16:48:11.012  3730  4459 I kg      : [kg][583224341][tid_102](320)response = org.apache.http.message.BasicHttpResponse@f73088a
12-03 16:48:11.013  3730  4459 D kg      : [kg][583224341][tid_102](322)uri = http://115.28.84.237/a/1/?p=a&v=5&c=g&st=b29a13374853e6552135a6436e5ed0be&sv=6.131&az=android-ipro-magazine&id=10433077265316&sid=7f549c03100042a6@a1.stage.vlife.com
12-03 16:48:11.014  3730  4459 D kg      : [kg][583224342][tid_102](325)header name = platform, value = android
12-03 16:48:11.015  3730  4459 D kg      : [kg][583224343][tid_102](325)header name = User-Agent, value = Mozilla/5.0 (Linux; U; Android 7.0; zh-cn; AOSP on Shamu Build/NBD90Z) AppleWebKit/534.30 (KHTML, like Gecko) Version/4.0 Mobile Safari/534.30
12-03 16:48:11.015  3730  4459 I kg      : [kg][583224344][tid_102](378)doGetAllHeaders
12-03 16:48:11.016  3730  4459 I kg      : [kg][583224345][tid_102](336)doGetStatusCode
12-03 16:48:11.017  3730  4459 I um      : [um][583224345][tid_102](137)response code:206
12-03 16:48:11.018  3730  4459 I kg      : [kg][583224346][tid_102](352)doGetEntityByteArray
12-03 16:48:11.019  3730  4459 I ug      : [ug][583224347][tid_102](47)inflate length:584
12-03 16:48:11.021  3730  4459 I um      : [um][583224349][tid_102](174)response CONTENT <body xmlns="http://jabber.org/protocol/httpbind" rid="13" sid="7f549c03100042a6@a1.stage.vlife.com" ><iq from="interactive.stage.vlife.com" to="10433077265316@a1.stage.vlife.com/android-2.1-pet" id="3642d9d42efa3a9" sid="7f549c03100042a6@a1.stage.vlife.com" type="result"><query xmlns="jabber:iq:interactive"><method name="simple:plugin:update"><beans xmlns="http://www.handpet.com/config/beans" version="1.0"><bean name="simple_plugin_update_protocol"><property name="api_verison" value="140"/><property name="pluginMap"><map/></property></bean></beans></method></query></iq></body>
12-03 16:48:11.023  3730  4459 I uu      : [uu][583224351][tid_102](21)getRid :14
12-03 16:48:11.024  3730  4459 I um      : [um][583224352][tid_102](212)use old Iparser current:iq
12-03 16:48:11.025  3730  4459 I un      : [un][583224353][tid_102](58)http send type:OK
12-03 16:48:11.025  3730  4459 D uq      : [uq][583224354][tid_102](73)hanldeReceiving ! getCurrentTagName:iq
12-03 16:48:11.027  3730  4459 I un      : [un][583224356][tid_102](43)http send thread run
12-03 16:48:11.027  3730  8114 D uj      : [uj][583224356][tid_5913](86)from:interactive.stage.vlife.com type:result subDomain:interactive
12-03 16:48:11.028  3730  8114 D uj      : [uj][583224357][tid_5913](92)xmlns : jabber:iq:interactive method : simple:plugin:update
12-03 16:48:11.028  3730  4459 D ur      : [ur][583224356][tid_102](72)waiting list Condition signal heartIndex:0 waitTime:2
12-03 16:48:11.028  3730  8114 I uj      : [uj][583224357][tid_5913](94)n.uj start method type:result
12-03 16:48:11.028  3730  8114 D uj      : [uj][583224357][tid_5913](69)xml:<beans xmlns="http://www.handpet.com/config/beans" version="1.0"><bean name="simple_plugin_update_protocol"><property name="api_verison" value="140"/><property name="pluginMap"><map/></property></bean></beans>
12-03 16:48:11.028  3730  4459 I un      : [un][583224357][tid_102](46)http send list:[n.uj@56ab2f5]
12-03 16:48:11.028  3730  8114 D fe      : [fe][583224357][tid_5913](61)data:simple_plugin_update_protocol
12-03 16:48:11.029  3730  8114 I fe      : [fe][583224358][tid_5913](73)[VTDDataHelper] simpleData = n.cp@8819b18
12-03 16:48:11.029  3730  8114 I uj      : [uj][583224358][tid_5913](103)n.uj end cost time:1 result:n.cp@8819b18
12-03 16:48:11.029  3730  8114 D uq      : [uq][583224358][tid_5913](95)handler:n.uj@3eb7da0 parser:n.gp@9008971 callback:n.ajk$2@d812356 left:19829
12-03 16:48:11.030  3730  8104 I jv      : [jv][583224359][tid_5907](95)TimingNetworkTimerServerTask end , task : plugin_update 
12-03 16:48:11.031  3730  8104 I TaskServiceProvider: [TaskServiceProvider][583224359][tid_5907](379)[VlifeTaskService]  end  task : plugin_update
12-03 16:48:11.032  3730  8104 I TaskServiceProvider: [TaskServiceProvider][583224360][tid_5907](382)[VlifeTaskService]  this task is Cycle ,task : plugin_update , time : 21600000 
12-03 16:48:11.033  3730  8104 I vt      : [vt][583224361][tid_5907](22)realPackageName:com.android.systemui vlifePackageName:com.vlife.ipro.magazine
12-03 16:48:11.034  3730  4459 I ue      : [ue][583224363][tid_102](75)create segment class n.uj use time:5024us
12-03 16:48:11.034  3730  8104 D gn      : [gn][583224363][tid_5907](96)VlifeTaskService schedule task=plugin_update, isCycleOrDelay=true,time=21600000,requestCode=93687749
12-03 16:48:11.034  3730  4459 I uu      : [uu][583224363][tid_102](28)getRidAndIncrement :14
12-03 16:48:11.035  3730  4459 I um      : [um][583224364][tid_102](112)Request url : http://115.28.84.237/a/1/?p=a&v=5&c=g&st=b29a13374853e6552135a6436e5ed0be&sv=6.131&az=android-ipro-magazine&id=10433077265316&sid=7f549c03100042a6@a1.stage.vlife.com
12-03 16:48:11.035  3730  4459 I um      : [um][583224364][tid_102](121)Request content : <body rid="14" count="1" wait="2" sid="7f549c03100042a6@a1.stage.vlife.com"><iq to="magazine.stage.vlife.com" id="3642d9d42efa3aa" type="get"><query xmlns="jabber:iq:magazine"><method name="simple:magazine:content:list:by:source"><beans xmlns="http://www.handpet.com/config/beans" version="1.0"><bean name="simple_magazine_content_list_by_source_protocol"><property name="mn" value="0"/><property name="sl"><list><value>5</value><value>1</value><value>2</value><value>10</value><value>29</value><value>28</value><value>8</value><value>30</value><value>31</value><value>36</value><value>3</value><value>4</value></list></property></bean></beans></method></query></iq></body>
12-03 16:48:11.036  3730  4459 D um      : [um][583224364][tid_102](127)[HttpCoreOperatorS] userAgent:Mozilla/5.0 (Linux; U; Android 7.0; zh-cn; AOSP on Shamu Build/NBD90Z) AppleWebKit/534.30 (KHTML, like Gecko) Version/4.0 Mobile Safari/534.30
12-03 16:48:11.036  3730  4459 D um      : [um][583224365][tid_102](131)httpPost. httpClient = n.kh@d9c633d
12-03 16:48:11.036  3730  4459 I kg      : [kg][583224365][tid_102](318)doExecute request=org.apache.http.client.methods.HttpPost@3446fd7
12-03 16:48:11.036  3730  8104 I gn      : [gn][583224365][tid_5907](100)[VlifeTaskService] [next awake intervalMillis] [21600000]
12-03 16:48:11.037  3730  8117 D gn      : [gn][583224366][tid_5914](104)task run
12-03 16:48:11.037  3730  8117 W wd      : [wd][583224366][tid_5914](52)create preferences name:timing_network_preference
12-03 16:48:11.038  3730  8117 I jv      : [jv][583224367][tid_5914](84)first time ready type:plugin_update
12-03 16:48:11.038  3730  8117 I jv      : [jv][583224367][tid_5914](86)judge timing task whether or not can run,judge task type is :plugin_update
12-03 16:48:11.038  3730  8104 D gm      : [gm][583224366][tid_5907](48)TaskSignalQueue-remove n.gl@49b69ed
12-03 16:48:11.038  3730  8117 W wd      : [wd][583224367][tid_5914](52)create preferences name:timing_network_preference
12-03 16:48:11.039  3730  8117 I qi      : [qi][583224368][tid_5914](244)currentApn:WIFI
12-03 16:48:11.040  3730  8117 I qi      : [qi][583224368][tid_5914](213)currentApn:WIFI
12-03 16:48:11.040  3730  8117 D jx      : [jx][583224369][tid_5914](47)canConnectNetWork result == true
12-03 16:48:11.041  3730  8117 I qi      : [qi][583224370][tid_5914](244)currentApn:WIFI
12-03 16:48:11.041  3730  8117 I jv      : [jv][583224370][tid_5914](55)[TimingNetworkTask] NetStatus.APN_WIFI,return true 
12-03 16:48:11.042  3730  8117 D jv      : [jv][583224370][tid_5914](116)canRun task=plugin_update, result=207, frequency=21600000
12-03 16:48:11.042  3730  8117 D jv      : [jv][583224371][tid_5914](120)Judgment result can not run , reason :Minimum time interval is not satisfied, task type is plugin_update
12-03 16:48:11.042  3730  8117 W jv      : [jv][583224371][tid_5914](93)task : plugin_update can't run!
12-03 16:48:11.042  3730  8117 I jv      : [jv][583224371][tid_5914](95)TimingNetworkTimerServerTask end , task : plugin_update 
12-03 16:48:11.073  3730  4459 I kg      : [kg][583224402][tid_102](320)response = org.apache.http.message.BasicHttpResponse@58150c4
12-03 16:48:11.074  3730  4459 D kg      : [kg][583224403][tid_102](322)uri = http://115.28.84.237/a/1/?p=a&v=5&c=g&st=b29a13374853e6552135a6436e5ed0be&sv=6.131&az=android-ipro-magazine&id=10433077265316&sid=7f549c03100042a6@a1.stage.vlife.com
12-03 16:48:11.074  3730  4459 D kg      : [kg][583224403][tid_102](325)header name = platform, value = android
12-03 16:48:11.074  3730  4459 D kg      : [kg][583224403][tid_102](325)header name = User-Agent, value = Mozilla/5.0 (Linux; U; Android 7.0; zh-cn; AOSP on Shamu Build/NBD90Z) AppleWebKit/534.30 (KHTML, like Gecko) Version/4.0 Mobile Safari/534.30
12-03 16:48:11.074  3730  4459 I kg      : [kg][583224403][tid_102](378)doGetAllHeaders
12-03 16:48:11.074  3730  4459 I kg      : [kg][583224403][tid_102](336)doGetStatusCode
12-03 16:48:11.074  3730  4459 I um      : [um][583224403][tid_102](137)response code:206
12-03 16:48:11.075  3730  4459 I kg      : [kg][583224404][tid_102](352)doGetEntityByteArray
12-03 16:48:11.075  3730  4459 I ug      : [ug][583224404][tid_102](47)inflate length:973
12-03 16:48:11.075  3730  4459 I um      : [um][583224404][tid_102](174)response CONTENT <body xmlns="http://jabber.org/protocol/httpbind" rid="14" sid="7f549c03100042a6@a1.stage.vlife.com" ><iq from="push.stage.vlife.com" to="10433077265316@a1.stage.vlife.com/android-2.1-pet" id="3642d9d42efa3a8" sid="7f549c03100042a6@a1.stage.vlife.com" type="result"><query xmlns="jabber:iq:push"><method name="simple:push"><beans xmlns="http://www.handpet.com/config/beans" version="1.0"><bean name="simple_push_message"><property name="networkTimeAfterBoot" value="600000"/><property name="pushMessageDataList"><list><bean name="push_message_data"><property name="time" value="1498743135000"/><property name="type" value="flash_content"/></bean><bean name="push_message_data"><property name="time" value="1498743135000"/><property name="type" value="wallpaper_recommended"/></bean></list></property><property name="enabled" value="1"/><property name="isVlifeWallpaperShown" value="-1"/><property name="frequency" value="60000"/></bean></beans></method></query></iq></body>
12-03 16:48:11.076  3730  4459 I uu      : [uu][583224405][tid_102](21)getRid :15
12-03 16:48:11.076  3730  4459 I um      : [um][583224405][tid_102](212)use old Iparser current:iq
12-03 16:48:11.076  3730  4459 I un      : [un][583224405][tid_102](58)http send type:OK
12-03 16:48:11.076  3730  4459 D uq      : [uq][583224405][tid_102](69)id:3642d9d42efa3a8 countDownMap
12-03 16:48:11.076  3730  4459 I un      : [un][583224405][tid_102](43)http send thread run
12-03 16:48:11.077  3730  8103 I uq      : [uq][583224405][tid_5906](169)[NewHttpService] blockSend id = 3642d9d42efa3a8,step4 = 222
12-03 16:48:11.077  3730  4459 D ur      : [ur][583224406][tid_102](72)waiting list Condition signal heartIndex:0 waitTime:2
12-03 16:48:11.077  3730  8103 I uq      : [uq][583224406][tid_5906](171)[NewHttpService] blockSend id = 3642d9d42efa3a8,step5 = 223
12-03 16:48:11.077  3730  8103 D uq      : [uq][583224406][tid_5906](172)callback : null
12-03 16:48:11.077  3730  8103 D uq      : [uq][583224406][tid_5906](174)parser:n.gp@a434bad
12-03 16:48:11.077  3730  8103 D uj      : [uj][583224406][tid_5906](86)from:push.stage.vlife.com type:result subDomain:push
12-03 16:48:11.078  3730  8103 D uj      : [uj][583224407][tid_5906](92)xmlns : jabber:iq:push method : simple:push
12-03 16:48:11.078  3730  8103 I uj      : [uj][583224407][tid_5906](94)n.uj start method type:result
12-03 16:48:11.078  3730  8103 D uj      : [uj][583224407][tid_5906](69)xml:<beans xmlns="http://www.handpet.com/config/beans" version="1.0"><bean name="simple_push_message"><property name="networkTimeAfterBoot" value="600000"/><property name="pushMessageDataList"><list><bean name="push_message_data"><property name="time" value="1498743135000"/><property name="type" value="flash_content"/></bean><bean name="push_message_data"><property name="time" value="1498743135000"/><property name="type" value="wallpaper_recommended"/></bean></list></property><property name="enabled" value="1"/><property name="isVlifeWallpaperShown" value="-1"/><property name="frequency" value="60000"/></bean></beans>
12-03 16:48:11.079  3730  8103 D fe      : [fe][583224408][tid_5906](61)data:simple_push_message
12-03 16:48:11.079  3730  8103 I fe      : [fe][583224408][tid_5906](73)[VTDDataHelper] simpleData = n.cr@4841ee2
12-03 16:48:11.080  3730  8103 D fe      : [fe][583224408][tid_5906](61)data:push_message_data
12-03 16:48:11.080  3730  8103 I fe      : [fe][583224409][tid_5906](73)[VTDDataHelper] simpleData = n.ae@2763273
12-03 16:48:11.080  3730  8103 D fe      : [fe][583224409][tid_5906](61)data:push_message_data
12-03 16:48:11.081  3730  8103 I fe      : [fe][583224409][tid_5906](73)[VTDDataHelper] simpleData = n.ae@7a4b530
12-03 16:48:11.081  3730  8103 I uj      : [uj][583224410][tid_5906](103)n.uj end cost time:3 result:n.cr@4841ee2
12-03 16:48:11.081  3730  8103 I uq      : [uq][583224410][tid_5906](206)[NewHttpService] blockSend finally
12-03 16:48:11.082  3730  8103 I sf      : [sf][583224410][tid_5906](48)[PushProvider] pushMessageProtocol=true
12-03 16:48:11.082  3730  8103 I sf      : [sf][583224411][tid_5906](54)[PushProvider] size : 2
12-03 16:48:11.082  3730  8103 I TaskServiceProvider: [TaskServiceProvider][583224411][tid_5906](146)VlifeExecutorService executing n.sg@375f5a9
12-03 16:48:11.082  3730  8103 I TaskServiceProvider: [TaskServiceProvider][583224411][tid_5906](186)PackageName is com.vlife.ipro.magazine
12-03 16:48:11.082  3730  8103 D TaskServiceProvider: [TaskServiceProvider][583224411][tid_5906](188)TaskServiceProvider task=sg,taskType=handle_push_message
12-03 16:48:11.083  3730  8103 I vt      : [vt][583224412][tid_5906](22)realPackageName:com.android.systemui vlifePackageName:com.vlife.ipro.magazine
12-03 16:48:11.083  3730  8103 I TaskServiceProvider: [TaskServiceProvider][583224412][tid_5906](156)shell product start vlife task
12-03 16:48:11.083  3730  8103 W wd      : [wd][583224412][tid_5906](52)create preferences name:userinfo
12-03 16:48:11.084  3730  8103 I qu      : [qu][583224412][tid_5906](70)executor c:class java.util.concurrent.ThreadPoolExecutor task c:class n.gn$1
12-03 16:48:11.084  3730  8103 D gn      : [gn][583224413][tid_5906](64)packageName = com.vlife.ipro.magazine, className = com.vlife.TService
12-03 16:48:11.084  3730  8103 I sf      : [sf][583224413][tid_5906](59)[PushMessageListener] call type : flash_content ; time = 1498743135000
12-03 16:48:11.084  3730  8103 I TaskServiceProvider: [TaskServiceProvider][583224413][tid_5906](146)VlifeExecutorService executing n.sg@3c9472e
12-03 16:48:11.084  3730  8103 I TaskServiceProvider: [TaskServiceProvider][583224413][tid_5906](186)PackageName is com.vlife.ipro.magazine
12-03 16:48:11.085  3730  4095 I TaskServiceProvider: [TaskServiceProvider][583224413][tid_51](533)vlifeTaskOnStartCommand intent=#Intent;action=handle_push_message;package=com.vlife.ipro.magazine;component=com.vlife.ipro.magazine/com.vlife.TService;end
12-03 16:48:11.085  3730  8103 D TaskServiceProvider: [TaskServiceProvider][583224414][tid_5906](188)TaskServiceProvider task=sg,taskType=handle_push_message
12-03 16:48:11.085  3730  8103 I vt      : [vt][583224414][tid_5906](22)realPackageName:com.android.systemui vlifePackageName:com.vlife.ipro.magazine
12-03 16:48:11.085  3730  8103 I TaskServiceProvider: [TaskServiceProvider][583224414][tid_5906](156)shell product start vlife task
12-03 16:48:11.085  3730  8103 W wd      : [wd][583224414][tid_5906](52)create preferences name:userinfo
12-03 16:48:11.085  3730  4095 D TaskServiceProvider: [TaskServiceProvider][583224414][tid_51](545)pyramidney:null
12-03 16:48:11.086  3730  8103 I kg      : [kg][583224415][tid_5906](267)random and http error for test
12-03 16:48:11.086  3730  8103 I TaskServiceProvider: [TaskServiceProvider][583224415][tid_5906](162)shell product start vlife task
12-03 16:48:11.086  3730  8103 I sf      : [sf][583224415][tid_5906](59)[PushMessageListener] call type : wallpaper_recommended ; time = 1498743135000
12-03 16:48:11.086  3730  8103 W wd      : [wd][583224415][tid_5906](52)create preferences name:push_message
12-03 16:48:11.086  3730  4095 D gm      : [gm][583224415][tid_51](33)TaskSignalQueue-add n.gl@bf782cf
12-03 16:48:11.086  3730  8103 I wd      : [wd][583224415][tid_5906](84)preference name:push_message putStringAndCommit key:boot_limit_time,value:600000
12-03 16:48:11.087  3730  8103 W wd      : [wd][583224416][tid_5906](89)push_message putString boot_limit_time
12-03 16:48:11.088  3730  8104 D TaskServiceProvider: [TaskServiceProvider][583224416][tid_5907](254)Bundle=Bundle[{time=1498743135000, type=flash_content}] taskType=handle_push_message
