12-06 04:02:10.099 11883 17962 D us      : [us][13299484][tid_187](95)handler:n.ul@b5b8e6f parser:n.gr@bf4c4e9 callback:n.ajo$2@6d056e left:19504
12-06 04:02:10.101 11883 17917 I jx      : [jx][13299488][tid_178](95)TimingNetworkTimerServerTask end , task : plugin_update 
12-06 04:02:10.101 11883 17917 I TaskServiceProvider: [TaskServiceProvider][13299488][tid_178](379)[VlifeTaskService]  end  task : plugin_update
12-06 04:02:10.101 11883 17917 I TaskServiceProvider: [TaskServiceProvider][13299488][tid_178](382)[VlifeTaskService]  this task is Cycle ,task : plugin_update , time : 21600000 
12-06 04:02:10.102 11883 17917 I vv      : [vv][13299488][tid_178](22)realPackageName:com.android.systemui vlifePackageName:com.vlife.ipro.magazine
12-06 04:02:10.102 11883 17917 D gp      : [gp][13299489][tid_178](96)VlifeTaskService schedule task=plugin_update, isCycleOrDelay=true,time=21600000,requestCode=93687749
12-06 04:02:10.103 11883 17917 I gp      : [gp][13299490][tid_178](100)[VlifeTaskService] [next awake intervalMillis] [21600000]
12-06 04:02:10.103 11883 17917 D go      : [go][13299490][tid_178](48)TaskSignalQueue-remove n.gn@6745011
12-06 04:02:10.104 11883 17965 D gp      : [gp][13299491][tid_188](104)task run
12-06 04:02:10.104 11883 17965 W wf      : [wf][13299491][tid_188](52)create preferences name:timing_network_preference
12-06 04:02:10.105 11883 17965 I jx      : [jx][13299491][tid_188](84)first time ready type:plugin_update
12-06 04:02:10.105 11883 17965 I jx      : [jx][13299492][tid_188](86)judge timing task whether or not can run,judge task type is :plugin_update
12-06 04:02:10.105 11883 17965 W wf      : [wf][13299492][tid_188](52)create preferences name:timing_network_preference
12-06 04:02:10.106 11883 17965 I qk      : [qk][13299493][tid_188](244)currentApn:MOBILE
12-06 04:02:10.107 11883 17965 I qk      : [qk][13299493][tid_188](213)currentApn:MOBILE
12-06 04:02:10.107 11883 17965 D jz      : [jz][13299493][tid_188](47)canConnectNetWork result == true
12-06 04:02:10.107 11883 17965 I qk      : [qk][13299494][tid_188](244)currentApn:MOBILE
12-06 04:02:10.108 11883 17965 I jx      : [jx][13299494][tid_188](58)[TimingNetworkTask] NetStatus. 2G,return true 
12-06 04:02:10.109 11883 17965 I pm      : [pm][13299495][tid_188](600)isScreenLocked  isScreenOn:true inKeyguardRestrictedInputMode:false
12-06 04:02:10.109 11883 17965 I jx      : [jx][13299496][tid_188](60)[TimingNetworkTask] is not ScreenLocked,return true 
12-06 04:02:10.109 11883 17965 D jx      : [jx][13299496][tid_188](116)canRun task=plugin_update, result=534, frequency=21600000
12-06 04:02:10.109 11883 17965 D jx      : [jx][13299496][tid_188](120)Judgment result can not run , reason :Minimum time interval is not satisfied, task type is plugin_update
12-06 04:02:10.109 11883 17965 W jx      : [jx][13299496][tid_188](93)task : plugin_update can't run!
12-06 04:02:10.110 11883 17965 I jx      : [jx][13299496][tid_188](95)TimingNetworkTimerServerTask end , task : plugin_update 
12-06 04:02:10.968 11883 11883 D NewDownloadProvider: [NewDownloadProvider][13300354][tid_1](408)[download_net_change] handleMessage
12-06 04:02:10.968 11883 11883 D fk      : [fk][13300355][tid_1](49)[download_net_change] refreshNetworkType
12-06 04:02:10.971 11883 11883 D fk      : [fk][13300357][tid_1](51)changeNetWork 16 -> 2, start
12-06 04:02:10.972 11883 11883 D NewDownloadProvider: [NewDownloadProvider][13300358][tid_1](338)[new_download] [download_net_change] =======>start [oldType:16] [currentType:2]
12-06 04:02:10.974 11883 11883 D fk      : [fk][13300360][tid_1](59)changeNetWork end
12-06 04:02:12.093 11883 12342 I up      : [up][13301479][tid_101](46)http send list:[]
12-06 04:02:12.094 11883 12342 I uw      : [uw][13301480][tid_101](28)getRidAndIncrement :5
12-06 04:02:12.096 11883 12342 I uo      : [uo][13301482][tid_101](112)Request url : http://115.28.84.237/a/1/?p=a&v=5&c=g&st=b29a13374853e6552135a6436e5ed0be&sv=6.131&az=android-ipro-magazine&id=10493580917104&sid=7f549c0310006b20@a1.stage.vlife.com
12-06 04:02:12.100 11883 12342 I uo      : [uo][13301485][tid_101](121)Request content : <body rid="5" count="0" wait="2" sid="7f549c0310006b20@a1.stage.vlife.com"></body>
12-06 04:02:12.101 11883 12342 D uo      : [uo][13301487][tid_101](127)[HttpCoreOperatorS] userAgent:Mozilla/5.0 (Linux; U; Android 7.0; zh-cn; AOSP on Shamu Build/NBD90Z) AppleWebKit/534.30 (KHTML, like Gecko) Version/4.0 Mobile Safari/534.30
12-06 04:02:12.102 11883 12342 D uo      : [uo][13301488][tid_101](131)httpPost. httpClient = n.kj@6b62cd9
12-06 04:02:12.103 11883 12342 I ki      : [ki][13301489][tid_101](318)doExecute request=org.apache.http.client.methods.HttpPost@727040f
12-06 04:02:12.219 11883 12342 I ki      : [ki][13301605][tid_101](320)response = org.apache.http.message.BasicHttpResponse@1737c9c
12-06 04:02:12.220 11883 12342 D ki      : [ki][13301607][tid_101](322)uri = http://115.28.84.237/a/1/?p=a&v=5&c=g&st=b29a13374853e6552135a6436e5ed0be&sv=6.131&az=android-ipro-magazine&id=10493580917104&sid=7f549c0310006b20@a1.stage.vlife.com
12-06 04:02:12.221 11883 12342 D ki      : [ki][13301608][tid_101](325)header name = platform, value = android
12-06 04:02:12.222 11883 12342 D ki      : [ki][13301609][tid_101](325)header name = User-Agent, value = Mozilla/5.0 (Linux; U; Android 7.0; zh-cn; AOSP on Shamu Build/NBD90Z) AppleWebKit/534.30 (KHTML, like Gecko) Version/4.0 Mobile Safari/534.30
12-06 04:02:12.223 11883 12342 I ki      : [ki][13301610][tid_101](378)doGetAllHeaders
12-06 04:02:12.224 11883 12342 I ki      : [ki][13301611][tid_101](336)doGetStatusCode
12-06 04:02:12.225 11883 12342 I uo      : [uo][13301611][tid_101](137)response code:206
12-06 04:02:12.226 11883 12342 I ki      : [ki][13301613][tid_101](352)doGetEntityByteArray
12-06 04:02:12.228 11883 12342 I ui      : [ui][13301614][tid_101](47)inflate length:1745
12-06 04:02:12.232 11883 12342 I uo      : [uo][13301618][tid_101](174)response CONTENT <body xmlns="http://jabber.org/protocol/httpbind" rid="5" sid="7f549c0310006b20@a1.stage.vlife.com" ><iq from="push.stage.vlife.com" to="10493580917104@a1.stage.vlife.com/android-2.1-pet" id="0450b8ef6c3de15" sid="7f549c0310006b20@a1.stage.vlife.com" type="result"><query xmlns="jabber:iq:push"><method name="simple:push"><beans xmlns="http://www.handpet.com/config/beans" version="1.0"><bean name="simple_push_message"><property name="networkTimeAfterBoot" value="600000"/><property name="pushMessageDataList"><list><bean name="push_message_data"><property name="time" value="1498743135000"/><property name="type" value="flash_content"/></bean><bean name="push_message_data"><property name="time" value="1498743135000"/><property name="type" value="wallpaper_recommended"/></bean></list></property><property name="enabled" value="1"/><property name="isVlifeWallpaperShown" value="-1"/><property name="frequency" value="60000"/></bean></beans></method></query></iq><iq from="magazine.stage.vlife.com" to="10493580917104@a1.stage.vlife.com/android-2.1-pet" id="0450b8ef6c3de16" sid="7f549c0310006b20@a1.stage.vlife.com" type="result"><query xmlns="jabber:iq:magazine"><method name="simple:magazine:content:list:by:source"><beans xmlns="http://www.handpet.com/config/beans" version="1.0"><bean name="simple_magazine_content_list_by_source_protocol"><property name="st" value="1501220739405"/><property name="mn" value="0"/><property name="cl"><list/></property><property name="sl"><list><value>5</value><value>1</value><value>2</value><value>10</value><value>29</value><value>28</value><value>8</value><value>30</value><value>31</value><value>36</value><value>3</value><value>4</value></list></property></bean></beans></method></query></iq></body>
12-06 04:02:12.238 11883 12342 I uo      : [uo][13301624][tid_101](206)build new Iparser current:iq
12-06 04:02:12.238 11883 12342 I uw      : [uw][13301625][tid_101](21)getRid :6
12-06 04:02:12.238 11883 12342 I uo      : [uo][13301625][tid_101](212)use old Iparser current:iq
12-06 04:02:12.239 11883 12342 I up      : [up][13301625][tid_101](58)http send type:OK
12-06 04:02:12.239 11883 12342 D us      : [us][13301626][tid_101](69)id:0450b8ef6c3de16 countDownMap
12-06 04:02:12.239 11883 12342 D us      : [us][13301626][tid_101](69)id:0450b8ef6c3de15 countDownMap
12-06 04:02:12.240 11883 17919 I us      : [us][13301627][tid_180](169)[NewHttpService] blockSend id = 0450b8ef6c3de15,step4 = 2620
12-06 04:02:12.240 11883 17918 I us      : [us][13301626][tid_179](169)[NewHttpService] blockSend id = 0450b8ef6c3de16,step4 = 2569
12-06 04:02:12.241 11883 17919 I us      : [us][13301627][tid_180](171)[NewHttpService] blockSend id = 0450b8ef6c3de15,step5 = 2620
12-06 04:02:12.241 11883 17919 D us      : [us][13301628][tid_180](172)callback : null
12-06 04:02:12.241 11883 17919 D us      : [us][13301628][tid_180](174)parser:n.gr@acbc6a5
12-06 04:02:12.241 11883 17918 I us      : [us][13301627][tid_179](171)[NewHttpService] blockSend id = 0450b8ef6c3de16,step5 = 2571
12-06 04:02:12.242 11883 17919 D ul      : [ul][13301628][tid_180](86)from:push.stage.vlife.com type:result subDomain:push
12-06 04:02:12.242 11883 17919 D ul      : [ul][13301629][tid_180](92)xmlns : jabber:iq:push method : simple:push
12-06 04:02:12.242 11883 17919 I ul      : [ul][13301629][tid_180](94)n.ul start method type:result
12-06 04:02:12.242 11883 17918 D us      : [us][13301628][tid_179](172)callback : n.yo$3@7e80a7a
12-06 04:02:12.243 11883 17919 D ul      : [ul][13301630][tid_180](69)xml:<beans xmlns="http://www.handpet.com/config/beans" version="1.0"><bean name="simple_push_message"><property name="networkTimeAfterBoot" value="600000"/><property name="pushMessageDataList"><list><bean name="push_message_data"><property name="time" value="1498743135000"/><property name="type" value="flash_content"/></bean><bean name="push_message_data"><property name="time" value="1498743135000"/><property name="type" value="wallpaper_recommended"/></bean></list></property><property name="enabled" value="1"/><property name="isVlifeWallpaperShown" value="-1"/><property name="frequency" value="60000"/></bean></beans>
12-06 04:02:12.243 11883 17918 D us      : [us][13301630][tid_179](174)parser:n.gr@559d22b
12-06 04:02:12.244 11883 17919 D fe      : [fe][13301631][tid_180](61)data:simple_push_message
12-06 04:02:12.244 11883 17919 I fe      : [fe][13301631][tid_180](73)[VTDDataHelper] simpleData = n.cr@d89c688
12-06 04:02:12.245 11883 17918 D ul      : [ul][13301631][tid_179](86)from:magazine.stage.vlife.com type:result subDomain:magazine
12-06 04:02:12.245 11883 17919 D fe      : [fe][13301632][tid_180](61)data:push_message_data
12-06 04:02:12.245 11883 12342 I up      : [up][13301632][tid_101](43)http send thread run
12-06 04:02:12.245 11883 17919 I fe      : [fe][13301632][tid_180](73)[VTDDataHelper] simpleData = n.ae@3572821
12-06 04:02:12.246 11883 12342 D ut      : [ut][13301632][tid_101](72)waiting list Condition signal heartIndex:1 waitTime:4
12-06 04:02:12.246 11883 17919 D fe      : [fe][13301632][tid_180](61)data:push_message_data
12-06 04:02:12.246 11883 17918 D ul      : [ul][13301632][tid_179](92)xmlns : jabber:iq:magazine method : simple:magazine:content:list:by:source
12-06 04:02:12.246 11883 17919 I fe      : [fe][13301633][tid_180](73)[VTDDataHelper] simpleData = n.ae@4dc5446
12-06 04:02:12.247 11883 17919 I ul      : [ul][13301633][tid_180](103)n.ul end cost time:5 result:n.cr@d89c688
12-06 04:02:12.247 11883 17918 I ul      : [ul][13301633][tid_179](94)n.ul start method type:result
12-06 04:02:12.247 11883 17919 I us      : [us][13301634][tid_180](206)[NewHttpService] blockSend finally
12-06 04:02:12.248 11883 17919 I sh      : [sh][13301634][tid_180](48)[PushProvider] pushMessageProtocol=true
12-06 04:02:12.248 11883 17919 I sh      : [sh][13301634][tid_180](54)[PushProvider] size : 2
12-06 04:02:12.248 11883 17919 I TaskServiceProvider: [TaskServiceProvider][13301635][tid_180](146)VlifeExecutorService executing n.si@7a16607
12-06 04:02:12.249 11883 17919 I TaskServiceProvider: [TaskServiceProvider][13301635][tid_180](186)PackageName is com.vlife.ipro.magazine
12-06 04:02:12.249 11883 17919 D TaskServiceProvider: [TaskServiceProvider][13301635][tid_180](188)TaskServiceProvider task=si,taskType=handle_push_message
12-06 04:02:12.249 11883 17919 I vv      : [vv][13301636][tid_180](22)realPackageName:com.android.systemui vlifePackageName:com.vlife.ipro.magazine
12-06 04:02:12.250 11883 17918 D ul      : [ul][13301635][tid_179](69)xml:<beans xmlns="http://www.handpet.com/config/beans" version="1.0"><bean name="simple_magazine_content_list_by_source_protocol"><property name="st" value="1501220739405"/><property name="mn" value="0"/><property name="cl"><list/></property><property name="sl"><list><value>5</value><value>1</value><value>2</value><value>10</value><value>29</value><value>28</value><value>8</value><value>30</value><value>31</value><value>36</value><value>3</value><value>4</value></list></property></bean></beans>
12-06 04:02:12.250 11883 17919 I TaskServiceProvider: [TaskServiceProvider][13301637][tid_180](156)shell product start vlife task
12-06 04:02:12.250 11883 17919 W wf      : [wf][13301637][tid_180](52)create preferences name:userinfo
12-06 04:02:12.252 11883 17919 I qw      : [qw][13301638][tid_180](70)executor c:class java.util.concurrent.ThreadPoolExecutor task c:class n.gp$1
12-06 04:02:12.252 11883 17919 D gp      : [gp][13301639][tid_180](64)packageName = com.vlife.ipro.magazine, className = com.vlife.TService
12-06 04:02:12.253 11883 17919 I sh      : [sh][13301639][tid_180](59)[PushMessageListener] call type : flash_content ; time = 1498743135000
12-06 04:02:12.253 11883 17919 I TaskServiceProvider: [TaskServiceProvider][13301640][tid_180](146)VlifeExecutorService executing n.si@d38c334
12-06 04:02:12.253 11883 12100 I TaskServiceProvider: [TaskServiceProvider][13301639][tid_53](546)vlifeTaskOnStartCommand intent=#Intent;action=handle_push_message;package=com.vlife.ipro.magazine;component=com.vlife.ipro.magazine/com.vlife.TService;end
12-06 04:02:12.253 11883 17919 I TaskServiceProvider: [TaskServiceProvider][13301640][tid_180](186)PackageName is com.vlife.ipro.magazine
12-06 04:02:12.254 11883 17919 D TaskServiceProvider: [TaskServiceProvider][13301640][tid_180](188)TaskServiceProvider task=si,taskType=handle_push_message
12-06 04:02:12.254 11883 17919 I vv      : [vv][13301641][tid_180](22)realPackageName:com.android.systemui vlifePackageName:com.vlife.ipro.magazine
12-06 04:02:12.254 11883 12100 D TaskServiceProvider: [TaskServiceProvider][13301640][tid_53](558)pyramidney:null
12-06 04:02:12.254 11883 17919 I TaskServiceProvider: [TaskServiceProvider][13301641][tid_180](156)shell product start vlife task
12-06 04:02:12.255 11883 17919 W wf      : [wf][13301641][tid_180](52)create preferences name:userinfo
12-06 04:02:12.255 11883 12100 D go      : [go][13301641][tid_53](33)TaskSignalQueue-add n.gn@add255d
12-06 04:02:12.255 11883 17919 I ki      : [ki][13301642][tid_180](267)random and http error for test
12-06 04:02:12.256 11883 17919 I TaskServiceProvider: [TaskServiceProvider][13301642][tid_180](162)shell product start vlife task
12-06 04:02:12.256 11883 17919 I sh      : [sh][13301643][tid_180](59)[PushMessageListener] call type : wallpaper_recommended ; time = 1498743135000
12-06 04:02:12.256 11883 17919 W wf      : [wf][13301643][tid_180](52)create preferences name:push_message
12-06 04:02:12.257 11883 17919 I wf      : [wf][13301643][tid_180](84)preference name:push_message putStringAndCommit key:boot_limit_time,value:600000
12-06 04:02:12.257 11883 17919 W wf      : [wf][13301644][tid_180](89)push_message putString boot_limit_time
12-06 04:02:12.258 11883 17919 I sh      : [sh][13301644][tid_180](107)[PushProvider] newFrequency :60000, old=21600000, bootLimitTime=600000
12-06 04:02:12.258 11883 17919 I wf      : [wf][13301644][tid_180](129)preference name:push_message putLongAndCommit key:get_push_frequency,value:21600000
12-06 04:02:12.258 11883 17919 W wf      : [wf][13301645][tid_180](134)push_message putLong get_push_frequency
12-06 04:02:12.259 11883 17917 D TaskServiceProvider: [TaskServiceProvider][13301643][tid_178](254)Bundle=Bundle[{time=1498743135000, type=flash_content}] taskType=handle_push_message
12-06 04:02:12.259 11883 17919 W wf      : [wf][13301645][tid_180](52)create preferences name:timing_network_preference
12-06 04:02:12.259 11883 17918 D fe      : [fe][13301645][tid_179](61)data:simple_magazine_content_list_by_source_protocol
12-06 04:02:12.259 11883 17917 D TaskServiceProvider: [TaskServiceProvider][13301646][tid_178](258)getVlifeTask vlifeTask=n.si@4796ed2
12-06 04:02:12.259 11883 17917 I TaskServiceProvider: [TaskServiceProvider][13301646][tid_178](351)[VlifeTaskService]  TaskRunnable  running task : handle_push_message ,delay : 0, cycle : 0 
12-06 04:02:12.260 11883 17919 I TaskServiceProvider: [TaskServiceProvider][13301647][tid_180](466)Start AllTimerTask!
12-06 04:02:12.260 11883 17918 I fe      : [fe][13301647][tid_179](73)[VTDDataHelper] simpleData = n.dw@fe45ba3
12-06 04:02:12.260 11883 17917 I TaskServiceProvider: [TaskServiceProvider][13301647][tid_178](377)backstage task system start up timing task ,task type is :handle_push_message, awaking type :awake by system broadCastReceiver
12-06 04:02:12.261 11883 17917 I si      : [si][13301647][tid_178](96)[PushMessageListener] running
12-06 04:02:12.261 11883 17919 D TaskServiceProvider: [TaskServiceProvider][13301648][tid_180](239)getVlifeTask vlifeTask=n.sj@b38dea0
12-06 04:02:12.261 11883 17917 I si      : [si][13301648][tid_178](102)push type flash_content
12-06 04:02:12.261 11883 12101 D StatisticsProvider: [StatisticsProvider][13301648][tid_54](432)[statistics_test] =======>write map:n.ep@acbba59
12-06 04:02:12.262 11883 17919 D TaskServiceProvider: [TaskServiceProvider][13301648][tid_180](195)cancelTimerTask context:com.vlife.plugin.module.tools.ModuleContextUtil$1@d40778c,task:n.sj@b38dea0
12-06 04:02:12.262 11883 17917 I PushProvider: [PushProvider][13301648][tid_178](175)getContentHandler pushContentType = flash_content
12-06 04:02:12.262 11883 17919 I vv      : [vv][13301648][tid_180](22)realPackageName:com.android.systemui vlifePackageName:com.vlife.ipro.magazine
12-06 04:02:12.262 11883 12101 I StatisticsProvider: [StatisticsProvider][13301649][tid_54](516)[statistics_test] filePath /data/user_de/0/com.android.systemui/files/ua/no_ua_6.131.9.mui.dat.0 
12-06 04:02:12.262 11883 17917 W PushProvider: [PushProvider][13301649][tid_178](180)contentHandler is null, take a attention if needed!
12-06 04:02:12.262 11883 17919 I TaskServiceProvider: [TaskServiceProvider][13301649][tid_180](197)SystemProcess cancelTimerTask
12-06 04:02:12.262 11883 12101 I StatisticsProvider: [StatisticsProvider][13301649][tid_54](518)[statistics_test] ====canWrite====
12-06 04:02:12.262 11883 17917 D si      : [si][13301649][tid_178](129)!!!!pushContentType:flash_content,contentHandler:n.sk@55ba61e
12-06 04:02:12.263 11883 12101 D StatisticsProvider: [StatisticsProvider][13301649][tid_54](439)[statistics_test] =======>write path:/data/user_de/0/com.android.systemui/files/ua/no_ua_6.131.9.mui.dat.0
12-06 04:02:12.263 11883 17917 I si      : [si][13301649][tid_178](70)[PushMessageListener] call type : flash_content ; result : false
12-06 04:02:12.263 11883 17917 I TaskServiceProvider: [TaskServiceProvider][13301650][tid_178](379)[VlifeTaskService]  end  task : handle_push_message
12-06 04:02:12.263 11883 17917 D go      : [go][13301650][tid_178](48)TaskSignalQueue-remove n.gn@add255d
12-06 04:02:12.264 11883 17919 I TaskServiceProvider: [TaskServiceProvider][13301651][tid_180](146)VlifeExecutorService executing n.sj@b38dea0
12-06 04:02:12.265 11883 17919 I TaskServiceProvider: [TaskServiceProvider][13301651][tid_180](186)PackageName is com.vlife.ipro.magazine
12-06 04:02:12.265 11883 17919 D TaskServiceProvider: [TaskServiceProvider][13301652][tid_180](188)TaskServiceProvider task=sj,taskType=ua_time_send
12-06 04:02:12.265 11883 17919 I vv      : [vv][13301652][tid_180](22)realPackageName:com.android.systemui vlifePackageName:com.vlife.ipro.magazine
12-06 04:02:12.266 11883 17919 I TaskServiceProvider: [TaskServiceProvider][13301652][tid_180](156)shell product start vlife task
12-06 04:02:12.266 11883 17919 W wf      : [wf][13301653][tid_180](52)create preferences name:userinfo
12-06 04:02:12.266 11883 17918 I ul      : [ul][13301653][tid_179](103)n.ul end cost time:20 result:n.dw@fe45ba3
12-06 04:02:12.267 11883 17918 D yo      : [yo][13301653][tid_179](277)[magazine_down_content] [update] [autoUpdate] [success] [start]
12-06 04:02:12.267 11883 17919 I qw      : [qw][13301654][tid_180](70)executor c:class java.util.concurrent.ThreadPoolExecutor task c:class n.gp$1
12-06 04:02:12.267 11883 17918 D yo      : [yo][13301654][tid_179](290)[magazine_down_content] [update] [autoUpdate] [success] [no data]
12-06 04:02:12.267 11883 17919 D gp      : [gp][13301654][tid_180](64)packageName = com.vlife.ipro.magazine, className = com.vlife.TService
12-06 04:02:12.268 11883 12098 I TaskServiceProvider: [TaskServiceProvider][13301654][tid_51](546)vlifeTaskOnStartCommand intent=#Intent;action=ua_time_send;package=com.vlife.ipro.magazine;component=com.vlife.ipro.magazine/com.vlife.TService;end
12-06 04:02:12.268 11883 17919 D TaskServiceProvider: [TaskServiceProvider][13301655][tid_180](239)getVlifeTask vlifeTask=n.zc@dd70eff
12-06 04:02:12.268 11883 12098 D TaskServiceProvider: [TaskServiceProvider][13301655][tid_51](558)pyramidney:null
12-06 04:02:12.268 11883 17919 D TaskServiceProvider: [TaskServiceProvider][13301655][tid_180](195)cancelTimerTask context:com.vlife.plugin.module.tools.ModuleContextUtil$1@d40778c,task:n.zc@dd70eff
12-06 04:02:12.268 11883 12098 D go      : [go][13301655][tid_51](33)TaskSignalQueue-add n.gn@35d44cc
12-06 04:02:12.269 11883 17919 I vv      : [vv][13301655][tid_180](22)realPackageName:com.android.systemui vlifePackageName:com.vlife.ipro.magazine
12-06 04:02:12.269 11883 17919 I TaskServiceProvider: [TaskServiceProvider][13301655][tid_180](197)SystemProcess cancelTimerTask
12-06 04:02:12.269 11883 17917 D TaskServiceProvider: [TaskServiceProvider][13301656][tid_178](254)Bundle=Bundle[{triggerType=TIMER, doTaskWithoutCondition=false}] taskType=ua_time_send
12-06 04:02:12.269 11883 17917 D TaskServiceProvider: [TaskServiceProvider][13301656][tid_178](258)getVlifeTask vlifeTask=n.sj@b74a315
12-06 04:02:12.270 11883 17917 I TaskServiceProvider: [TaskServiceProvider][13301656][tid_178](351)[VlifeTaskService]  TaskRunnable  running task : ua_time_send ,delay : 0, cycle : 21600000 
12-06 04:02:12.270 11883 17917 I TaskServiceProvider: [TaskServiceProvider][13301657][tid_178](377)backstage task system start up timing task ,task type is :ua_time_send, awaking type :TIMER
12-06 04:02:12.270 11883 17917 W wf      : [wf][13301657][tid_178](52)create preferences name:timing_network_preference
12-06 04:02:12.271 11883 17919 I TaskServiceProvider: [TaskServiceProvider][13301657][tid_180](146)VlifeExecutorService executing n.zc@dd70eff
12-06 04:02:12.271 11883 17917 I jx      : [jx][13301658][tid_178](84)first time ready type:ua_time_send
12-06 04:02:12.271 11883 17919 I TaskServiceProvider: [TaskServiceProvider][13301658][tid_180](186)PackageName is com.vlife.ipro.magazine
12-06 04:02:12.271 11883 17917 I jx      : [jx][13301658][tid_178](86)judge timing task whether or not can run,judge task type is :ua_time_send
12-06 04:02:12.271 11883 17919 D TaskServiceProvider: [TaskServiceProvider][13301658][tid_180](188)TaskServiceProvider task=zc,taskType=magazine_update
12-06 04:02:12.271 11883 17917 W wf      : [wf][13301658][tid_178](52)create preferences name:timing_network_preference
12-06 04:02:12.272 11883 17919 I vv      : [vv][13301658][tid_180](22)realPackageName:com.android.systemui vlifePackageName:com.vlife.ipro.magazine
12-06 04:02:12.272 11883 17919 I TaskServiceProvider: [TaskServiceProvider][13301659][tid_180](156)shell product start vlife task
12-06 04:02:12.273 11883 17919 W wf      : [wf][13301659][tid_180](52)create preferences name:userinfo
12-06 04:02:12.273 11883 17917 I qk      : [qk][13301660][tid_178](244)currentApn:MOBILE
12-06 04:02:12.273 11883 17919 I qw      : [qw][13301660][tid_180](70)executor c:class java.util.concurrent.ThreadPoolExecutor task c:class n.gp$1
12-06 04:02:12.273 11883 17917 I qk      : [qk][13301660][tid_178](213)currentApn:MOBILE
12-06 04:02:12.274 11883 17917 D jz      : [jz][13301660][tid_178](47)canConnectNetWork result == true
12-06 04:02:12.274 11883 17919 D gp      : [gp][13301660][tid_180](64)packageName = com.vlife.ipro.magazine, className = com.vlife.TService
12-06 04:02:12.274 11883 12085 I TaskServiceProvider: [TaskServiceProvider][13301661][tid_45](546)vlifeTaskOnStartCommand intent=#Intent;action=magazine_update;package=com.vlife.ipro.magazine;component=com.vlife.ipro.magazine/com.vlife.TService;end
12-06 04:02:12.274 11883 12085 D TaskServiceProvider: [TaskServiceProvider][13301661][tid_45](558)pyramidney:null
12-06 04:02:12.275 11883 12085 D go      : [go][13301661][tid_45](33)TaskSignalQueue-add n.gn@198062a
12-06 04:02:12.275 11883 17917 I qk      : [qk][13301661][tid_178](244)currentApn:MOBILE
12-06 04:02:12.275 11883 17917 I jx      : [jx][13301662][tid_178](58)[TimingNetworkTask] NetStatus. 2G,return true 
12-06 04:02:12.275 11883 17914 D TaskServiceProvider: [TaskServiceProvider][13301662][tid_177](254)Bundle=Bundle[{triggerType=TIMER, doTaskWithoutCondition=false}] taskType=magazine_update
12-06 04:02:12.276 11883 17919 D TaskServiceProvider: [TaskServiceProvider][13301662][tid_180](239)getVlifeTask vlifeTask=n.sh@e179c1b
12-06 04:02:12.276 11883 17914 D TaskServiceProvider: [TaskServiceProvider][13301662][tid_177](258)getVlifeTask vlifeTask=n.zc@97fe1b8
12-06 04:02:12.276 11883 17919 D TaskServiceProvider: [TaskServiceProvider][13301663][tid_180](195)cancelTimerTask context:com.vlife.plugin.module.tools.ModuleContextUtil$1@d40778c,task:n.sh@e179c1b
12-06 04:02:12.276 11883 17914 I TaskServiceProvider: [TaskServiceProvider][13301663][tid_177](351)[VlifeTaskService]  TaskRunnable  running task : magazine_update ,delay : 0, cycle : 21600000 
12-06 04:02:12.276 11883 17919 I vv      : [vv][13301663][tid_180](22)realPackageName:com.android.systemui vlifePackageName:com.vlife.ipro.magazine
12-06 04:02:12.276 11883 17914 I TaskServiceProvider: [TaskServiceProvider][13301663][tid_177](377)backstage task system start up timing task ,task type is :magazine_update, awaking type :TIMER
12-06 04:02:12.277 11883 17919 I TaskServiceProvider: [TaskServiceProvider][13301663][tid_180](197)SystemProcess cancelTimerTask
12-06 04:02:12.277 11883 17914 W wf      : [wf][13301663][tid_177](52)create preferences name:timing_network_preference
12-06 04:02:12.277 11883 17914 I jx      : [jx][13301664][tid_177](84)first time ready type:magazine_update
12-06 04:02:12.278 11883 17918 I us      : [us][13301654][tid_179](206)[NewHttpService] blockSend finally
12-06 04:02:12.278 11883 17917 I pm      : [pm][13301664][tid_178](600)isScreenLocked  isScreenOn:true inKeyguardRestrictedInputMode:false
12-06 04:02:12.278 11883 17914 I jx      : [jx][13301664][tid_177](86)judge timing task whether or not can run,judge task type is :magazine_update
12-06 04:02:12.278 11883 17917 I jx      : [jx][13301664][tid_178](60)[TimingNetworkTask] is not ScreenLocked,return true 
12-06 04:02:12.278 11883 17914 D zc      : [zc][13301665][tid_177](77)[magazine_down_content] [canRunnable]
12-06 04:02:12.278 11883 17917 D jx      : [jx][13301665][tid_178](116)canRun task=ua_time_send, result=2726, frequency=17280000
12-06 04:02:12.278 11883 17914 W wf      : [wf][13301665][tid_177](52)create preferences name:timing_network_preference
12-06 04:02:12.278 11883 17917 D jx      : [jx][13301665][tid_178](120)Judgment result can not run , reason :Minimum time interval is not satisfied, task type is ua_time_send
12-06 04:02:12.278 11883 17917 W jx      : [jx][13301665][tid_178](93)task : ua_time_send can't run!
12-06 04:02:12.278 11883 17917 I jx      : [jx][13301665][tid_178](95)TimingNetworkTimerServerTask end , task : ua_time_send 
12-06 04:02:12.279 11883 17918 I yo      : [yo][13301665][tid_179](558)[magazine_down_content] [delete_over_due_task] start
12-06 04:02:12.280 11883 17917 I TaskServiceProvider: [TaskServiceProvider][13301665][tid_178](379)[VlifeTaskService]  end  task : ua_time_send
12-06 04:02:12.280 11883 17918 D MagazineDao: [MagazineDao][13301666][tid_179](307)[magazine_down_content] [delete_over_due_task] [deleteOverDueMagazines] start
12-06 04:02:12.280 11883 17914 I qk      : [qk][13301666][tid_177](244)currentApn:MOBILE
12-06 04:02:12.280 11883 17917 I TaskServiceProvider: [TaskServiceProvider][13301667][tid_178](382)[VlifeTaskService]  this task is Cycle ,task : ua_time_send , time : 21600000 
12-06 04:02:12.280 11883 17918 W aah     : [aah][13301667][tid_179](85)db provider query:content://vlife/magazine_content
12-06 04:02:12.281 11883 17919 I TaskServiceProvider: [TaskServiceProvider][13301666][tid_180](146)VlifeExecutorService executing n.sh@e179c1b
12-06 04:02:12.281 11883 17914 I qk      : [qk][13301667][tid_177](213)currentApn:MOBILE
12-06 04:02:12.281 11883 17919 I TaskServiceProvider: [TaskServiceProvider][13301667][tid_180](186)PackageName is com.vlife.ipro.magazine
12-06 04:02:12.281 11883 17914 D jz      : [jz][13301667][tid_177](47)canConnectNetWork result == true
12-06 04:02:12.281 11883 17919 D TaskServiceProvider: [TaskServiceProvider][13301668][tid_180](188)TaskServiceProvider task=sh,taskType=get_push_message
12-06 04:02:12.281 11883 17914 D zc      : [zc][13301668][tid_177](82)[magazine_down_content] [canRunnable] has net true
12-06 04:02:12.281 11883 17914 D jx      : [jx][13301668][tid_177](116)canRun task=magazine_update, result=2713, frequency=17280000
12-06 04:02:12.281 11883 17919 I vv      : [vv][13301668][tid_180](22)realPackageName:com.android.systemui vlifePackageName:com.vlife.ipro.magazine
12-06 04:02:12.282 11883 17919 I TaskServiceProvider: [TaskServiceProvider][13301668][tid_180](156)shell product start vlife task
12-06 04:02:12.282 11883 17914 D jx      : [jx][13301668][tid_177](120)Judgment result can not run , reason :Minimum time interval is not satisfied, task type is magazine_update
12-06 04:02:12.282 11883 17914 W jx      : [jx][13301668][tid_177](93)task : magazine_update can't run!
12-06 04:02:12.282 11883 17919 W wf      : [wf][13301668][tid_180](52)create preferences name:userinfo
12-06 04:02:12.282 11883 17914 I jx      : [jx][13301669][tid_177](95)TimingNetworkTimerServerTask end , task : magazine_update 
12-06 04:02:12.282 11883 17919 I qw      : [qw][13301669][tid_180](70)executor c:class java.util.concurrent.ThreadPoolExecutor task c:class n.gp$1
12-06 04:02:12.283 11883 17914 I TaskServiceProvider: [TaskServiceProvider][13301669][tid_177](379)[VlifeTaskService]  end  task : magazine_update
12-06 04:02:12.283 11883 17919 D gp      : [gp][13301670][tid_180](64)packageName = com.vlife.ipro.magazine, className = com.vlife.TService
12-06 04:02:12.283 11883 17914 I TaskServiceProvider: [TaskServiceProvider][13301670][tid_177](382)[VlifeTaskService]  this task is Cycle ,task : magazine_update , time : 21600000 
12-06 04:02:12.283 11883 17919 D TaskServiceProvider: [TaskServiceProvider][13301670][tid_180](239)getVlifeTask vlifeTask=n.ajo@e895b91
12-06 04:02:12.283 11883 17914 I vv      : [vv][13301670][tid_177](22)realPackageName:com.android.systemui vlifePackageName:com.vlife.ipro.magazine
12-06 04:02:12.283 11883 17919 D TaskServiceProvider: [TaskServiceProvider][13301670][tid_180](195)cancelTimerTask context:com.vlife.plugin.module.tools.ModuleContextUtil$1@d40778c,task:n.ajo@e895b91
12-06 04:02:12.284 11883 17918 I aah     : [aah][13301670][tid_179](669)MagazineContentDatabase] queryAllDelete() return:size = 0 
12-06 04:02:12.284 11883 17919 I vv      : [vv][13301670][tid_180](22)realPackageName:com.android.systemui vlifePackageName:com.vlife.ipro.magazine
12-06 04:02:12.284 11883 12101 I StatisticsProvider: [StatisticsProvider][13301667][tid_54](464)[statistics_test] create packet xml : <item ua_action="flash_content" ua_event="request_result" ua_time="1512504132261" ua_process="lockscreen" index="139" />
12-06 04:02:12.284 11883 17917 I vv      : [vv][13301667][tid_178](22)realPackageName:com.android.systemui vlifePackageName:com.vlife.ipro.magazine
12-06 04:02:12.284 11883 12100 I TaskServiceProvider: [TaskServiceProvider][13301671][tid_53](546)vlifeTaskOnStartCommand intent=#Intent;action=get_push_message;package=com.vlife.ipro.magazine;component=com.vlife.ipro.magazine/com.vlife.TService;end
12-06 04:02:12.284 11883 12100 D TaskServiceProvider: [TaskServiceProvider][13301671][tid_53](558)pyramidney:null
12-06 04:02:12.284 11883 17917 D gp      : [gp][13301671][tid_178](96)VlifeTaskService schedule task=ua_time_send, isCycleOrDelay=true,time=21600000,requestCode=193306362
12-06 04:02:12.285 11883 12100 D go      : [go][13301671][tid_53](33)TaskSignalQueue-add n.gn@d885af6
12-06 04:02:12.285 11883 17919 I TaskServiceProvider: [TaskServiceProvider][13301671][tid_180](197)SystemProcess cancelTimerTask
12-06 04:02:12.285 11883 17914 D gp      : [gp][13301670][tid_177](96)VlifeTaskService schedule task=magazine_update, isCycleOrDelay=true,time=21600000,requestCode=47408839
12-06 04:02:12.285 11883 17918 D MagazineDao: [MagazineDao][13301671][tid_179](316)[magazine_down_content] [delete_over_due_task] [deleteOverDueMagazines] [delete_flag_size:0]
12-06 04:02:12.285 11883 17918 D MagazineDao: [MagazineDao][13301672][tid_179](250)[magazine_down_content] [MagazineDao] [deleteMagazineContents] start
12-06 04:02:12.286 11883 17918 D MagazineDao: [MagazineDao][13301672][tid_179](259)[magazine_down_content] [MagazineDao] [deleteMagazineContents] list size:0
12-06 04:02:12.286 11883 17917 I gp      : [gp][13301673][tid_178](100)[VlifeTaskService] [next awake intervalMillis] [21600000]
12-06 04:02:12.286 11883 17918 I aah     : [aah][13301673][tid_179](789)deleteList list = 0
12-06 04:02:12.286 11883 17919 I TaskServiceProvider: [TaskServiceProvider][13301673][tid_180](146)VlifeExecutorService executing n.ajo@e895b91
12-06 04:02:12.286 11883 17917 D go      : [go][13301673][tid_178](48)TaskSignalQueue-remove n.gn@35d44cc
12-06 04:02:12.286 11883 17919 I TaskServiceProvider: [TaskServiceProvider][13301673][tid_180](186)PackageName is com.vlife.ipro.magazine
12-06 04:02:12.287 11883 17919 D TaskServiceProvider: [TaskServiceProvider][13301673][tid_180](188)TaskServiceProvider task=ajo,taskType=plugin_update
12-06 04:02:12.287 11883 17919 I vv      : [vv][13301674][tid_180](22)realPackageName:com.android.systemui vlifePackageName:com.vlife.ipro.magazine
12-06 04:02:12.287 11883 17914 I gp      : [gp][13301674][tid_177](100)[VlifeTaskService] [next awake intervalMillis] [21600000]
12-06 04:02:12.287 11883 17919 I TaskServiceProvider: [TaskServiceProvider][13301674][tid_180](156)shell product start vlife task
12-06 04:02:12.287 11883 17918 D MagazineDao: [MagazineDao][13301674][tid_179](331)[magazine_down_content] [delete_over_due_task] [deleteOverDueMagazines] [delete_flag_size:0] [result:true]
12-06 04:02:12.287 11883 17919 W wf      : [wf][13301674][tid_180](52)create preferences name:userinfo
12-06 04:02:12.288 11883 17914 D go      : [go][13301674][tid_177](48)TaskSignalQueue-remove n.gn@198062a
12-06 04:02:12.288 11883 17918 I yo      : [yo][13301674][tid_179](567)[magazine_down_content] [mark_over_due_task] start
12-06 04:02:12.288 11883 17918 I MagazineDao: [MagazineDao][13301675][tid_179](336)[magazine_down_content] [delete_old] =======>start
12-06 04:02:12.288 11883 17919 I ki      : [ki][13301675][tid_180](267)random and http error for test
12-06 04:02:12.288 11883 17919 I TaskServiceProvider: [TaskServiceProvider][13301675][tid_180](162)shell product start vlife task
12-06 04:02:12.288 11883 17918 W aah     : [aah][13301675][tid_179](85)db provider query:content://vlife/magazine_content
12-06 04:02:12.288 11883 17981 D gp      : [gp][13301675][tid_191](104)task run
12-06 04:02:12.289 11883 17919 E TaskServiceProvider: [TaskServiceProvider][13301675][tid_180](471)restartTimerTask allTastMap is error, taskName=upload_user_setting
12-06 04:02:12.289 11883 17981 W wf      : [wf][13301675][tid_191](52)create preferences name:timing_network_preference
12-06 04:02:12.289 11883 17981 I jx      : [jx][13301676][tid_191](84)first time ready type:magazine_update
12-06 04:02:12.289 11883 17919 I jx      : [jx][13301676][tid_180](95)TimingNetworkTimerServerTask end , task : get_push_message 
12-06 04:02:12.289 11883 17919 I TaskServiceProvider: [TaskServiceProvider][13301676][tid_180](379)[VlifeTaskService]  end  task : get_push_message
12-06 04:02:12.289 11883 17981 I jx      : [jx][13301676][tid_191](86)judge timing task whether or not can run,judge task type is :magazine_update
12-06 04:02:12.290 11883 17981 D zc      : [zc][13301676][tid_191](77)[magazine_down_content] [canRunnable]
12-06 04:02:12.290 11883 17919 I TaskServiceProvider: [TaskServiceProvider][13301676][tid_180](382)[VlifeTaskService]  this task is Cycle ,task : get_push_message , time : 21600000 
12-06 04:02:12.290 11883 17919 I vv      : [vv][13301677][tid_180](22)realPackageName:com.android.systemui vlifePackageName:com.vlife.ipro.magazine
12-06 04:02:12.290 11883 17981 W wf      : [wf][13301677][tid_191](52)create preferences name:timing_network_preference
12-06 04:02:12.290 11883 17918 I aah     : [aah][13301677][tid_179](704)[magazine_down_content] [delete_old] [databases] [can_show] [size:0]
12-06 04:02:12.290 11883 17919 D gp      : [gp][13301677][tid_180](96)VlifeTaskService schedule task=get_push_message, isCycleOrDelay=true,time=21600000,requestCode=196365627
12-06 04:02:12.290 11883 17918 D MagazineDao: [MagazineDao][13301677][tid_179](398)[magazine_down_content] [delete_old] [can show size:0] [keep size:12]
12-06 04:02:12.291 11883 17918 D MagazineDao: [MagazineDao][13301677][tid_179](400)[magazine_down_content] [delete_old] [can show size < 12]
12-06 04:02:12.291 11883 17919 I gp      : [gp][13301678][tid_180](100)[VlifeTaskService] [next awake intervalMillis] [21600000]
12-06 04:02:12.291 11883 17918 D MagazineDao: [MagazineDao][13301677][tid_179](402)[magazine_down_content] [delete_old] [can show size < 12] [surplusSize:12]
12-06 04:02:12.291 11883 17918 W aah     : [aah][13301678][tid_179](85)db provider query:content://vlife/magazine_content
12-06 04:02:12.291 11883 17981 I qk      : [qk][13301678][tid_191](244)currentApn:MOBILE
12-06 04:02:12.292 11883 12101 D StatisticsProvider: [StatisticsProvider][13301678][tid_54](432)[statistics_test] =======>write map:n.ep@32d6164
12-06 04:02:12.292 11883 12101 I StatisticsProvider: [StatisticsProvider][13301679][tid_54](516)[statistics_test] filePath /data/user_de/0/com.android.systemui/files/ua/no_ua_6.131.9.mui.dat.0 
12-06 04:02:12.292 11883 12101 I StatisticsProvider: [StatisticsProvider][13301679][tid_54](518)[statistics_test] ====canWrite====
12-06 04:02:12.293 11883 17981 I qk      : [qk][13301678][tid_191](213)currentApn:MOBILE
12-06 04:02:12.293 11883 17919 D go      : [go][13301680][tid_180](48)TaskSignalQueue-remove n.gn@6014f95
12-06 04:02:12.293 11883 12101 D StatisticsProvider: [StatisticsProvider][13301679][tid_54](439)[statistics_test] =======>write path:/data/user_de/0/com.android.systemui/files/ua/no_ua_6.131.9.mui.dat.0
12-06 04:02:12.293 11883 17981 D jz      : [jz][13301680][tid_191](47)canConnectNetWork result == true
12-06 04:02:12.293 11883 17981 D zc      : [zc][13301680][tid_191](82)[magazine_down_content] [canRunnable] has net true
12-06 04:02:12.294 11883 17981 D jx      : [jx][13301680][tid_191](116)canRun task=magazine_update, result=2725, frequency=17280000
12-06 04:02:12.294 11883 17981 D jx      : [jx][13301681][tid_191](120)Judgment result can not run , reason :Minimum time interval is not satisfied, task type is magazine_update
12-06 04:02:12.294 11883 17981 W jx      : [jx][13301681][tid_191](93)task : magazine_update can't run!
12-06 04:02:12.295 11883 17981 I jx      : [jx][13301681][tid_191](95)TimingNetworkTimerServerTask end , task : magazine_update 
12-06 04:02:12.295 11883 17982 D gp      : [gp][13301682][tid_192](104)task run
12-06 04:02:12.296 11883 17982 W wf      : [wf][13301682][tid_192](52)create preferences name:timing_network_preference
12-06 04:02:12.296 11883 17982 I jx      : [jx][13301683][tid_192](84)first time ready type:get_push_message
12-06 04:02:12.296 11883 17982 I jx      : [jx][13301683][tid_192](86)judge timing task whether or not can run,judge task type is :get_push_message
12-06 04:02:12.297 11883 17982 W wf      : [wf][13301683][tid_192](52)create preferences name:timing_network_preference
12-06 04:02:12.299 11883 17918 I aah     : [aah][13301685][tid_179](829)[MagazineContentDatabase] cursor:android.database.sqlite.SQLiteCursor@5571fcd
12-06 04:02:12.299 11883 17982 I qk      : [qk][13301686][tid_192](244)currentApn:MOBILE
12-06 04:02:12.299 11883 17982 I qk      : [qk][13301686][tid_192](213)currentApn:MOBILE
12-06 04:02:12.300 11883 17982 D jz      : [jz][13301686][tid_192](47)canConnectNetWork result == true
12-06 04:02:12.300 11883 17982 I qk      : [qk][13301687][tid_192](244)currentApn:MOBILE
12-06 04:02:12.301 11883 17982 I jx      : [jx][13301687][tid_192](58)[TimingNetworkTask] NetStatus. 2G,return true 
12-06 04:02:12.301 11883 17979 D TaskServiceProvider: [TaskServiceProvider][13301688][tid_190](254)Bundle=Bundle[{triggerType=TIMER, doTaskWithoutCondition=false}] taskType=get_push_message
12-06 04:02:12.302 11883 17979 D TaskServiceProvider: [TaskServiceProvider][13301688][tid_190](258)getVlifeTask vlifeTask=n.sh@7573082
12-06 04:02:12.302 11883 17980 D gp      : [gp][13301688][tid_189](104)task run
12-06 04:02:12.302 11883 17979 I TaskServiceProvider: [TaskServiceProvider][13301689][tid_190](351)[VlifeTaskService]  TaskRunnable  running task : get_push_message ,delay : 0, cycle : 21600000 
12-06 04:02:12.302 11883 17979 I TaskServiceProvider: [TaskServiceProvider][13301689][tid_190](377)backstage task system start up timing task ,task type is :get_push_message, awaking type :TIMER
12-06 04:02:12.302 11883 17918 D fe      : [fe][13301688][tid_179](61)data:magazine_source_data
12-06 04:02:12.304 11883 17980 W wf      : [wf][13301691][tid_189](52)create preferences name:timing_network_preference
12-06 04:02:12.304 11883 17980 I jx      : [jx][13301691][tid_189](84)first time ready type:ua_time_send
12-06 04:02:12.305 11883 17918 I fe      : [fe][13301691][tid_179](73)[VTDDataHelper] simpleData = n.bk@7737393
12-06 04:02:12.306 11883 17982 I pm      : [pm][13301692][tid_192](600)isScreenLocked  isScreenOn:true inKeyguardRestrictedInputMode:false
12-06 04:02:12.306 11883 17982 I jx      : [jx][13301692][tid_192](60)[TimingNetworkTask] is not ScreenLocked,return true 
12-06 04:02:12.306 11883 17980 I jx      : [jx][13301693][tid_189](86)judge timing task whether or not can run,judge task type is :ua_time_send
12-06 04:02:12.306 11883 17982 D jx      : [jx][13301693][tid_192](116)canRun task=get_push_message, result=2727, frequency=21600000
12-06 04:02:12.306 11883 17982 D jx      : [jx][13301693][tid_192](120)Judgment result can not run , reason :Minimum time interval is not satisfied, task type is get_push_message
12-06 04:02:12.306 11883 17982 W jx      : [jx][13301693][tid_192](93)task : get_push_message can't run!
12-06 04:02:12.307 11883 17982 I jx      : [jx][13301693][tid_192](95)TimingNetworkTimerServerTask end , task : get_push_message 
12-06 04:02:12.307 11883 17918 D fe      : [fe][13301692][tid_179](61)data:file
12-06 04:02:12.303 11883 17979 W wf      : [wf][13301689][tid_190](52)create preferences name:timing_network_preference
12-06 04:02:12.307 11883 17980 W wf      : [wf][13301693][tid_189](52)create preferences name:timing_network_preference
12-06 04:02:12.307 11883 17979 I jx      : [jx][13301694][tid_190](84)first time ready type:get_push_message
12-06 04:02:12.308 11883 17918 I fe      : [fe][13301694][tid_179](73)[VTDDataHelper] simpleData = n.e@112fd0
12-06 04:02:12.309 11883 17918 E fe      : [niyongliang][fe][13301695][tid_179](54)xml:
12-06 04:02:12.309 11883 17918 I aar     : [aar][13301696][tid_179](98)[JsonUtil] toMap(String) json ={}, return = {}
12-06 04:02:12.310 11883 17918 D fe      : [fe][13301697][tid_179](61)data:file
12-06 04:02:12.310 11883 17918 I fe      : [fe][13301697][tid_179](73)[VTDDataHelper] simpleData = n.e@ec2ebc9
12-06 04:02:12.311 11883 17918 D fe      : [fe][13301697][tid_179](61)data:file
12-06 04:02:12.311 11883 17918 I fe      : [fe][13301698][tid_179](73)[VTDDataHelper] simpleData = n.e@34bd2ce
12-06 04:02:12.312 11883 17918 D fe      : [fe][13301698][tid_179](61)data:plugin
12-06 04:02:12.312 11883 17918 I fe      : [fe][13301699][tid_179](73)[VTDDataHelper] simpleData = n.ad@ad7b5ef
12-06 04:02:12.312 11883 17918 D fe      : [fe][13301699][tid_179](61)data:file
12-06 04:02:12.313 11883 17918 I fe      : [fe][13301699][tid_179](73)[VTDDataHelper] simpleData = n.e@d2178fc
12-06 04:02:12.313 11883 17918 I aah     : [aah][13301700][tid_179](734)[magazine_down_content] [delete_old] [databases] [overdue] [id:648]
12-06 04:02:12.313 11883 17918 I aah     : [aah][13301700][tid_179](829)[MagazineContentDatabase] cursor:android.database.sqlite.SQLiteCursor@5571fcd
12-06 04:02:12.313 11883 17980 I qk      : [qk][13301700][tid_189](244)currentApn:MOBILE
12-06 04:02:12.314 11883 17980 I qk      : [qk][13301700][tid_189](213)currentApn:MOBILE
12-06 04:02:12.314 11883 17980 D jz      : [jz][13301700][tid_189](47)canConnectNetWork result == true
12-06 04:02:12.314 11883 17918 D fe      : [fe][13301701][tid_179](61)data:magazine_source_data
12-06 04:02:12.314 11883 17918 I fe      : [fe][13301701][tid_179](73)[VTDDataHelper] simpleData = n.bk@9057b85
12-06 04:02:12.314 11883 17980 I qk      : [qk][13301701][tid_189](244)currentApn:MOBILE
12-06 04:02:12.314 11883 17980 I jx      : [jx][13301701][tid_189](58)[TimingNetworkTask] NetStatus. 2G,return true 
12-06 04:02:12.314 11883 17918 D fe      : [fe][13301701][tid_179](61)data:file
12-06 04:02:12.315 11883 17918 I fe      : [fe][13301701][tid_179](73)[VTDDataHelper] simpleData = n.e@d64dda
12-06 04:02:12.315 11883 17980 I pm      : [pm][13301702][tid_189](600)isScreenLocked  isScreenOn:true inKeyguardRestrictedInputMode:false
12-06 04:02:12.315 11883 17980 I jx      : [jx][13301702][tid_189](60)[TimingNetworkTask] is not ScreenLocked,return true 
12-06 04:02:12.315 11883 17918 E fe      : [niyongliang][fe][13301702][tid_179](54)xml:
12-06 04:02:12.315 11883 17980 D jx      : [jx][13301702][tid_189](116)canRun task=ua_time_send, result=2763, frequency=17280000
12-06 04:02:12.316 11883 17979 I jx      : [jx][13301702][tid_190](86)judge timing task whether or not can run,judge task type is :get_push_message
12-06 04:02:12.316 11883 17980 D jx      : [jx][13301702][tid_189](120)Judgment result can not run , reason :Minimum time interval is not satisfied, task type is ua_time_send
12-06 04:02:12.316 11883 17980 W jx      : [jx][13301703][tid_189](93)task : ua_time_send can't run!
12-06 04:02:12.316 11883 17918 I aar     : [aar][13301703][tid_179](98)[JsonUtil] toMap(String) json ={}, return = {}
12-06 04:02:12.316 11883 17979 W wf      : [wf][13301703][tid_190](52)create preferences name:timing_network_preference
12-06 04:02:12.316 11883 17980 I jx      : [jx][13301703][tid_189](95)TimingNetworkTimerServerTask end , task : ua_time_send 
12-06 04:02:12.317 11883 17918 D fe      : [fe][13301703][tid_179](61)data:file
12-06 04:02:12.317 11883 17979 I qk      : [qk][13301704][tid_190](244)currentApn:MOBILE
12-06 04:02:12.317 11883 17918 I fe      : [fe][13301704][tid_179](73)[VTDDataHelper] simpleData = n.e@793c20b
12-06 04:02:12.317 11883 17979 I qk      : [qk][13301704][tid_190](213)currentApn:MOBILE
12-06 04:02:12.317 11883 17979 D jz      : [jz][13301704][tid_190](47)canConnectNetWork result == true
12-06 04:02:12.318 11883 17979 I qk      : [qk][13301705][tid_190](244)currentApn:MOBILE
12-06 04:02:12.318 11883 17918 D fe      : [fe][13301705][tid_179](61)data:file
12-06 04:02:12.318 11883 17979 I jx      : [jx][13301705][tid_190](58)[TimingNetworkTask] NetStatus. 2G,return true 
12-06 04:02:12.318 11883 17918 I fe      : [fe][13301705][tid_179](73)[VTDDataHelper] simpleData = n.e@e8b28e8
12-06 04:02:12.319 11883 17979 I pm      : [pm][13301706][tid_190](600)isScreenLocked  isScreenOn:true inKeyguardRestrictedInputMode:false
12-06 04:02:12.319 11883 17918 D fe      : [fe][13301706][tid_179](61)data:plugin
12-06 04:02:12.319 11883 17979 I jx      : [jx][13301706][tid_190](60)[TimingNetworkTask] is not ScreenLocked,return true 
12-06 04:02:12.319 11883 17918 I fe      : [fe][13301706][tid_179](73)[VTDDataHelper] simpleData = n.ad@3274b01
12-06 04:02:12.319 11883 17979 D jx      : [jx][13301706][tid_190](116)canRun task=get_push_message, result=2740, frequency=17280000
12-06 04:02:12.319 11883 17979 D jx      : [jx][13301706][tid_190](120)Judgment result can not run , reason :Minimum time interval is not satisfied, task type is get_push_message
12-06 04:02:12.320 11883 17918 D fe      : [fe][13301706][tid_179](61)data:file
12-06 04:02:12.320 11883 17979 W jx      : [jx][13301706][tid_190](93)task : get_push_message can't run!
12-06 04:02:12.320 11883 17979 I jx      : [jx][13301706][tid_190](95)TimingNetworkTimerServerTask end , task : get_push_message 
12-06 04:02:12.320 11883 17918 I fe      : [fe][13301706][tid_179](73)[VTDDataHelper] simpleData = n.e@45b6da6
12-06 04:02:12.320 11883 17979 I TaskServiceProvider: [TaskServiceProvider][13301707][tid_190](379)[VlifeTaskService]  end  task : get_push_message
