12-06 04:02:12.320 11883 17979 I TaskServiceProvider: [TaskServiceProvider][13301707][tid_190](382)[VlifeTaskService]  this task is Cycle ,task : get_push_message , time : 21600000 
12-06 04:02:12.320 11883 17918 I aah     : [aah][13301707][tid_179](734)[magazine_down_content] [delete_old] [databases] [overdue] [id:990]
12-06 04:02:12.320 11883 17979 I vv      : [vv][13301707][tid_190](22)realPackageName:com.android.systemui vlifePackageName:com.vlife.ipro.magazine
12-06 04:02:12.320 11883 17918 I aah     : [aah][13301707][tid_179](829)[MagazineContentDatabase] cursor:android.database.sqlite.SQLiteCursor@5571fcd
12-06 04:02:12.321 11883 17979 D gp      : [gp][13301707][tid_190](96)VlifeTaskService schedule task=get_push_message, isCycleOrDelay=true,time=21600000,requestCode=196365627
12-06 04:02:12.321 11883 17918 D fe      : [fe][13301708][tid_179](61)data:magazine_source_data
12-06 04:02:12.321 11883 17979 I gp      : [gp][13301708][tid_190](100)[VlifeTaskService] [next awake intervalMillis] [21600000]
12-06 04:02:12.321 11883 17918 I fe      : [fe][13301708][tid_179](73)[VTDDataHelper] simpleData = n.bk@aba73e7
12-06 04:02:12.321 11883 17979 D go      : [go][13301708][tid_190](48)TaskSignalQueue-remove n.gn@d885af6
12-06 04:02:12.322 11883 17918 D fe      : [fe][13301708][tid_179](61)data:file
12-06 04:02:12.322 11883 17918 I fe      : [fe][13301708][tid_179](73)[VTDDataHelper] simpleData = n.e@c5deb94
12-06 04:02:12.322 11883 12101 I StatisticsProvider: [StatisticsProvider][13301709][tid_54](464)[statistics_test] create packet xml : <item tag="TaskServiceProvider" message="[TaskServiceProvider][13301675][tid_180](471)restartTimerTask allTastMap is error, taskName=upload_user_setting" name="unknown" count="3" error="[TaskServiceProvider][13301675][tid_180](471)restartTimerTask allTastMap is error, taskName=upload_user_setting" author="songwenjun" ua_event="dev_thread_throwable" dev_version="6.131.9" ua_time="1512504132289" ua_process="lockscreen" index="140" />
12-06 04:02:12.323 11883 12101 D StatisticsProvider: [StatisticsProvider][13301709][tid_54](432)[statistics_test] =======>write map:n.ep@a3c963d
12-06 04:02:12.323 11883 17983 D gp      : [gp][13301709][tid_193](104)task run
12-06 04:02:12.323 11883 12101 I StatisticsProvider: [StatisticsProvider][13301710][tid_54](516)[statistics_test] filePath /data/user_de/0/com.android.systemui/files/ua/no_ua_6.131.9.mui.dat.0 
12-06 04:02:12.323 11883 17983 W wf      : [wf][13301710][tid_193](52)create preferences name:timing_network_preference
12-06 04:02:12.323 11883 17918 E fe      : [niyongliang][fe][13301710][tid_179](54)xml:
12-06 04:02:12.323 11883 12101 I StatisticsProvider: [StatisticsProvider][13301710][tid_54](518)[statistics_test] ====canWrite====
12-06 04:02:12.323 11883 17983 I jx      : [jx][13301710][tid_193](84)first time ready type:get_push_message
12-06 04:02:12.324 11883 12101 D StatisticsProvider: [StatisticsProvider][13301710][tid_54](439)[statistics_test] =======>write path:/data/user_de/0/com.android.systemui/files/ua/no_ua_6.131.9.mui.dat.0
12-06 04:02:12.324 11883 17983 I jx      : [jx][13301710][tid_193](86)judge timing task whether or not can run,judge task type is :get_push_message
12-06 04:02:12.324 11883 17983 W wf      : [wf][13301711][tid_193](52)create preferences name:timing_network_preference
12-06 04:02:12.324 11883 17918 I aar     : [aar][13301711][tid_179](98)[JsonUtil] toMap(String) json ={}, return = {}
12-06 04:02:12.325 11883 17918 D fe      : [fe][13301711][tid_179](61)data:file
12-06 04:02:12.325 11883 17983 I qk      : [qk][13301712][tid_193](244)currentApn:MOBILE
12-06 04:02:12.325 11883 17983 I qk      : [qk][13301712][tid_193](213)currentApn:MOBILE
12-06 04:02:12.325 11883 17983 D jz      : [jz][13301712][tid_193](47)canConnectNetWork result == true
12-06 04:02:12.325 11883 17918 I fe      : [fe][13301712][tid_179](73)[VTDDataHelper] simpleData = n.e@1c0be32
12-06 04:02:12.326 11883 17983 I qk      : [qk][13301713][tid_193](244)currentApn:MOBILE
12-06 04:02:12.326 11883 17983 I jx      : [jx][13301713][tid_193](58)[TimingNetworkTask] NetStatus. 2G,return true 
12-06 04:02:12.327 11883 17918 D fe      : [fe][13301713][tid_179](61)data:file
12-06 04:02:12.327 11883 17983 I pm      : [pm][13301714][tid_193](600)isScreenLocked  isScreenOn:true inKeyguardRestrictedInputMode:false
12-06 04:02:12.327 11883 17983 I jx      : [jx][13301714][tid_193](60)[TimingNetworkTask] is not ScreenLocked,return true 
12-06 04:02:12.327 11883 17983 D jx      : [jx][13301714][tid_193](116)canRun task=get_push_message, result=2748, frequency=17280000
12-06 04:02:12.327 11883 17918 I fe      : [fe][13301714][tid_179](73)[VTDDataHelper] simpleData = n.e@5b06783
12-06 04:02:12.327 11883 17983 D jx      : [jx][13301714][tid_193](120)Judgment result can not run , reason :Minimum time interval is not satisfied, task type is get_push_message
12-06 04:02:12.328 11883 17983 W jx      : [jx][13301714][tid_193](93)task : get_push_message can't run!
12-06 04:02:12.328 11883 17983 I jx      : [jx][13301714][tid_193](95)TimingNetworkTimerServerTask end , task : get_push_message 
12-06 04:02:12.328 11883 17918 D fe      : [fe][13301715][tid_179](61)data:plugin
12-06 04:02:12.328 11883 17918 I fe      : [fe][13301715][tid_179](73)[VTDDataHelper] simpleData = n.ad@df82d00
12-06 04:02:12.331 11883 17918 D fe      : [fe][13301718][tid_179](61)data:file
12-06 04:02:12.334 11883 17918 I fe      : [fe][13301719][tid_179](73)[VTDDataHelper] simpleData = n.e@e615939
12-06 04:02:12.335 11883 17918 I aah     : [aah][13301721][tid_179](734)[magazine_down_content] [delete_old] [databases] [overdue] [id:4944]
12-06 04:02:12.335 11883 17918 I aah     : [aah][13301722][tid_179](829)[MagazineContentDatabase] cursor:android.database.sqlite.SQLiteCursor@5571fcd
12-06 04:02:12.336 11883 17918 D fe      : [fe][13301723][tid_179](61)data:magazine_source_data
12-06 04:02:12.337 11883 17918 I fe      : [fe][13301724][tid_179](73)[VTDDataHelper] simpleData = n.bk@3b88b7e
12-06 04:02:12.338 11883 17918 D fe      : [fe][13301724][tid_179](61)data:file
12-06 04:02:12.339 11883 17918 I fe      : [fe][13301725][tid_179](73)[VTDDataHelper] simpleData = n.e@187f8df
12-06 04:02:12.341 11883 17918 E fe      : [niyongliang][fe][13301726][tid_179](54)xml:
12-06 04:02:12.342 11883 12101 I StatisticsProvider: [StatisticsProvider][13301729][tid_54](464)[statistics_test] create packet xml : <item tag="fe" message="[niyongliang][fe][13301695][tid_179](54)xml:" name="unknown" count="19" error="[niyongliang][fe][13301695][tid_179](54)xml:" author="niyongliang" ua_event="dev_thread_throwable" dev_version="6.131.9" ua_time="1512504132309" ua_process="lockscreen" index="141" />
12-06 04:02:12.343 11883 12101 D StatisticsProvider: [StatisticsProvider][13301729][tid_54](432)[statistics_test] =======>write map:n.ep@33192c
12-06 04:02:12.343 11883 17918 I aar     : [aar][13301729][tid_179](98)[JsonUtil] toMap(String) json ={}, return = {}
12-06 04:02:12.343 11883 12101 I StatisticsProvider: [StatisticsProvider][13301730][tid_54](516)[statistics_test] filePath /data/user_de/0/com.android.systemui/files/ua/no_ua_6.131.9.mui.dat.0 
12-06 04:02:12.343 11883 12101 I StatisticsProvider: [StatisticsProvider][13301730][tid_54](518)[statistics_test] ====canWrite====
12-06 04:02:12.343 11883 12101 D StatisticsProvider: [StatisticsProvider][13301730][tid_54](439)[statistics_test] =======>write path:/data/user_de/0/com.android.systemui/files/ua/no_ua_6.131.9.mui.dat.0
12-06 04:02:12.344 11883 17918 D fe      : [fe][13301731][tid_179](61)data:file
12-06 04:02:12.345 11883 17918 I fe      : [fe][13301731][tid_179](73)[VTDDataHelper] simpleData = n.e@b754ff5
12-06 04:02:12.347 11883 17918 D fe      : [fe][13301733][tid_179](61)data:file
12-06 04:02:12.348 11883 17918 I fe      : [fe][13301734][tid_179](73)[VTDDataHelper] simpleData = n.e@bcde18a
12-06 04:02:12.348 11883 17918 D fe      : [fe][13301735][tid_179](61)data:plugin
12-06 04:02:12.349 11883 17918 I fe      : [fe][13301735][tid_179](73)[VTDDataHelper] simpleData = n.ad@c1d43fb
12-06 04:02:12.350 11883 17918 D fe      : [fe][13301736][tid_179](61)data:file
12-06 04:02:12.350 11883 17918 I fe      : [fe][13301736][tid_179](73)[VTDDataHelper] simpleData = n.e@24e9c18
12-06 04:02:12.350 11883 17918 I aah     : [aah][13301737][tid_179](734)[magazine_down_content] [delete_old] [databases] [overdue] [id:4945]
12-06 04:02:12.350 11883 17918 I aah     : [aah][13301737][tid_179](738)magazine_down_content] [delete_old] [databases] [overdue] [size:4]
12-06 04:02:12.351 11883 17918 D MagazineDao: [MagazineDao][13301737][tid_179](409)[magazine_down_content] [delete_old] [can show size < 12] [over due but not delete size:4]
12-06 04:02:12.351 11883 17918 D MagazineDao: [MagazineDao][13301738][tid_179](412)[magazine_down_content] [delete_old] [can show size < 12] [size is too little] return
12-06 04:02:12.352 11883 17918 D AbstractApplicationStatus: [AbstractApplicationStatus][13301738][tid_179](66)[NetUtil] getNetworkType
12-06 04:02:12.353 11883 17918 D AbstractApplicationStatus: [AbstractApplicationStatus][13301739][tid_179](71)[NetUtil] info:[type: MOBILE[LTE], state: CONNECTED/CONNECTED, reason: connected, extra: 3gnet, failover: false, available: true, roaming: false, metered: true]
12-06 04:02:12.354 11883 17918 D AbstractApplicationStatus: [AbstractApplicationStatus][13301740][tid_179](79)[NetUtil] type:0
12-06 04:02:12.356 11883 17918 D AbstractApplicationStatus: [AbstractApplicationStatus][13301742][tid_179](86)[NetUtil] subtype:13
12-06 04:02:12.356 11883 17918 I jx      : [jx][13301743][tid_179](95)TimingNetworkTimerServerTask end , task : magazine_update 
12-06 04:02:12.356 11883 17918 I TaskServiceProvider: [TaskServiceProvider][13301743][tid_179](379)[VlifeTaskService]  end  task : magazine_update
12-06 04:02:12.357 11883 17918 I TaskServiceProvider: [TaskServiceProvider][13301743][tid_179](382)[VlifeTaskService]  this task is Cycle ,task : magazine_update , time : 21600000 
12-06 04:02:12.357 11883 17918 I vv      : [vv][13301743][tid_179](22)realPackageName:com.android.systemui vlifePackageName:com.vlife.ipro.magazine
12-06 04:02:12.357 11883 17918 D gp      : [gp][13301744][tid_179](96)VlifeTaskService schedule task=magazine_update, isCycleOrDelay=true,time=21600000,requestCode=47408839
12-06 04:02:12.358 11883 17918 I gp      : [gp][13301744][tid_179](100)[VlifeTaskService] [next awake intervalMillis] [21600000]
12-06 04:02:12.358 11883 17918 D go      : [go][13301745][tid_179](48)TaskSignalQueue-remove n.gn@335f09e
12-06 04:02:12.358 11883 17918 D go      : [go][13301745][tid_179](53)TaskSignalQueue- call empty
12-06 04:02:12.359 11883 17984 D gp      : [gp][13301746][tid_194](104)task run
12-06 04:02:12.359 11883 12101 I StatisticsProvider: [StatisticsProvider][13301746][tid_54](464)[statistics_test] create packet xml : <item tag="fe" message="[niyongliang][fe][13301702][tid_179](54)xml:" name="unknown" count="20" error="[niyongliang][fe][13301702][tid_179](54)xml:" author="niyongliang" ua_event="dev_thread_throwable" dev_version="6.131.9" ua_time="1512504132316" ua_process="lockscreen" index="142" />
12-06 04:02:12.359 11883 17984 W wf      : [wf][13301746][tid_194](52)create preferences name:timing_network_preference
12-06 04:02:12.360 11883 17984 I jx      : [jx][13301746][tid_194](84)first time ready type:magazine_update
12-06 04:02:12.360 11883 12101 D StatisticsProvider: [StatisticsProvider][13301746][tid_54](432)[statistics_test] =======>write map:n.ep@197f671
12-06 04:02:12.360 11883 17984 I jx      : [jx][13301746][tid_194](86)judge timing task whether or not can run,judge task type is :magazine_update
12-06 04:02:12.360 11883 12101 I StatisticsProvider: [StatisticsProvider][13301747][tid_54](516)[statistics_test] filePath /data/user_de/0/com.android.systemui/files/ua/no_ua_6.131.9.mui.dat.0 
12-06 04:02:12.360 11883 17984 D zc      : [zc][13301747][tid_194](77)[magazine_down_content] [canRunnable]
12-06 04:02:12.360 11883 12101 I StatisticsProvider: [StatisticsProvider][13301747][tid_54](518)[statistics_test] ====canWrite====
12-06 04:02:12.360 11883 17984 W wf      : [wf][13301747][tid_194](52)create preferences name:timing_network_preference
12-06 04:02:12.360 11883 12101 D StatisticsProvider: [StatisticsProvider][13301747][tid_54](439)[statistics_test] =======>write path:/data/user_de/0/com.android.systemui/files/ua/no_ua_6.131.9.mui.dat.0
12-06 04:02:12.361 11883 17984 I qk      : [qk][13301748][tid_194](244)currentApn:MOBILE
12-06 04:02:12.361 11883 17984 I qk      : [qk][13301748][tid_194](213)currentApn:MOBILE
12-06 04:02:12.361 11883 17984 D jz      : [jz][13301748][tid_194](47)canConnectNetWork result == true
12-06 04:02:12.361 11883 17984 D zc      : [zc][13301748][tid_194](82)[magazine_down_content] [canRunnable] has net true
12-06 04:02:12.362 11883 17984 D jx      : [jx][13301748][tid_194](116)canRun task=magazine_update, result=2794, frequency=21600000
12-06 04:02:12.362 11883 17984 D jx      : [jx][13301749][tid_194](120)Judgment result can not run , reason :Minimum time interval is not satisfied, task type is magazine_update
12-06 04:02:12.362 11883 17984 W jx      : [jx][13301749][tid_194](93)task : magazine_update can't run!
12-06 04:02:12.362 11883 17984 I jx      : [jx][13301749][tid_194](95)TimingNetworkTimerServerTask end , task : magazine_update 
12-06 04:02:12.374 11883 12101 I StatisticsProvider: [StatisticsProvider][13301761][tid_54](464)[statistics_test] create packet xml : <item tag="fe" message="[niyongliang][fe][13301710][tid_179](54)xml:" name="unknown" count="21" error="[niyongliang][fe][13301710][tid_179](54)xml:" author="niyongliang" ua_event="dev_thread_throwable" dev_version="6.131.9" ua_time="1512504132324" ua_process="lockscreen" index="143" />
12-06 04:02:12.375 11883 12101 D StatisticsProvider: [StatisticsProvider][13301761][tid_54](432)[statistics_test] =======>write map:n.ep@7308c56
12-06 04:02:12.375 11883 12101 I StatisticsProvider: [StatisticsProvider][13301762][tid_54](516)[statistics_test] filePath /data/user_de/0/com.android.systemui/files/ua/no_ua_6.131.9.mui.dat.0 
12-06 04:02:12.375 11883 12101 I StatisticsProvider: [StatisticsProvider][13301762][tid_54](518)[statistics_test] ====canWrite====
12-06 04:02:12.375 11883 12101 D StatisticsProvider: [StatisticsProvider][13301762][tid_54](439)[statistics_test] =======>write path:/data/user_de/0/com.android.systemui/files/ua/no_ua_6.131.9.mui.dat.0
12-06 04:02:12.389 11883 12101 I StatisticsProvider: [StatisticsProvider][13301776][tid_54](464)[statistics_test] create packet xml : <item tag="fe" message="[niyongliang][fe][13301726][tid_179](54)xml:" name="unknown" count="22" error="[niyongliang][fe][13301726][tid_179](54)xml:" author="niyongliang" ua_event="dev_thread_throwable" dev_version="6.131.9" ua_time="1512504132342" ua_process="lockscreen" index="144" />
12-06 04:02:12.390 11883 12101 D StatisticsProvider: [StatisticsProvider][13301777][tid_54](432)[statistics_test] =======>write map:n.ep@af224d7
12-06 04:02:12.390 11883 12101 I StatisticsProvider: [StatisticsProvider][13301777][tid_54](516)[statistics_test] filePath /data/user_de/0/com.android.systemui/files/ua/no_ua_6.131.9.mui.dat.0 
12-06 04:02:12.391 11883 12101 I StatisticsProvider: [StatisticsProvider][13301777][tid_54](518)[statistics_test] ====canWrite====
12-06 04:02:12.391 11883 12101 D StatisticsProvider: [StatisticsProvider][13301777][tid_54](439)[statistics_test] =======>write path:/data/user_de/0/com.android.systemui/files/ua/no_ua_6.131.9.mui.dat.0
12-06 04:02:12.397 11883 12101 I StatisticsProvider: [StatisticsProvider][13301784][tid_54](464)[statistics_test] create packet xml : <item ua_action="network_4g" ua_event="mag_task_network_state" ua_time="1512504132356" ua_process="lockscreen" index="145" />
12-06 04:02:16.247 11883 12342 I up      : [up][13305633][tid_101](46)http send list:[]
12-06 04:02:16.248 11883 12342 I uw      : [uw][13305635][tid_101](28)getRidAndIncrement :6
12-06 04:02:16.250 11883 12342 I uo      : [uo][13305636][tid_101](112)Request url : http://115.28.84.237/a/1/?p=a&v=5&c=g&st=b29a13374853e6552135a6436e5ed0be&sv=6.131&az=android-ipro-magazine&id=10493580917104&sid=7f549c0310006b20@a1.stage.vlife.com
12-06 04:02:16.257 11883 12342 I uo      : [uo][13305644][tid_101](121)Request content : <body rid="6" count="0" wait="2" sid="7f549c0310006b20@a1.stage.vlife.com"></body>
12-06 04:02:16.259 11883 12342 D uo      : [uo][13305645][tid_101](127)[HttpCoreOperatorS] userAgent:Mozilla/5.0 (Linux; U; Android 7.0; zh-cn; AOSP on Shamu Build/NBD90Z) AppleWebKit/534.30 (KHTML, like Gecko) Version/4.0 Mobile Safari/534.30
12-06 04:02:16.261 11883 12342 D uo      : [uo][13305646][tid_101](131)httpPost. httpClient = n.kj@6b62cd9
12-06 04:02:16.262 11883 12342 I ki      : [ki][13305648][tid_101](318)doExecute request=org.apache.http.client.methods.HttpPost@fee02a9
12-06 04:02:16.283 11883 12114 I yo      : [yo][13305670][tid_64](304)[magazine_down_content] [download] [autoUpdate] [start]
12-06 04:02:16.284 11883 12114 I vv      : [vv][13305670][tid_64](22)realPackageName:com.android.systemui vlifePackageName:com.vlife.ipro.magazine
12-06 04:02:16.284 11883 12114 I ApplicationStatus: [ApplicationStatus][13305670][tid_64](362)isSameProcessType lockscreen lockscreen true
12-06 04:02:16.284 11883 12114 I ApplicationStatus: [ApplicationStatus][13305671][tid_64](367)isSameProcessType lockscreen lockscreen true
12-06 04:02:16.284 11883 12114 D yo      : [yo][13305671][tid_64](552)[magazine_down_content] [lock] [isLockProcess:true]
12-06 04:02:16.285 11883 12114 I MagazineDao: [MagazineDao][13305672][tid_64](1151)[magazine_down_content] [prepare download] [start======>]
12-06 04:02:16.285 11883 12114 W aah     : [aah][13305672][tid_64](85)db provider query:content://vlife/magazine_content
12-06 04:02:16.289 11883 12114 I aah     : [aah][13305675][tid_64](829)[MagazineContentDatabase] cursor:android.database.sqlite.SQLiteCursor@4dcd02e
12-06 04:02:16.292 11883 12114 D fe      : [fe][13305678][tid_64](61)data:magazine_source_data
12-06 04:02:16.293 11883 12114 I fe      : [fe][13305679][tid_64](73)[VTDDataHelper] simpleData = n.bk@b06d7cf
12-06 04:02:16.294 11883 12114 D fe      : [fe][13305681][tid_64](61)data:file
12-06 04:02:16.295 11883 12114 I fe      : [fe][13305681][tid_64](73)[VTDDataHelper] simpleData = n.e@c5255c
12-06 04:02:16.297 11883 12114 E fe      : [niyongliang][fe][13305683][tid_64](54)xml:
12-06 04:02:16.298 11883 12114 I aar     : [aar][13305684][tid_64](98)[JsonUtil] toMap(String) json ={}, return = {}
12-06 04:02:16.298 11883 12101 D StatisticsProvider: [StatisticsProvider][13305684][tid_54](432)[statistics_test] =======>write map:n.ep@67b2065
12-06 04:02:16.299 11883 12114 D fe      : [fe][13305686][tid_64](61)data:file
12-06 04:02:16.299 11883 12114 I fe      : [fe][13305686][tid_64](73)[VTDDataHelper] simpleData = n.e@969c13a
12-06 04:02:16.300 11883 12101 I StatisticsProvider: [StatisticsProvider][13305686][tid_54](516)[statistics_test] filePath /data/user_de/0/com.android.systemui/files/ua/no_ua_6.131.9.mui.dat.0 
12-06 04:02:16.301 11883 12114 D fe      : [fe][13305687][tid_64](61)data:file
12-06 04:02:16.301 11883 12101 I StatisticsProvider: [StatisticsProvider][13305687][tid_54](518)[statistics_test] ====canWrite====
12-06 04:02:16.301 11883 12114 I fe      : [fe][13305688][tid_64](73)[VTDDataHelper] simpleData = n.e@7c321eb
12-06 04:02:16.302 11883 12101 D StatisticsProvider: [StatisticsProvider][13305688][tid_54](439)[statistics_test] =======>write path:/data/user_de/0/com.android.systemui/files/ua/no_ua_6.131.9.mui.dat.0
12-06 04:02:16.302 11883 12114 D fe      : [fe][13305689][tid_64](61)data:plugin
12-06 04:02:16.303 11883 12114 I fe      : [fe][13305689][tid_64](73)[VTDDataHelper] simpleData = n.ad@92d3b48
12-06 04:02:16.303 11883 12114 D fe      : [fe][13305690][tid_64](61)data:file
12-06 04:02:16.304 11883 12114 I fe      : [fe][13305690][tid_64](73)[VTDDataHelper] simpleData = n.e@2025de1
12-06 04:02:16.304 11883 12114 D aah     : [aah][13305691][tid_64](920)[magazine_down_content] [query_all_default] [id:990]
12-06 04:02:16.305 11883 12114 I aah     : [aah][13305691][tid_64](829)[MagazineContentDatabase] cursor:android.database.sqlite.SQLiteCursor@4dcd02e
12-06 04:02:16.306 11883 12114 D fe      : [fe][13305693][tid_64](61)data:magazine_source_data
12-06 04:02:16.306 11883 12114 I fe      : [fe][13305693][tid_64](73)[VTDDataHelper] simpleData = n.bk@a2b706
12-06 04:02:16.307 11883 12114 D fe      : [fe][13305693][tid_64](61)data:file
12-06 04:02:16.307 11883 12114 I fe      : [fe][13305694][tid_64](73)[VTDDataHelper] simpleData = n.e@daff1c7
12-06 04:02:16.308 11883 12114 E fe      : [niyongliang][fe][13305695][tid_64](54)xml:
12-06 04:02:16.309 11883 12114 I aar     : [aar][13305696][tid_64](98)[JsonUtil] toMap(String) json ={}, return = {}
12-06 04:02:16.311 11883 12114 D fe      : [fe][13305697][tid_64](61)data:file
12-06 04:02:16.311 11883 12114 I fe      : [fe][13305698][tid_64](73)[VTDDataHelper] simpleData = n.e@67ec3f4
12-06 04:02:16.312 11883 12114 D fe      : [fe][13305699][tid_64](61)data:file
12-06 04:02:16.313 11883 12114 I fe      : [fe][13305699][tid_64](73)[VTDDataHelper] simpleData = n.e@665f71d
12-06 04:02:16.323 11883 12114 D fe      : [fe][13305709][tid_64](61)data:plugin
12-06 04:02:16.323 11883 12114 I fe      : [fe][13305710][tid_64](73)[VTDDataHelper] simpleData = n.ad@8233d92
12-06 04:02:16.324 11883 12114 D fe      : [fe][13305711][tid_64](61)data:file
12-06 04:02:16.325 11883 12114 I fe      : [fe][13305711][tid_64](73)[VTDDataHelper] simpleData = n.e@4afe363
12-06 04:02:16.327 11883 12114 D aah     : [aah][13305713][tid_64](920)[magazine_down_content] [query_all_default] [id:4944]
12-06 04:02:16.327 11883 12114 I aah     : [aah][13305714][tid_64](829)[MagazineContentDatabase] cursor:android.database.sqlite.SQLiteCursor@4dcd02e
12-06 04:02:16.328 11883 12114 D fe      : [fe][13305715][tid_64](61)data:magazine_source_data
12-06 04:02:16.329 11883 12114 I fe      : [fe][13305715][tid_64](73)[VTDDataHelper] simpleData = n.bk@7be2b60
12-06 04:02:16.329 11883 12114 D fe      : [fe][13305716][tid_64](61)data:file
12-06 04:02:16.329 11883 12101 I StatisticsProvider: [StatisticsProvider][13305716][tid_54](464)[statistics_test] create packet xml : <item tag="fe" message="[niyongliang][fe][13305683][tid_64](54)xml:" name="unknown" count="23" error="[niyongliang][fe][13305683][tid_64](54)xml:" author="niyongliang" ua_event="dev_thread_throwable" dev_version="6.131.9" ua_time="1512504136297" ua_process="lockscreen" index="146" />
12-06 04:02:16.329 11883 12114 I fe      : [fe][13305716][tid_64](73)[VTDDataHelper] simpleData = n.e@96fe819
12-06 04:02:16.330 11883 12101 D StatisticsProvider: [StatisticsProvider][13305717][tid_54](432)[statistics_test] =======>write map:n.ep@9b3a0de
12-06 04:02:16.331 11883 12101 I StatisticsProvider: [StatisticsProvider][13305717][tid_54](516)[statistics_test] filePath /data/user_de/0/com.android.systemui/files/ua/no_ua_6.131.9.mui.dat.0 
12-06 04:02:16.331 11883 12101 I StatisticsProvider: [StatisticsProvider][13305718][tid_54](518)[statistics_test] ====canWrite====
12-06 04:02:16.331 11883 12114 E fe      : [niyongliang][fe][13305718][tid_64](54)xml:
12-06 04:02:16.331 11883 12101 D StatisticsProvider: [StatisticsProvider][13305718][tid_54](439)[statistics_test] =======>write path:/data/user_de/0/com.android.systemui/files/ua/no_ua_6.131.9.mui.dat.0
12-06 04:02:16.332 11883 12114 I aar     : [aar][13305718][tid_64](98)[JsonUtil] toMap(String) json ={}, return = {}
12-06 04:02:16.333 11883 12114 D fe      : [fe][13305719][tid_64](61)data:file
12-06 04:02:16.333 11883 12114 I fe      : [fe][13305720][tid_64](73)[VTDDataHelper] simpleData = n.e@63352bf
12-06 04:02:16.334 11883 12114 D fe      : [fe][13305720][tid_64](61)data:file
12-06 04:02:16.334 11883 12114 I fe      : [fe][13305721][tid_64](73)[VTDDataHelper] simpleData = n.e@5ca9d8c
12-06 04:02:16.335 11883 12114 D fe      : [fe][13305722][tid_64](61)data:plugin
12-06 04:02:16.335 11883 12114 I fe      : [fe][13305722][tid_64](73)[VTDDataHelper] simpleData = n.ad@98decd5
12-06 04:02:16.336 11883 12114 D fe      : [fe][13305722][tid_64](61)data:file
12-06 04:02:16.336 11883 12114 I fe      : [fe][13305723][tid_64](73)[VTDDataHelper] simpleData = n.e@154ecea
12-06 04:02:16.337 11883 12114 D aah     : [aah][13305723][tid_64](920)[magazine_down_content] [query_all_default] [id:4945]
12-06 04:02:16.337 11883 12114 I aah     : [aah][13305724][tid_64](829)[MagazineContentDatabase] cursor:android.database.sqlite.SQLiteCursor@4dcd02e
12-06 04:02:16.338 11883 12114 D fe      : [fe][13305725][tid_64](61)data:magazine_source_data
12-06 04:02:16.338 11883 12114 I fe      : [fe][13305725][tid_64](73)[VTDDataHelper] simpleData = n.bk@8545bdb
12-06 04:02:16.339 11883 12114 D fe      : [fe][13305725][tid_64](61)data:file
12-06 04:02:16.339 11883 12114 I fe      : [fe][13305726][tid_64](73)[VTDDataHelper] simpleData = n.e@64a0678
12-06 04:02:16.340 11883 12114 E fe      : [niyongliang][fe][13305726][tid_64](54)xml:
12-06 04:02:16.341 11883 12114 I aar     : [aar][13305727][tid_64](98)[JsonUtil] toMap(String) json ={}, return = {}
12-06 04:02:16.341 11883 12114 D fe      : [fe][13305728][tid_64](61)data:file
12-06 04:02:16.342 11883 12114 I fe      : [fe][13305728][tid_64](73)[VTDDataHelper] simpleData = n.e@44d8151
12-06 04:02:16.342 11883 12114 D fe      : [fe][13305729][tid_64](61)data:file
12-06 04:02:16.343 11883 12114 I fe      : [fe][13305729][tid_64](73)[VTDDataHelper] simpleData = n.e@80cedb6
12-06 04:02:16.344 11883 12114 D fe      : [fe][13305730][tid_64](61)data:plugin
12-06 04:02:16.344 11883 12114 I fe      : [fe][13305730][tid_64](73)[VTDDataHelper] simpleData = n.ad@eb2dab7
12-06 04:02:16.344 11883 12114 D fe      : [fe][13305731][tid_64](61)data:file
12-06 04:02:16.344 11883 12114 I fe      : [fe][13305731][tid_64](73)[VTDDataHelper] simpleData = n.e@1551224
12-06 04:02:16.345 11883 12114 D aah     : [aah][13305731][tid_64](920)[magazine_down_content] [query_all_default] [id:648]
12-06 04:02:16.345 11883 12114 D MagazineDao: [MagazineDao][13305732][tid_64](586)[magazine_down_content] [getAllMagazineContents] [size:4]
12-06 04:02:16.345 11883 12114 D MagazineDao: [MagazineDao][13305732][tid_64](1158)[magazine_down_content] [prepare download] [start] [size:4]
12-06 04:02:16.346 11883 12114 D MagazineDao: [MagazineDao][13305733][tid_64](1177)[magazine_down_content] [prepare download] [id:990] [currentTime:1512504136345] [endTime:1484236800000], [type:dynamic]
12-06 04:02:16.346 11883 12114 W MagazineDao: [MagazineDao][13305733][tid_64](1180)[magazine_down_content] [prepare download] [id:990] [overdue]
12-06 04:02:16.346 11883 12114 D MagazineDao: [MagazineDao][13305733][tid_64](1177)[magazine_down_content] [prepare download] [id:4944] [currentTime:1512504136346] [endTime:1484236800000], [type:static]
12-06 04:02:16.347 11883 12114 W MagazineDao: [MagazineDao][13305733][tid_64](1180)[magazine_down_content] [prepare download] [id:4944] [overdue]
12-06 04:02:16.347 11883 12114 D MagazineDao: [MagazineDao][13305733][tid_64](1177)[magazine_down_content] [prepare download] [id:4945] [currentTime:1512504136347] [endTime:1484236800000], [type:static]
12-06 04:02:16.347 11883 12114 W MagazineDao: [MagazineDao][13305734][tid_64](1180)[magazine_down_content] [prepare download] [id:4945] [overdue]
12-06 04:02:16.347 11883 12114 D MagazineDao: [MagazineDao][13305734][tid_64](1177)[magazine_down_content] [prepare download] [id:648] [currentTime:1512504136347] [endTime:1484236800000], [type:dynamic]
12-06 04:02:16.347 11883 12114 W MagazineDao: [MagazineDao][13305734][tid_64](1180)[magazine_down_content] [prepare download] [id:648] [overdue]
12-06 04:02:16.347 11883 12114 I MagazineDao: [MagazineDao][13305734][tid_64](1247)[magazine_down_content] [prepare download] [end<==========download size:0] 
12-06 04:02:16.348 11883 12114 W yo      : [yo][13305734][tid_64](345)[magazine_down_content] [download] [autoUpdate] [end========>downloadSize:0 or list is null]
12-06 04:02:16.350 11883 12101 I StatisticsProvider: [StatisticsProvider][13305737][tid_54](464)[statistics_test] create packet xml : <item tag="fe" message="[niyongliang][fe][13305695][tid_64](54)xml:" name="unknown" count="24" error="[niyongliang][fe][13305695][tid_64](54)xml:" author="niyongliang" ua_event="dev_thread_throwable" dev_version="6.131.9" ua_time="1512504136309" ua_process="lockscreen" index="147" />
12-06 04:02:16.351 11883 12101 D StatisticsProvider: [StatisticsProvider][13305738][tid_54](432)[statistics_test] =======>write map:n.ep@897e18d
12-06 04:02:16.351 11883 12101 I StatisticsProvider: [StatisticsProvider][13305738][tid_54](516)[statistics_test] filePath /data/user_de/0/com.android.systemui/files/ua/no_ua_6.131.9.mui.dat.0 
12-06 04:02:16.352 11883 12101 I StatisticsProvider: [StatisticsProvider][13305738][tid_54](518)[statistics_test] ====canWrite====
12-06 04:02:16.352 11883 12101 D StatisticsProvider: [StatisticsProvider][13305739][tid_54](439)[statistics_test] =======>write path:/data/user_de/0/com.android.systemui/files/ua/no_ua_6.131.9.mui.dat.0
12-06 04:02:16.368 11883 12101 I StatisticsProvider: [StatisticsProvider][13305754][tid_54](464)[statistics_test] create packet xml : <item tag="fe" message="[niyongliang][fe][13305718][tid_64](54)xml:" name="unknown" count="25" error="[niyongliang][fe][13305718][tid_64](54)xml:" author="niyongliang" ua_event="dev_thread_throwable" dev_version="6.131.9" ua_time="1512504136331" ua_process="lockscreen" index="148" />
12-06 04:02:16.369 11883 12101 D StatisticsProvider: [StatisticsProvider][13305755][tid_54](432)[statistics_test] =======>write map:n.ep@f722f42
12-06 04:02:16.369 11883 12101 I StatisticsProvider: [StatisticsProvider][13305756][tid_54](516)[statistics_test] filePath /data/user_de/0/com.android.systemui/files/ua/no_ua_6.131.9.mui.dat.0 
12-06 04:02:16.369 11883 12101 I StatisticsProvider: [StatisticsProvider][13305756][tid_54](518)[statistics_test] ====canWrite====
12-06 04:02:16.369 11883 12101 D StatisticsProvider: [StatisticsProvider][13305756][tid_54](439)[statistics_test] =======>write path:/data/user_de/0/com.android.systemui/files/ua/no_ua_6.131.9.mui.dat.0
12-06 04:02:16.384 11883 12101 I StatisticsProvider: [StatisticsProvider][13305770][tid_54](464)[statistics_test] create packet xml : <item tag="fe" message="[niyongliang][fe][13305726][tid_64](54)xml:" name="unknown" count="26" error="[niyongliang][fe][13305726][tid_64](54)xml:" author="niyongliang" ua_event="dev_thread_throwable" dev_version="6.131.9" ua_time="1512504136340" ua_process="lockscreen" index="149" />
12-06 04:02:18.451 11883 12342 I ki      : [ki][13307836][tid_101](320)response = org.apache.http.message.BasicHttpResponse@7ac69af
12-06 04:02:18.453 11883 12342 D ki      : [ki][13307839][tid_101](322)uri = http://115.28.84.237/a/1/?p=a&v=5&c=g&st=b29a13374853e6552135a6436e5ed0be&sv=6.131&az=android-ipro-magazine&id=10493580917104&sid=7f549c0310006b20@a1.stage.vlife.com
12-06 04:02:18.454 11883 12342 D ki      : [ki][13307840][tid_101](325)header name = platform, value = android
12-06 04:02:18.456 11883 12342 D ki      : [ki][13307842][tid_101](325)header name = User-Agent, value = Mozilla/5.0 (Linux; U; Android 7.0; zh-cn; AOSP on Shamu Build/NBD90Z) AppleWebKit/534.30 (KHTML, like Gecko) Version/4.0 Mobile Safari/534.30
12-06 04:02:18.460 11883 12342 I ki      : [ki][13307846][tid_101](378)doGetAllHeaders
12-06 04:02:18.461 11883 12342 I ki      : [ki][13307847][tid_101](336)doGetStatusCode
12-06 04:02:18.462 11883 12342 I uo      : [uo][13307848][tid_101](137)response code:206
12-06 04:02:18.463 11883 12342 I ki      : [ki][13307849][tid_101](352)doGetEntityByteArray
12-06 04:02:18.465 11883 12342 I ui      : [ui][13307851][tid_101](47)inflate length:65
12-06 04:02:18.467 11883 12342 I uo      : [uo][13307853][tid_101](174)response CONTENT <body xmlns="http://jabber.org/protocol/httpbind" rid="6"></body>
12-06 04:02:18.470 11883 12342 I up      : [up][13307856][tid_101](58)http send type:OK
12-06 04:02:18.470 11883 12342 I up      : [up][13307857][tid_101](43)http send thread run
12-06 04:02:18.471 11883 12342 D ut      : [ut][13307858][tid_101](72)waiting list Condition signal heartIndex:2 waitTime:10
12-06 04:02:28.473 11883 12342 I up      : [up][13317859][tid_101](46)http send list:[]
12-06 04:02:28.475 11883 12342 I uw      : [uw][13317861][tid_101](28)getRidAndIncrement :7
12-06 04:02:28.476 11883 12342 I uo      : [uo][13317863][tid_101](112)Request url : http://115.28.84.237/a/1/?p=a&v=5&c=g&st=b29a13374853e6552135a6436e5ed0be&sv=6.131&az=android-ipro-magazine&id=10493580917104&sid=7f549c0310006b20@a1.stage.vlife.com
12-06 04:02:28.480 11883 12342 I uo      : [uo][13317866][tid_101](121)Request content : <body rid="7" count="0" wait="2" sid="7f549c0310006b20@a1.stage.vlife.com"></body>
12-06 04:02:28.481 11883 12342 D uo      : [uo][13317867][tid_101](127)[HttpCoreOperatorS] userAgent:Mozilla/5.0 (Linux; U; Android 7.0; zh-cn; AOSP on Shamu Build/NBD90Z) AppleWebKit/534.30 (KHTML, like Gecko) Version/4.0 Mobile Safari/534.30
12-06 04:02:28.482 11883 12342 D uo      : [uo][13317868][tid_101](131)httpPost. httpClient = n.kj@6b62cd9
12-06 04:02:28.483 11883 12342 I ki      : [ki][13317869][tid_101](318)doExecute request=org.apache.http.client.methods.HttpPost@b87fda8
12-06 04:02:30.671 11883 12342 I ki      : [ki][13320057][tid_101](320)response = org.apache.http.message.BasicHttpResponse@2060c1
12-06 04:02:30.673 11883 12342 D ki      : [ki][13320059][tid_101](322)uri = http://115.28.84.237/a/1/?p=a&v=5&c=g&st=b29a13374853e6552135a6436e5ed0be&sv=6.131&az=android-ipro-magazine&id=10493580917104&sid=7f549c0310006b20@a1.stage.vlife.com
12-06 04:02:30.674 11883 12342 D ki      : [ki][13320060][tid_101](325)header name = platform, value = android
12-06 04:02:30.675 11883 12342 D ki      : [ki][13320061][tid_101](325)header name = User-Agent, value = Mozilla/5.0 (Linux; U; Android 7.0; zh-cn; AOSP on Shamu Build/NBD90Z) AppleWebKit/534.30 (KHTML, like Gecko) Version/4.0 Mobile Safari/534.30
12-06 04:02:30.676 11883 12342 I ki      : [ki][13320062][tid_101](378)doGetAllHeaders
12-06 04:02:30.677 11883 12342 I ki      : [ki][13320063][tid_101](336)doGetStatusCode
12-06 04:02:30.678 11883 12342 I uo      : [uo][13320064][tid_101](137)response code:206
12-06 04:02:30.679 11883 12342 I ki      : [ki][13320065][tid_101](352)doGetEntityByteArray
12-06 04:02:30.681 11883 12342 I ui      : [ui][13320067][tid_101](47)inflate length:65
12-06 04:02:30.683 11883 12342 I uo      : [uo][13320069][tid_101](174)response CONTENT <body xmlns="http://jabber.org/protocol/httpbind" rid="7"></body>
12-06 04:02:30.686 11883 12342 I up      : [up][13320072][tid_101](58)http send type:OK
12-06 04:02:30.687 11883 12342 I up      : [up][13320073][tid_101](43)http send thread run
12-06 04:02:30.688 11883 12342 D ut      : [ut][13320074][tid_101](72)waiting list Condition signal heartIndex:3 waitTime:30
12-06 04:02:52.395 11883 12114 D go      : [go][13341781][tid_64](67)size
12-06 04:02:52.397 11883 12114 I TaskServiceProvider: [TaskServiceProvider][13341783][tid_64](85)kill self service, size=0
12-06 04:02:52.398 11883 12114 I TaskServiceProvider: [TaskServiceProvider][13341784][tid_64](87)kill self service success
12-06 04:02:52.399 11883 12114 I vv      : [vv][13341785][tid_64](22)realPackageName:com.android.systemui vlifePackageName:com.vlife.ipro.magazine
12-06 04:02:52.401 11883 12114 D TaskServiceProvider: [TaskServiceProvider][13341787][tid_64](89)vlife_task_service_for_3part
12-06 04:03:00.690 11883 12342 I up      : [up][13350076][tid_101](46)http send list:[]
12-06 04:03:00.691 11883 12342 I uw      : [uw][13350077][tid_101](28)getRidAndIncrement :8
12-06 04:03:00.693 11883 12342 I uo      : [uo][13350079][tid_101](112)Request url : http://115.28.84.237/a/1/?p=a&v=5&c=g&st=b29a13374853e6552135a6436e5ed0be&sv=6.131&az=android-ipro-magazine&id=10493580917104&sid=7f549c0310006b20@a1.stage.vlife.com
12-06 04:03:00.696 11883 12342 I uo      : [uo][13350082][tid_101](121)Request content : <body rid="8" count="0" wait="2" sid="7f549c0310006b20@a1.stage.vlife.com"></body>
12-06 04:03:00.697 11883 12342 D uo      : [uo][13350084][tid_101](127)[HttpCoreOperatorS] userAgent:Mozilla/5.0 (Linux; U; Android 7.0; zh-cn; AOSP on Shamu Build/NBD90Z) AppleWebKit/534.30 (KHTML, like Gecko) Version/4.0 Mobile Safari/534.30
12-06 04:03:00.698 11883 12342 D uo      : [uo][13350084][tid_101](131)httpPost. httpClient = n.kj@6b62cd9
12-06 04:03:00.699 11883 12342 I ki      : [ki][13350085][tid_101](318)doExecute request=org.apache.http.client.methods.HttpPost@224e63e
12-06 04:03:02.821 11883 12342 I ki      : [ki][13352207][tid_101](320)response = org.apache.http.message.BasicHttpResponse@834e3bb
12-06 04:03:02.823 11883 12342 D ki      : [ki][13352209][tid_101](322)uri = http://115.28.84.237/a/1/?p=a&v=5&c=g&st=b29a13374853e6552135a6436e5ed0be&sv=6.131&az=android-ipro-magazine&id=10493580917104&sid=7f549c0310006b20@a1.stage.vlife.com
12-06 04:03:02.823 11883 12342 D ki      : [ki][13352210][tid_101](325)header name = platform, value = android
12-06 04:03:02.825 11883 12342 D ki      : [ki][13352211][tid_101](325)header name = User-Agent, value = Mozilla/5.0 (Linux; U; Android 7.0; zh-cn; AOSP on Shamu Build/NBD90Z) AppleWebKit/534.30 (KHTML, like Gecko) Version/4.0 Mobile Safari/534.30
12-06 04:03:02.826 11883 12342 I ki      : [ki][13352212][tid_101](378)doGetAllHeaders
12-06 04:03:02.827 11883 12342 I ki      : [ki][13352213][tid_101](336)doGetStatusCode
12-06 04:03:02.828 11883 12342 I uo      : [uo][13352214][tid_101](137)response code:206
12-06 04:03:02.830 11883 12342 I ki      : [ki][13352216][tid_101](352)doGetEntityByteArray
12-06 04:03:02.833 11883 12342 I ui      : [ui][13352219][tid_101](47)inflate length:65
12-06 04:03:02.836 11883 12342 I uo      : [uo][13352221][tid_101](174)response CONTENT <body xmlns="http://jabber.org/protocol/httpbind" rid="8"></body>
12-06 04:03:02.838 11883 12342 I up      : [up][13352224][tid_101](58)http send type:OK
12-06 04:03:02.839 11883 12342 I up      : [up][13352225][tid_101](43)http send thread run
12-06 04:03:02.839 11883 12342 D ut      : [ut][13352226][tid_101](72)waiting list Condition signal heartIndex:4 waitTime:60
